
> myfarmstand-mobile@1.0.0 test
> jest --passWithNoTests --silent

FAIL src/hooks/__tests__/prototypes/useProducts.race.test.tsx
  ● Test suite failed to run

    [96msrc/hooks/__tests__/prototypes/useProducts.race.test.tsx[0m:[93m15[0m:[93m3[0m - [91merror[0m[90m TS6133: [0m'useProductById' is declared but its value is never read.

    [7m15[0m   useProductById,
    [7m  [0m [91m  ~~~~~~~~~~~~~~[0m
    [96msrc/hooks/__tests__/prototypes/useProducts.race.test.tsx[0m:[93m18[0m:[93m8[0m - [91merror[0m[90m TS2307: [0mCannot find module '../useProducts' or its corresponding type declarations.

    [7m18[0m } from '../useProducts';
    [7m  [0m [91m       ~~~~~~~~~~~~~~~~[0m
    [96msrc/hooks/__tests__/prototypes/useProducts.race.test.tsx[0m:[93m565[0m:[93m13[0m - [91merror[0m[90m TS7034: [0mVariable 'results' implicitly has type 'any[]' in some locations where its type cannot be determined.

    [7m565[0m       const results = [];
    [7m   [0m [91m            ~~~~~~~[0m
    [96msrc/hooks/__tests__/prototypes/useProducts.race.test.tsx[0m:[93m583[0m:[93m30[0m - [91merror[0m[90m TS7005: [0mVariable 'results' implicitly has an 'any[]' type.

    [7m583[0m       const categoryResult = results.find(r => r.type === 'categories');
    [7m   [0m [91m                             ~~~~~~~[0m
    [96msrc/hooks/__tests__/prototypes/useProducts.race.test.tsx[0m:[93m584[0m:[93m13[0m - [91merror[0m[90m TS6133: [0m'productResult' is declared but its value is never read.

    [7m584[0m       const productResult = results.find(r => r.type === 'products');
    [7m   [0m [91m            ~~~~~~~~~~~~~[0m
    [96msrc/hooks/__tests__/prototypes/useProducts.race.test.tsx[0m:[93m584[0m:[93m29[0m - [91merror[0m[90m TS7005: [0mVariable 'results' implicitly has an 'any[]' type.

    [7m584[0m       const productResult = results.find(r => r.type === 'products');
    [7m   [0m [91m                            ~~~~~~~[0m
    [96msrc/hooks/__tests__/prototypes/useProducts.race.test.tsx[0m:[93m626[0m:[93m13[0m - [91merror[0m[90m TS7034: [0mVariable 'results' implicitly has type 'any[]' in some locations where its type cannot be determined.

    [7m626[0m       const results = [];
    [7m   [0m [91m            ~~~~~~~[0m
    [96msrc/hooks/__tests__/prototypes/useProducts.race.test.tsx[0m:[93m636[0m:[93m36[0m - [91merror[0m[90m TS2304: [0mCannot find name 'failSearch'.

    [7m636[0m           const failResult = await failSearch.current.refetch();
    [7m   [0m [91m                                   ~~~~~~~~~~[0m
    [96msrc/hooks/__tests__/prototypes/useProducts.race.test.tsx[0m:[93m644[0m:[93m26[0m - [91merror[0m[90m TS7005: [0mVariable 'results' implicitly has an 'any[]' type.

    [7m644[0m       const goodResult = results.find(r => r.type === 'good');
    [7m   [0m [91m                         ~~~~~~~[0m
    [96msrc/hooks/__tests__/prototypes/useProducts.race.test.tsx[0m:[93m645[0m:[93m25[0m - [91merror[0m[90m TS7005: [0mVariable 'results' implicitly has an 'any[]' type.

    [7m645[0m       const badResult = results.find(r => r.type === 'fail');
    [7m   [0m [91m                        ~~~~~~~[0m

FAIL src/hooks/inventory/__tests__/archived-non-volume/useStockMovements.test.tsx
  ● Test suite failed to run

    [96msrc/hooks/inventory/__tests__/archived-non-volume/useStockMovements.test.tsx[0m:[93m7[0m:[93m31[0m - [91merror[0m[90m TS2307: [0mCannot find module '../../../test/test-utils' or its corresponding type declarations.

    [7m7[0m import { createWrapper } from '../../../test/test-utils';
    [7m [0m [91m                              ~~~~~~~~~~~~~~~~~~~~~~~~~~[0m
    [96msrc/hooks/inventory/__tests__/archived-non-volume/useStockMovements.test.tsx[0m:[93m8[0m:[93m62[0m - [91merror[0m[90m TS2307: [0mCannot find module '../../../test/factories' or its corresponding type declarations.

    [7m8[0m import { createUser, createProduct, resetAllFactories } from '../../../test/factories';
    [7m [0m [91m                                                             ~~~~~~~~~~~~~~~~~~~~~~~~~[0m
    [96msrc/hooks/inventory/__tests__/archived-non-volume/useStockMovements.test.tsx[0m:[93m100[0m:[93m38[0m - [91merror[0m[90m TS2307: [0mCannot find module '../../../services/inventory/stockMovementService' or its corresponding type declarations.

    [7m100[0m import { StockMovementService } from '../../../services/inventory/stockMovementService';
    [7m   [0m [91m                                     ~~~~~~~~~~~~~~~~~~~~~~~~~~~~~~~~~~~~~~~~~~~~~~~~~~[0m
    [96msrc/hooks/inventory/__tests__/archived-non-volume/useStockMovements.test.tsx[0m:[93m101[0m:[93m32[0m - [91merror[0m[90m TS2307: [0mCannot find module '../../useAuth' or its corresponding type declarations.

    [7m101[0m import { useCurrentUser } from '../../useAuth';
    [7m   [0m [91m                               ~~~~~~~~~~~~~~~[0m
    [96msrc/hooks/inventory/__tests__/archived-non-volume/useStockMovements.test.tsx[0m:[93m117[0m:[93m9[0m - [91merror[0m[90m TS6133: [0m'mockProduct' is declared but its value is never read.

    [7m117[0m   const mockProduct = createProduct({
    [7m   [0m [91m        ~~~~~~~~~~~[0m

FAIL src/__tests__/integration/marketing/contentPublishing.test.ts
  ● Test suite failed to run

    [96msrc/__tests__/integration/marketing/contentPublishing.test.ts[0m:[93m1[0m:[93m10[0m - [91merror[0m[90m TS6133: [0m'render' is declared but its value is never read.

    [7m1[0m import { render, fireEvent, waitFor, screen } from '@testing-library/react-native';
    [7m [0m [91m         ~~~~~~[0m
    [96msrc/__tests__/integration/marketing/contentPublishing.test.ts[0m:[93m1[0m:[93m38[0m - [91merror[0m[90m TS6133: [0m'screen' is declared but its value is never read.

    [7m1[0m import { render, fireEvent, waitFor, screen } from '@testing-library/react-native';
    [7m [0m [91m                                     ~~~~~~[0m
    [96msrc/__tests__/integration/marketing/contentPublishing.test.ts[0m:[93m2[0m:[93m1[0m - [91merror[0m[90m TS6133: [0m'NavigationContainer' is declared but its value is never read.

    [7m2[0m import { NavigationContainer } from '@react-navigation/native';
    [7m [0m [91m~~~~~~~~~~~~~~~~~~~~~~~~~~~~~~~~~~~~~~~~~~~~~~~~~~~~~~~~~~~~~~~[0m
    [96msrc/__tests__/integration/marketing/contentPublishing.test.ts[0m:[93m3[0m:[93m1[0m - [91merror[0m[90m TS6192: [0mAll imports in import declaration are unused.

    [7m3[0m import { QueryClient, QueryClientProvider } from '@tanstack/react-query';
    [7m [0m [91m~~~~~~~~~~~~~~~~~~~~~~~~~~~~~~~~~~~~~~~~~~~~~~~~~~~~~~~~~~~~~~~~~~~~~~~~~[0m
    [96msrc/__tests__/integration/marketing/contentPublishing.test.ts[0m:[93m10[0m:[93m3[0m - [91merror[0m[90m TS6133: [0m'validateWorkflowState' is declared but its value is never read.

    [7m10[0m   validateWorkflowState,
    [7m  [0m [91m  ~~~~~~~~~~~~~~~~~~~~~[0m
    [96msrc/__tests__/integration/marketing/contentPublishing.test.ts[0m:[93m13[0m:[93m8[0m - [91merror[0m[90m TS2613: [0mModule '"/Users/andrewkhoh/Documents/myfarmstand-mobile/src/screens/marketing/ProductContentScreen"' has no default export. Did you mean to use 'import { ProductContentScreen } from "/Users/andrewkhoh/Documents/myfarmstand-mobile/src/screens/marketing/ProductContentScreen"' instead?

    [7m13[0m import ProductContentScreen from '@/screens/marketing/ProductContentScreen';
    [7m  [0m [91m       ~~~~~~~~~~~~~~~~~~~~[0m
    [96msrc/__tests__/integration/marketing/contentPublishing.test.ts[0m:[93m87[0m:[93m16[0m - [91merror[0m[90m TS18048: [0m'testContext.mockServices' is possibly 'undefined'.

    [7m87[0m         expect(testContext.mockServices.contentService.create).toHaveBeenCalledWith(
    [7m  [0m [91m               ~~~~~~~~~~~~~~~~~~~~~~~~[0m
    [96msrc/__tests__/integration/marketing/contentPublishing.test.ts[0m:[93m123[0m:[93m16[0m - [91merror[0m[90m TS18048: [0m'testContext.mockServices' is possibly 'undefined'.

    [7m123[0m         expect(testContext.mockServices.contentService.submitForReview).toHaveBeenCalled();
    [7m   [0m [91m               ~~~~~~~~~~~~~~~~~~~~~~~~[0m
    [96msrc/__tests__/integration/marketing/contentPublishing.test.ts[0m:[93m123[0m:[93m56[0m - [91merror[0m[90m TS2339: [0mProperty 'submitForReview' does not exist on type '{ uploadImage: Mock<any, any, any>; create: Mock<any, any, any>; publish: Mock<any, any, any>; schedule: Mock<any, any, any>; getAnalytics: Mock<any, any, any>; }'.

    [7m123[0m         expect(testContext.mockServices.contentService.submitForReview).toHaveBeenCalled();
    [7m   [0m [91m                                                       ~~~~~~~~~~~~~~~[0m
    [96msrc/__tests__/integration/marketing/contentPublishing.test.ts[0m:[93m151[0m:[93m16[0m - [91merror[0m[90m TS18048: [0m'testContext.mockServices' is possibly 'undefined'.

    [7m151[0m         expect(testContext.mockServices.contentService.approve).toHaveBeenCalled();
    [7m   [0m [91m               ~~~~~~~~~~~~~~~~~~~~~~~~[0m
    [96msrc/__tests__/integration/marketing/contentPublishing.test.ts[0m:[93m151[0m:[93m56[0m - [91merror[0m[90m TS2339: [0mProperty 'approve' does not exist on type '{ uploadImage: Mock<any, any, any>; create: Mock<any, any, any>; publish: Mock<any, any, any>; schedule: Mock<any, any, any>; getAnalytics: Mock<any, any, any>; }'.

    [7m151[0m         expect(testContext.mockServices.contentService.approve).toHaveBeenCalled();
    [7m   [0m [91m                                                       ~~~~~~~[0m
    [96msrc/__tests__/integration/marketing/contentPublishing.test.ts[0m:[93m181[0m:[93m16[0m - [91merror[0m[90m TS18048: [0m'testContext.mockServices' is possibly 'undefined'.

    [7m181[0m         expect(testContext.mockServices.contentService.publish).toHaveBeenCalled();
    [7m   [0m [91m               ~~~~~~~~~~~~~~~~~~~~~~~~[0m
    [96msrc/__tests__/integration/marketing/contentPublishing.test.ts[0m:[93m196[0m:[93m14[0m - [91merror[0m[90m TS18048: [0m'testContext.mockServices' is possibly 'undefined'.

    [7m196[0m       expect(testContext.mockServices.analyticsService.trackEvent).toHaveBeenCalledWith(
    [7m   [0m [91m             ~~~~~~~~~~~~~~~~~~~~~~~~[0m
    [96msrc/__tests__/integration/marketing/contentPublishing.test.ts[0m:[93m223[0m:[93m16[0m - [91merror[0m[90m TS18048: [0m'testContext.mockServices' is possibly 'undefined'.

    [7m223[0m         expect(testContext.mockServices.contentService.update).toHaveBeenCalled();
    [7m   [0m [91m               ~~~~~~~~~~~~~~~~~~~~~~~~[0m
    [96msrc/__tests__/integration/marketing/contentPublishing.test.ts[0m:[93m223[0m:[93m56[0m - [91merror[0m[90m TS2339: [0mProperty 'update' does not exist on type '{ uploadImage: Mock<any, any, any>; create: Mock<any, any, any>; publish: Mock<any, any, any>; schedule: Mock<any, any, any>; getAnalytics: Mock<any, any, any>; }'.

    [7m223[0m         expect(testContext.mockServices.contentService.update).toHaveBeenCalled();
    [7m   [0m [91m                                                       ~~~~~~[0m
    [96msrc/__tests__/integration/marketing/contentPublishing.test.ts[0m:[93m228[0m:[93m26[0m - [91merror[0m[90m TS6133: [0m'getByTestId' is declared but its value is never read.

    [7m228[0m       const { getByText, getByTestId } = renderApp(
    [7m   [0m [91m                         ~~~~~~~~~~~[0m
    [96msrc/__tests__/integration/marketing/contentPublishing.test.ts[0m:[93m245[0m:[93m14[0m - [91merror[0m[90m TS18048: [0m'testContext.mockServices' is possibly 'undefined'.

    [7m245[0m       expect(testContext.mockServices.contentService.submitForReview).not.toHaveBeenCalled();
    [7m   [0m [91m             ~~~~~~~~~~~~~~~~~~~~~~~~[0m
    [96msrc/__tests__/integration/marketing/contentPublishing.test.ts[0m:[93m245[0m:[93m54[0m - [91merror[0m[90m TS2339: [0mProperty 'submitForReview' does not exist on type '{ uploadImage: Mock<any, any, any>; create: Mock<any, any, any>; publish: Mock<any, any, any>; schedule: Mock<any, any, any>; getAnalytics: Mock<any, any, any>; }'.

    [7m245[0m       expect(testContext.mockServices.contentService.submitForReview).not.toHaveBeenCalled();
    [7m   [0m [91m                                                     ~~~~~~~~~~~~~~~[0m
    [96msrc/__tests__/integration/marketing/contentPublishing.test.ts[0m:[93m277[0m:[93m16[0m - [91merror[0m[90m TS18048: [0m'testContext.mockServices' is possibly 'undefined'.

    [7m277[0m         expect(testContext.mockServices.contentService.reject).toHaveBeenCalled();
    [7m   [0m [91m               ~~~~~~~~~~~~~~~~~~~~~~~~[0m
    [96msrc/__tests__/integration/marketing/contentPublishing.test.ts[0m:[93m277[0m:[93m56[0m - [91merror[0m[90m TS2339: [0mProperty 'reject' does not exist on type '{ uploadImage: Mock<any, any, any>; create: Mock<any, any, any>; publish: Mock<any, any, any>; schedule: Mock<any, any, any>; getAnalytics: Mock<any, any, any>; }'.

    [7m277[0m         expect(testContext.mockServices.contentService.reject).toHaveBeenCalled();
    [7m   [0m [91m                                                       ~~~~~~[0m
    [96msrc/__tests__/integration/marketing/contentPublishing.test.ts[0m:[93m348[0m:[93m14[0m - [91merror[0m[90m TS18048: [0m'testContext.mockServices' is possibly 'undefined'.

    [7m348[0m       expect(testContext.mockServices.analyticsService.trackEvent).toHaveBeenCalledWith(
    [7m   [0m [91m             ~~~~~~~~~~~~~~~~~~~~~~~~[0m
    [96msrc/__tests__/integration/marketing/contentPublishing.test.ts[0m:[93m370[0m:[93m7[0m - [91merror[0m[90m TS18048: [0m'testContext.mockServices' is possibly 'undefined'.

    [7m370[0m       testContext.mockServices.contentService.getById.mockResolvedValueOnce({
    [7m   [0m [91m      ~~~~~~~~~~~~~~~~~~~~~~~~[0m
    [96msrc/__tests__/integration/marketing/contentPublishing.test.ts[0m:[93m370[0m:[93m47[0m - [91merror[0m[90m TS2339: [0mProperty 'getById' does not exist on type '{ uploadImage: Mock<any, any, any>; create: Mock<any, any, any>; publish: Mock<any, any, any>; schedule: Mock<any, any, any>; getAnalytics: Mock<any, any, any>; }'.

    [7m370[0m       testContext.mockServices.contentService.getById.mockResolvedValueOnce({
    [7m   [0m [91m                                              ~~~~~~~[0m
    [96msrc/__tests__/integration/marketing/contentPublishing.test.ts[0m:[93m374[0m:[93m31[0m - [91merror[0m[90m TS2339: [0mProperty 'metadata' does not exist on type '{ id: string; type: string; url: string; title: string; }'.

    [7m374[0m           ...mockData.content.metadata,
    [7m   [0m [91m                              ~~~~~~~~[0m
    [96msrc/__tests__/integration/marketing/contentPublishing.test.ts[0m:[93m408[0m:[93m16[0m - [91merror[0m[90m TS18048: [0m'testContext.mockServices' is possibly 'undefined'.

    [7m408[0m         expect(testContext.mockServices.contentService.update).toHaveBeenCalledWith(
    [7m   [0m [91m               ~~~~~~~~~~~~~~~~~~~~~~~~[0m
    [96msrc/__tests__/integration/marketing/contentPublishing.test.ts[0m:[93m408[0m:[93m56[0m - [91merror[0m[90m TS2339: [0mProperty 'update' does not exist on type '{ uploadImage: Mock<any, any, any>; create: Mock<any, any, any>; publish: Mock<any, any, any>; schedule: Mock<any, any, any>; getAnalytics: Mock<any, any, any>; }'.

    [7m408[0m         expect(testContext.mockServices.contentService.update).toHaveBeenCalledWith(
    [7m   [0m [91m                                                       ~~~~~~[0m
    [96msrc/__tests__/integration/marketing/contentPublishing.test.ts[0m:[93m438[0m:[93m7[0m - [91merror[0m[90m TS18048: [0m'testContext.mockServices' is possibly 'undefined'.

    [7m438[0m       testContext.mockServices.contentService.update.mockRejectedValueOnce({
    [7m   [0m [91m      ~~~~~~~~~~~~~~~~~~~~~~~~[0m
    [96msrc/__tests__/integration/marketing/contentPublishing.test.ts[0m:[93m438[0m:[93m47[0m - [91merror[0m[90m TS2339: [0mProperty 'update' does not exist on type '{ uploadImage: Mock<any, any, any>; create: Mock<any, any, any>; publish: Mock<any, any, any>; schedule: Mock<any, any, any>; getAnalytics: Mock<any, any, any>; }'.

    [7m438[0m       testContext.mockServices.contentService.update.mockRejectedValueOnce({
    [7m   [0m [91m                                              ~~~~~~[0m
    [96msrc/__tests__/integration/marketing/contentPublishing.test.ts[0m:[93m456[0m:[93m16[0m - [91merror[0m[90m TS18048: [0m'testContext.mockServices' is possibly 'undefined'.

    [7m456[0m         expect(testContext.mockServices.contentService.getById).toHaveBeenCalled();
    [7m   [0m [91m               ~~~~~~~~~~~~~~~~~~~~~~~~[0m
    [96msrc/__tests__/integration/marketing/contentPublishing.test.ts[0m:[93m456[0m:[93m56[0m - [91merror[0m[90m TS2339: [0mProperty 'getById' does not exist on type '{ uploadImage: Mock<any, any, any>; create: Mock<any, any, any>; publish: Mock<any, any, any>; schedule: Mock<any, any, any>; getAnalytics: Mock<any, any, any>; }'.

    [7m456[0m         expect(testContext.mockServices.contentService.getById).toHaveBeenCalled();
    [7m   [0m [91m                                                       ~~~~~~~[0m
    [96msrc/__tests__/integration/marketing/contentPublishing.test.ts[0m:[93m479[0m:[93m17[0m - [91merror[0m[90m TS2339: [0mProperty 'focus' does not exist on type 'typeof fireEvent'.

    [7m479[0m       fireEvent.focus(getByTestId('content-title-input'));
    [7m   [0m [91m                ~~~~~[0m
    [96msrc/__tests__/integration/marketing/contentPublishing.test.ts[0m:[93m522[0m:[93m14[0m - [91merror[0m[90m TS18048: [0m'testContext.mockServices' is possibly 'undefined'.

    [7m522[0m       expect(testContext.mockServices.contentService.uploadImage).toHaveBeenCalledWith(
    [7m   [0m [91m             ~~~~~~~~~~~~~~~~~~~~~~~~[0m
    [96msrc/__tests__/integration/marketing/contentPublishing.test.ts[0m:[93m712[0m:[93m14[0m - [91merror[0m[90m TS18048: [0m'testContext.mockServices' is possibly 'undefined'.

    [7m712[0m       expect(testContext.mockServices.analyticsService.trackEvent).toHaveBeenCalledWith(
    [7m   [0m [91m             ~~~~~~~~~~~~~~~~~~~~~~~~[0m
    [96msrc/__tests__/integration/marketing/contentPublishing.test.ts[0m:[93m727[0m:[93m7[0m - [91merror[0m[90m TS18048: [0m'testContext.mockServices' is possibly 'undefined'.

    [7m727[0m       testContext.mockServices.contentService.publish.mockRejectedValueOnce({
    [7m   [0m [91m      ~~~~~~~~~~~~~~~~~~~~~~~~[0m
    [96msrc/__tests__/integration/marketing/contentPublishing.test.ts[0m:[93m747[0m:[93m7[0m - [91merror[0m[90m TS18048: [0m'testContext.mockServices' is possibly 'undefined'.

    [7m747[0m       testContext.mockServices.contentService.publish.mockResolvedValueOnce({
    [7m   [0m [91m      ~~~~~~~~~~~~~~~~~~~~~~~~[0m
    [96msrc/__tests__/integration/marketing/contentPublishing.test.ts[0m:[93m767[0m:[93m7[0m - [91merror[0m[90m TS18048: [0m'testContext.mockServices' is possibly 'undefined'.

    [7m767[0m       testContext.mockServices.contentService.uploadImage.mockRejectedValueOnce({
    [7m   [0m [91m      ~~~~~~~~~~~~~~~~~~~~~~~~[0m
    [96msrc/__tests__/integration/marketing/contentPublishing.test.ts[0m:[93m805[0m:[93m9[0m - [91merror[0m[90m TS18048: [0m'testContext.mockServices' is possibly 'undefined'.

    [7m805[0m         testContext.mockServices.contentService.publish.mockRejectedValueOnce({
    [7m   [0m [91m        ~~~~~~~~~~~~~~~~~~~~~~~~[0m
    [96msrc/__tests__/integration/marketing/contentPublishing.test.ts[0m:[93m811[0m:[93m80[0m - [91merror[0m[90m TS2304: [0mCannot find name 'i'.

    [7m811[0m       fireEvent.changeText(getByTestId('content-title-input'), `Circuit Test ${i}`);
    [7m   [0m [91m                                                                               ~[0m
    [96msrc/__tests__/integration/marketing/contentPublishing.test.ts[0m:[93m849[0m:[93m14[0m - [91merror[0m[90m TS18048: [0m'testContext.mockServices' is possibly 'undefined'.

    [7m849[0m       expect(testContext.mockServices.contentService.update).toHaveBeenCalledWith(
    [7m   [0m [91m             ~~~~~~~~~~~~~~~~~~~~~~~~[0m
    [96msrc/__tests__/integration/marketing/contentPublishing.test.ts[0m:[93m849[0m:[93m54[0m - [91merror[0m[90m TS2339: [0mProperty 'update' does not exist on type '{ uploadImage: Mock<any, any, any>; create: Mock<any, any, any>; publish: Mock<any, any, any>; schedule: Mock<any, any, any>; getAnalytics: Mock<any, any, any>; }'.

    [7m849[0m       expect(testContext.mockServices.contentService.update).toHaveBeenCalledWith(
    [7m   [0m [91m                                                     ~~~~~~[0m
    [96msrc/__tests__/integration/marketing/contentPublishing.test.ts[0m:[93m888[0m:[93m7[0m - [91merror[0m[90m TS18048: [0m'testContext.mockServices' is possibly 'undefined'.

    [7m888[0m       testContext.mockServices.contentService.create.mockRejectedValueOnce({
    [7m   [0m [91m      ~~~~~~~~~~~~~~~~~~~~~~~~[0m
    [96msrc/__tests__/integration/marketing/contentPublishing.test.ts[0m:[93m33[0m:[93m31[0m - [91merror[0m[90m TS1005: [0m'>' expected.

    [7m33[0m         <ProductContentScreen />,
    [7m  [0m [91m                              ~[0m
    [96msrc/__tests__/integration/marketing/contentPublishing.test.ts[0m:[93m34[0m:[93m9[0m - [91merror[0m[90m TS1005: [0m',' expected.

    [7m34[0m         { queryClient: testContext.queryClient }
    [7m  [0m [91m        ~[0m
    [96msrc/__tests__/integration/marketing/contentPublishing.test.ts[0m:[93m207[0m:[93m31[0m - [91merror[0m[90m TS1005: [0m'>' expected.

    [7m207[0m         <ProductContentScreen />,
    [7m   [0m [91m                              ~[0m
    [96msrc/__tests__/integration/marketing/contentPublishing.test.ts[0m:[93m208[0m:[93m9[0m - [91merror[0m[90m TS1005: [0m',' expected.

    [7m208[0m         { queryClient: testContext.queryClient }
    [7m   [0m [91m        ~[0m
    [96msrc/__tests__/integration/marketing/contentPublishing.test.ts[0m:[93m229[0m:[93m31[0m - [91merror[0m[90m TS1005: [0m'>' expected.

    [7m229[0m         <ProductContentScreen />,
    [7m   [0m [91m                              ~[0m
    [96msrc/__tests__/integration/marketing/contentPublishing.test.ts[0m:[93m230[0m:[93m9[0m - [91merror[0m[90m TS1005: [0m',' expected.

    [7m230[0m         { queryClient: testContext.queryClient }
    [7m   [0m [91m        ~[0m
    [96msrc/__tests__/integration/marketing/contentPublishing.test.ts[0m:[93m252[0m:[93m31[0m - [91merror[0m[90m TS1005: [0m'>' expected.

    [7m252[0m         <ProductContentScreen />,
    [7m   [0m [91m                              ~[0m
    [96msrc/__tests__/integration/marketing/contentPublishing.test.ts[0m:[93m253[0m:[93m9[0m - [91merror[0m[90m TS1005: [0m',' expected.

    [7m253[0m         { queryClient: testContext.queryClient }
    [7m   [0m [91m        ~[0m
    [96msrc/__tests__/integration/marketing/contentPublishing.test.ts[0m:[93m325[0m:[93m31[0m - [91merror[0m[90m TS1005: [0m'>' expected.

    [7m325[0m         <ProductContentScreen />,
    [7m   [0m [91m                              ~[0m
    [96msrc/__tests__/integration/marketing/contentPublishing.test.ts[0m:[93m326[0m:[93m9[0m - [91merror[0m[90m TS1005: [0m',' expected.

    [7m326[0m         { queryClient: testContext.queryClient }
    [7m   [0m [91m        ~[0m
    [96msrc/__tests__/integration/marketing/contentPublishing.test.ts[0m:[93m360[0m:[93m31[0m - [91merror[0m[90m TS1005: [0m'>' expected.

    [7m360[0m         <ProductContentScreen />,
    [7m   [0m [91m                              ~[0m
    [96msrc/__tests__/integration/marketing/contentPublishing.test.ts[0m:[93m361[0m:[93m9[0m - [91merror[0m[90m TS1005: [0m',' expected.

    [7m361[0m         { queryClient: testContext.queryClient }
    [7m   [0m [91m        ~[0m
    [96msrc/__tests__/integration/marketing/contentPublishing.test.ts[0m:[93m422[0m:[93m31[0m - [91merror[0m[90m TS1005: [0m'>' expected.

    [7m422[0m         <ProductContentScreen />,
    [7m   [0m [91m                              ~[0m
    [96msrc/__tests__/integration/marketing/contentPublishing.test.ts[0m:[93m423[0m:[93m9[0m - [91merror[0m[90m TS1005: [0m',' expected.

    [7m423[0m         { queryClient: testContext.queryClient }
    [7m   [0m [91m        ~[0m
    [96msrc/__tests__/integration/marketing/contentPublishing.test.ts[0m:[93m462[0m:[93m31[0m - [91merror[0m[90m TS1005: [0m'>' expected.

    [7m462[0m         <ProductContentScreen />,
    [7m   [0m [91m                              ~[0m
    [96msrc/__tests__/integration/marketing/contentPublishing.test.ts[0m:[93m463[0m:[93m9[0m - [91merror[0m[90m TS1005: [0m',' expected.

    [7m463[0m         { queryClient: testContext.queryClient }
    [7m   [0m [91m        ~[0m
    [96msrc/__tests__/integration/marketing/contentPublishing.test.ts[0m:[93m491[0m:[93m31[0m - [91merror[0m[90m TS1005: [0m'>' expected.

    [7m491[0m         <ProductContentScreen />,
    [7m   [0m [91m                              ~[0m
    [96msrc/__tests__/integration/marketing/contentPublishing.test.ts[0m:[93m492[0m:[93m9[0m - [91merror[0m[90m TS1005: [0m',' expected.

    [7m492[0m         { queryClient: testContext.queryClient }
    [7m   [0m [91m        ~[0m
    [96msrc/__tests__/integration/marketing/contentPublishing.test.ts[0m:[93m533[0m:[93m31[0m - [91merror[0m[90m TS1005: [0m'>' expected.

    [7m533[0m         <ProductContentScreen />,
    [7m   [0m [91m                              ~[0m
    [96msrc/__tests__/integration/marketing/contentPublishing.test.ts[0m:[93m534[0m:[93m9[0m - [91merror[0m[90m TS1005: [0m',' expected.

    [7m534[0m         { queryClient: testContext.queryClient }
    [7m   [0m [91m        ~[0m
    [96msrc/__tests__/integration/marketing/contentPublishing.test.ts[0m:[93m575[0m:[93m31[0m - [91merror[0m[90m TS1005: [0m'>' expected.

    [7m575[0m         <ProductContentScreen />,
    [7m   [0m [91m                              ~[0m
    [96msrc/__tests__/integration/marketing/contentPublishing.test.ts[0m:[93m576[0m:[93m9[0m - [91merror[0m[90m TS1005: [0m',' expected.

    [7m576[0m         { queryClient: testContext.queryClient }
    [7m   [0m [91m        ~[0m
    [96msrc/__tests__/integration/marketing/contentPublishing.test.ts[0m:[93m611[0m:[93m31[0m - [91merror[0m[90m TS1005: [0m'>' expected.

    [7m611[0m         <ProductContentScreen />,
    [7m   [0m [91m                              ~[0m
    [96msrc/__tests__/integration/marketing/contentPublishing.test.ts[0m:[93m612[0m:[93m9[0m - [91merror[0m[90m TS1005: [0m',' expected.

    [7m612[0m         { queryClient: testContext.queryClient }
    [7m   [0m [91m        ~[0m
    [96msrc/__tests__/integration/marketing/contentPublishing.test.ts[0m:[93m658[0m:[93m31[0m - [91merror[0m[90m TS1005: [0m'>' expected.

    [7m658[0m         <ProductContentScreen />,
    [7m   [0m [91m                              ~[0m
    [96msrc/__tests__/integration/marketing/contentPublishing.test.ts[0m:[93m659[0m:[93m9[0m - [91merror[0m[90m TS1005: [0m',' expected.

    [7m659[0m         { queryClient: testContext.queryClient }
    [7m   [0m [91m        ~[0m
    [96msrc/__tests__/integration/marketing/contentPublishing.test.ts[0m:[93m691[0m:[93m31[0m - [91merror[0m[90m TS1005: [0m'>' expected.

    [7m691[0m         <ProductContentScreen />,
    [7m   [0m [91m                              ~[0m
    [96msrc/__tests__/integration/marketing/contentPublishing.test.ts[0m:[93m692[0m:[93m9[0m - [91merror[0m[90m TS1005: [0m',' expected.

    [7m692[0m         { queryClient: testContext.queryClient }
    [7m   [0m [91m        ~[0m
    [96msrc/__tests__/integration/marketing/contentPublishing.test.ts[0m:[93m722[0m:[93m31[0m - [91merror[0m[90m TS1005: [0m'>' expected.

    [7m722[0m         <ProductContentScreen />,
    [7m   [0m [91m                              ~[0m
    [96msrc/__tests__/integration/marketing/contentPublishing.test.ts[0m:[93m723[0m:[93m9[0m - [91merror[0m[90m TS1005: [0m',' expected.

    [7m723[0m         { queryClient: testContext.queryClient }
    [7m   [0m [91m        ~[0m
    [96msrc/__tests__/integration/marketing/contentPublishing.test.ts[0m:[93m762[0m:[93m31[0m - [91merror[0m[90m TS1005: [0m'>' expected.

    [7m762[0m         <ProductContentScreen />,
    [7m   [0m [91m                              ~[0m
    [96msrc/__tests__/integration/marketing/contentPublishing.test.ts[0m:[93m763[0m:[93m9[0m - [91merror[0m[90m TS1005: [0m',' expected.

    [7m763[0m         { queryClient: testContext.queryClient }
    [7m   [0m [91m        ~[0m
    [96msrc/__tests__/integration/marketing/contentPublishing.test.ts[0m:[93m799[0m:[93m31[0m - [91merror[0m[90m TS1005: [0m'>' expected.

    [7m799[0m         <ProductContentScreen />,
    [7m   [0m [91m                              ~[0m
    [96msrc/__tests__/integration/marketing/contentPublishing.test.ts[0m:[93m800[0m:[93m9[0m - [91merror[0m[90m TS1005: [0m',' expected.

    [7m800[0m         { queryClient: testContext.queryClient }
    [7m   [0m [91m        ~[0m
    [96msrc/__tests__/integration/marketing/contentPublishing.test.ts[0m:[93m836[0m:[93m31[0m - [91merror[0m[90m TS1005: [0m'>' expected.

    [7m836[0m         <ProductContentScreen />,
    [7m   [0m [91m                              ~[0m
    [96msrc/__tests__/integration/marketing/contentPublishing.test.ts[0m:[93m837[0m:[93m9[0m - [91merror[0m[90m TS1005: [0m',' expected.

    [7m837[0m         { queryClient: testContext.queryClient }
    [7m   [0m [91m        ~[0m
    [96msrc/__tests__/integration/marketing/contentPublishing.test.ts[0m:[93m858[0m:[93m31[0m - [91merror[0m[90m TS1005: [0m'>' expected.

    [7m858[0m         <ProductContentScreen />,
    [7m   [0m [91m                              ~[0m
    [96msrc/__tests__/integration/marketing/contentPublishing.test.ts[0m:[93m859[0m:[93m9[0m - [91merror[0m[90m TS1005: [0m',' expected.

    [7m859[0m         { queryClient: testContext.queryClient }
    [7m   [0m [91m        ~[0m
    [96msrc/__tests__/integration/marketing/contentPublishing.test.ts[0m:[93m875[0m:[93m31[0m - [91merror[0m[90m TS1005: [0m'>' expected.

    [7m875[0m         <ProductContentScreen />,
    [7m   [0m [91m                              ~[0m
    [96msrc/__tests__/integration/marketing/contentPublishing.test.ts[0m:[93m876[0m:[93m9[0m - [91merror[0m[90m TS1005: [0m',' expected.

    [7m876[0m         { queryClient: testContext.queryClient }
    [7m   [0m [91m        ~[0m

FAIL src/hooks/executive/__tests__/useBusinessInsights.test.tsx
  ● Test suite failed to run

    [96msrc/hooks/executive/__tests__/useBusinessInsights.test.tsx[0m:[93m5[0m:[93m1[0m - [91merror[0m[90m TS6133: [0m'createSupabaseMock' is declared but its value is never read.

    [7m5[0m import { createSupabaseMock } from '../../../test/mocks/supabase.simplified.mock';
    [7m [0m [91m~~~~~~~~~~~~~~~~~~~~~~~~~~~~~~~~~~~~~~~~~~~~~~~~~~~~~~~~~~~~~~~~~~~~~~~~~~~~~~~~~~[0m
    [96msrc/hooks/executive/__tests__/useBusinessInsights.test.tsx[0m:[93m6[0m:[93m1[0m - [91merror[0m[90m TS6133: [0m'hookContracts' is declared but its value is never read.

    [7m6[0m import { hookContracts } from '../../../test/contracts/hook.contracts';
    [7m [0m [91m~~~~~~~~~~~~~~~~~~~~~~~~~~~~~~~~~~~~~~~~~~~~~~~~~~~~~~~~~~~~~~~~~~~~~~~[0m
    [96msrc/hooks/executive/__tests__/useBusinessInsights.test.tsx[0m:[93m36[0m:[93m47[0m - [91merror[0m[90m TS2307: [0mCannot find module '../../../services/executive/simpleBusinessInsightsService' or its corresponding type declarations.

    [7m36[0m import { SimpleBusinessInsightsService } from '../../../services/executive/simpleBusinessInsightsService';
    [7m  [0m [91m                                              ~~~~~~~~~~~~~~~~~~~~~~~~~~~~~~~~~~~~~~~~~~~~~~~~~~~~~~~~~~~[0m
    [96msrc/hooks/executive/__tests__/useBusinessInsights.test.tsx[0m:[93m217[0m:[93m40[0m - [91merror[0m[90m TS6133: [0m'options' is declared but its value is never read.

    [7m217[0m       mockUseQuery.mockImplementation((options: any) => {
    [7m   [0m [91m                                       ~~~~~~~[0m
    [96msrc/hooks/executive/__tests__/useBusinessInsights.test.tsx[0m:[93m254[0m:[93m44[0m - [91merror[0m[90m TS6133: [0m'options' is declared but its value is never read.

    [7m254[0m       mockUseQuery.mockImplementationOnce((options: any) => ({
    [7m   [0m [91m                                           ~~~~~~~[0m
    [96msrc/hooks/executive/__tests__/useBusinessInsights.test.tsx[0m:[93m273[0m:[93m44[0m - [91merror[0m[90m TS6133: [0m'options' is declared but its value is never read.

    [7m273[0m       mockUseQuery.mockImplementationOnce((options: any) => ({
    [7m   [0m [91m                                           ~~~~~~~[0m
    [96msrc/hooks/executive/__tests__/useBusinessInsights.test.tsx[0m:[93m285[0m:[93m9[0m - [91merror[0m[90m TS2554: [0mExpected 1 arguments, but got 0.

    [7m285[0m         rerender();
    [7m   [0m [91m        ~~~~~~~~[0m

      [96mnode_modules/@testing-library/react-native/build/render-hook.d.ts[0m:[93m3[0m:[93m16[0m
        [7m3[0m     rerender: (props: Props) => void;
        [7m [0m [96m               ~~~~~~~~~~~~[0m
        An argument for 'props' was not provided.
    [96msrc/hooks/executive/__tests__/useBusinessInsights.test.tsx[0m:[93m308[0m:[93m40[0m - [91merror[0m[90m TS6133: [0m'options' is declared but its value is never read.

    [7m308[0m       mockUseQuery.mockImplementation((options: any) => {
    [7m   [0m [91m                                       ~~~~~~~[0m
    [96msrc/hooks/executive/__tests__/useBusinessInsights.test.tsx[0m:[93m474[0m:[93m40[0m - [91merror[0m[90m TS6133: [0m'options' is declared but its value is never read.

    [7m474[0m       mockUseQuery.mockImplementation((options: any) => {
    [7m   [0m [91m                                       ~~~~~~~[0m
    [96msrc/hooks/executive/__tests__/useBusinessInsights.test.tsx[0m:[93m536[0m:[93m44[0m - [91merror[0m[90m TS6133: [0m'options' is declared but its value is never read.

    [7m536[0m       mockUseQuery.mockImplementationOnce((options: any) => ({
    [7m   [0m [91m                                           ~~~~~~~[0m
    [96msrc/hooks/executive/__tests__/useBusinessInsights.test.tsx[0m:[93m579[0m:[93m44[0m - [91merror[0m[90m TS6133: [0m'options' is declared but its value is never read.

    [7m579[0m       mockUseQuery.mockImplementationOnce((options: any) => ({
    [7m   [0m [91m                                           ~~~~~~~[0m
    [96msrc/hooks/executive/__tests__/useBusinessInsights.test.tsx[0m:[93m600[0m:[93m9[0m - [91merror[0m[90m TS2554: [0mExpected 1 arguments, but got 0.

    [7m600[0m         rerender();
    [7m   [0m [91m        ~~~~~~~~[0m

      [96mnode_modules/@testing-library/react-native/build/render-hook.d.ts[0m:[93m3[0m:[93m16[0m
        [7m3[0m     rerender: (props: Props) => void;
        [7m [0m [96m               ~~~~~~~~~~~~[0m
        An argument for 'props' was not provided.
    [96msrc/hooks/executive/__tests__/useBusinessInsights.test.tsx[0m:[93m631[0m:[93m40[0m - [91merror[0m[90m TS6133: [0m'options' is declared but its value is never read.

    [7m631[0m       mockUseQuery.mockImplementation((options: any) => ({
    [7m   [0m [91m                                       ~~~~~~~[0m
    [96msrc/hooks/executive/__tests__/useBusinessInsights.test.tsx[0m:[93m805[0m:[93m39[0m - [91merror[0m[90m TS2345: [0mArgument of type '(options: any) => { data: null; isLoading: false; error: Error | null; refetch: jest.Mock<any, any, any>; isSuccess: false; isError: boolean; }' is not assignable to parameter of type '(options: UseQueryOptions<unknown, unknown, unknown, readonly unknown[]>, queryClient?: QueryClient | undefined) => UseQueryResult<unknown, unknown>'.
      Type '{ data: null; isLoading: false; error: Error | null; refetch: jest.Mock<any, any, any>; isSuccess: false; isError: boolean; }' is not assignable to type 'UseQueryResult<unknown, unknown>'.
        Type '{ data: null; isLoading: false; error: Error | null; refetch: Mock<any, any, any>; isSuccess: false; isError: boolean; }' is missing the following properties from type 'QueryObserverRefetchErrorResult<unknown, unknown>': isPending, isLoadingError, isRefetchError, isPlaceholderData, and 16 more.

    [7m805[0m       mockUseQuery.mockImplementation((options: any) => {
    [7m   [0m [91m                                      ~~~~~~~~~~~~~~~~~~~[0m
    [96msrc/hooks/executive/__tests__/useBusinessInsights.test.tsx[0m:[93m849[0m:[93m39[0m - [91merror[0m[90m TS2345: [0mArgument of type '(options: any) => { data: any; isLoading: false; error: null; refetch: jest.Mock<any, any, any>; isSuccess: true; isError: false; }' is not assignable to parameter of type '(options: UseQueryOptions<unknown, unknown, unknown, readonly unknown[]>, queryClient?: QueryClient | undefined) => UseQueryResult<unknown, unknown>'.
      Type '{ data: any; isLoading: false; error: null; refetch: jest.Mock<any, any, any>; isSuccess: true; isError: false; }' is not assignable to type 'UseQueryResult<unknown, unknown>'.
        Type '{ data: any; isLoading: false; error: null; refetch: jest.Mock<any, any, any>; isSuccess: true; isError: false; }' is not assignable to type 'QueryObserverSuccessResult<unknown, unknown> | QueryObserverPlaceholderResult<unknown, unknown>'.
          Type '{ data: any; isLoading: false; error: null; refetch: Mock<any, any, any>; isSuccess: true; isError: false; }' is missing the following properties from type 'QueryObserverPlaceholderResult<unknown, unknown>': isPending, isLoadingError, isRefetchError, isPlaceholderData, and 16 more.

    [7m849[0m       mockUseQuery.mockImplementation((options: any) => {
    [7m   [0m [91m                                      ~~~~~~~~~~~~~~~~~~~[0m

FAIL src/hooks/__tests__/prototypes/usePickupRescheduling.race.test.tsx
  ● Test suite failed to run

    [96msrc/hooks/__tests__/prototypes/usePickupRescheduling.race.test.tsx[0m:[93m11[0m:[93m39[0m - [91merror[0m[90m TS2307: [0mCannot find module '../usePickupRescheduling' or its corresponding type declarations.

    [7m11[0m import { usePickupRescheduling } from '../usePickupRescheduling';
    [7m  [0m [91m                                      ~~~~~~~~~~~~~~~~~~~~~~~~~~[0m
    [96msrc/hooks/__tests__/prototypes/usePickupRescheduling.race.test.tsx[0m:[93m12[0m:[93m62[0m - [91merror[0m[90m TS2307: [0mCannot find module '../../services/pickupReschedulingService' or its corresponding type declarations.

    [7m12[0m import { PickupReschedulingService, RescheduleRequest } from '../../services/pickupReschedulingService';
    [7m  [0m [91m                                                             ~~~~~~~~~~~~~~~~~~~~~~~~~~~~~~~~~~~~~~~~~~[0m
    [96msrc/hooks/__tests__/prototypes/usePickupRescheduling.race.test.tsx[0m:[93m116[0m:[93m78[0m - [91merror[0m[90m TS7006: [0mParameter 'request' implicitly has an 'any' type.

    [7m116[0m     mockPickupReschedulingService.reschedulePickup.mockImplementation(async (request) => {
    [7m   [0m [91m                                                                             ~~~~~~~[0m
    [96msrc/hooks/__tests__/prototypes/usePickupRescheduling.race.test.tsx[0m:[93m130[0m:[93m84[0m - [91merror[0m[90m TS6133: [0m'orderId' is declared but its value is never read.

    [7m130[0m     mockPickupReschedulingService.wasRecentlyRescheduled.mockImplementation(async (orderId) => {
    [7m   [0m [91m                                                                                   ~~~~~~~[0m
    [96msrc/hooks/__tests__/prototypes/usePickupRescheduling.race.test.tsx[0m:[93m130[0m:[93m84[0m - [91merror[0m[90m TS7006: [0mParameter 'orderId' implicitly has an 'any' type.

    [7m130[0m     mockPickupReschedulingService.wasRecentlyRescheduled.mockImplementation(async (orderId) => {
    [7m   [0m [91m                                                                                   ~~~~~~~[0m
    [96msrc/hooks/__tests__/prototypes/usePickupRescheduling.race.test.tsx[0m:[93m174[0m:[93m80[0m - [91merror[0m[90m TS7006: [0mParameter 'request' implicitly has an 'any' type.

    [7m174[0m       mockPickupReschedulingService.reschedulePickup.mockImplementation(async (request) => {
    [7m   [0m [91m                                                                               ~~~~~~~[0m
    [96msrc/hooks/__tests__/prototypes/usePickupRescheduling.race.test.tsx[0m:[93m234[0m:[93m80[0m - [91merror[0m[90m TS7006: [0mParameter 'request' implicitly has an 'any' type.

    [7m234[0m       mockPickupReschedulingService.reschedulePickup.mockImplementation(async (request) => {
    [7m   [0m [91m                                                                               ~~~~~~~[0m
    [96msrc/hooks/__tests__/prototypes/usePickupRescheduling.race.test.tsx[0m:[93m311[0m:[93m86[0m - [91merror[0m[90m TS6133: [0m'orderId' is declared but its value is never read.

    [7m311[0m       mockPickupReschedulingService.wasRecentlyRescheduled.mockImplementation(async (orderId) => {
    [7m   [0m [91m                                                                                     ~~~~~~~[0m
    [96msrc/hooks/__tests__/prototypes/usePickupRescheduling.race.test.tsx[0m:[93m311[0m:[93m86[0m - [91merror[0m[90m TS7006: [0mParameter 'orderId' implicitly has an 'any' type.

    [7m311[0m       mockPickupReschedulingService.wasRecentlyRescheduled.mockImplementation(async (orderId) => {
    [7m   [0m [91m                                                                                     ~~~~~~~[0m
    [96msrc/hooks/__tests__/prototypes/usePickupRescheduling.race.test.tsx[0m:[93m334[0m:[93m25[0m - [91merror[0m[90m TS7006: [0mParameter 'result' implicitly has an 'any' type.

    [7m334[0m         results.forEach(result => {
    [7m   [0m [91m                        ~~~~~~[0m
    [96msrc/hooks/__tests__/prototypes/usePickupRescheduling.race.test.tsx[0m:[93m423[0m:[93m80[0m - [91merror[0m[90m TS7006: [0mParameter 'request' implicitly has an 'any' type.

    [7m423[0m       mockPickupReschedulingService.reschedulePickup.mockImplementation(async (request) => {
    [7m   [0m [91m                                                                               ~~~~~~~[0m
    [96msrc/hooks/__tests__/prototypes/usePickupRescheduling.race.test.tsx[0m:[93m526[0m:[93m13[0m - [91merror[0m[90m TS7034: [0mVariable 'results' implicitly has type 'any[]' in some locations where its type cannot be determined.

    [7m526[0m       const results = [];
    [7m   [0m [91m            ~~~~~~~[0m
    [96msrc/hooks/__tests__/prototypes/usePickupRescheduling.race.test.tsx[0m:[93m544[0m:[93m27[0m - [91merror[0m[90m TS7005: [0mVariable 'results' implicitly has an 'any[]' type.

    [7m544[0m       const checkResult = results.find(r => r.type === 'check');
    [7m   [0m [91m                          ~~~~~~~[0m
    [96msrc/hooks/__tests__/prototypes/usePickupRescheduling.race.test.tsx[0m:[93m545[0m:[93m32[0m - [91merror[0m[90m TS7005: [0mVariable 'results' implicitly has an 'any[]' type.

    [7m545[0m       const rescheduleResult = results.find(r => r.type === 'reschedule');
    [7m   [0m [91m                               ~~~~~~~[0m
    [96msrc/hooks/__tests__/prototypes/usePickupRescheduling.race.test.tsx[0m:[93m559[0m:[93m80[0m - [91merror[0m[90m TS7006: [0mParameter 'request' implicitly has an 'any' type.

    [7m559[0m       mockPickupReschedulingService.reschedulePickup.mockImplementation(async (request) => {
    [7m   [0m [91m                                                                               ~~~~~~~[0m
    [96msrc/hooks/__tests__/prototypes/usePickupRescheduling.race.test.tsx[0m:[93m586[0m:[93m13[0m - [91merror[0m[90m TS7034: [0mVariable 'results' implicitly has type 'any[]' in some locations where its type cannot be determined.

    [7m586[0m       const results = [];
    [7m   [0m [91m            ~~~~~~~[0m
    [96msrc/hooks/__tests__/prototypes/usePickupRescheduling.race.test.tsx[0m:[93m605[0m:[93m25[0m - [91merror[0m[90m TS7005: [0mVariable 'results' implicitly has an 'any[]' type.

    [7m605[0m       const succeeded = results.filter(r => r.success).length;
    [7m   [0m [91m                        ~~~~~~~[0m
    [96msrc/hooks/__tests__/prototypes/usePickupRescheduling.race.test.tsx[0m:[93m606[0m:[93m22[0m - [91merror[0m[90m TS7005: [0mVariable 'results' implicitly has an 'any[]' type.

    [7m606[0m       const failed = results.filter(r => !r.success).length;
    [7m   [0m [91m                     ~~~~~~~[0m

FAIL src/__tests__/compliance/patternComplianceAudit.test.ts
  ● Test suite failed to run

    [96msrc/__tests__/compliance/patternComplianceAudit.test.ts[0m:[93m9[0m:[93m1[0m - [91merror[0m[90m TS6133: [0m'supabase' is declared but its value is never read.

    [7m9[0m import { supabase } from '../../config/supabase';
    [7m [0m [91m~~~~~~~~~~~~~~~~~~~~~~~~~~~~~~~~~~~~~~~~~~~~~~~~~[0m
    [96msrc/__tests__/compliance/patternComplianceAudit.test.ts[0m:[93m10[0m:[93m1[0m - [91merror[0m[90m TS6133: [0m'fs' is declared but its value is never read.

    [7m10[0m import fs from 'fs';
    [7m  [0m [91m~~~~~~~~~~~~~~~~~~~~[0m
    [96msrc/__tests__/compliance/patternComplianceAudit.test.ts[0m:[93m11[0m:[93m1[0m - [91merror[0m[90m TS6133: [0m'path' is declared but its value is never read.

    [7m11[0m import path from 'path';
    [7m  [0m [91m~~~~~~~~~~~~~~~~~~~~~~~~[0m
    [96msrc/__tests__/compliance/patternComplianceAudit.test.ts[0m:[93m494[0m:[93m29[0m - [91merror[0m[90m TS6133: [0m'filePath' is declared but its value is never read.

    [7m494[0m   async function fileExists(filePath: string): Promise<boolean> {
    [7m   [0m [91m                            ~~~~~~~~[0m
    [96msrc/__tests__/compliance/patternComplianceAudit.test.ts[0m:[93m499[0m:[93m34[0m - [91merror[0m[90m TS6133: [0m'dirPath' is declared but its value is never read.

    [7m499[0m   async function directoryExists(dirPath: string): Promise<boolean> {
    [7m   [0m [91m                                 ~~~~~~~[0m
    [96msrc/__tests__/compliance/patternComplianceAudit.test.ts[0m:[93m559[0m:[93m44[0m - [91merror[0m[90m TS6133: [0m'schemaContent' is declared but its value is never read.

    [7m559[0m   function auditDatabaseInterfaceAlignment(schemaContent: string, typesContent: string): any {
    [7m   [0m [91m                                           ~~~~~~~~~~~~~[0m
    [96msrc/__tests__/compliance/patternComplianceAudit.test.ts[0m:[93m559[0m:[93m67[0m - [91merror[0m[90m TS6133: [0m'typesContent' is declared but its value is never read.

    [7m559[0m   function auditDatabaseInterfaceAlignment(schemaContent: string, typesContent: string): any {
    [7m   [0m [91m                                                                  ~~~~~~~~~~~~[0m
    [96msrc/__tests__/compliance/patternComplianceAudit.test.ts[0m:[93m771[0m:[93m39[0m - [91merror[0m[90m TS6133: [0m'files' is declared but its value is never read.

    [7m771[0m   async function auditCICDIntegration(files: string[]): Promise<any> {
    [7m   [0m [91m                                      ~~~~~[0m

FAIL src/__tests__/integration/marketing/bundleCreation.test.ts
  ● Test suite failed to run

    [96msrc/__tests__/integration/marketing/bundleCreation.test.ts[0m:[93m1[0m:[93m10[0m - [91merror[0m[90m TS6133: [0m'render' is declared but its value is never read.

    [7m1[0m import { render, fireEvent, waitFor, screen } from '@testing-library/react-native';
    [7m [0m [91m         ~~~~~~[0m
    [96msrc/__tests__/integration/marketing/bundleCreation.test.ts[0m:[93m1[0m:[93m38[0m - [91merror[0m[90m TS6133: [0m'screen' is declared but its value is never read.

    [7m1[0m import { render, fireEvent, waitFor, screen } from '@testing-library/react-native';
    [7m [0m [91m                                     ~~~~~~[0m
    [96msrc/__tests__/integration/marketing/bundleCreation.test.ts[0m:[93m2[0m:[93m1[0m - [91merror[0m[90m TS6133: [0m'NavigationContainer' is declared but its value is never read.

    [7m2[0m import { NavigationContainer } from '@react-navigation/native';
    [7m [0m [91m~~~~~~~~~~~~~~~~~~~~~~~~~~~~~~~~~~~~~~~~~~~~~~~~~~~~~~~~~~~~~~~[0m
    [96msrc/__tests__/integration/marketing/bundleCreation.test.ts[0m:[93m3[0m:[93m1[0m - [91merror[0m[90m TS6192: [0mAll imports in import declaration are unused.

    [7m3[0m import { QueryClient, QueryClientProvider } from '@tanstack/react-query';
    [7m [0m [91m~~~~~~~~~~~~~~~~~~~~~~~~~~~~~~~~~~~~~~~~~~~~~~~~~~~~~~~~~~~~~~~~~~~~~~~~~[0m
    [96msrc/__tests__/integration/marketing/bundleCreation.test.ts[0m:[93m10[0m:[93m3[0m - [91merror[0m[90m TS6133: [0m'validateWorkflowState' is declared but its value is never read.

    [7m10[0m   validateWorkflowState,
    [7m  [0m [91m  ~~~~~~~~~~~~~~~~~~~~~[0m
    [96msrc/__tests__/integration/marketing/bundleCreation.test.ts[0m:[93m13[0m:[93m8[0m - [91merror[0m[90m TS2613: [0mModule '"/Users/andrewkhoh/Documents/myfarmstand-mobile/src/screens/marketing/BundleManagementScreen"' has no default export. Did you mean to use 'import { BundleManagementScreen } from "/Users/andrewkhoh/Documents/myfarmstand-mobile/src/screens/marketing/BundleManagementScreen"' instead?

    [7m13[0m import BundleManagementScreen from '@/screens/marketing/BundleManagementScreen';
    [7m  [0m [91m       ~~~~~~~~~~~~~~~~~~~~~~[0m
    [96msrc/__tests__/integration/marketing/bundleCreation.test.ts[0m:[93m31[0m:[93m39[0m - [91merror[0m[90m TS6133: [0m'queryByText' is declared but its value is never read.

    [7m31[0m       const { getByText, getByTestId, queryByText } = renderApp(
    [7m  [0m [91m                                      ~~~~~~~~~~~[0m
    [96msrc/__tests__/integration/marketing/bundleCreation.test.ts[0m:[93m250[0m:[93m16[0m - [91merror[0m[90m TS18048: [0m'testContext.mockServices' is possibly 'undefined'.

    [7m250[0m         expect(testContext.mockServices.bundleService.create).toHaveBeenCalledWith(
    [7m   [0m [91m               ~~~~~~~~~~~~~~~~~~~~~~~~[0m
    [96msrc/__tests__/integration/marketing/bundleCreation.test.ts[0m:[93m275[0m:[93m16[0m - [91merror[0m[90m TS18048: [0m'testContext.mockServices' is possibly 'undefined'.

    [7m275[0m         expect(testContext.mockServices.bundleService.activate).toHaveBeenCalled();
    [7m   [0m [91m               ~~~~~~~~~~~~~~~~~~~~~~~~[0m
    [96msrc/__tests__/integration/marketing/bundleCreation.test.ts[0m:[93m280[0m:[93m14[0m - [91merror[0m[90m TS18048: [0m'testContext.mockServices' is possibly 'undefined'.

    [7m280[0m       expect(testContext.mockServices.analyticsService.trackEvent).toHaveBeenCalledWith(
    [7m   [0m [91m             ~~~~~~~~~~~~~~~~~~~~~~~~[0m
    [96msrc/__tests__/integration/marketing/bundleCreation.test.ts[0m:[93m398[0m:[93m7[0m - [91merror[0m[90m TS18048: [0m'testContext.mockServices' is possibly 'undefined'.

    [7m398[0m       testContext.mockServices.bundleService.getById.mockResolvedValueOnce({
    [7m   [0m [91m      ~~~~~~~~~~~~~~~~~~~~~~~~[0m
    [96msrc/__tests__/integration/marketing/bundleCreation.test.ts[0m:[93m427[0m:[93m7[0m - [91merror[0m[90m TS18048: [0m'testContext.mockServices' is possibly 'undefined'.

    [7m427[0m       testContext.mockServices.bundleService.getById.mockResolvedValueOnce({
    [7m   [0m [91m      ~~~~~~~~~~~~~~~~~~~~~~~~[0m
    [96msrc/__tests__/integration/marketing/bundleCreation.test.ts[0m:[93m443[0m:[93m7[0m - [91merror[0m[90m TS18048: [0m'testContext.mockServices' is possibly 'undefined'.

    [7m443[0m       testContext.mockServices.bundleService.getById.mockResolvedValueOnce({
    [7m   [0m [91m      ~~~~~~~~~~~~~~~~~~~~~~~~[0m
    [96msrc/__tests__/integration/marketing/bundleCreation.test.ts[0m:[93m485[0m:[93m16[0m - [91merror[0m[90m TS18048: [0m'testContext.mockServices' is possibly 'undefined'.

    [7m485[0m         expect(testContext.mockServices.bundleService.update).toHaveBeenCalledWith(
    [7m   [0m [91m               ~~~~~~~~~~~~~~~~~~~~~~~~[0m
    [96msrc/__tests__/integration/marketing/bundleCreation.test.ts[0m:[93m511[0m:[93m7[0m - [91merror[0m[90m TS18048: [0m'testContext.mockServices' is possibly 'undefined'.

    [7m511[0m       testContext.mockServices.bundleService.getById.mockResolvedValueOnce({
    [7m   [0m [91m      ~~~~~~~~~~~~~~~~~~~~~~~~[0m
    [96msrc/__tests__/integration/marketing/bundleCreation.test.ts[0m:[93m776[0m:[93m16[0m - [91merror[0m[90m TS18048: [0m'testContext.mockServices' is possibly 'undefined'.

    [7m776[0m         expect(testContext.mockServices.bundleService.setPricing).toHaveBeenCalled();
    [7m   [0m [91m               ~~~~~~~~~~~~~~~~~~~~~~~~[0m
    [96msrc/__tests__/integration/marketing/bundleCreation.test.ts[0m:[93m776[0m:[93m55[0m - [91merror[0m[90m TS2339: [0mProperty 'setPricing' does not exist on type '{ create: Mock<any, any, any>; activate: Mock<any, any, any>; getById: Mock<any, any, any>; update: Mock<any, any, any>; }'.

    [7m776[0m         expect(testContext.mockServices.bundleService.setPricing).toHaveBeenCalled();
    [7m   [0m [91m                                                      ~~~~~~~~~~[0m
    [96msrc/__tests__/integration/marketing/bundleCreation.test.ts[0m:[93m32[0m:[93m33[0m - [91merror[0m[90m TS1005: [0m'>' expected.

    [7m32[0m         <BundleManagementScreen />,
    [7m  [0m [91m                                ~[0m
    [96msrc/__tests__/integration/marketing/bundleCreation.test.ts[0m:[93m33[0m:[93m9[0m - [91merror[0m[90m TS1005: [0m',' expected.

    [7m33[0m         { queryClient: testContext.queryClient }
    [7m  [0m [91m        ~[0m
    [96msrc/__tests__/integration/marketing/bundleCreation.test.ts[0m:[93m291[0m:[93m33[0m - [91merror[0m[90m TS1005: [0m'>' expected.

    [7m291[0m         <BundleManagementScreen />,
    [7m   [0m [91m                                ~[0m
    [96msrc/__tests__/integration/marketing/bundleCreation.test.ts[0m:[93m292[0m:[93m9[0m - [91merror[0m[90m TS1005: [0m',' expected.

    [7m292[0m         { queryClient: testContext.queryClient }
    [7m   [0m [91m        ~[0m
    [96msrc/__tests__/integration/marketing/bundleCreation.test.ts[0m:[93m353[0m:[93m33[0m - [91merror[0m[90m TS1005: [0m'>' expected.

    [7m353[0m         <BundleManagementScreen />,
    [7m   [0m [91m                                ~[0m
    [96msrc/__tests__/integration/marketing/bundleCreation.test.ts[0m:[93m354[0m:[93m9[0m - [91merror[0m[90m TS1005: [0m',' expected.

    [7m354[0m         { queryClient: testContext.queryClient }
    [7m   [0m [91m        ~[0m
    [96msrc/__tests__/integration/marketing/bundleCreation.test.ts[0m:[93m393[0m:[93m33[0m - [91merror[0m[90m TS1005: [0m'>' expected.

    [7m393[0m         <BundleManagementScreen />,
    [7m   [0m [91m                                ~[0m
    [96msrc/__tests__/integration/marketing/bundleCreation.test.ts[0m:[93m394[0m:[93m9[0m - [91merror[0m[90m TS1005: [0m',' expected.

    [7m394[0m         { queryClient: testContext.queryClient }
    [7m   [0m [91m        ~[0m
    [96msrc/__tests__/integration/marketing/bundleCreation.test.ts[0m:[93m466[0m:[93m33[0m - [91merror[0m[90m TS1005: [0m'>' expected.

    [7m466[0m         <BundleManagementScreen />,
    [7m   [0m [91m                                ~[0m
    [96msrc/__tests__/integration/marketing/bundleCreation.test.ts[0m:[93m467[0m:[93m9[0m - [91merror[0m[90m TS1005: [0m',' expected.

    [7m467[0m         { queryClient: testContext.queryClient }
    [7m   [0m [91m        ~[0m
    [96msrc/__tests__/integration/marketing/bundleCreation.test.ts[0m:[93m506[0m:[93m33[0m - [91merror[0m[90m TS1005: [0m'>' expected.

    [7m506[0m         <BundleManagementScreen />,
    [7m   [0m [91m                                ~[0m
    [96msrc/__tests__/integration/marketing/bundleCreation.test.ts[0m:[93m507[0m:[93m9[0m - [91merror[0m[90m TS1005: [0m',' expected.

    [7m507[0m         { queryClient: testContext.queryClient }
    [7m   [0m [91m        ~[0m
    [96msrc/__tests__/integration/marketing/bundleCreation.test.ts[0m:[93m550[0m:[93m33[0m - [91merror[0m[90m TS1005: [0m'>' expected.

    [7m550[0m         <BundleManagementScreen />,
    [7m   [0m [91m                                ~[0m
    [96msrc/__tests__/integration/marketing/bundleCreation.test.ts[0m:[93m551[0m:[93m9[0m - [91merror[0m[90m TS1005: [0m',' expected.

    [7m551[0m         { queryClient: testContext.queryClient }
    [7m   [0m [91m        ~[0m
    [96msrc/__tests__/integration/marketing/bundleCreation.test.ts[0m:[93m629[0m:[93m33[0m - [91merror[0m[90m TS1005: [0m'>' expected.

    [7m629[0m         <BundleManagementScreen />,
    [7m   [0m [91m                                ~[0m
    [96msrc/__tests__/integration/marketing/bundleCreation.test.ts[0m:[93m630[0m:[93m9[0m - [91merror[0m[90m TS1005: [0m',' expected.

    [7m630[0m         { queryClient: testContext.queryClient }
    [7m   [0m [91m        ~[0m
    [96msrc/__tests__/integration/marketing/bundleCreation.test.ts[0m:[93m685[0m:[93m33[0m - [91merror[0m[90m TS1005: [0m'>' expected.

    [7m685[0m         <BundleManagementScreen />,
    [7m   [0m [91m                                ~[0m
    [96msrc/__tests__/integration/marketing/bundleCreation.test.ts[0m:[93m686[0m:[93m9[0m - [91merror[0m[90m TS1005: [0m',' expected.

    [7m686[0m         { queryClient: testContext.queryClient }
    [7m   [0m [91m        ~[0m
    [96msrc/__tests__/integration/marketing/bundleCreation.test.ts[0m:[93m740[0m:[93m33[0m - [91merror[0m[90m TS1005: [0m'>' expected.

    [7m740[0m         <BundleManagementScreen />,
    [7m   [0m [91m                                ~[0m
    [96msrc/__tests__/integration/marketing/bundleCreation.test.ts[0m:[93m741[0m:[93m9[0m - [91merror[0m[90m TS1005: [0m',' expected.

    [7m741[0m         { queryClient: testContext.queryClient }
    [7m   [0m [91m        ~[0m
    [96msrc/__tests__/integration/marketing/bundleCreation.test.ts[0m:[93m784[0m:[93m33[0m - [91merror[0m[90m TS1005: [0m'>' expected.

    [7m784[0m         <BundleManagementScreen />,
    [7m   [0m [91m                                ~[0m
    [96msrc/__tests__/integration/marketing/bundleCreation.test.ts[0m:[93m785[0m:[93m9[0m - [91merror[0m[90m TS1005: [0m',' expected.

    [7m785[0m         { queryClient: testContext.queryClient }
    [7m   [0m [91m        ~[0m
    [96msrc/__tests__/integration/marketing/bundleCreation.test.ts[0m:[93m836[0m:[93m33[0m - [91merror[0m[90m TS1005: [0m'>' expected.

    [7m836[0m         <BundleManagementScreen />,
    [7m   [0m [91m                                ~[0m
    [96msrc/__tests__/integration/marketing/bundleCreation.test.ts[0m:[93m837[0m:[93m9[0m - [91merror[0m[90m TS1005: [0m',' expected.

    [7m837[0m         { queryClient: testContext.queryClient }
    [7m   [0m [91m        ~[0m

FAIL src/__tests__/integration/marketing/campaignLifecycle.test.ts
  ● Test suite failed to run

    [96msrc/__tests__/integration/marketing/campaignLifecycle.test.ts[0m:[93m1[0m:[93m10[0m - [91merror[0m[90m TS6133: [0m'render' is declared but its value is never read.

    [7m1[0m import { render, fireEvent, waitFor, screen } from '@testing-library/react-native';
    [7m [0m [91m         ~~~~~~[0m
    [96msrc/__tests__/integration/marketing/campaignLifecycle.test.ts[0m:[93m1[0m:[93m38[0m - [91merror[0m[90m TS6133: [0m'screen' is declared but its value is never read.

    [7m1[0m import { render, fireEvent, waitFor, screen } from '@testing-library/react-native';
    [7m [0m [91m                                     ~~~~~~[0m
    [96msrc/__tests__/integration/marketing/campaignLifecycle.test.ts[0m:[93m2[0m:[93m1[0m - [91merror[0m[90m TS6133: [0m'NavigationContainer' is declared but its value is never read.

    [7m2[0m import { NavigationContainer } from '@react-navigation/native';
    [7m [0m [91m~~~~~~~~~~~~~~~~~~~~~~~~~~~~~~~~~~~~~~~~~~~~~~~~~~~~~~~~~~~~~~~[0m
    [96msrc/__tests__/integration/marketing/campaignLifecycle.test.ts[0m:[93m3[0m:[93m1[0m - [91merror[0m[90m TS6192: [0mAll imports in import declaration are unused.

    [7m3[0m import { QueryClient, QueryClientProvider } from '@tanstack/react-query';
    [7m [0m [91m~~~~~~~~~~~~~~~~~~~~~~~~~~~~~~~~~~~~~~~~~~~~~~~~~~~~~~~~~~~~~~~~~~~~~~~~~[0m
    [96msrc/__tests__/integration/marketing/campaignLifecycle.test.ts[0m:[93m5[0m:[93m1[0m - [91merror[0m[90m TS6133: [0m'CampaignManagementScreen' is declared but its value is never read.

    [7m5[0m import CampaignManagementScreen from '@/screens/marketing/CampaignManagementScreen';
    [7m [0m [91m~~~~~~~~~~~~~~~~~~~~~~~~~~~~~~~~~~~~~~~~~~~~~~~~~~~~~~~~~~~~~~~~~~~~~~~~~~~~~~~~~~~~[0m
    [96msrc/__tests__/integration/marketing/campaignLifecycle.test.ts[0m:[93m11[0m:[93m3[0m - [91merror[0m[90m TS6133: [0m'validateWorkflowState' is declared but its value is never read.

    [7m11[0m   validateWorkflowState,
    [7m  [0m [91m  ~~~~~~~~~~~~~~~~~~~~~[0m
    [96msrc/__tests__/integration/marketing/campaignLifecycle.test.ts[0m:[93m31[0m:[93m39[0m - [91merror[0m[90m TS6133: [0m'queryByText' is declared but its value is never read.

    [7m31[0m       const { getByText, getByTestId, queryByText } = renderApp(
    [7m  [0m [91m                                      ~~~~~~~~~~~[0m
    [96msrc/__tests__/integration/marketing/campaignLifecycle.test.ts[0m:[93m32[0m:[93m10[0m - [91merror[0m[90m TS2749: [0m'CampaignManagementScreen' refers to a value, but is being used as a type here. Did you mean 'typeof CampaignManagementScreen'?

    [7m32[0m         <CampaignManagementScreen />,
    [7m  [0m [91m         ~~~~~~~~~~~~~~~~~~~~~~~~[0m
    [96msrc/__tests__/integration/marketing/campaignLifecycle.test.ts[0m:[93m202[0m:[93m16[0m - [91merror[0m[90m TS18048: [0m'testContext.mockServices' is possibly 'undefined'.

    [7m202[0m         expect(testContext.mockServices.campaignService.create).toHaveBeenCalledWith(
    [7m   [0m [91m               ~~~~~~~~~~~~~~~~~~~~~~~~[0m
    [96msrc/__tests__/integration/marketing/campaignLifecycle.test.ts[0m:[93m221[0m:[93m16[0m - [91merror[0m[90m TS18048: [0m'testContext.mockServices' is possibly 'undefined'.

    [7m221[0m         expect(testContext.mockServices.campaignService.schedule).toHaveBeenCalled();
    [7m   [0m [91m               ~~~~~~~~~~~~~~~~~~~~~~~~[0m
    [96msrc/__tests__/integration/marketing/campaignLifecycle.test.ts[0m:[93m221[0m:[93m57[0m - [91merror[0m[90m TS2339: [0mProperty 'schedule' does not exist on type '{ create: Mock<any, any, any>; update: Mock<any, any, any>; launch: Mock<any, any, any>; getById: Mock<any, any, any>; generateReport: Mock<any, any, any>; }'.

    [7m221[0m         expect(testContext.mockServices.campaignService.schedule).toHaveBeenCalled();
    [7m   [0m [91m                                                        ~~~~~~~~[0m
    [96msrc/__tests__/integration/marketing/campaignLifecycle.test.ts[0m:[93m242[0m:[93m16[0m - [91merror[0m[90m TS18048: [0m'testContext.mockServices' is possibly 'undefined'.

    [7m242[0m         expect(testContext.mockServices.campaignService.activate).toHaveBeenCalled();
    [7m   [0m [91m               ~~~~~~~~~~~~~~~~~~~~~~~~[0m
    [96msrc/__tests__/integration/marketing/campaignLifecycle.test.ts[0m:[93m242[0m:[93m57[0m - [91merror[0m[90m TS2339: [0mProperty 'activate' does not exist on type '{ create: Mock<any, any, any>; update: Mock<any, any, any>; launch: Mock<any, any, any>; getById: Mock<any, any, any>; generateReport: Mock<any, any, any>; }'.

    [7m242[0m         expect(testContext.mockServices.campaignService.activate).toHaveBeenCalled();
    [7m   [0m [91m                                                        ~~~~~~~~[0m
    [96msrc/__tests__/integration/marketing/campaignLifecycle.test.ts[0m:[93m278[0m:[93m16[0m - [91merror[0m[90m TS18048: [0m'testContext.mockServices' is possibly 'undefined'.

    [7m278[0m         expect(testContext.mockServices.campaignService.update).toHaveBeenCalled();
    [7m   [0m [91m               ~~~~~~~~~~~~~~~~~~~~~~~~[0m
    [96msrc/__tests__/integration/marketing/campaignLifecycle.test.ts[0m:[93m288[0m:[93m16[0m - [91merror[0m[90m TS18048: [0m'testContext.mockServices' is possibly 'undefined'.

    [7m288[0m         expect(testContext.mockServices.campaignService.complete).toHaveBeenCalled();
    [7m   [0m [91m               ~~~~~~~~~~~~~~~~~~~~~~~~[0m
    [96msrc/__tests__/integration/marketing/campaignLifecycle.test.ts[0m:[93m288[0m:[93m57[0m - [91merror[0m[90m TS2339: [0mProperty 'complete' does not exist on type '{ create: Mock<any, any, any>; update: Mock<any, any, any>; launch: Mock<any, any, any>; getById: Mock<any, any, any>; generateReport: Mock<any, any, any>; }'.

    [7m288[0m         expect(testContext.mockServices.campaignService.complete).toHaveBeenCalled();
    [7m   [0m [91m                                                        ~~~~~~~~[0m
    [96msrc/__tests__/integration/marketing/campaignLifecycle.test.ts[0m:[93m307[0m:[93m10[0m - [91merror[0m[90m TS2749: [0m'CampaignManagementScreen' refers to a value, but is being used as a type here. Did you mean 'typeof CampaignManagementScreen'?

    [7m307[0m         <CampaignManagementScreen />,
    [7m   [0m [91m         ~~~~~~~~~~~~~~~~~~~~~~~~[0m
    [96msrc/__tests__/integration/marketing/campaignLifecycle.test.ts[0m:[93m312[0m:[93m7[0m - [91merror[0m[90m TS18048: [0m'testContext.mockServices' is possibly 'undefined'.

    [7m312[0m       testContext.mockServices.campaignService.getById.mockResolvedValueOnce({
    [7m   [0m [91m      ~~~~~~~~~~~~~~~~~~~~~~~~[0m
    [96msrc/__tests__/integration/marketing/campaignLifecycle.test.ts[0m:[93m334[0m:[93m16[0m - [91merror[0m[90m TS18048: [0m'testContext.mockServices' is possibly 'undefined'.

    [7m334[0m         expect(testContext.mockServices.campaignService.pause).toHaveBeenCalled();
    [7m   [0m [91m               ~~~~~~~~~~~~~~~~~~~~~~~~[0m
    [96msrc/__tests__/integration/marketing/campaignLifecycle.test.ts[0m:[93m334[0m:[93m57[0m - [91merror[0m[90m TS2339: [0mProperty 'pause' does not exist on type '{ create: Mock<any, any, any>; update: Mock<any, any, any>; launch: Mock<any, any, any>; getById: Mock<any, any, any>; generateReport: Mock<any, any, any>; }'.

    [7m334[0m         expect(testContext.mockServices.campaignService.pause).toHaveBeenCalled();
    [7m   [0m [91m                                                        ~~~~~[0m
    [96msrc/__tests__/integration/marketing/campaignLifecycle.test.ts[0m:[93m350[0m:[93m16[0m - [91merror[0m[90m TS18048: [0m'testContext.mockServices' is possibly 'undefined'.

    [7m350[0m         expect(testContext.mockServices.campaignService.activate).toHaveBeenCalled();
    [7m   [0m [91m               ~~~~~~~~~~~~~~~~~~~~~~~~[0m
    [96msrc/__tests__/integration/marketing/campaignLifecycle.test.ts[0m:[93m350[0m:[93m57[0m - [91merror[0m[90m TS2339: [0mProperty 'activate' does not exist on type '{ create: Mock<any, any, any>; update: Mock<any, any, any>; launch: Mock<any, any, any>; getById: Mock<any, any, any>; generateReport: Mock<any, any, any>; }'.

    [7m350[0m         expect(testContext.mockServices.campaignService.activate).toHaveBeenCalled();
    [7m   [0m [91m                                                        ~~~~~~~~[0m
    [96msrc/__tests__/integration/marketing/campaignLifecycle.test.ts[0m:[93m357[0m:[93m10[0m - [91merror[0m[90m TS2749: [0m'CampaignManagementScreen' refers to a value, but is being used as a type here. Did you mean 'typeof CampaignManagementScreen'?

    [7m357[0m         <CampaignManagementScreen />,
    [7m   [0m [91m         ~~~~~~~~~~~~~~~~~~~~~~~~[0m
    [96msrc/__tests__/integration/marketing/campaignLifecycle.test.ts[0m:[93m373[0m:[93m7[0m - [91merror[0m[90m TS18048: [0m'testContext.mockServices' is possibly 'undefined'.

    [7m373[0m       testContext.mockServices.campaignService.list.mockResolvedValueOnce([
    [7m   [0m [91m      ~~~~~~~~~~~~~~~~~~~~~~~~[0m
    [96msrc/__tests__/integration/marketing/campaignLifecycle.test.ts[0m:[93m373[0m:[93m48[0m - [91merror[0m[90m TS2339: [0mProperty 'list' does not exist on type '{ create: Mock<any, any, any>; update: Mock<any, any, any>; launch: Mock<any, any, any>; getById: Mock<any, any, any>; generateReport: Mock<any, any, any>; }'.

    [7m373[0m       testContext.mockServices.campaignService.list.mockResolvedValueOnce([
    [7m   [0m [91m                                               ~~~~[0m
    [96msrc/__tests__/integration/marketing/campaignLifecycle.test.ts[0m:[93m394[0m:[93m10[0m - [91merror[0m[90m TS2749: [0m'CampaignManagementScreen' refers to a value, but is being used as a type here. Did you mean 'typeof CampaignManagementScreen'?

    [7m394[0m         <CampaignManagementScreen />,
    [7m   [0m [91m         ~~~~~~~~~~~~~~~~~~~~~~~~[0m
    [96msrc/__tests__/integration/marketing/campaignLifecycle.test.ts[0m:[93m433[0m:[93m16[0m - [91merror[0m[90m TS18048: [0m'testContext.mockServices' is possibly 'undefined'.

    [7m433[0m         expect(testContext.mockServices.campaignService.create).toHaveBeenCalledWith(
    [7m   [0m [91m               ~~~~~~~~~~~~~~~~~~~~~~~~[0m
    [96msrc/__tests__/integration/marketing/campaignLifecycle.test.ts[0m:[93m444[0m:[93m10[0m - [91merror[0m[90m TS2749: [0m'CampaignManagementScreen' refers to a value, but is being used as a type here. Did you mean 'typeof CampaignManagementScreen'?

    [7m444[0m         <CampaignManagementScreen />,
    [7m   [0m [91m         ~~~~~~~~~~~~~~~~~~~~~~~~[0m
    [96msrc/__tests__/integration/marketing/campaignLifecycle.test.ts[0m:[93m449[0m:[93m7[0m - [91merror[0m[90m TS18048: [0m'testContext.mockServices' is possibly 'undefined'.

    [7m449[0m       testContext.mockServices.campaignService.getById.mockResolvedValueOnce({
    [7m   [0m [91m      ~~~~~~~~~~~~~~~~~~~~~~~~[0m
    [96msrc/__tests__/integration/marketing/campaignLifecycle.test.ts[0m:[93m474[0m:[93m16[0m - [91merror[0m[90m TS18048: [0m'testContext.mockServices' is possibly 'undefined'.

    [7m474[0m         expect(testContext.mockServices.campaignService.create).toHaveBeenCalledWith(
    [7m   [0m [91m               ~~~~~~~~~~~~~~~~~~~~~~~~[0m
    [96msrc/__tests__/integration/marketing/campaignLifecycle.test.ts[0m:[93m489[0m:[93m10[0m - [91merror[0m[90m TS2749: [0m'CampaignManagementScreen' refers to a value, but is being used as a type here. Did you mean 'typeof CampaignManagementScreen'?

    [7m489[0m         <CampaignManagementScreen />,
    [7m   [0m [91m         ~~~~~~~~~~~~~~~~~~~~~~~~[0m
    [96msrc/__tests__/integration/marketing/campaignLifecycle.test.ts[0m:[93m521[0m:[93m16[0m - [91merror[0m[90m TS18048: [0m'testContext.mockServices' is possibly 'undefined'.

    [7m521[0m         expect(testContext.mockServices.campaignService.create).toHaveBeenCalledWith(
    [7m   [0m [91m               ~~~~~~~~~~~~~~~~~~~~~~~~[0m
    [96msrc/__tests__/integration/marketing/campaignLifecycle.test.ts[0m:[93m548[0m:[93m10[0m - [91merror[0m[90m TS2749: [0m'CampaignManagementScreen' refers to a value, but is being used as a type here. Did you mean 'typeof CampaignManagementScreen'?

    [7m548[0m         <CampaignManagementScreen />,
    [7m   [0m [91m         ~~~~~~~~~~~~~~~~~~~~~~~~[0m
    [96msrc/__tests__/integration/marketing/campaignLifecycle.test.ts[0m:[93m576[0m:[93m16[0m - [91merror[0m[90m TS18048: [0m'testContext.mockServices' is possibly 'undefined'.

    [7m576[0m         expect(testContext.mockServices.notificationService.show).toHaveBeenCalledWith(
    [7m   [0m [91m               ~~~~~~~~~~~~~~~~~~~~~~~~[0m
    [96msrc/__tests__/integration/marketing/campaignLifecycle.test.ts[0m:[93m576[0m:[93m41[0m - [91merror[0m[90m TS2339: [0mProperty 'notificationService' does not exist on type '{ analyticsService: { trackEvent: Mock<any, any, any>; exportData: Mock<any, any, any>; getRealTimeData: Mock<any, any, any>; }; bundleService: { create: Mock<any, any, any>; activate: Mock<...>; getById: Mock<...>; update: Mock<...>; }; contentService: { ...; }; campaignService: { ...; }; }'.

    [7m576[0m         expect(testContext.mockServices.notificationService.show).toHaveBeenCalledWith(
    [7m   [0m [91m                                        ~~~~~~~~~~~~~~~~~~~[0m
    [96msrc/__tests__/integration/marketing/campaignLifecycle.test.ts[0m:[93m598[0m:[93m10[0m - [91merror[0m[90m TS2749: [0m'CampaignManagementScreen' refers to a value, but is being used as a type here. Did you mean 'typeof CampaignManagementScreen'?

    [7m598[0m         <CampaignManagementScreen />,
    [7m   [0m [91m         ~~~~~~~~~~~~~~~~~~~~~~~~[0m
    [96msrc/__tests__/integration/marketing/campaignLifecycle.test.ts[0m:[93m603[0m:[93m7[0m - [91merror[0m[90m TS18048: [0m'testContext.mockServices' is possibly 'undefined'.

    [7m603[0m       testContext.mockServices.campaignService.getById.mockResolvedValueOnce({
    [7m   [0m [91m      ~~~~~~~~~~~~~~~~~~~~~~~~[0m
    [96msrc/__tests__/integration/marketing/campaignLifecycle.test.ts[0m:[93m641[0m:[93m16[0m - [91merror[0m[90m TS18048: [0m'testContext.mockServices' is possibly 'undefined'.

    [7m641[0m         expect(testContext.mockServices.campaignService.getMetrics).toHaveBeenCalledWith(
    [7m   [0m [91m               ~~~~~~~~~~~~~~~~~~~~~~~~[0m
    [96msrc/__tests__/integration/marketing/campaignLifecycle.test.ts[0m:[93m641[0m:[93m57[0m - [91merror[0m[90m TS2339: [0mProperty 'getMetrics' does not exist on type '{ create: Mock<any, any, any>; update: Mock<any, any, any>; launch: Mock<any, any, any>; getById: Mock<any, any, any>; generateReport: Mock<any, any, any>; }'.

    [7m641[0m         expect(testContext.mockServices.campaignService.getMetrics).toHaveBeenCalledWith(
    [7m   [0m [91m                                                        ~~~~~~~~~~[0m
    [96msrc/__tests__/integration/marketing/campaignLifecycle.test.ts[0m:[93m668[0m:[93m10[0m - [91merror[0m[90m TS2749: [0m'CampaignManagementScreen' refers to a value, but is being used as a type here. Did you mean 'typeof CampaignManagementScreen'?

    [7m668[0m         <CampaignManagementScreen />,
    [7m   [0m [91m         ~~~~~~~~~~~~~~~~~~~~~~~~[0m
    [96msrc/__tests__/integration/marketing/campaignLifecycle.test.ts[0m:[93m714[0m:[93m16[0m - [91merror[0m[90m TS18048: [0m'testContext.mockServices' is possibly 'undefined'.

    [7m714[0m         expect(testContext.mockServices.analyticsService.exportData).toHaveBeenCalled();
    [7m   [0m [91m               ~~~~~~~~~~~~~~~~~~~~~~~~[0m
    [96msrc/__tests__/integration/marketing/campaignLifecycle.test.ts[0m:[93m721[0m:[93m10[0m - [91merror[0m[90m TS2749: [0m'CampaignManagementScreen' refers to a value, but is being used as a type here. Did you mean 'typeof CampaignManagementScreen'?

    [7m721[0m         <CampaignManagementScreen />,
    [7m   [0m [91m         ~~~~~~~~~~~~~~~~~~~~~~~~[0m
    [96msrc/__tests__/integration/marketing/campaignLifecycle.test.ts[0m:[93m754[0m:[93m16[0m - [91merror[0m[90m TS18048: [0m'testContext.mockServices' is possibly 'undefined'.

    [7m754[0m         expect(testContext.mockServices.campaignService.update).toHaveBeenCalled();
    [7m   [0m [91m               ~~~~~~~~~~~~~~~~~~~~~~~~[0m
    [96msrc/__tests__/integration/marketing/campaignLifecycle.test.ts[0m:[93m762[0m:[93m10[0m - [91merror[0m[90m TS2749: [0m'CampaignManagementScreen' refers to a value, but is being used as a type here. Did you mean 'typeof CampaignManagementScreen'?

    [7m762[0m         <CampaignManagementScreen />,
    [7m   [0m [91m         ~~~~~~~~~~~~~~~~~~~~~~~~[0m
    [96msrc/__tests__/integration/marketing/campaignLifecycle.test.ts[0m:[93m767[0m:[93m7[0m - [91merror[0m[90m TS18048: [0m'testContext.mockServices' is possibly 'undefined'.

    [7m767[0m       testContext.mockServices.campaignService.getById.mockResolvedValueOnce({
    [7m   [0m [91m      ~~~~~~~~~~~~~~~~~~~~~~~~[0m
    [96msrc/__tests__/integration/marketing/campaignLifecycle.test.ts[0m:[93m802[0m:[93m16[0m - [91merror[0m[90m TS18048: [0m'testContext.mockServices' is possibly 'undefined'.

    [7m802[0m         expect(testContext.mockServices.notificationService.show).toHaveBeenCalled();
    [7m   [0m [91m               ~~~~~~~~~~~~~~~~~~~~~~~~[0m
    [96msrc/__tests__/integration/marketing/campaignLifecycle.test.ts[0m:[93m802[0m:[93m41[0m - [91merror[0m[90m TS2339: [0mProperty 'notificationService' does not exist on type '{ analyticsService: { trackEvent: Mock<any, any, any>; exportData: Mock<any, any, any>; getRealTimeData: Mock<any, any, any>; }; bundleService: { create: Mock<any, any, any>; activate: Mock<...>; getById: Mock<...>; update: Mock<...>; }; contentService: { ...; }; campaignService: { ...; }; }'.

    [7m802[0m         expect(testContext.mockServices.notificationService.show).toHaveBeenCalled();
    [7m   [0m [91m                                        ~~~~~~~~~~~~~~~~~~~[0m
    [96msrc/__tests__/integration/marketing/campaignLifecycle.test.ts[0m:[93m808[0m:[93m10[0m - [91merror[0m[90m TS2749: [0m'CampaignManagementScreen' refers to a value, but is being used as a type here. Did you mean 'typeof CampaignManagementScreen'?

    [7m808[0m         <CampaignManagementScreen />,
    [7m   [0m [91m         ~~~~~~~~~~~~~~~~~~~~~~~~[0m
    [96msrc/__tests__/integration/marketing/campaignLifecycle.test.ts[0m:[93m849[0m:[93m10[0m - [91merror[0m[90m TS2749: [0m'CampaignManagementScreen' refers to a value, but is being used as a type here. Did you mean 'typeof CampaignManagementScreen'?

    [7m849[0m         <CampaignManagementScreen />,
    [7m   [0m [91m         ~~~~~~~~~~~~~~~~~~~~~~~~[0m
    [96msrc/__tests__/integration/marketing/campaignLifecycle.test.ts[0m:[93m877[0m:[93m7[0m - [91merror[0m[90m TS2532: [0mObject is possibly 'undefined'.

    [7m877[0m       fireEvent.press(getByText('Alternative Hero')).toBeTruthy();
    [7m   [0m [91m      ~~~~~~~~~~~~~~~~~~~~~~~~~~~~~~~~~~~~~~~~~~~~~~[0m
    [96msrc/__tests__/integration/marketing/campaignLifecycle.test.ts[0m:[93m884[0m:[93m16[0m - [91merror[0m[90m TS18048: [0m'testContext.mockServices' is possibly 'undefined'.

    [7m884[0m         expect(testContext.mockServices.campaignService.update).toHaveBeenCalledWith(
    [7m   [0m [91m               ~~~~~~~~~~~~~~~~~~~~~~~~[0m
    [96msrc/__tests__/integration/marketing/campaignLifecycle.test.ts[0m:[93m899[0m:[93m10[0m - [91merror[0m[90m TS2749: [0m'CampaignManagementScreen' refers to a value, but is being used as a type here. Did you mean 'typeof CampaignManagementScreen'?

    [7m899[0m         <CampaignManagementScreen />,
    [7m   [0m [91m         ~~~~~~~~~~~~~~~~~~~~~~~~[0m
    [96msrc/__tests__/integration/marketing/campaignLifecycle.test.ts[0m:[93m924[0m:[93m16[0m - [91merror[0m[90m TS18048: [0m'testContext.mockServices' is possibly 'undefined'.

    [7m924[0m         expect(testContext.mockServices.bundleService.setPricing).toHaveBeenCalled();
    [7m   [0m [91m               ~~~~~~~~~~~~~~~~~~~~~~~~[0m
    [96msrc/__tests__/integration/marketing/campaignLifecycle.test.ts[0m:[93m924[0m:[93m55[0m - [91merror[0m[90m TS2339: [0mProperty 'setPricing' does not exist on type '{ create: Mock<any, any, any>; activate: Mock<any, any, any>; getById: Mock<any, any, any>; update: Mock<any, any, any>; }'.

    [7m924[0m         expect(testContext.mockServices.bundleService.setPricing).toHaveBeenCalled();
    [7m   [0m [91m                                                      ~~~~~~~~~~[0m
    [96msrc/__tests__/integration/marketing/campaignLifecycle.test.ts[0m:[93m941[0m:[93m26[0m - [91merror[0m[90m TS6133: [0m'getByTestId' is declared but its value is never read.

    [7m941[0m       const { getByText, getByTestId } = renderApp(
    [7m   [0m [91m                         ~~~~~~~~~~~[0m
    [96msrc/__tests__/integration/marketing/campaignLifecycle.test.ts[0m:[93m942[0m:[93m10[0m - [91merror[0m[90m TS2749: [0m'CampaignManagementScreen' refers to a value, but is being used as a type here. Did you mean 'typeof CampaignManagementScreen'?

    [7m942[0m         <CampaignManagementScreen />,
    [7m   [0m [91m         ~~~~~~~~~~~~~~~~~~~~~~~~[0m
    [96msrc/__tests__/integration/marketing/campaignLifecycle.test.ts[0m:[93m947[0m:[93m7[0m - [91merror[0m[90m TS18048: [0m'testContext.mockServices' is possibly 'undefined'.

    [7m947[0m       testContext.mockServices.campaignService.activate.mockRejectedValueOnce({
    [7m   [0m [91m      ~~~~~~~~~~~~~~~~~~~~~~~~[0m
    [96msrc/__tests__/integration/marketing/campaignLifecycle.test.ts[0m:[93m947[0m:[93m48[0m - [91merror[0m[90m TS2339: [0mProperty 'activate' does not exist on type '{ create: Mock<any, any, any>; update: Mock<any, any, any>; launch: Mock<any, any, any>; getById: Mock<any, any, any>; generateReport: Mock<any, any, any>; }'.

    [7m947[0m       testContext.mockServices.campaignService.activate.mockRejectedValueOnce({
    [7m   [0m [91m                                               ~~~~~~~~[0m
    [96msrc/__tests__/integration/marketing/campaignLifecycle.test.ts[0m:[93m974[0m:[93m10[0m - [91merror[0m[90m TS2749: [0m'CampaignManagementScreen' refers to a value, but is being used as a type here. Did you mean 'typeof CampaignManagementScreen'?

    [7m974[0m         <CampaignManagementScreen />,
    [7m   [0m [91m         ~~~~~~~~~~~~~~~~~~~~~~~~[0m
    [96msrc/__tests__/integration/marketing/campaignLifecycle.test.ts[0m:[93m979[0m:[93m7[0m - [91merror[0m[90m TS18048: [0m'testContext.mockServices' is possibly 'undefined'.

    [7m979[0m       testContext.mockServices.campaignService.getById.mockResolvedValueOnce({
    [7m   [0m [91m      ~~~~~~~~~~~~~~~~~~~~~~~~[0m
    [96msrc/__tests__/integration/marketing/campaignLifecycle.test.ts[0m:[93m1005[0m:[93m16[0m - [91merror[0m[90m TS18048: [0m'testContext.mockServices' is possibly 'undefined'.

    [7m1005[0m         expect(testContext.mockServices.campaignService.update).toHaveBeenCalledWith(
    [7m    [0m [91m               ~~~~~~~~~~~~~~~~~~~~~~~~[0m
    [96msrc/__tests__/integration/marketing/campaignLifecycle.test.ts[0m:[93m32[0m:[93m35[0m - [91merror[0m[90m TS1005: [0m'>' expected.

    [7m32[0m         <CampaignManagementScreen />,
    [7m  [0m [91m                                  ~[0m
    [96msrc/__tests__/integration/marketing/campaignLifecycle.test.ts[0m:[93m33[0m:[93m9[0m - [91merror[0m[90m TS1005: [0m',' expected.

    [7m33[0m         { queryClient: testContext.queryClient }
    [7m  [0m [91m        ~[0m
    [96msrc/__tests__/integration/marketing/campaignLifecycle.test.ts[0m:[93m307[0m:[93m35[0m - [91merror[0m[90m TS1005: [0m'>' expected.

    [7m307[0m         <CampaignManagementScreen />,
    [7m   [0m [91m                                  ~[0m
    [96msrc/__tests__/integration/marketing/campaignLifecycle.test.ts[0m:[93m308[0m:[93m9[0m - [91merror[0m[90m TS1005: [0m',' expected.

    [7m308[0m         { queryClient: testContext.queryClient }
    [7m   [0m [91m        ~[0m
    [96msrc/__tests__/integration/marketing/campaignLifecycle.test.ts[0m:[93m357[0m:[93m35[0m - [91merror[0m[90m TS1005: [0m'>' expected.

    [7m357[0m         <CampaignManagementScreen />,
    [7m   [0m [91m                                  ~[0m
    [96msrc/__tests__/integration/marketing/campaignLifecycle.test.ts[0m:[93m358[0m:[93m9[0m - [91merror[0m[90m TS1005: [0m',' expected.

    [7m358[0m         { queryClient: testContext.queryClient }
    [7m   [0m [91m        ~[0m
    [96msrc/__tests__/integration/marketing/campaignLifecycle.test.ts[0m:[93m394[0m:[93m35[0m - [91merror[0m[90m TS1005: [0m'>' expected.

    [7m394[0m         <CampaignManagementScreen />,
    [7m   [0m [91m                                  ~[0m
    [96msrc/__tests__/integration/marketing/campaignLifecycle.test.ts[0m:[93m395[0m:[93m9[0m - [91merror[0m[90m TS1005: [0m',' expected.

    [7m395[0m         { queryClient: testContext.queryClient }
    [7m   [0m [91m        ~[0m
    [96msrc/__tests__/integration/marketing/campaignLifecycle.test.ts[0m:[93m444[0m:[93m35[0m - [91merror[0m[90m TS1005: [0m'>' expected.

    [7m444[0m         <CampaignManagementScreen />,
    [7m   [0m [91m                                  ~[0m
    [96msrc/__tests__/integration/marketing/campaignLifecycle.test.ts[0m:[93m445[0m:[93m9[0m - [91merror[0m[90m TS1005: [0m',' expected.

    [7m445[0m         { queryClient: testContext.queryClient }
    [7m   [0m [91m        ~[0m
    [96msrc/__tests__/integration/marketing/campaignLifecycle.test.ts[0m:[93m489[0m:[93m35[0m - [91merror[0m[90m TS1005: [0m'>' expected.

    [7m489[0m         <CampaignManagementScreen />,
    [7m   [0m [91m                                  ~[0m
    [96msrc/__tests__/integration/marketing/campaignLifecycle.test.ts[0m:[93m490[0m:[93m9[0m - [91merror[0m[90m TS1005: [0m',' expected.

    [7m490[0m         { queryClient: testContext.queryClient }
    [7m   [0m [91m        ~[0m
    [96msrc/__tests__/integration/marketing/campaignLifecycle.test.ts[0m:[93m548[0m:[93m35[0m - [91merror[0m[90m TS1005: [0m'>' expected.

    [7m548[0m         <CampaignManagementScreen />,
    [7m   [0m [91m                                  ~[0m
    [96msrc/__tests__/integration/marketing/campaignLifecycle.test.ts[0m:[93m549[0m:[93m9[0m - [91merror[0m[90m TS1005: [0m',' expected.

    [7m549[0m         { queryClient: testContext.queryClient }
    [7m   [0m [91m        ~[0m
    [96msrc/__tests__/integration/marketing/campaignLifecycle.test.ts[0m:[93m598[0m:[93m35[0m - [91merror[0m[90m TS1005: [0m'>' expected.

    [7m598[0m         <CampaignManagementScreen />,
    [7m   [0m [91m                                  ~[0m
    [96msrc/__tests__/integration/marketing/campaignLifecycle.test.ts[0m:[93m599[0m:[93m9[0m - [91merror[0m[90m TS1005: [0m',' expected.

    [7m599[0m         { queryClient: testContext.queryClient }
    [7m   [0m [91m        ~[0m
    [96msrc/__tests__/integration/marketing/campaignLifecycle.test.ts[0m:[93m668[0m:[93m35[0m - [91merror[0m[90m TS1005: [0m'>' expected.

    [7m668[0m         <CampaignManagementScreen />,
    [7m   [0m [91m                                  ~[0m
    [96msrc/__tests__/integration/marketing/campaignLifecycle.test.ts[0m:[93m669[0m:[93m9[0m - [91merror[0m[90m TS1005: [0m',' expected.

    [7m669[0m         { queryClient: testContext.queryClient }
    [7m   [0m [91m        ~[0m
    [96msrc/__tests__/integration/marketing/campaignLifecycle.test.ts[0m:[93m721[0m:[93m35[0m - [91merror[0m[90m TS1005: [0m'>' expected.

    [7m721[0m         <CampaignManagementScreen />,
    [7m   [0m [91m                                  ~[0m
    [96msrc/__tests__/integration/marketing/campaignLifecycle.test.ts[0m:[93m722[0m:[93m9[0m - [91merror[0m[90m TS1005: [0m',' expected.

    [7m722[0m         { queryClient: testContext.queryClient }
    [7m   [0m [91m        ~[0m
    [96msrc/__tests__/integration/marketing/campaignLifecycle.test.ts[0m:[93m762[0m:[93m35[0m - [91merror[0m[90m TS1005: [0m'>' expected.

    [7m762[0m         <CampaignManagementScreen />,
    [7m   [0m [91m                                  ~[0m
    [96msrc/__tests__/integration/marketing/campaignLifecycle.test.ts[0m:[93m763[0m:[93m9[0m - [91merror[0m[90m TS1005: [0m',' expected.

    [7m763[0m         { queryClient: testContext.queryClient }
    [7m   [0m [91m        ~[0m
    [96msrc/__tests__/integration/marketing/campaignLifecycle.test.ts[0m:[93m808[0m:[93m35[0m - [91merror[0m[90m TS1005: [0m'>' expected.

    [7m808[0m         <CampaignManagementScreen />,
    [7m   [0m [91m                                  ~[0m
    [96msrc/__tests__/integration/marketing/campaignLifecycle.test.ts[0m:[93m809[0m:[93m9[0m - [91merror[0m[90m TS1005: [0m',' expected.

    [7m809[0m         { queryClient: testContext.queryClient }
    [7m   [0m [91m        ~[0m
    [96msrc/__tests__/integration/marketing/campaignLifecycle.test.ts[0m:[93m849[0m:[93m35[0m - [91merror[0m[90m TS1005: [0m'>' expected.

    [7m849[0m         <CampaignManagementScreen />,
    [7m   [0m [91m                                  ~[0m
    [96msrc/__tests__/integration/marketing/campaignLifecycle.test.ts[0m:[93m850[0m:[93m9[0m - [91merror[0m[90m TS1005: [0m',' expected.

    [7m850[0m         { queryClient: testContext.queryClient }
    [7m   [0m [91m        ~[0m
    [96msrc/__tests__/integration/marketing/campaignLifecycle.test.ts[0m:[93m899[0m:[93m35[0m - [91merror[0m[90m TS1005: [0m'>' expected.

    [7m899[0m         <CampaignManagementScreen />,
    [7m   [0m [91m                                  ~[0m
    [96msrc/__tests__/integration/marketing/campaignLifecycle.test.ts[0m:[93m900[0m:[93m9[0m - [91merror[0m[90m TS1005: [0m',' expected.

    [7m900[0m         { queryClient: testContext.queryClient }
    [7m   [0m [91m        ~[0m
    [96msrc/__tests__/integration/marketing/campaignLifecycle.test.ts[0m:[93m942[0m:[93m35[0m - [91merror[0m[90m TS1005: [0m'>' expected.

    [7m942[0m         <CampaignManagementScreen />,
    [7m   [0m [91m                                  ~[0m
    [96msrc/__tests__/integration/marketing/campaignLifecycle.test.ts[0m:[93m943[0m:[93m9[0m - [91merror[0m[90m TS1005: [0m',' expected.

    [7m943[0m         { queryClient: testContext.queryClient }
    [7m   [0m [91m        ~[0m
    [96msrc/__tests__/integration/marketing/campaignLifecycle.test.ts[0m:[93m974[0m:[93m35[0m - [91merror[0m[90m TS1005: [0m'>' expected.

    [7m974[0m         <CampaignManagementScreen />,
    [7m   [0m [91m                                  ~[0m
    [96msrc/__tests__/integration/marketing/campaignLifecycle.test.ts[0m:[93m975[0m:[93m9[0m - [91merror[0m[90m TS1005: [0m',' expected.

    [7m975[0m         { queryClient: testContext.queryClient }
    [7m   [0m [91m        ~[0m

FAIL src/features/decision-support/__tests__/recommendationEngine.test.ts
  ● Test suite failed to run

    [96msrc/features/decision-support/services/recommendationEngine.ts[0m:[93m20[0m:[93m3[0m - [91merror[0m[90m TS6133: [0m'MarketingCampaign' is declared but its value is never read.

    [7m20[0m   MarketingCampaign,
    [7m  [0m [91m  ~~~~~~~~~~~~~~~~~[0m
    [96msrc/features/decision-support/services/recommendationEngine.ts[0m:[93m48[0m:[93m11[0m - [91merror[0m[90m TS6133: [0m'recommendations' is declared but its value is never read.

    [7m48[0m     const recommendations: Recommendation[] = [];
    [7m  [0m [91m          ~~~~~~~~~~~~~~~[0m
    [96msrc/features/decision-support/services/recommendationEngine.ts[0m:[93m992[0m:[93m77[0m - [91merror[0m[90m TS6133: [0m'inventory' is declared but its value is never read.

    [7m992[0m   private createOverstockRecommendation(overstockItems: InventoryProduct[], inventory: InventoryData): Recommendation {
    [7m   [0m [91m                                                                            ~~~~~~~~~[0m
    [96msrc/features/decision-support/services/recommendationEngine.ts[0m:[93m1020[0m:[93m72[0m - [91merror[0m[90m TS6133: [0m'inventory' is declared but its value is never read.

    [7m1020[0m   private createTurnoverRecommendation(slowMoving: InventoryProduct[], inventory: InventoryData): Recommendation {
    [7m    [0m [91m                                                                       ~~~~~~~~~[0m

FAIL src/__tests__/integration/marketing/marketingAnalytics.test.ts
  ● Test suite failed to run

    [96msrc/__tests__/integration/marketing/marketingAnalytics.test.ts[0m:[93m1[0m:[93m10[0m - [91merror[0m[90m TS6133: [0m'render' is declared but its value is never read.

    [7m1[0m import { render, fireEvent, waitFor, screen } from '@testing-library/react-native';
    [7m [0m [91m         ~~~~~~[0m
    [96msrc/__tests__/integration/marketing/marketingAnalytics.test.ts[0m:[93m1[0m:[93m38[0m - [91merror[0m[90m TS6133: [0m'screen' is declared but its value is never read.

    [7m1[0m import { render, fireEvent, waitFor, screen } from '@testing-library/react-native';
    [7m [0m [91m                                     ~~~~~~[0m
    [96msrc/__tests__/integration/marketing/marketingAnalytics.test.ts[0m:[93m2[0m:[93m1[0m - [91merror[0m[90m TS6133: [0m'NavigationContainer' is declared but its value is never read.

    [7m2[0m import { NavigationContainer } from '@react-navigation/native';
    [7m [0m [91m~~~~~~~~~~~~~~~~~~~~~~~~~~~~~~~~~~~~~~~~~~~~~~~~~~~~~~~~~~~~~~~[0m
    [96msrc/__tests__/integration/marketing/marketingAnalytics.test.ts[0m:[93m3[0m:[93m1[0m - [91merror[0m[90m TS6192: [0mAll imports in import declaration are unused.

    [7m3[0m import { QueryClient, QueryClientProvider } from '@tanstack/react-query';
    [7m [0m [91m~~~~~~~~~~~~~~~~~~~~~~~~~~~~~~~~~~~~~~~~~~~~~~~~~~~~~~~~~~~~~~~~~~~~~~~~~[0m
    [96msrc/__tests__/integration/marketing/marketingAnalytics.test.ts[0m:[93m10[0m:[93m3[0m - [91merror[0m[90m TS6133: [0m'validateWorkflowState' is declared but its value is never read.

    [7m10[0m   validateWorkflowState,
    [7m  [0m [91m  ~~~~~~~~~~~~~~~~~~~~~[0m
    [96msrc/__tests__/integration/marketing/marketingAnalytics.test.ts[0m:[93m13[0m:[93m8[0m - [91merror[0m[90m TS2613: [0mModule '"/Users/andrewkhoh/Documents/myfarmstand-mobile/src/screens/marketing/MarketingAnalyticsScreen"' has no default export. Did you mean to use 'import { MarketingAnalyticsScreen } from "/Users/andrewkhoh/Documents/myfarmstand-mobile/src/screens/marketing/MarketingAnalyticsScreen"' instead?

    [7m13[0m import MarketingAnalyticsScreen from '@/screens/marketing/MarketingAnalyticsScreen';
    [7m  [0m [91m       ~~~~~~~~~~~~~~~~~~~~~~~~[0m
    [96msrc/__tests__/integration/marketing/marketingAnalytics.test.ts[0m:[93m17[0m:[93m7[0m - [91merror[0m[90m TS6133: [0m'mockData' is declared but its value is never read.

    [7m17[0m   let mockData: ReturnType<typeof createMockWorkflowData>;
    [7m  [0m [91m      ~~~~~~~~[0m
    [96msrc/__tests__/integration/marketing/marketingAnalytics.test.ts[0m:[93m31[0m:[93m39[0m - [91merror[0m[90m TS6133: [0m'queryByText' is declared but its value is never read.

    [7m31[0m       const { getByText, getByTestId, queryByText } = renderApp(
    [7m  [0m [91m                                      ~~~~~~~~~~~[0m
    [96msrc/__tests__/integration/marketing/marketingAnalytics.test.ts[0m:[93m59[0m:[93m16[0m - [91merror[0m[90m TS18048: [0m'testContext.mockServices' is possibly 'undefined'.

    [7m59[0m         expect(testContext.mockServices.analyticsService.trackEvent).toHaveBeenCalledWith(
    [7m  [0m [91m               ~~~~~~~~~~~~~~~~~~~~~~~~[0m
    [96msrc/__tests__/integration/marketing/marketingAnalytics.test.ts[0m:[93m308[0m:[93m16[0m - [91merror[0m[90m TS18048: [0m'testContext.mockServices' is possibly 'undefined'.

    [7m308[0m         expect(testContext.mockServices.analyticsService.exportData).toHaveBeenCalled();
    [7m   [0m [91m               ~~~~~~~~~~~~~~~~~~~~~~~~[0m
    [96msrc/__tests__/integration/marketing/marketingAnalytics.test.ts[0m:[93m418[0m:[93m7[0m - [91merror[0m[90m TS18048: [0m'testContext.mockServices' is possibly 'undefined'.

    [7m418[0m       testContext.mockServices.analyticsService.getRealTimeData.mockResolvedValueOnce({
    [7m   [0m [91m      ~~~~~~~~~~~~~~~~~~~~~~~~[0m
    [96msrc/__tests__/integration/marketing/marketingAnalytics.test.ts[0m:[93m32[0m:[93m35[0m - [91merror[0m[90m TS1005: [0m'>' expected.

    [7m32[0m         <MarketingAnalyticsScreen />,
    [7m  [0m [91m                                  ~[0m
    [96msrc/__tests__/integration/marketing/marketingAnalytics.test.ts[0m:[93m33[0m:[93m9[0m - [91merror[0m[90m TS1005: [0m',' expected.

    [7m33[0m         { queryClient: testContext.queryClient }
    [7m  [0m [91m        ~[0m
    [96msrc/__tests__/integration/marketing/marketingAnalytics.test.ts[0m:[93m336[0m:[93m35[0m - [91merror[0m[90m TS1005: [0m'>' expected.

    [7m336[0m         <MarketingAnalyticsScreen />,
    [7m   [0m [91m                                  ~[0m
    [96msrc/__tests__/integration/marketing/marketingAnalytics.test.ts[0m:[93m337[0m:[93m9[0m - [91merror[0m[90m TS1005: [0m',' expected.

    [7m337[0m         { queryClient: testContext.queryClient }
    [7m   [0m [91m        ~[0m
    [96msrc/__tests__/integration/marketing/marketingAnalytics.test.ts[0m:[93m387[0m:[93m35[0m - [91merror[0m[90m TS1005: [0m'>' expected.

    [7m387[0m         <MarketingAnalyticsScreen />,
    [7m   [0m [91m                                  ~[0m
    [96msrc/__tests__/integration/marketing/marketingAnalytics.test.ts[0m:[93m388[0m:[93m9[0m - [91merror[0m[90m TS1005: [0m',' expected.

    [7m388[0m         { queryClient: testContext.queryClient }
    [7m   [0m [91m        ~[0m
    [96msrc/__tests__/integration/marketing/marketingAnalytics.test.ts[0m:[93m458[0m:[93m35[0m - [91merror[0m[90m TS1005: [0m'>' expected.

    [7m458[0m         <MarketingAnalyticsScreen />,
    [7m   [0m [91m                                  ~[0m
    [96msrc/__tests__/integration/marketing/marketingAnalytics.test.ts[0m:[93m459[0m:[93m9[0m - [91merror[0m[90m TS1005: [0m',' expected.

    [7m459[0m         { queryClient: testContext.queryClient }
    [7m   [0m [91m        ~[0m
    [96msrc/__tests__/integration/marketing/marketingAnalytics.test.ts[0m:[93m516[0m:[93m35[0m - [91merror[0m[90m TS1005: [0m'>' expected.

    [7m516[0m         <MarketingAnalyticsScreen />,
    [7m   [0m [91m                                  ~[0m
    [96msrc/__tests__/integration/marketing/marketingAnalytics.test.ts[0m:[93m517[0m:[93m9[0m - [91merror[0m[90m TS1005: [0m',' expected.

    [7m517[0m         { queryClient: testContext.queryClient }
    [7m   [0m [91m        ~[0m
    [96msrc/__tests__/integration/marketing/marketingAnalytics.test.ts[0m:[93m563[0m:[93m35[0m - [91merror[0m[90m TS1005: [0m'>' expected.

    [7m563[0m         <MarketingAnalyticsScreen />,
    [7m   [0m [91m                                  ~[0m
    [96msrc/__tests__/integration/marketing/marketingAnalytics.test.ts[0m:[93m564[0m:[93m9[0m - [91merror[0m[90m TS1005: [0m',' expected.

    [7m564[0m         { queryClient: testContext.queryClient }
    [7m   [0m [91m        ~[0m
    [96msrc/__tests__/integration/marketing/marketingAnalytics.test.ts[0m:[93m603[0m:[93m35[0m - [91merror[0m[90m TS1005: [0m'>' expected.

    [7m603[0m         <MarketingAnalyticsScreen />,
    [7m   [0m [91m                                  ~[0m
    [96msrc/__tests__/integration/marketing/marketingAnalytics.test.ts[0m:[93m604[0m:[93m9[0m - [91merror[0m[90m TS1005: [0m',' expected.

    [7m604[0m         { queryClient: testContext.queryClient }
    [7m   [0m [91m        ~[0m
    [96msrc/__tests__/integration/marketing/marketingAnalytics.test.ts[0m:[93m650[0m:[93m35[0m - [91merror[0m[90m TS1005: [0m'>' expected.

    [7m650[0m         <MarketingAnalyticsScreen />,
    [7m   [0m [91m                                  ~[0m
    [96msrc/__tests__/integration/marketing/marketingAnalytics.test.ts[0m:[93m651[0m:[93m9[0m - [91merror[0m[90m TS1005: [0m',' expected.

    [7m651[0m         { queryClient: testContext.queryClient }
    [7m   [0m [91m        ~[0m
    [96msrc/__tests__/integration/marketing/marketingAnalytics.test.ts[0m:[93m704[0m:[93m35[0m - [91merror[0m[90m TS1005: [0m'>' expected.

    [7m704[0m         <MarketingAnalyticsScreen />,
    [7m   [0m [91m                                  ~[0m
    [96msrc/__tests__/integration/marketing/marketingAnalytics.test.ts[0m:[93m705[0m:[93m9[0m - [91merror[0m[90m TS1005: [0m',' expected.

    [7m705[0m         { queryClient: testContext.queryClient }
    [7m   [0m [91m        ~[0m
    [96msrc/__tests__/integration/marketing/marketingAnalytics.test.ts[0m:[93m756[0m:[93m35[0m - [91merror[0m[90m TS1005: [0m'>' expected.

    [7m756[0m         <MarketingAnalyticsScreen />,
    [7m   [0m [91m                                  ~[0m
    [96msrc/__tests__/integration/marketing/marketingAnalytics.test.ts[0m:[93m757[0m:[93m9[0m - [91merror[0m[90m TS1005: [0m',' expected.

    [7m757[0m         { queryClient: testContext.queryClient }
    [7m   [0m [91m        ~[0m

FAIL src/hooks/marketing/__tests__/useProductBundles.test.tsx
  ● Test suite failed to run

    [96msrc/hooks/marketing/__tests__/useProductBundles.test.tsx[0m:[93m8[0m:[93m1[0m - [91merror[0m[90m TS6133: [0m'createSupabaseMock' is declared but its value is never read.

    [7m8[0m import { createSupabaseMock } from '../../../test/mocks/supabase.simplified.mock';
    [7m [0m [91m~~~~~~~~~~~~~~~~~~~~~~~~~~~~~~~~~~~~~~~~~~~~~~~~~~~~~~~~~~~~~~~~~~~~~~~~~~~~~~~~~~[0m
    [96msrc/hooks/marketing/__tests__/useProductBundles.test.tsx[0m:[93m9[0m:[93m1[0m - [91merror[0m[90m TS6133: [0m'hookContracts' is declared but its value is never read.

    [7m9[0m import { hookContracts } from '../../../test/contracts/hook.contracts';
    [7m [0m [91m~~~~~~~~~~~~~~~~~~~~~~~~~~~~~~~~~~~~~~~~~~~~~~~~~~~~~~~~~~~~~~~~~~~~~~~[0m
    [96msrc/hooks/marketing/__tests__/useProductBundles.test.tsx[0m:[93m32[0m:[93m38[0m - [91merror[0m[90m TS2307: [0mCannot find module '../../../services/marketing/productBundleService' or its corresponding type declarations.

    [7m32[0m import { ProductBundleService } from '../../../services/marketing/productBundleService';
    [7m  [0m [91m                                     ~~~~~~~~~~~~~~~~~~~~~~~~~~~~~~~~~~~~~~~~~~~~~~~~~~[0m
    [96msrc/hooks/marketing/__tests__/useProductBundles.test.tsx[0m:[93m33[0m:[93m39[0m - [91merror[0m[90m TS2307: [0mCannot find module '../../../services/role-based/rolePermissionService' or its corresponding type declarations.

    [7m33[0m import { RolePermissionService } from '../../../services/role-based/rolePermissionService';
    [7m  [0m [91m                                      ~~~~~~~~~~~~~~~~~~~~~~~~~~~~~~~~~~~~~~~~~~~~~~~~~~~~[0m
    [96msrc/hooks/marketing/__tests__/useProductBundles.test.tsx[0m:[93m65[0m:[93m10[0m - [91merror[0m[90m TS2305: [0mModule '"../../useAuth"' has no exported member 'useAuth'.

    [7m65[0m import { useAuth } from '../../useAuth';
    [7m  [0m [91m         ~~~~~~~[0m
    [96msrc/hooks/marketing/__tests__/useProductBundles.test.tsx[0m:[93m808[0m:[93m28[0m - [91merror[0m[90m TS2339: [0mProperty 'getInventoryByProduct' does not exist on type 'Mocked<typeof InventoryService>'.

    [7m808[0m       mockInventoryService.getInventoryByProduct.mockImplementation(async (productId) => ({
    [7m   [0m [91m                           ~~~~~~~~~~~~~~~~~~~~~[0m
    [96msrc/hooks/marketing/__tests__/useProductBundles.test.tsx[0m:[93m808[0m:[93m76[0m - [91merror[0m[90m TS7006: [0mParameter 'productId' implicitly has an 'any' type.

    [7m808[0m       mockInventoryService.getInventoryByProduct.mockImplementation(async (productId) => ({
    [7m   [0m [91m                                                                           ~~~~~~~~~[0m

FAIL src/hooks/marketing/__tests__/useMarketingCampaigns.test.tsx
  ● Test suite failed to run

    [96msrc/hooks/marketing/__tests__/useMarketingCampaigns.test.tsx[0m:[93m8[0m:[93m1[0m - [91merror[0m[90m TS6133: [0m'createSupabaseMock' is declared but its value is never read.

    [7m8[0m import { createSupabaseMock } from '../../../test/mocks/supabase.simplified.mock';
    [7m [0m [91m~~~~~~~~~~~~~~~~~~~~~~~~~~~~~~~~~~~~~~~~~~~~~~~~~~~~~~~~~~~~~~~~~~~~~~~~~~~~~~~~~~[0m
    [96msrc/hooks/marketing/__tests__/useMarketingCampaigns.test.tsx[0m:[93m9[0m:[93m1[0m - [91merror[0m[90m TS6133: [0m'hookContracts' is declared but its value is never read.

    [7m9[0m import { hookContracts } from '../../../test/contracts/hook.contracts';
    [7m [0m [91m~~~~~~~~~~~~~~~~~~~~~~~~~~~~~~~~~~~~~~~~~~~~~~~~~~~~~~~~~~~~~~~~~~~~~~~[0m
    [96msrc/hooks/marketing/__tests__/useMarketingCampaigns.test.tsx[0m:[93m34[0m:[93m42[0m - [91merror[0m[90m TS2307: [0mCannot find module '../../../services/marketing/marketingCampaignService' or its corresponding type declarations.

    [7m34[0m import { MarketingCampaignService } from '../../../services/marketing/marketingCampaignService';
    [7m  [0m [91m                                         ~~~~~~~~~~~~~~~~~~~~~~~~~~~~~~~~~~~~~~~~~~~~~~~~~~~~~~[0m
    [96msrc/hooks/marketing/__tests__/useMarketingCampaigns.test.tsx[0m:[93m35[0m:[93m39[0m - [91merror[0m[90m TS2307: [0mCannot find module '../../../services/role-based/rolePermissionService' or its corresponding type declarations.

    [7m35[0m import { RolePermissionService } from '../../../services/role-based/rolePermissionService';
    [7m  [0m [91m                                      ~~~~~~~~~~~~~~~~~~~~~~~~~~~~~~~~~~~~~~~~~~~~~~~~~~~~[0m
    [96msrc/hooks/marketing/__tests__/useMarketingCampaigns.test.tsx[0m:[93m66[0m:[93m10[0m - [91merror[0m[90m TS2305: [0mModule '"../../useAuth"' has no exported member 'useAuth'.

    [7m66[0m import { useAuth } from '../../useAuth';
    [7m  [0m [91m         ~~~~~~~[0m
    [96msrc/hooks/marketing/__tests__/useMarketingCampaigns.test.tsx[0m:[93m70[0m:[93m7[0m - [91merror[0m[90m TS6133: [0m'mockUser' is declared but its value is never read.

    [7m70[0m const mockUser = {
    [7m  [0m [91m      ~~~~~~~~[0m
    [96msrc/hooks/marketing/__tests__/useMarketingCampaigns.test.tsx[0m:[93m921[0m:[93m13[0m - [91merror[0m[90m TS6133: [0m'batchMetrics' is declared but its value is never read.

    [7m921[0m       const batchMetrics = [
    [7m   [0m [91m            ~~~~~~~~~~~~[0m

FAIL src/hooks/inventory/__tests__/archived-non-volume/integration/security.test.tsx
  ● Test suite failed to run

    [96msrc/hooks/inventory/__tests__/archived-non-volume/integration/security.test.tsx[0m:[93m32[0m:[93m1[0m - [91merror[0m[90m TS6133: [0m'createSupabaseMock' is declared but its value is never read.

    [7m32[0m import { createSupabaseMock } from '../../../test/mocks/supabase.simplified.mock';
    [7m  [0m [91m~~~~~~~~~~~~~~~~~~~~~~~~~~~~~~~~~~~~~~~~~~~~~~~~~~~~~~~~~~~~~~~~~~~~~~~~~~~~~~~~~~[0m
    [96msrc/hooks/inventory/__tests__/archived-non-volume/integration/security.test.tsx[0m:[93m32[0m:[93m36[0m - [91merror[0m[90m TS2307: [0mCannot find module '../../../test/mocks/supabase.simplified.mock' or its corresponding type declarations.

    [7m32[0m import { createSupabaseMock } from '../../../test/mocks/supabase.simplified.mock';
    [7m  [0m [91m                                   ~~~~~~~~~~~~~~~~~~~~~~~~~~~~~~~~~~~~~~~~~~~~~~[0m
    [96msrc/hooks/inventory/__tests__/archived-non-volume/integration/security.test.tsx[0m:[93m33[0m:[93m1[0m - [91merror[0m[90m TS6133: [0m'hookContracts' is declared but its value is never read.

    [7m33[0m import { hookContracts } from '../../../test/contracts/hook.contracts';
    [7m  [0m [91m~~~~~~~~~~~~~~~~~~~~~~~~~~~~~~~~~~~~~~~~~~~~~~~~~~~~~~~~~~~~~~~~~~~~~~~[0m
    [96msrc/hooks/inventory/__tests__/archived-non-volume/integration/security.test.tsx[0m:[93m33[0m:[93m31[0m - [91merror[0m[90m TS2307: [0mCannot find module '../../../test/contracts/hook.contracts' or its corresponding type declarations.

    [7m33[0m import { hookContracts } from '../../../test/contracts/hook.contracts';
    [7m  [0m [91m                              ~~~~~~~~~~~~~~~~~~~~~~~~~~~~~~~~~~~~~~~~[0m
    [96msrc/hooks/inventory/__tests__/archived-non-volume/integration/security.test.tsx[0m:[93m39[0m:[93m28[0m - [91merror[0m[90m TS6133: [0m'useInventoryItems' is declared but its value is never read.

    [7m39[0m import { useInventoryItem, useInventoryItems, useLowStockItems } from '../../useInventoryItems';
    [7m  [0m [91m                           ~~~~~~~~~~~~~~~~~[0m
    [96msrc/hooks/inventory/__tests__/archived-non-volume/integration/security.test.tsx[0m:[93m39[0m:[93m71[0m - [91merror[0m[90m TS2307: [0mCannot find module '../../useInventoryItems' or its corresponding type declarations.

    [7m39[0m import { useInventoryItem, useInventoryItems, useLowStockItems } from '../../useInventoryItems';
    [7m  [0m [91m                                                                      ~~~~~~~~~~~~~~~~~~~~~~~~~[0m
    [96msrc/hooks/inventory/__tests__/archived-non-volume/integration/security.test.tsx[0m:[93m40[0m:[93m74[0m - [91merror[0m[90m TS2307: [0mCannot find module '../../useInventoryOperations' or its corresponding type declarations.

    [7m40[0m import { useUpdateStock, useUpdateVisibility, useBatchUpdateStock } from '../../useInventoryOperations';
    [7m  [0m [91m                                                                         ~~~~~~~~~~~~~~~~~~~~~~~~~~~~~~[0m
    [96msrc/hooks/inventory/__tests__/archived-non-volume/integration/security.test.tsx[0m:[93m41[0m:[93m77[0m - [91merror[0m[90m TS2307: [0mCannot find module '../../useStockMovements' or its corresponding type declarations.

    [7m41[0m import { useMovementHistory, useRecordMovement, useMovementAnalytics } from '../../useStockMovements';
    [7m  [0m [91m                                                                            ~~~~~~~~~~~~~~~~~~~~~~~~~[0m
    [96msrc/hooks/inventory/__tests__/archived-non-volume/integration/security.test.tsx[0m:[93m44[0m:[93m34[0m - [91merror[0m[90m TS2307: [0mCannot find module '../../../../services/inventory/inventoryService' or its corresponding type declarations.

    [7m44[0m import { InventoryService } from '../../../../services/inventory/inventoryService';
    [7m  [0m [91m                                 ~~~~~~~~~~~~~~~~~~~~~~~~~~~~~~~~~~~~~~~~~~~~~~~~~[0m
    [96msrc/hooks/inventory/__tests__/archived-non-volume/integration/security.test.tsx[0m:[93m45[0m:[93m38[0m - [91merror[0m[90m TS2307: [0mCannot find module '../../../../services/inventory/stockMovementService' or its corresponding type declarations.

    [7m45[0m import { StockMovementService } from '../../../../services/inventory/stockMovementService';
    [7m  [0m [91m                                     ~~~~~~~~~~~~~~~~~~~~~~~~~~~~~~~~~~~~~~~~~~~~~~~~~~~~~[0m
    [96msrc/hooks/inventory/__tests__/archived-non-volume/integration/security.test.tsx[0m:[93m82[0m:[93m7[0m - [91merror[0m[90m TS6133: [0m'mockUsers' is declared but its value is never read.

    [7m82[0m const mockUsers = {
    [7m  [0m [91m      ~~~~~~~~~[0m
    [96msrc/hooks/inventory/__tests__/archived-non-volume/integration/security.test.tsx[0m:[93m519[0m:[93m13[0m - [91merror[0m[90m TS6133: [0m'userBItems' is declared but its value is never read.

    [7m519[0m       const userBItems = [
    [7m   [0m [91m            ~~~~~~~~~~[0m
    [96msrc/hooks/inventory/__tests__/archived-non-volume/integration/security.test.tsx[0m:[93m557[0m:[93m45[0m - [91merror[0m[90m TS7006: [0mParameter 'item' implicitly has an 'any' type.

    [7m557[0m       expect(userAResult.current.data?.some(item => item.id === 'inv-b1')).toBe(false);
    [7m   [0m [91m                                            ~~~~[0m
    [96msrc/hooks/inventory/__tests__/archived-non-volume/integration/security.test.tsx[0m:[93m603[0m:[93m30[0m - [91merror[0m[90m TS7006: [0mParameter 'input' implicitly has an 'any' type.

    [7m603[0m         .mockImplementation((input) => {
    [7m   [0m [91m                             ~~~~~[0m

FAIL src/screens/inventory/__tests__/InventoryDashboard.enhanced.test.tsx
  ● Test suite failed to run

    [96msrc/screens/inventory/__tests__/InventoryDashboard.enhanced.test.tsx[0m:[93m8[0m:[93m18[0m - [91merror[0m[90m TS6133: [0m'fireEvent' is declared but its value is never read.

    [7m8[0m import { render, fireEvent, waitFor, act } from '@testing-library/react-native';
    [7m [0m [91m                 ~~~~~~~~~[0m
    [96msrc/screens/inventory/__tests__/InventoryDashboard.enhanced.test.tsx[0m:[93m8[0m:[93m38[0m - [91merror[0m[90m TS6133: [0m'act' is declared but its value is never read.

    [7m8[0m import { render, fireEvent, waitFor, act } from '@testing-library/react-native';
    [7m [0m [91m                                     ~~~[0m
    [96msrc/screens/inventory/__tests__/InventoryDashboard.enhanced.test.tsx[0m:[93m37[0m:[93m35[0m - [91merror[0m[90m TS6133: [0m'props' is declared but its value is never read.

    [7m37[0m   Modal: ({ children, visible, ...props }: any) => visible ? children : null,
    [7m  [0m [91m                                  ~~~~~[0m
    [96msrc/screens/inventory/__tests__/InventoryDashboard.enhanced.test.tsx[0m:[93m40[0m:[93m48[0m - [91merror[0m[90m TS6133: [0m'props' is declared but its value is never read.

    [7m40[0m   RefreshControl: ({ onRefresh, refreshing, ...props }: any) => null,
    [7m  [0m [91m                                               ~~~~~[0m
    [96msrc/screens/inventory/__tests__/InventoryDashboard.enhanced.test.tsx[0m:[93m700[0m:[93m13[0m - [91merror[0m[90m TS6133: [0m'getByTestId' is declared but its value is never read.

    [7m700[0m       const { getByTestId } = renderWithProviders(<InventoryDashboardScreen />);
    [7m   [0m [91m            ~~~~~~~~~~~~~~~[0m

FAIL src/services/inventory/__tests__/inventoryService.test.ts
  ● Test suite failed to run

    [96msrc/services/inventory/__tests__/inventoryService.test.ts[0m:[93m22[0m:[93m23[0m - [91merror[0m[90m TS2339: [0mProperty 'clear' does not exist on type 'typeof ValidationMonitor'.

    [7m22[0m     ValidationMonitor.clear();
    [7m  [0m [91m                      ~~~~~[0m

FAIL src/hooks/marketing/__tests__/contentWorkflowIntegration.test.tsx
  ● Test suite failed to run

    [96msrc/hooks/marketing/__tests__/contentWorkflowIntegration.test.tsx[0m:[93m33[0m:[93m1[0m - [91merror[0m[90m TS6133: [0m'createSupabaseMock' is declared but its value is never read.

    [7m33[0m import { createSupabaseMock } from '../../../test/mocks/supabase.simplified.mock';
    [7m  [0m [91m~~~~~~~~~~~~~~~~~~~~~~~~~~~~~~~~~~~~~~~~~~~~~~~~~~~~~~~~~~~~~~~~~~~~~~~~~~~~~~~~~~[0m
    [96msrc/hooks/marketing/__tests__/contentWorkflowIntegration.test.tsx[0m:[93m34[0m:[93m1[0m - [91merror[0m[90m TS6133: [0m'hookContracts' is declared but its value is never read.

    [7m34[0m import { hookContracts } from '../../../test/contracts/hook.contracts';
    [7m  [0m [91m~~~~~~~~~~~~~~~~~~~~~~~~~~~~~~~~~~~~~~~~~~~~~~~~~~~~~~~~~~~~~~~~~~~~~~~[0m
    [96msrc/hooks/marketing/__tests__/contentWorkflowIntegration.test.tsx[0m:[93m57[0m:[93m39[0m - [91merror[0m[90m TS2307: [0mCannot find module '../../../services/marketing/productContentService' or its corresponding type declarations.

    [7m57[0m import { ProductContentService } from '../../../services/marketing/productContentService';
    [7m  [0m [91m                                      ~~~~~~~~~~~~~~~~~~~~~~~~~~~~~~~~~~~~~~~~~~~~~~~~~~~[0m
    [96msrc/hooks/marketing/__tests__/contentWorkflowIntegration.test.tsx[0m:[93m58[0m:[93m39[0m - [91merror[0m[90m TS2307: [0mCannot find module '../../../services/role-based/rolePermissionService' or its corresponding type declarations.

    [7m58[0m import { RolePermissionService } from '../../../services/role-based/rolePermissionService';
    [7m  [0m [91m                                      ~~~~~~~~~~~~~~~~~~~~~~~~~~~~~~~~~~~~~~~~~~~~~~~~~~~~[0m
    [96msrc/hooks/marketing/__tests__/contentWorkflowIntegration.test.tsx[0m:[93m471[0m:[93m13[0m - [91merror[0m[90m TS6133: [0m'originalData' is declared but its value is never read.

    [7m471[0m       const originalData = {
    [7m   [0m [91m            ~~~~~~~~~~~~[0m

FAIL src/hooks/inventory/__tests__/archived-non-volume/useInventoryOperations.test.tsx
  ● Test suite failed to run

    [96msrc/hooks/inventory/__tests__/archived-non-volume/useInventoryOperations.test.tsx[0m:[93m7[0m:[93m31[0m - [91merror[0m[90m TS2307: [0mCannot find module '../../../test/test-utils' or its corresponding type declarations.

    [7m7[0m import { createWrapper } from '../../../test/test-utils';
    [7m [0m [91m                              ~~~~~~~~~~~~~~~~~~~~~~~~~~[0m
    [96msrc/hooks/inventory/__tests__/archived-non-volume/useInventoryOperations.test.tsx[0m:[93m8[0m:[93m62[0m - [91merror[0m[90m TS2307: [0mCannot find module '../../../test/factories' or its corresponding type declarations.

    [7m8[0m import { createUser, createProduct, resetAllFactories } from '../../../test/factories';
    [7m [0m [91m                                                             ~~~~~~~~~~~~~~~~~~~~~~~~~[0m
    [96msrc/hooks/inventory/__tests__/archived-non-volume/useInventoryOperations.test.tsx[0m:[93m96[0m:[93m34[0m - [91merror[0m[90m TS2307: [0mCannot find module '../../../test/mocks/inventoryServiceAdapter' or its corresponding type declarations.

    [7m96[0m import { InventoryService } from '../../../test/mocks/inventoryServiceAdapter';
    [7m  [0m [91m                                 ~~~~~~~~~~~~~~~~~~~~~~~~~~~~~~~~~~~~~~~~~~~~~[0m
    [96msrc/hooks/inventory/__tests__/archived-non-volume/useInventoryOperations.test.tsx[0m:[93m97[0m:[93m32[0m - [91merror[0m[90m TS2307: [0mCannot find module '../../useAuth' or its corresponding type declarations.

    [7m97[0m import { useCurrentUser } from '../../useAuth';
    [7m  [0m [91m                               ~~~~~~~~~~~~~~~[0m
    [96msrc/hooks/inventory/__tests__/archived-non-volume/useInventoryOperations.test.tsx[0m:[93m102[0m:[93m7[0m - [91merror[0m[90m TS6133: [0m'mockUseQuery' is declared but its value is never read.

    [7m102[0m const mockUseQuery = useQuery as jest.MockedFunction<typeof useQuery>;
    [7m   [0m [91m      ~~~~~~~~~~~~[0m

FAIL src/components/role-based/__tests__/RoleBasedButton.test.tsx
  ● Test suite failed to run

    [96msrc/components/role-based/__tests__/RoleBasedButton.test.tsx[0m:[93m10[0m:[93m33[0m - [91merror[0m[90m TS2307: [0mCannot find module '../RoleBasedButton' or its corresponding type declarations.

    [7m10[0m import { RoleBasedButton } from '../RoleBasedButton';
    [7m  [0m [91m                                ~~~~~~~~~~~~~~~~~~~~[0m
    [96msrc/components/role-based/__tests__/RoleBasedButton.test.tsx[0m:[93m27[0m:[93m42[0m - [91merror[0m[90m TS2307: [0mCannot find module '../../../hooks/role-based/useNavigationPermissions' or its corresponding type declarations.

    [7m27[0m import { useNavigationPermissions } from '../../../hooks/role-based/useNavigationPermissions';
    [7m  [0m [91m                                         ~~~~~~~~~~~~~~~~~~~~~~~~~~~~~~~~~~~~~~~~~~~~~~~~~~~~[0m
    [96msrc/components/role-based/__tests__/RoleBasedButton.test.tsx[0m:[93m94[0m:[93m9[0m - [91merror[0m[90m TS2322: [0mType '"customer"' is not assignable to type 'UserRole'.

    [7m94[0m         role: 'customer',
    [7m  [0m [91m        ~~~~[0m
    [96msrc/components/role-based/__tests__/RoleBasedButton.test.tsx[0m:[93m198[0m:[93m28[0m - [91merror[0m[90m TS6133: [0m'queryByText' is declared but its value is never read.

    [7m198[0m       const { getByTestId, queryByText } = render(
    [7m   [0m [91m                           ~~~~~~~~~~~[0m
    [96msrc/components/role-based/__tests__/RoleBasedButton.test.tsx[0m:[93m219[0m:[93m11[0m - [91merror[0m[90m TS2322: [0mType '"admin"' is not assignable to type 'UserRole'.

    [7m219[0m           role: 'admin',
    [7m   [0m [91m          ~~~~[0m
    [96msrc/components/role-based/__tests__/RoleBasedButton.test.tsx[0m:[93m278[0m:[93m11[0m - [91merror[0m[90m TS2322: [0mType '"staff"' is not assignable to type 'UserRole'.

    [7m278[0m           role: 'staff',
    [7m   [0m [91m          ~~~~[0m
    [96msrc/components/role-based/__tests__/RoleBasedButton.test.tsx[0m:[93m353[0m:[93m11[0m - [91merror[0m[90m TS2322: [0mType '"admin"' is not assignable to type 'UserRole'.

    [7m353[0m           role: 'admin',
    [7m   [0m [91m          ~~~~[0m
    [96msrc/components/role-based/__tests__/RoleBasedButton.test.tsx[0m:[93m565[0m:[93m39[0m - [91merror[0m[90m TS2345: [0mArgument of type '{ data: null; isLoading: true; error: null; refetch: jest.Mock<any, any, any>; }' is not assignable to parameter of type '{ role: RoleData | null | undefined; hasPermission: (permission: string) => Promise<boolean>; queryKey: readonly [EntityType, "user", string] | readonly [EntityType, string, "user", string]; ... 25 more ...; promise: Promise<...>; } | ... 4 more ... | { ...; }'.
      Types of property 'isLoading' are incompatible.
        Type 'true' is not assignable to type 'false'.

    [7m565[0m       mockUseUserRole.mockReturnValue({
    [7m   [0m [91m                                      ~[0m
    [7m566[0m         data: null,
    [7m   [0m [91m~~~~~~~~~~~~~~~~~~~[0m
    [7m...[0m 
    [7m569[0m         refetch: jest.fn(),
    [7m   [0m [91m~~~~~~~~~~~~~~~~~~~~~~~~~~~[0m
    [7m570[0m       });
    [7m   [0m [91m~~~~~~~[0m
    [96msrc/components/role-based/__tests__/RoleBasedButton.test.tsx[0m:[93m607[0m:[93m39[0m - [91merror[0m[90m TS2345: [0mArgument of type '{ data: null; isLoading: false; error: null; refetch: jest.Mock<any, any, any>; }' is not assignable to parameter of type '{ role: RoleData | null | undefined; hasPermission: (permission: string) => Promise<boolean>; queryKey: readonly [EntityType, "user", string] | readonly [EntityType, string, "user", string]; ... 25 more ...; promise: Promise<...>; } | ... 4 more ... | { ...; }'.
      Type '{ data: null; isLoading: false; error: null; refetch: jest.Mock<any, any, any>; }' is not assignable to type '{ role: RoleData | null | undefined; hasPermission: (permission: string) => Promise<boolean>; queryKey: readonly [EntityType, "user", string] | readonly [EntityType, string, "user", string]; ... 25 more ...; promise: Promise<...>; } | { ...; }'.
        Type '{ data: null; isLoading: false; error: null; refetch: Mock<any, any, any>; }' is missing the following properties from type '{ role: RoleData | null | undefined; hasPermission: (permission: string) => Promise<boolean>; queryKey: readonly [EntityType, "user", string] | readonly [EntityType, string, "user", string]; ... 25 more ...; promise: Promise<...>; }': role, hasPermission, queryKey, isError, and 21 more.

    [7m607[0m       mockUseUserRole.mockReturnValue({
    [7m   [0m [91m                                      ~[0m
    [7m608[0m         data: null,
    [7m   [0m [91m~~~~~~~~~~~~~~~~~~~[0m
    [7m...[0m 
    [7m611[0m         refetch: jest.fn(),
    [7m   [0m [91m~~~~~~~~~~~~~~~~~~~~~~~~~~~[0m
    [7m612[0m       });
    [7m   [0m [91m~~~~~~~[0m
    [96msrc/components/role-based/__tests__/RoleBasedButton.test.tsx[0m:[93m724[0m:[93m11[0m - [91merror[0m[90m TS2322: [0mType '"admin"' is not assignable to type 'UserRole'.

    [7m724[0m           role: 'admin',
    [7m   [0m [91m          ~~~~[0m
    [96msrc/components/role-based/__tests__/RoleBasedButton.test.tsx[0m:[93m746[0m:[93m39[0m - [91merror[0m[90m TS2345: [0mArgument of type '{ data: null; isLoading: true; error: null; refetch: jest.Mock<any, any, any>; }' is not assignable to parameter of type '{ role: RoleData | null | undefined; hasPermission: (permission: string) => Promise<boolean>; queryKey: readonly [EntityType, "user", string] | readonly [EntityType, string, "user", string]; ... 25 more ...; promise: Promise<...>; } | ... 4 more ... | { ...; }'.
      Types of property 'isLoading' are incompatible.
        Type 'true' is not assignable to type 'false'.

    [7m746[0m       mockUseUserRole.mockReturnValue({
    [7m   [0m [91m                                      ~[0m
    [7m747[0m         data: null,
    [7m   [0m [91m~~~~~~~~~~~~~~~~~~~[0m
    [7m...[0m 
    [7m750[0m         refetch: jest.fn(),
    [7m   [0m [91m~~~~~~~~~~~~~~~~~~~~~~~~~~~[0m
    [7m751[0m       });
    [7m   [0m [91m~~~~~~~[0m
    [96msrc/components/role-based/__tests__/RoleBasedButton.test.tsx[0m:[93m772[0m:[93m11[0m - [91merror[0m[90m TS2322: [0mType '"admin"' is not assignable to type 'UserRole'.

    [7m772[0m           role: 'admin',
    [7m   [0m [91m          ~~~~[0m
    [96msrc/components/role-based/__tests__/RoleBasedButton.test.tsx[0m:[93m812[0m:[93m11[0m - [91merror[0m[90m TS2322: [0mType '"admin"' is not assignable to type 'UserRole'.

    [7m812[0m           role: 'admin',
    [7m   [0m [91m          ~~~~[0m

FAIL src/__tests__/integration/crossRoleIntegration.test.ts
  ● Test suite failed to run

    [96msrc/__tests__/integration/crossRoleIntegration.test.ts[0m:[93m5[0m:[93m42[0m - [91merror[0m[90m TS2307: [0mCannot find module '../../services/marketing/marketingCampaignService' or its corresponding type declarations.

    [7m5[0m import { MarketingCampaignService } from '../../services/marketing/marketingCampaignService';
    [7m [0m [91m                                         ~~~~~~~~~~~~~~~~~~~~~~~~~~~~~~~~~~~~~~~~~~~~~~~~~~~[0m
    [96msrc/__tests__/integration/crossRoleIntegration.test.ts[0m:[93m6[0m:[93m38[0m - [91merror[0m[90m TS2307: [0mCannot find module '../../services/marketing/productBundleService' or its corresponding type declarations.

    [7m6[0m import { ProductBundleService } from '../../services/marketing/productBundleService';
    [7m [0m [91m                                     ~~~~~~~~~~~~~~~~~~~~~~~~~~~~~~~~~~~~~~~~~~~~~~~[0m
    [96msrc/__tests__/integration/crossRoleIntegration.test.ts[0m:[93m7[0m:[93m1[0m - [91merror[0m[90m TS6133: [0m'ProductContentService' is declared but its value is never read.

    [7m7[0m import { ProductContentService } from '../../services/marketing/productContentService';
    [7m [0m [91m~~~~~~~~~~~~~~~~~~~~~~~~~~~~~~~~~~~~~~~~~~~~~~~~~~~~~~~~~~~~~~~~~~~~~~~~~~~~~~~~~~~~~~~[0m
    [96msrc/__tests__/integration/crossRoleIntegration.test.ts[0m:[93m7[0m:[93m39[0m - [91merror[0m[90m TS2307: [0mCannot find module '../../services/marketing/productContentService' or its corresponding type declarations.

    [7m7[0m import { ProductContentService } from '../../services/marketing/productContentService';
    [7m [0m [91m                                      ~~~~~~~~~~~~~~~~~~~~~~~~~~~~~~~~~~~~~~~~~~~~~~~~[0m
    [96msrc/__tests__/integration/crossRoleIntegration.test.ts[0m:[93m10[0m:[93m39[0m - [91merror[0m[90m TS2307: [0mCannot find module '../../services/role-based/rolePermissionService' or its corresponding type declarations.

    [7m10[0m import { RolePermissionService } from '../../services/role-based/rolePermissionService';
    [7m  [0m [91m                                      ~~~~~~~~~~~~~~~~~~~~~~~~~~~~~~~~~~~~~~~~~~~~~~~~~[0m
    [96msrc/__tests__/integration/crossRoleIntegration.test.ts[0m:[93m30[0m:[93m9[0m - [91merror[0m[90m TS6133: [0m'testContentId' is declared but its value is never read.

    [7m30[0m   const testContentId = 'content-678';
    [7m  [0m [91m        ~~~~~~~~~~~~~[0m
    [96msrc/__tests__/integration/crossRoleIntegration.test.ts[0m:[93m47[0m:[93m28[0m - [91merror[0m[90m TS2339: [0mProperty 'getInventoryItem' does not exist on type 'Mocked<typeof InventoryService>'.

    [7m47[0m       mockInventoryService.getInventoryItem.mockResolvedValue({
    [7m  [0m [91m                           ~~~~~~~~~~~~~~~~[0m
    [96msrc/__tests__/integration/crossRoleIntegration.test.ts[0m:[93m62[0m:[93m28[0m - [91merror[0m[90m TS2339: [0mProperty 'calculateInventoryImpact' does not exist on type 'Mocked<typeof InventoryService>'.

    [7m62[0m       mockInventoryService.calculateInventoryImpact.mockResolvedValue({
    [7m  [0m [91m                           ~~~~~~~~~~~~~~~~~~~~~~~~[0m
    [96msrc/__tests__/integration/crossRoleIntegration.test.ts[0m:[93m108[0m:[93m35[0m - [91merror[0m[90m TS2339: [0mProperty 'calculateInventoryImpact' does not exist on type 'Mocked<typeof InventoryService>'.

    [7m108[0m       expect(mockInventoryService.calculateInventoryImpact).toHaveBeenCalledWith(
    [7m   [0m [91m                                  ~~~~~~~~~~~~~~~~~~~~~~~~[0m
    [96msrc/__tests__/integration/crossRoleIntegration.test.ts[0m:[93m123[0m:[93m28[0m - [91merror[0m[90m TS2339: [0mProperty 'calculateInventoryImpact' does not exist on type 'Mocked<typeof InventoryService>'.

    [7m123[0m       mockInventoryService.calculateInventoryImpact.mockResolvedValue({
    [7m   [0m [91m                           ~~~~~~~~~~~~~~~~~~~~~~~~[0m
    [96msrc/__tests__/integration/crossRoleIntegration.test.ts[0m:[93m160[0m:[93m35[0m - [91merror[0m[90m TS2339: [0mProperty 'createInventoryAlert' does not exist on type 'Mocked<typeof InventoryService>'.

    [7m160[0m       expect(mockInventoryService.createInventoryAlert).toHaveBeenCalledWith({
    [7m   [0m [91m                                  ~~~~~~~~~~~~~~~~~~~~[0m
    [96msrc/__tests__/integration/crossRoleIntegration.test.ts[0m:[93m174[0m:[93m28[0m - [91merror[0m[90m TS2339: [0mProperty 'reserveInventoryForCampaign' does not exist on type 'Mocked<typeof InventoryService>'.

    [7m174[0m       mockInventoryService.reserveInventoryForCampaign.mockResolvedValue({
    [7m   [0m [91m                           ~~~~~~~~~~~~~~~~~~~~~~~~~~~[0m
    [96msrc/__tests__/integration/crossRoleIntegration.test.ts[0m:[93m199[0m:[93m35[0m - [91merror[0m[90m TS2339: [0mProperty 'reserveInventoryForCampaign' does not exist on type 'Mocked<typeof InventoryService>'.

    [7m199[0m       expect(mockInventoryService.reserveInventoryForCampaign).toHaveBeenCalledWith(
    [7m   [0m [91m                                  ~~~~~~~~~~~~~~~~~~~~~~~~~~~[0m
    [96msrc/__tests__/integration/crossRoleIntegration.test.ts[0m:[93m222[0m:[93m28[0m - [91merror[0m[90m TS2339: [0mProperty 'validateBundleInventoryRequirements' does not exist on type 'Mocked<typeof InventoryService>'.

    [7m222[0m       mockInventoryService.validateBundleInventoryRequirements.mockResolvedValue({
    [7m   [0m [91m                           ~~~~~~~~~~~~~~~~~~~~~~~~~~~~~~~~~~~[0m
    [96msrc/__tests__/integration/crossRoleIntegration.test.ts[0m:[93m262[0m:[93m35[0m - [91merror[0m[90m TS2339: [0mProperty 'validateBundleInventoryRequirements' does not exist on type 'Mocked<typeof InventoryService>'.

    [7m262[0m       expect(mockInventoryService.validateBundleInventoryRequirements).toHaveBeenCalledWith(
    [7m   [0m [91m                                  ~~~~~~~~~~~~~~~~~~~~~~~~~~~~~~~~~~~[0m
    [96msrc/__tests__/integration/crossRoleIntegration.test.ts[0m:[93m275[0m:[93m28[0m - [91merror[0m[90m TS2339: [0mProperty 'validateBundleInventoryRequirements' does not exist on type 'Mocked<typeof InventoryService>'.

    [7m275[0m       mockInventoryService.validateBundleInventoryRequirements.mockResolvedValue({
    [7m   [0m [91m                           ~~~~~~~~~~~~~~~~~~~~~~~~~~~~~~~~~~~[0m
    [96msrc/__tests__/integration/crossRoleIntegration.test.ts[0m:[93m322[0m:[93m34[0m - [91merror[0m[90m TS2339: [0mProperty 'recordInventoryImpactMetric' does not exist on type 'Mocked<typeof BusinessMetricsService>'.

    [7m322[0m       mockBusinessMetricsService.recordInventoryImpactMetric.mockResolvedValue({
    [7m   [0m [91m                                 ~~~~~~~~~~~~~~~~~~~~~~~~~~~[0m
    [96msrc/__tests__/integration/crossRoleIntegration.test.ts[0m:[93m355[0m:[93m41[0m - [91merror[0m[90m TS2339: [0mProperty 'recordInventoryImpactMetric' does not exist on type 'Mocked<typeof BusinessMetricsService>'.

    [7m355[0m       expect(mockBusinessMetricsService.recordInventoryImpactMetric).toHaveBeenCalledWith({
    [7m   [0m [91m                                        ~~~~~~~~~~~~~~~~~~~~~~~~~~~[0m
    [96msrc/__tests__/integration/crossRoleIntegration.test.ts[0m:[93m373[0m:[93m13[0m - [91merror[0m[90m TS6133: [0m'mockCampaignPerformance' is declared but its value is never read.

    [7m373[0m       const mockCampaignPerformance = {
    [7m   [0m [91m            ~~~~~~~~~~~~~~~~~~~~~~~[0m
    [96msrc/__tests__/integration/crossRoleIntegration.test.ts[0m:[93m394[0m:[93m34[0m - [91merror[0m[90m TS2339: [0mProperty 'aggregateCampaignDataForExecutive' does not exist on type 'Mocked<typeof BusinessMetricsService>'.

    [7m394[0m       mockBusinessMetricsService.aggregateCampaignDataForExecutive.mockResolvedValue({
    [7m   [0m [91m                                 ~~~~~~~~~~~~~~~~~~~~~~~~~~~~~~~~~[0m
    [96msrc/__tests__/integration/crossRoleIntegration.test.ts[0m:[93m437[0m:[93m41[0m - [91merror[0m[90m TS2339: [0mProperty 'aggregateCampaignDataForExecutive' does not exist on type 'Mocked<typeof BusinessMetricsService>'.

    [7m437[0m       expect(mockBusinessMetricsService.aggregateCampaignDataForExecutive).toHaveBeenCalledWith(
    [7m   [0m [91m                                        ~~~~~~~~~~~~~~~~~~~~~~~~~~~~~~~~~[0m
    [96msrc/__tests__/integration/crossRoleIntegration.test.ts[0m:[93m445[0m:[93m34[0m - [91merror[0m[90m TS2339: [0mProperty 'detectSignificantPerformanceChanges' does not exist on type 'Mocked<typeof BusinessMetricsService>'.

    [7m445[0m       mockBusinessMetricsService.detectSignificantPerformanceChanges.mockResolvedValue({
    [7m   [0m [91m                                 ~~~~~~~~~~~~~~~~~~~~~~~~~~~~~~~~~~~[0m
    [96msrc/__tests__/integration/crossRoleIntegration.test.ts[0m:[93m494[0m:[93m41[0m - [91merror[0m[90m TS2339: [0mProperty 'detectSignificantPerformanceChanges' does not exist on type 'Mocked<typeof BusinessMetricsService>'.

    [7m494[0m       expect(mockBusinessMetricsService.detectSignificantPerformanceChanges).toHaveBeenCalledWith(
    [7m   [0m [91m                                        ~~~~~~~~~~~~~~~~~~~~~~~~~~~~~~~~~~~[0m
    [96msrc/__tests__/integration/crossRoleIntegration.test.ts[0m:[93m504[0m:[93m34[0m - [91merror[0m[90m TS2339: [0mProperty 'analyzeCampaignInventoryCorrelation' does not exist on type 'Mocked<typeof BusinessMetricsService>'.

    [7m504[0m       mockBusinessMetricsService.analyzeCampaignInventoryCorrelation.mockResolvedValue({
    [7m   [0m [91m                                 ~~~~~~~~~~~~~~~~~~~~~~~~~~~~~~~~~~~[0m
    [96msrc/__tests__/integration/crossRoleIntegration.test.ts[0m:[93m574[0m:[93m18[0m - [91merror[0m[90m TS6133: [0m'userId' is declared but its value is never read.

    [7m574[0m           async (userId, permission) => {
    [7m   [0m [91m                 ~~~~~~[0m
    [96msrc/__tests__/integration/crossRoleIntegration.test.ts[0m:[93m574[0m:[93m18[0m - [91merror[0m[90m TS7006: [0mParameter 'userId' implicitly has an 'any' type.

    [7m574[0m           async (userId, permission) => {
    [7m   [0m [91m                 ~~~~~~[0m
    [96msrc/__tests__/integration/crossRoleIntegration.test.ts[0m:[93m574[0m:[93m26[0m - [91merror[0m[90m TS7006: [0mParameter 'permission' implicitly has an 'any' type.

    [7m574[0m           async (userId, permission) => {
    [7m   [0m [91m                         ~~~~~~~~~~[0m

FAIL src/integration/cross-role/marketingSales.integration.test.ts
  ● Test suite failed to run

    [96msrc/integration/cross-role/marketingSales.integration.test.ts[0m:[93m1[0m:[93m43[0m - [91merror[0m[90m TS2307: [0mCannot find module '@/services/integration/marketingSalesIntegration' or its corresponding type declarations.

    [7m1[0m import { marketingSalesIntegration } from '@/services/integration/marketingSalesIntegration';
    [7m [0m [91m                                          ~~~~~~~~~~~~~~~~~~~~~~~~~~~~~~~~~~~~~~~~~~~~~~~~~~[0m
    [96msrc/integration/cross-role/marketingSales.integration.test.ts[0m:[93m3[0m:[93m80[0m - [91merror[0m[90m TS2307: [0mCannot find module '@/services/integration/marketingSalesIntegration' or its corresponding type declarations.

    [7m3[0m import type { DateRange, CampaignMetric as MarketingMetric, SalesMetric } from '@/services/integration/marketingSalesIntegration';
    [7m [0m [91m                                                                               ~~~~~~~~~~~~~~~~~~~~~~~~~~~~~~~~~~~~~~~~~~~~~~~~~~[0m

FAIL src/__tests__/integration/analyticsIntegration.test.ts
  ● Test suite failed to run

    [96msrc/__tests__/integration/analyticsIntegration.test.ts[0m:[93m10[0m:[93m1[0m - [91merror[0m[90m TS6133: [0m'performanceMonitoring' is declared but its value is never read.

    [7m10[0m import { performanceMonitoring } from '../../monitoring/performanceMonitoring';
    [7m  [0m [91m~~~~~~~~~~~~~~~~~~~~~~~~~~~~~~~~~~~~~~~~~~~~~~~~~~~~~~~~~~~~~~~~~~~~~~~~~~~~~~~[0m
    [96msrc/__tests__/integration/analyticsIntegration.test.ts[0m:[93m11[0m:[93m1[0m - [91merror[0m[90m TS6133: [0m'systemHealth' is declared but its value is never read.

    [7m11[0m import { systemHealth } from '../../monitoring/systemHealth';
    [7m  [0m [91m~~~~~~~~~~~~~~~~~~~~~~~~~~~~~~~~~~~~~~~~~~~~~~~~~~~~~~~~~~~~~[0m
    [96msrc/__tests__/integration/analyticsIntegration.test.ts[0m:[93m78[0m:[93m53[0m - [91merror[0m[90m TS2345: [0mArgument of type '{ id: any; user_id: any; total: any; status: any; created_at: any; order_items: { product_id: any; quantity: any; price: any; product: any[]; }[]; }[] | null' is not assignable to parameter of type 'any[]'.
      Type 'null' is not assignable to type 'any[]'.

    [7m78[0m       const dataQuality = await validateDataQuality(rawSalesData, strategicMetrics);
    [7m  [0m [91m                                                    ~~~~~~~~~~~~[0m
    [96msrc/__tests__/integration/analyticsIntegration.test.ts[0m:[93m264[0m:[93m30[0m - [91merror[0m[90m TS2339: [0mProperty 'raw' does not exist on type 'SupabaseClient<any, "public", any>'.

    [7m264[0m           quantity: supabase.raw('quantity + ?', [inventoryMovement.quantity]),
    [7m   [0m [91m                             ~~~[0m
    [96msrc/__tests__/integration/analyticsIntegration.test.ts[0m:[93m317[0m:[93m13[0m - [91merror[0m[90m TS6133: [0m'staffView' is declared but its value is never read.

    [7m317[0m       const staffView = await getAnalyticsForRole('inventory_staff');
    [7m   [0m [91m            ~~~~~~~~~[0m
    [96msrc/__tests__/integration/analyticsIntegration.test.ts[0m:[93m495[0m:[93m42[0m - [91merror[0m[90m TS6133: [0m'analytics' is declared but its value is never read.

    [7m495[0m async function generateInventoryInsights(analytics: any): Promise<any> {
    [7m   [0m [91m                                         ~~~~~~~~~[0m
    [96msrc/__tests__/integration/analyticsIntegration.test.ts[0m:[93m518[0m:[93m42[0m - [91merror[0m[90m TS6133: [0m'analytics' is declared but its value is never read.

    [7m518[0m async function generateMarketingInsights(analytics: any): Promise<any> {
    [7m   [0m [91m                                         ~~~~~~~~~[0m
    [96msrc/__tests__/integration/analyticsIntegration.test.ts[0m:[93m544[0m:[93m41[0m - [91merror[0m[90m TS6133: [0m'analytics' is declared but its value is never read.

    [7m544[0m async function generateCustomerInsights(analytics: any): Promise<any> {
    [7m   [0m [91m                                        ~~~~~~~~~[0m
    [96msrc/__tests__/integration/analyticsIntegration.test.ts[0m:[93m570[0m:[93m40[0m - [91merror[0m[90m TS6133: [0m'analytics' is declared but its value is never read.

    [7m570[0m async function triggerDashboardUpdates(analytics: any): Promise<any> {
    [7m   [0m [91m                                       ~~~~~~~~~[0m
    [96msrc/__tests__/integration/analyticsIntegration.test.ts[0m:[93m577[0m:[93m36[0m - [91merror[0m[90m TS6133: [0m'productId' is declared but its value is never read.

    [7m577[0m async function checkLowStockAlerts(productId: string): Promise<any> {
    [7m   [0m [91m                                   ~~~~~~~~~[0m
    [96msrc/__tests__/integration/analyticsIntegration.test.ts[0m:[93m595[0m:[93m36[0m - [91merror[0m[90m TS2322: [0mType 'string' is not assignable to type 'never'.

    [7m595[0m         baseMetrics.permissions = ['view_own_data'];
    [7m   [0m [91m                                   ~~~~~~~~~~~~~~~[0m
    [96msrc/__tests__/integration/analyticsIntegration.test.ts[0m:[93m599[0m:[93m36[0m - [91merror[0m[90m TS2322: [0mType 'string' is not assignable to type 'never'.

    [7m599[0m         baseMetrics.permissions = ['view_inventory', 'update_stock'];
    [7m   [0m [91m                                   ~~~~~~~~~~~~~~~~[0m
    [96msrc/__tests__/integration/analyticsIntegration.test.ts[0m:[93m599[0m:[93m54[0m - [91merror[0m[90m TS2322: [0mType 'string' is not assignable to type 'never'.

    [7m599[0m         baseMetrics.permissions = ['view_inventory', 'update_stock'];
    [7m   [0m [91m                                                     ~~~~~~~~~~~~~~[0m
    [96msrc/__tests__/integration/analyticsIntegration.test.ts[0m:[93m603[0m:[93m36[0m - [91merror[0m[90m TS2322: [0mType 'string' is not assignable to type 'never'.

    [7m603[0m         baseMetrics.permissions = ['view_all_analytics', 'export_reports'];
    [7m   [0m [91m                                   ~~~~~~~~~~~~~~~~~~~~[0m
    [96msrc/__tests__/integration/analyticsIntegration.test.ts[0m:[93m603[0m:[93m58[0m - [91merror[0m[90m TS2322: [0mType 'string' is not assignable to type 'never'.

    [7m603[0m         baseMetrics.permissions = ['view_all_analytics', 'export_reports'];
    [7m   [0m [91m                                                         ~~~~~~~~~~~~~~~~[0m
    [96msrc/__tests__/integration/analyticsIntegration.test.ts[0m:[93m610[0m:[93m33[0m - [91merror[0m[90m TS6133: [0m'role' is declared but its value is never read.

    [7m610[0m function validateRoleDataAccess(role: string, analytics: any): void {
    [7m   [0m [91m                                ~~~~[0m
    [96msrc/__tests__/integration/analyticsIntegration.test.ts[0m:[93m697[0m:[93m33[0m - [91merror[0m[90m TS6133: [0m'rawData' is declared but its value is never read.

    [7m697[0m function calculateAccuracyScore(rawData: any[], processedData: any): number {
    [7m   [0m [91m                                ~~~~~~~[0m
    [96msrc/__tests__/integration/analyticsIntegration.test.ts[0m:[93m697[0m:[93m49[0m - [91merror[0m[90m TS6133: [0m'processedData' is declared but its value is never read.

    [7m697[0m function calculateAccuracyScore(rawData: any[], processedData: any): number {
    [7m   [0m [91m                                                ~~~~~~~~~~~~~[0m
    [96msrc/__tests__/integration/analyticsIntegration.test.ts[0m:[93m701[0m:[93m33[0m - [91merror[0m[90m TS6133: [0m'rawData' is declared but its value is never read.

    [7m701[0m function calculateDataFreshness(rawData: any[]): number {
    [7m   [0m [91m                                ~~~~~~~[0m
    [96msrc/__tests__/integration/analyticsIntegration.test.ts[0m:[93m705[0m:[93m34[0m - [91merror[0m[90m TS6133: [0m'salesData' is declared but its value is never read.

    [7m705[0m function analyzeCustomerSegments(salesData: any[]): any[] {
    [7m   [0m [91m                                 ~~~~~~~~~[0m
    [96msrc/__tests__/integration/analyticsIntegration.test.ts[0m:[93m713[0m:[93m33[0m - [91merror[0m[90m TS6133: [0m'inventoryData' is declared but its value is never read.

    [7m713[0m function calculateTurnoverRates(inventoryData: any[]): any {
    [7m   [0m [91m                                ~~~~~~~~~~~~~[0m
    [96msrc/__tests__/integration/analyticsIntegration.test.ts[0m:[93m717[0m:[93m29[0m - [91merror[0m[90m TS6133: [0m'inventoryData' is declared but its value is never read.

    [7m717[0m function analyzeStockLevels(inventoryData: any[]): any {
    [7m   [0m [91m                            ~~~~~~~~~~~~~[0m
    [96msrc/__tests__/integration/analyticsIntegration.test.ts[0m:[93m721[0m:[93m32[0m - [91merror[0m[90m TS6133: [0m'inventoryData' is declared but its value is never read.

    [7m721[0m function generateReorderAlerts(inventoryData: any[]): any[] {
    [7m   [0m [91m                               ~~~~~~~~~~~~~[0m
    [96msrc/__tests__/integration/analyticsIntegration.test.ts[0m:[93m727[0m:[93m38[0m - [91merror[0m[90m TS6133: [0m'inventoryData' is declared but its value is never read.

    [7m727[0m function calculateInventoryValuation(inventoryData: any[]): number {
    [7m   [0m [91m                                     ~~~~~~~~~~~~~[0m
    [96msrc/__tests__/integration/analyticsIntegration.test.ts[0m:[93m731[0m:[93m31[0m - [91merror[0m[90m TS6133: [0m'campaignData' is declared but its value is never read.

    [7m731[0m function calculateCampaignROI(campaignData: any[]): any {
    [7m   [0m [91m                              ~~~~~~~~~~~~[0m
    [96msrc/__tests__/integration/analyticsIntegration.test.ts[0m:[93m735[0m:[93m35[0m - [91merror[0m[90m TS6133: [0m'campaignData' is declared but its value is never read.

    [7m735[0m function calculateConversionRates(campaignData: any[]): any {
    [7m   [0m [91m                                  ~~~~~~~~~~~~[0m
    [96msrc/__tests__/integration/analyticsIntegration.test.ts[0m:[93m739[0m:[93m23[0m - [91merror[0m[90m TS6133: [0m'campaignData' is declared but its value is never read.

    [7m739[0m function calculateCAC(campaignData: any[]): number {
    [7m   [0m [91m                      ~~~~~~~~~~~~[0m
    [96msrc/__tests__/integration/analyticsIntegration.test.ts[0m:[93m743[0m:[93m38[0m - [91merror[0m[90m TS6133: [0m'campaignData' is declared but its value is never read.

    [7m743[0m function analyzeChannelEffectiveness(campaignData: any[]): any {
    [7m   [0m [91m                                     ~~~~~~~~~~~~[0m
    [96msrc/__tests__/integration/analyticsIntegration.test.ts[0m:[93m750[0m:[93m31[0m - [91merror[0m[90m TS6133: [0m'customerData' is declared but its value is never read.

    [7m750[0m function calculateCustomerLTV(customerData: any[]): any {
    [7m   [0m [91m                              ~~~~~~~~~~~~[0m
    [96msrc/__tests__/integration/analyticsIntegration.test.ts[0m:[93m754[0m:[93m27[0m - [91merror[0m[90m TS6133: [0m'customerData' is declared but its value is never read.

    [7m754[0m function segmentCustomers(customerData: any[]): any {
    [7m   [0m [91m                          ~~~~~~~~~~~~[0m
    [96msrc/__tests__/integration/analyticsIntegration.test.ts[0m:[93m762[0m:[93m26[0m - [91merror[0m[90m TS6133: [0m'customerData' is declared but its value is never read.

    [7m762[0m function assessChurnRisk(customerData: any[]): any {
    [7m   [0m [91m                         ~~~~~~~~~~~~[0m
    [96msrc/__tests__/integration/analyticsIntegration.test.ts[0m:[93m766[0m:[93m36[0m - [91merror[0m[90m TS6133: [0m'customerData' is declared but its value is never read.

    [7m766[0m function calculateEngagementScores(customerData: any[]): any {
    [7m   [0m [91m                                   ~~~~~~~~~~~~[0m

FAIL src/__tests__/security/securityAudit.test.ts
  ● Test suite failed to run

    [96msrc/__tests__/security/securityAudit.test.ts[0m:[93m75[0m:[93m15[0m - [91merror[0m[90m TS6133: [0m'data' is declared but its value is never read.

    [7m75[0m       const { data, error } = await supabase
    [7m  [0m [91m              ~~~~[0m
    [96msrc/__tests__/security/securityAudit.test.ts[0m:[93m88[0m:[93m15[0m - [91merror[0m[90m TS6133: [0m'data' is declared but its value is never read.

    [7m88[0m       const { data, error } = await supabase
    [7m  [0m [91m              ~~~~[0m
    [96msrc/__tests__/security/securityAudit.test.ts[0m:[93m100[0m:[93m15[0m - [91merror[0m[90m TS6133: [0m'data' is declared but its value is never read.

    [7m100[0m       const { data, error } = await supabase
    [7m   [0m [91m              ~~~~[0m
    [96msrc/__tests__/security/securityAudit.test.ts[0m:[93m110[0m:[93m15[0m - [91merror[0m[90m TS6133: [0m'data' is declared but its value is never read.

    [7m110[0m       const { data, error } = await supabase
    [7m   [0m [91m              ~~~~[0m
    [96msrc/__tests__/security/securityAudit.test.ts[0m:[93m122[0m:[93m13[0m - [91merror[0m[90m TS6198: [0mAll destructured elements are unused.

    [7m122[0m       const { data, error } = await supabase
    [7m   [0m [91m            ~~~~~~~~~~~~~~~[0m
    [96msrc/__tests__/security/securityAudit.test.ts[0m:[93m133[0m:[93m15[0m - [91merror[0m[90m TS6133: [0m'data' is declared but its value is never read.

    [7m133[0m       const { data, error } = await supabase
    [7m   [0m [91m              ~~~~[0m
    [96msrc/__tests__/security/securityAudit.test.ts[0m:[93m144[0m:[93m13[0m - [91merror[0m[90m TS6198: [0mAll destructured elements are unused.

    [7m144[0m       const { data, error } = await supabase
    [7m   [0m [91m            ~~~~~~~~~~~~~~~[0m
    [96msrc/__tests__/security/securityAudit.test.ts[0m:[93m173[0m:[93m37[0m - [91merror[0m[90m TS2532: [0mObject is possibly 'undefined'.

    [7m173[0m         const hasPermission = await this.checkRolePermission(
    [7m   [0m [91m                                    ~~~~[0m
    [96msrc/__tests__/security/securityAudit.test.ts[0m:[93m200[0m:[93m37[0m - [91merror[0m[90m TS2532: [0mObject is possibly 'undefined'.

    [7m200[0m         const hasPermission = await this.checkRolePermission(
    [7m   [0m [91m                                    ~~~~[0m
    [96msrc/__tests__/security/securityAudit.test.ts[0m:[93m227[0m:[93m37[0m - [91merror[0m[90m TS2532: [0mObject is possibly 'undefined'.

    [7m227[0m         const hasPermission = await this.checkRolePermission(
    [7m   [0m [91m                                    ~~~~[0m
    [96msrc/__tests__/security/securityAudit.test.ts[0m:[93m254[0m:[93m37[0m - [91merror[0m[90m TS2532: [0mObject is possibly 'undefined'.

    [7m254[0m         const hasPermission = await this.checkRolePermission(
    [7m   [0m [91m                                    ~~~~[0m
    [96msrc/__tests__/security/securityAudit.test.ts[0m:[93m287[0m:[93m37[0m - [91merror[0m[90m TS2532: [0mObject is possibly 'undefined'.

    [7m287[0m         const hasPermission = await this.checkRolePermission(
    [7m   [0m [91m                                    ~~~~[0m
    [96msrc/__tests__/security/securityAudit.test.ts[0m:[93m309[0m:[93m35[0m - [91merror[0m[90m TS2532: [0mObject is possibly 'undefined'.

    [7m309[0m         const canEscalate = await this.testPrivilegeEscalation(attempt.from, attempt.to);
    [7m   [0m [91m                                  ~~~~[0m
    [96msrc/__tests__/security/securityAudit.test.ts[0m:[93m325[0m:[93m33[0m - [91merror[0m[90m TS2532: [0mObject is possibly 'undefined'.

    [7m325[0m         const hasAccess = await this.testDataAccess(test.role, test.shouldNotAccess);
    [7m   [0m [91m                                ~~~~[0m
    [96msrc/__tests__/security/securityAudit.test.ts[0m:[93m385[0m:[93m17[0m - [91merror[0m[90m TS6133: [0m'data' is declared but its value is never read.

    [7m385[0m         const { data, error } = await supabase
    [7m   [0m [91m                ~~~~[0m
    [96msrc/__tests__/security/securityAudit.test.ts[0m:[93m409[0m:[93m25[0m - [91merror[0m[90m TS2532: [0mObject is possibly 'undefined'.

    [7m409[0m         const isValid = this.validateEmail(email);
    [7m   [0m [91m                        ~~~~[0m
    [96msrc/__tests__/security/securityAudit.test.ts[0m:[93m427[0m:[93m25[0m - [91merror[0m[90m TS2532: [0mObject is possibly 'undefined'.

    [7m427[0m         const isValid = this.validateNumber(num);
    [7m   [0m [91m                        ~~~~[0m
    [96msrc/__tests__/security/securityAudit.test.ts[0m:[93m450[0m:[93m13[0m - [91merror[0m[90m TS6133: [0m'rateLimited' is declared but its value is never read.

    [7m450[0m       const rateLimited = results.some(result =>
    [7m   [0m [91m            ~~~~~~~~~~~[0m
    [96msrc/__tests__/security/securityAudit.test.ts[0m:[93m509[0m:[93m15[0m - [91merror[0m[90m TS6133: [0m'data' is declared but its value is never read.

    [7m509[0m       const { data, error } = await complexQuery;
    [7m   [0m [91m              ~~~~[0m
    [96msrc/__tests__/security/securityAudit.test.ts[0m:[93m644[0m:[93m25[0m - [91merror[0m[90m TS2532: [0mObject is possibly 'undefined'.

    [7m644[0m         const isValid = this.validatePasswordStrength(password);
    [7m   [0m [91m                        ~~~~[0m
    [96msrc/__tests__/security/securityAudit.test.ts[0m:[93m651[0m:[93m18[0m - [91merror[0m[90m TS6133: [0m'checkRolePermission' is declared but its value is never read.

    [7m651[0m   async function checkRolePermission(role: string, resource: string, action: string): Promise<boolean> {
    [7m   [0m [91m                 ~~~~~~~~~~~~~~~~~~~[0m
    [96msrc/__tests__/security/securityAudit.test.ts[0m:[93m697[0m:[93m18[0m - [91merror[0m[90m TS6133: [0m'testPrivilegeEscalation' is declared but its value is never read.

    [7m697[0m   async function testPrivilegeEscalation(fromRole: string, toRole: string): Promise<boolean> {
    [7m   [0m [91m                 ~~~~~~~~~~~~~~~~~~~~~~~[0m
    [96msrc/__tests__/security/securityAudit.test.ts[0m:[93m697[0m:[93m42[0m - [91merror[0m[90m TS6133: [0m'fromRole' is declared but its value is never read.

    [7m697[0m   async function testPrivilegeEscalation(fromRole: string, toRole: string): Promise<boolean> {
    [7m   [0m [91m                                         ~~~~~~~~[0m
    [96msrc/__tests__/security/securityAudit.test.ts[0m:[93m697[0m:[93m60[0m - [91merror[0m[90m TS6133: [0m'toRole' is declared but its value is never read.

    [7m697[0m   async function testPrivilegeEscalation(fromRole: string, toRole: string): Promise<boolean> {
    [7m   [0m [91m                                                           ~~~~~~[0m
    [96msrc/__tests__/security/securityAudit.test.ts[0m:[93m703[0m:[93m18[0m - [91merror[0m[90m TS6133: [0m'testDataAccess' is declared but its value is never read.

    [7m703[0m   async function testDataAccess(role: string, resource: string): Promise<boolean> {
    [7m   [0m [91m                 ~~~~~~~~~~~~~~[0m
    [96msrc/__tests__/security/securityAudit.test.ts[0m:[93m717[0m:[93m12[0m - [91merror[0m[90m TS6133: [0m'validateEmail' is declared but its value is never read.

    [7m717[0m   function validateEmail(email: any): boolean {
    [7m   [0m [91m           ~~~~~~~~~~~~~[0m
    [96msrc/__tests__/security/securityAudit.test.ts[0m:[93m723[0m:[93m12[0m - [91merror[0m[90m TS6133: [0m'validateNumber' is declared but its value is never read.

    [7m723[0m   function validateNumber(num: any): boolean {
    [7m   [0m [91m           ~~~~~~~~~~~~~~[0m
    [96msrc/__tests__/security/securityAudit.test.ts[0m:[93m727[0m:[93m12[0m - [91merror[0m[90m TS6133: [0m'validatePasswordStrength' is declared but its value is never read.

    [7m727[0m   function validatePasswordStrength(password: any): boolean {
    [7m   [0m [91m           ~~~~~~~~~~~~~~~~~~~~~~~~[0m

FAIL src/tests/services.test.ts
  ● Test suite failed to run

    [96msrc/tests/services.test.ts[0m:[93m60[0m:[93m7[0m - [91merror[0m[90m TS2353: [0mObject literal may only specify known properties, and 'id' does not exist in type 'OrderItem'.

    [7m60[0m       id: 'item-1',
    [7m  [0m [91m      ~~[0m
    [96msrc/tests/services.test.ts[0m:[93m107[0m:[93m9[0m - [91merror[0m[90m TS2322: [0mType 'string' is not assignable to type 'Error'.

    [7m107[0m         originalError: 'Payment gateway timeout',
    [7m   [0m [91m        ~~~~~~~~~~~~~[0m

      [96msrc/services/errorRecoveryService.ts[0m:[93m49[0m:[93m3[0m
        [7m49[0m   originalError: Error;
        [7m  [0m [96m  ~~~~~~~~~~~~~[0m
        The expected type comes from property 'originalError' which is declared here on type 'ErrorContext'
    [96msrc/tests/services.test.ts[0m:[93m150[0m:[93m9[0m - [91merror[0m[90m TS2322: [0mType 'string' is not assignable to type 'Error'.

    [7m150[0m         originalError: 'Concurrent modification detected',
    [7m   [0m [91m        ~~~~~~~~~~~~~[0m

      [96msrc/services/errorRecoveryService.ts[0m:[93m49[0m:[93m3[0m
        [7m49[0m   originalError: Error;
        [7m  [0m [96m  ~~~~~~~~~~~~~[0m
        The expected type comes from property 'originalError' which is declared here on type 'ErrorContext'
    [96msrc/tests/services.test.ts[0m:[93m156[0m:[93m21[0m - [91merror[0m[90m TS2339: [0mProperty 'actionsTaken' does not exist on type 'ErrorRecoveryResult'.

    [7m156[0m       expect(result.actionsTaken).toContain('stock_restored');
    [7m   [0m [91m                    ~~~~~~~~~~~~[0m
    [96msrc/tests/services.test.ts[0m:[93m178[0m:[93m9[0m - [91merror[0m[90m TS2322: [0mType 'string' is not assignable to type 'Error'.

    [7m178[0m         originalError: 'Database connection lost',
    [7m   [0m [91m        ~~~~~~~~~~~~~[0m

      [96msrc/services/errorRecoveryService.ts[0m:[93m49[0m:[93m3[0m
        [7m49[0m   originalError: Error;
        [7m  [0m [96m  ~~~~~~~~~~~~~[0m
        The expected type comes from property 'originalError' which is declared here on type 'ErrorContext'
    [96msrc/tests/services.test.ts[0m:[93m183[0m:[93m21[0m - [91merror[0m[90m TS2339: [0mProperty 'manualReviewRequired' does not exist on type 'ErrorRecoveryResult'.

    [7m183[0m       expect(result.manualReviewRequired).toBe(true);
    [7m   [0m [91m                    ~~~~~~~~~~~~~~~~~~~~[0m
    [96msrc/tests/services.test.ts[0m:[93m184[0m:[93m21[0m - [91merror[0m[90m TS2339: [0mProperty 'actionsTaken' does not exist on type 'ErrorRecoveryResult'.

    [7m184[0m       expect(result.actionsTaken).toContain('admin_notified');
    [7m   [0m [91m                    ~~~~~~~~~~~~[0m
    [96msrc/tests/services.test.ts[0m:[93m200[0m:[93m9[0m - [91merror[0m[90m TS2322: [0mType 'string' is not assignable to type 'Error'.

    [7m200[0m         originalError: 'Test error',
    [7m   [0m [91m        ~~~~~~~~~~~~~[0m

      [96msrc/services/errorRecoveryService.ts[0m:[93m49[0m:[93m3[0m
        [7m49[0m   originalError: Error;
        [7m  [0m [96m  ~~~~~~~~~~~~~[0m
        The expected type comes from property 'originalError' which is declared here on type 'ErrorContext'
    [96msrc/tests/services.test.ts[0m:[93m212[0m:[93m9[0m - [91merror[0m[90m TS2322: [0mType 'string' is not assignable to type 'Error'.

    [7m212[0m         originalError: 'Test error',
    [7m   [0m [91m        ~~~~~~~~~~~~~[0m

      [96msrc/services/errorRecoveryService.ts[0m:[93m49[0m:[93m3[0m
        [7m49[0m   originalError: Error;
        [7m  [0m [96m  ~~~~~~~~~~~~~[0m
        The expected type comes from property 'originalError' which is declared here on type 'ErrorContext'
    [96msrc/tests/services.test.ts[0m:[93m236[0m:[93m9[0m - [91merror[0m[90m TS2820: [0mType '"order_confirmation"' is not assignable to type 'NotificationType'. Did you mean '"order_confirmed"'?

    [7m236[0m         type: 'order_confirmation',
    [7m   [0m [91m        ~~~~[0m

      [96msrc/services/notificationService.ts[0m:[93m20[0m:[93m3[0m
        [7m20[0m   type: NotificationType;
        [7m  [0m [96m  ~~~~[0m
        The expected type comes from property 'type' which is declared here on type 'NotificationRequest'
    [96msrc/tests/services.test.ts[0m:[93m241[0m:[93m9[0m - [91merror[0m[90m TS2322: [0mType 'string | undefined' is not assignable to type 'string'.
      Type 'undefined' is not assignable to type 'string'.

    [7m241[0m         customerPhone: mockUser.phone,
    [7m   [0m [91m        ~~~~~~~~~~~~~[0m

      [96msrc/services/notificationService.ts[0m:[93m18[0m:[93m3[0m
        [7m18[0m   customerPhone: string;
        [7m  [0m [96m  ~~~~~~~~~~~~~[0m
        The expected type comes from property 'customerPhone' which is declared here on type 'NotificationRequest'
    [96msrc/tests/services.test.ts[0m:[93m283[0m:[93m9[0m - [91merror[0m[90m TS2322: [0mType '"pickup_ready"' is not assignable to type 'NotificationType'.

    [7m283[0m         type: 'pickup_ready',
    [7m   [0m [91m        ~~~~[0m

      [96msrc/services/notificationService.ts[0m:[93m20[0m:[93m3[0m
        [7m20[0m   type: NotificationType;
        [7m  [0m [96m  ~~~~[0m
        The expected type comes from property 'type' which is declared here on type 'NotificationRequest'
    [96msrc/tests/services.test.ts[0m:[93m288[0m:[93m9[0m - [91merror[0m[90m TS2322: [0mType 'string | undefined' is not assignable to type 'string'.
      Type 'undefined' is not assignable to type 'string'.

    [7m288[0m         customerPhone: mockUser.phone,
    [7m   [0m [91m        ~~~~~~~~~~~~~[0m

      [96msrc/services/notificationService.ts[0m:[93m18[0m:[93m3[0m
        [7m18[0m   customerPhone: string;
        [7m  [0m [96m  ~~~~~~~~~~~~~[0m
        The expected type comes from property 'customerPhone' which is declared here on type 'NotificationRequest'
    [96msrc/tests/services.test.ts[0m:[93m294[0m:[93m21[0m - [91merror[0m[90m TS2339: [0mProperty 'deliveryStatus' does not exist on type 'NotificationResult'.

    [7m294[0m       expect(result.deliveryStatus).toBe('delivered');
    [7m   [0m [91m                    ~~~~~~~~~~~~~~[0m
    [96msrc/tests/services.test.ts[0m:[93m311[0m:[93m9[0m - [91merror[0m[90m TS2322: [0mType '"pickup_reminder"' is not assignable to type 'NotificationType'.

    [7m311[0m         type: 'pickup_reminder',
    [7m   [0m [91m        ~~~~[0m

      [96msrc/services/notificationService.ts[0m:[93m20[0m:[93m3[0m
        [7m20[0m   type: NotificationType;
        [7m  [0m [96m  ~~~~[0m
        The expected type comes from property 'type' which is declared here on type 'NotificationRequest'
    [96msrc/tests/services.test.ts[0m:[93m316[0m:[93m9[0m - [91merror[0m[90m TS2322: [0mType 'string | undefined' is not assignable to type 'string'.
      Type 'undefined' is not assignable to type 'string'.

    [7m316[0m         customerPhone: mockUser.phone,
    [7m   [0m [91m        ~~~~~~~~~~~~~[0m

      [96msrc/services/notificationService.ts[0m:[93m18[0m:[93m3[0m
        [7m18[0m   customerPhone: string;
        [7m  [0m [96m  ~~~~~~~~~~~~~[0m
        The expected type comes from property 'customerPhone' which is declared here on type 'NotificationRequest'
    [96msrc/tests/services.test.ts[0m:[93m323[0m:[93m21[0m - [91merror[0m[90m TS2339: [0mProperty 'deliveryFailures' does not exist on type 'NotificationResult'.

    [7m323[0m       expect(result.deliveryFailures).toContain('invalid_email_address');
    [7m   [0m [91m                    ~~~~~~~~~~~~~~~~[0m
    [96msrc/tests/services.test.ts[0m:[93m328[0m:[93m9[0m - [91merror[0m[90m TS2820: [0mType '"order_confirmation"' is not assignable to type 'NotificationType'. Did you mean '"order_confirmed"'?

    [7m328[0m         type: 'order_confirmation',
    [7m   [0m [91m        ~~~~[0m

      [96msrc/services/notificationService.ts[0m:[93m20[0m:[93m3[0m
        [7m20[0m   type: NotificationType;
        [7m  [0m [96m  ~~~~[0m
        The expected type comes from property 'type' which is declared here on type 'NotificationRequest'
    [96msrc/tests/services.test.ts[0m:[93m333[0m:[93m9[0m - [91merror[0m[90m TS2322: [0mType 'string | undefined' is not assignable to type 'string'.
      Type 'undefined' is not assignable to type 'string'.

    [7m333[0m         customerPhone: mockUser.phone,
    [7m   [0m [91m        ~~~~~~~~~~~~~[0m

      [96msrc/services/notificationService.ts[0m:[93m18[0m:[93m3[0m
        [7m18[0m   customerPhone: string;
        [7m  [0m [96m  ~~~~~~~~~~~~~[0m
        The expected type comes from property 'customerPhone' which is declared here on type 'NotificationRequest'
    [96msrc/tests/services.test.ts[0m:[93m359[0m:[93m9[0m - [91merror[0m[90m TS2353: [0mObject literal may only specify known properties, and 'userId' does not exist in type 'RescheduleRequest'.

    [7m359[0m         userId: mockUser.id,
    [7m   [0m [91m        ~~~~~~[0m
    [96msrc/tests/services.test.ts[0m:[93m403[0m:[93m9[0m - [91merror[0m[90m TS2353: [0mObject literal may only specify known properties, and 'userId' does not exist in type 'RescheduleRequest'.

    [7m403[0m         userId: mockUser.id,
    [7m   [0m [91m        ~~~~~~[0m
    [96msrc/tests/services.test.ts[0m:[93m410[0m:[93m21[0m - [91merror[0m[90m TS2339: [0mProperty 'status' does not exist on type 'RescheduleResult'.

    [7m410[0m       expect(result.status).toBe('approved');
    [7m   [0m [91m                    ~~~~~~[0m
    [96msrc/tests/services.test.ts[0m:[93m411[0m:[93m21[0m - [91merror[0m[90m TS2339: [0mProperty 'customerNotified' does not exist on type 'RescheduleResult'.

    [7m411[0m       expect(result.customerNotified).toBe(true);
    [7m   [0m [91m                    ~~~~~~~~~~~~~~~~[0m
    [96msrc/tests/services.test.ts[0m:[93m427[0m:[93m9[0m - [91merror[0m[90m TS2353: [0mObject literal may only specify known properties, and 'userId' does not exist in type 'RescheduleRequest'.

    [7m427[0m         userId: mockUser.id,
    [7m   [0m [91m        ~~~~~~[0m
    [96msrc/tests/services.test.ts[0m:[93m445[0m:[93m9[0m - [91merror[0m[90m TS2353: [0mObject literal may only specify known properties, and 'userId' does not exist in type 'RescheduleRequest'.

    [7m445[0m         userId: mockUser.id,
    [7m   [0m [91m        ~~~~~~[0m
    [96msrc/tests/services.test.ts[0m:[93m471[0m:[93m9[0m - [91merror[0m[90m TS2353: [0mObject literal may only specify known properties, and 'userId' does not exist in type 'RescheduleRequest'.

    [7m471[0m         userId: mockUser.id,
    [7m   [0m [91m        ~~~~~~[0m
    [96msrc/tests/services.test.ts[0m:[93m509[0m:[93m50[0m - [91merror[0m[90m TS2339: [0mProperty 'processNoShow' does not exist on type 'typeof NoShowHandlingService'.

    [7m509[0m       const result = await NoShowHandlingService.processNoShow({
    [7m   [0m [91m                                                 ~~~~~~~~~~~~~[0m
    [96msrc/tests/services.test.ts[0m:[93m551[0m:[93m50[0m - [91merror[0m[90m TS2339: [0mProperty 'processNoShow' does not exist on type 'typeof NoShowHandlingService'.

    [7m551[0m       const result = await NoShowHandlingService.processNoShow({
    [7m   [0m [91m                                                 ~~~~~~~~~~~~~[0m
    [96msrc/tests/services.test.ts[0m:[93m584[0m:[93m50[0m - [91merror[0m[90m TS2339: [0mProperty 'processNoShow' does not exist on type 'typeof NoShowHandlingService'.

    [7m584[0m       const result = await NoShowHandlingService.processNoShow({
    [7m   [0m [91m                                                 ~~~~~~~~~~~~~[0m
    [96msrc/tests/services.test.ts[0m:[93m597[0m:[93m42[0m - [91merror[0m[90m TS2339: [0mProperty 'processNoShow' does not exist on type 'typeof NoShowHandlingService'.

    [7m597[0m       await expect(NoShowHandlingService.processNoShow({
    [7m   [0m [91m                                         ~~~~~~~~~~~~~[0m
    [96msrc/tests/services.test.ts[0m:[93m607[0m:[93m42[0m - [91merror[0m[90m TS2339: [0mProperty 'processNoShow' does not exist on type 'typeof NoShowHandlingService'.

    [7m607[0m       await expect(NoShowHandlingService.processNoShow({
    [7m   [0m [91m                                         ~~~~~~~~~~~~~[0m
    [96msrc/tests/services.test.ts[0m:[93m649[0m:[93m9[0m - [91merror[0m[90m TS2322: [0mType 'string' is not assignable to type 'Error'.

    [7m649[0m         originalError: 'Payment failed',
    [7m   [0m [91m        ~~~~~~~~~~~~~[0m

      [96msrc/services/errorRecoveryService.ts[0m:[93m49[0m:[93m3[0m
        [7m49[0m   originalError: Error;
        [7m  [0m [96m  ~~~~~~~~~~~~~[0m
        The expected type comes from property 'originalError' which is declared here on type 'ErrorContext'
    [96msrc/tests/services.test.ts[0m:[93m654[0m:[93m29[0m - [91merror[0m[90m TS2339: [0mProperty 'actionsTaken' does not exist on type 'ErrorRecoveryResult'.

    [7m654[0m       expect(recoveryResult.actionsTaken).toContain('customer_notification_scheduled');
    [7m   [0m [91m                            ~~~~~~~~~~~~[0m
    [96msrc/tests/services.test.ts[0m:[93m657[0m:[93m26[0m - [91merror[0m[90m TS2339: [0mProperty 'actionsTaken' does not exist on type 'ErrorRecoveryResult'.

    [7m657[0m       if (recoveryResult.actionsTaken?.includes('customer_notification_scheduled')) {
    [7m   [0m [91m                         ~~~~~~~~~~~~[0m
    [96msrc/tests/services.test.ts[0m:[93m659[0m:[93m11[0m - [91merror[0m[90m TS2322: [0mType '"payment_failed"' is not assignable to type 'NotificationType'.

    [7m659[0m           type: 'payment_failed',
    [7m   [0m [91m          ~~~~[0m

      [96msrc/services/notificationService.ts[0m:[93m20[0m:[93m3[0m
        [7m20[0m   type: NotificationType;
        [7m  [0m [96m  ~~~~[0m
        The expected type comes from property 'type' which is declared here on type 'NotificationRequest'
    [96msrc/tests/services.test.ts[0m:[93m664[0m:[93m11[0m - [91merror[0m[90m TS2322: [0mType 'string | undefined' is not assignable to type 'string'.
      Type 'undefined' is not assignable to type 'string'.

    [7m664[0m           customerPhone: mockUser.phone,
    [7m   [0m [91m          ~~~~~~~~~~~~~[0m

      [96msrc/services/notificationService.ts[0m:[93m18[0m:[93m3[0m
        [7m18[0m   customerPhone: string;
        [7m  [0m [96m  ~~~~~~~~~~~~~[0m
        The expected type comes from property 'customerPhone' which is declared here on type 'NotificationRequest'
    [96msrc/tests/services.test.ts[0m:[93m667[0m:[93m53[0m - [91merror[0m[90m TS2339: [0mProperty 'recoveryLogId' does not exist on type 'ErrorRecoveryResult'.

    [7m667[0m           metadata: { recoveryLogId: recoveryResult.recoveryLogId }
    [7m   [0m [91m                                                    ~~~~~~~~~~~~~[0m
    [96msrc/tests/services.test.ts[0m:[93m689[0m:[93m9[0m - [91merror[0m[90m TS2353: [0mObject literal may only specify known properties, and 'userId' does not exist in type 'RescheduleRequest'.

    [7m689[0m         userId: mockUser.id,
    [7m   [0m [91m        ~~~~~~[0m
    [96msrc/tests/services.test.ts[0m:[93m709[0m:[93m56[0m - [91merror[0m[90m TS2339: [0mProperty 'processNoShow' does not exist on type 'typeof NoShowHandlingService'.

    [7m709[0m       const noShowResult = await NoShowHandlingService.processNoShow({
    [7m   [0m [91m                                                       ~~~~~~~~~~~~~[0m
    [96msrc/tests/services.test.ts[0m:[93m737[0m:[93m9[0m - [91merror[0m[90m TS2322: [0mType 'string' is not assignable to type 'Error'.

    [7m737[0m         originalError: 'Performance test',
    [7m   [0m [91m        ~~~~~~~~~~~~~[0m

      [96msrc/services/errorRecoveryService.ts[0m:[93m49[0m:[93m3[0m
        [7m49[0m   originalError: Error;
        [7m  [0m [96m  ~~~~~~~~~~~~~[0m
        The expected type comes from property 'originalError' which is declared here on type 'ErrorContext'
    [96msrc/tests/services.test.ts[0m:[93m756[0m:[93m11[0m - [91merror[0m[90m TS2322: [0mType '"custom"' is not assignable to type 'NotificationType'.

    [7m756[0m           type: 'custom',
    [7m   [0m [91m          ~~~~[0m

      [96msrc/services/notificationService.ts[0m:[93m20[0m:[93m3[0m
        [7m20[0m   type: NotificationType;
        [7m  [0m [96m  ~~~~[0m
        The expected type comes from property 'type' which is declared here on type 'NotificationRequest'
    [96msrc/tests/services.test.ts[0m:[93m761[0m:[93m11[0m - [91merror[0m[90m TS2322: [0mType 'string | undefined' is not assignable to type 'string'.
      Type 'undefined' is not assignable to type 'string'.

    [7m761[0m           customerPhone: mockUser.phone,
    [7m   [0m [91m          ~~~~~~~~~~~~~[0m

      [96msrc/services/notificationService.ts[0m:[93m18[0m:[93m3[0m
        [7m18[0m   customerPhone: string;
        [7m  [0m [96m  ~~~~~~~~~~~~~[0m
        The expected type comes from property 'customerPhone' which is declared here on type 'NotificationRequest'

FAIL src/__tests__/integration/crossRoleWorkflows.test.ts
  ● Test suite failed to run

    [96msrc/__tests__/integration/crossRoleWorkflows.test.ts[0m:[93m10[0m:[93m1[0m - [91merror[0m[90m TS6133: [0m'systemHealth' is declared but its value is never read.

    [7m10[0m import { systemHealth } from '../../monitoring/systemHealth';
    [7m  [0m [91m~~~~~~~~~~~~~~~~~~~~~~~~~~~~~~~~~~~~~~~~~~~~~~~~~~~~~~~~~~~~~[0m
    [96msrc/__tests__/integration/crossRoleWorkflows.test.ts[0m:[93m11[0m:[93m1[0m - [91merror[0m[90m TS6133: [0m'performanceMonitoring' is declared but its value is never read.

    [7m11[0m import { performanceMonitoring } from '../../monitoring/performanceMonitoring';
    [7m  [0m [91m~~~~~~~~~~~~~~~~~~~~~~~~~~~~~~~~~~~~~~~~~~~~~~~~~~~~~~~~~~~~~~~~~~~~~~~~~~~~~~~[0m
    [96msrc/__tests__/integration/crossRoleWorkflows.test.ts[0m:[93m75[0m:[93m32[0m - [91merror[0m[90m TS2339: [0mProperty 'raw' does not exist on type 'SupabaseClient<any, "public", any>'.

    [7m75[0m             quantity: supabase.raw(`quantity + ${update.quantity_delta}`),
    [7m  [0m [91m                               ~~~[0m
    [96msrc/__tests__/integration/crossRoleWorkflows.test.ts[0m:[93m107[0m:[93m21[0m - [91merror[0m[90m TS6133: [0m'systemOverview' is declared but its value is never read.

    [7m107[0m       const { data: systemOverview, error: systemError } = await supabase
    [7m   [0m [91m                    ~~~~~~~~~~~~~~[0m
    [96msrc/__tests__/integration/crossRoleWorkflows.test.ts[0m:[93m152[0m:[93m63[0m - [91merror[0m[90m TS6133: [0m'i' is declared but its value is never read.

    [7m152[0m       const concurrentUpdates = Array.from({ length: 5 }, (_, i) =>
    [7m   [0m [91m                                                              ~[0m
    [96msrc/__tests__/integration/crossRoleWorkflows.test.ts[0m:[93m156[0m:[93m32[0m - [91merror[0m[90m TS2339: [0mProperty 'raw' does not exist on type 'SupabaseClient<any, "public", any>'.

    [7m156[0m             quantity: supabase.raw('quantity - 1'),
    [7m   [0m [91m                               ~~~[0m
    [96msrc/__tests__/integration/crossRoleWorkflows.test.ts[0m:[93m254[0m:[93m21[0m - [91merror[0m[90m TS6133: [0m'campaignMetrics' is declared but its value is never read.

    [7m254[0m       const { data: campaignMetrics, error: metricsError } = await supabase
    [7m   [0m [91m                    ~~~~~~~~~~~~~~~[0m
    [96msrc/__tests__/integration/crossRoleWorkflows.test.ts[0m:[93m344[0m:[93m22[0m - [91merror[0m[90m TS2532: [0mObject is possibly 'undefined'.

    [7m344[0m         sales: await this.collectSalesData(),
    [7m   [0m [91m                     ~~~~[0m
    [96msrc/__tests__/integration/crossRoleWorkflows.test.ts[0m:[93m345[0m:[93m26[0m - [91merror[0m[90m TS2532: [0mObject is possibly 'undefined'.

    [7m345[0m         inventory: await this.collectInventoryData(),
    [7m   [0m [91m                         ~~~~[0m
    [96msrc/__tests__/integration/crossRoleWorkflows.test.ts[0m:[93m346[0m:[93m26[0m - [91merror[0m[90m TS2532: [0mObject is possibly 'undefined'.

    [7m346[0m         marketing: await this.collectMarketingData(),
    [7m   [0m [91m                         ~~~~[0m
    [96msrc/__tests__/integration/crossRoleWorkflows.test.ts[0m:[93m347[0m:[93m25[0m - [91merror[0m[90m TS2532: [0mObject is possibly 'undefined'.

    [7m347[0m         customer: await this.collectCustomerData(),
    [7m   [0m [91m                        ~~~~[0m
    [96msrc/__tests__/integration/crossRoleWorkflows.test.ts[0m:[93m351[0m:[93m39[0m - [91merror[0m[90m TS2532: [0mObject is possibly 'undefined'.

    [7m351[0m       const aggregatedMetrics = await this.processAnalyticsData(operationalData);
    [7m   [0m [91m                                      ~~~~[0m
    [96msrc/__tests__/integration/crossRoleWorkflows.test.ts[0m:[93m354[0m:[93m40[0m - [91merror[0m[90m TS2532: [0mObject is possibly 'undefined'.

    [7m354[0m       const executiveDashboard = await this.prepareExecutiveDashboard(aggregatedMetrics);
    [7m   [0m [91m                                       ~~~~[0m
    [96msrc/__tests__/integration/crossRoleWorkflows.test.ts[0m:[93m363[0m:[93m37[0m - [91merror[0m[90m TS2532: [0mObject is possibly 'undefined'.

    [7m363[0m       const realTimeUpdates = await this.validateRealTimeUpdates();
    [7m   [0m [91m                                    ~~~~[0m
    [96msrc/__tests__/integration/crossRoleWorkflows.test.ts[0m:[93m407[0m:[93m30[0m - [91merror[0m[90m TS2532: [0mObject is possibly 'undefined'.

    [7m407[0m       const insights = await this.generateBusinessInsights();
    [7m   [0m [91m                             ~~~~[0m
    [96msrc/__tests__/integration/crossRoleWorkflows.test.ts[0m:[93m434[0m:[93m18[0m - [91merror[0m[90m TS6198: [0mAll destructured elements are unused.

    [7m434[0m       for (const { role, operation } of roleOperations) {
    [7m   [0m [91m                 ~~~~~~~~~~~~~~~~~~~[0m
    [96msrc/__tests__/integration/crossRoleWorkflows.test.ts[0m:[93m500[0m:[93m39[0m - [91merror[0m[90m TS2532: [0mObject is possibly 'undefined'.

    [7m500[0m           offlineOperations.map(op => this.syncOfflineOperation(op))
    [7m   [0m [91m                                      ~~~~[0m
    [96msrc/__tests__/integration/crossRoleWorkflows.test.ts[0m:[93m516[0m:[93m9[0m - [91merror[0m[90m TS2532: [0mObject is possibly 'undefined'.

    [7m516[0m         this.simulateUserSession(`user-${i}`)
    [7m   [0m [91m        ~~~~[0m
    [96msrc/__tests__/integration/crossRoleWorkflows.test.ts[0m:[93m531[0m:[93m45[0m - [91merror[0m[90m TS2532: [0mObject is possibly 'undefined'.

    [7m531[0m         ...Array.from({ length: 20 }, () => this.simulateCustomerActivity()),
    [7m   [0m [91m                                            ~~~~[0m
    [96msrc/__tests__/integration/crossRoleWorkflows.test.ts[0m:[93m532[0m:[93m44[0m - [91merror[0m[90m TS2532: [0mObject is possibly 'undefined'.

    [7m532[0m         ...Array.from({ length: 5 }, () => this.simulateStaffActivity()),
    [7m   [0m [91m                                           ~~~~[0m
    [96msrc/__tests__/integration/crossRoleWorkflows.test.ts[0m:[93m533[0m:[93m44[0m - [91merror[0m[90m TS2532: [0mObject is possibly 'undefined'.

    [7m533[0m         ...Array.from({ length: 2 }, () => this.simulateAdminActivity()),
    [7m   [0m [91m                                           ~~~~[0m
    [96msrc/__tests__/integration/crossRoleWorkflows.test.ts[0m:[93m549[0m:[93m18[0m - [91merror[0m[90m TS6133: [0m'collectSalesData' is declared but its value is never read.

    [7m549[0m   async function collectSalesData(): Promise<any> {
    [7m   [0m [91m                 ~~~~~~~~~~~~~~~~[0m
    [96msrc/__tests__/integration/crossRoleWorkflows.test.ts[0m:[93m558[0m:[93m18[0m - [91merror[0m[90m TS6133: [0m'collectInventoryData' is declared but its value is never read.

    [7m558[0m   async function collectInventoryData(): Promise<any> {
    [7m   [0m [91m                 ~~~~~~~~~~~~~~~~~~~~[0m
    [96msrc/__tests__/integration/crossRoleWorkflows.test.ts[0m:[93m566[0m:[93m18[0m - [91merror[0m[90m TS6133: [0m'collectMarketingData' is declared but its value is never read.

    [7m566[0m   async function collectMarketingData(): Promise<any> {
    [7m   [0m [91m                 ~~~~~~~~~~~~~~~~~~~~[0m
    [96msrc/__tests__/integration/crossRoleWorkflows.test.ts[0m:[93m574[0m:[93m18[0m - [91merror[0m[90m TS6133: [0m'collectCustomerData' is declared but its value is never read.

    [7m574[0m   async function collectCustomerData(): Promise<any> {
    [7m   [0m [91m                 ~~~~~~~~~~~~~~~~~~~[0m
    [96msrc/__tests__/integration/crossRoleWorkflows.test.ts[0m:[93m589[0m:[93m18[0m - [91merror[0m[90m TS6133: [0m'processAnalyticsData' is declared but its value is never read.

    [7m589[0m   async function processAnalyticsData(data: any): Promise<any> {
    [7m   [0m [91m                 ~~~~~~~~~~~~~~~~~~~~[0m
    [96msrc/__tests__/integration/crossRoleWorkflows.test.ts[0m:[93m599[0m:[93m18[0m - [91merror[0m[90m TS6133: [0m'prepareExecutiveDashboard' is declared but its value is never read.

    [7m599[0m   async function prepareExecutiveDashboard(metrics: any): Promise<any> {
    [7m   [0m [91m                 ~~~~~~~~~~~~~~~~~~~~~~~~~[0m
    [96msrc/__tests__/integration/crossRoleWorkflows.test.ts[0m:[93m620[0m:[93m18[0m - [91merror[0m[90m TS6133: [0m'validateRealTimeUpdates' is declared but its value is never read.

    [7m620[0m   async function validateRealTimeUpdates(): Promise<{ success: boolean }> {
    [7m   [0m [91m                 ~~~~~~~~~~~~~~~~~~~~~~~[0m
    [96msrc/__tests__/integration/crossRoleWorkflows.test.ts[0m:[93m625[0m:[93m18[0m - [91merror[0m[90m TS6133: [0m'generateBusinessInsights' is declared but its value is never read.

    [7m625[0m   async function generateBusinessInsights(): Promise<any> {
    [7m   [0m [91m                 ~~~~~~~~~~~~~~~~~~~~~~~~[0m
    [96msrc/__tests__/integration/crossRoleWorkflows.test.ts[0m:[93m648[0m:[93m18[0m - [91merror[0m[90m TS6133: [0m'syncOfflineOperation' is declared but its value is never read.

    [7m648[0m   async function syncOfflineOperation(operation: any): Promise<boolean> {
    [7m   [0m [91m                 ~~~~~~~~~~~~~~~~~~~~[0m
    [96msrc/__tests__/integration/crossRoleWorkflows.test.ts[0m:[93m648[0m:[93m39[0m - [91merror[0m[90m TS6133: [0m'operation' is declared but its value is never read.

    [7m648[0m   async function syncOfflineOperation(operation: any): Promise<boolean> {
    [7m   [0m [91m                                      ~~~~~~~~~[0m
    [96msrc/__tests__/integration/crossRoleWorkflows.test.ts[0m:[93m654[0m:[93m18[0m - [91merror[0m[90m TS6133: [0m'simulateUserSession' is declared but its value is never read.

    [7m654[0m   async function simulateUserSession(userId: string): Promise<boolean> {
    [7m   [0m [91m                 ~~~~~~~~~~~~~~~~~~~[0m
    [96msrc/__tests__/integration/crossRoleWorkflows.test.ts[0m:[93m671[0m:[93m18[0m - [91merror[0m[90m TS6133: [0m'simulateCustomerActivity' is declared but its value is never read.

    [7m671[0m   async function simulateCustomerActivity(): Promise<boolean> {
    [7m   [0m [91m                 ~~~~~~~~~~~~~~~~~~~~~~~~[0m
    [96msrc/__tests__/integration/crossRoleWorkflows.test.ts[0m:[93m677[0m:[93m18[0m - [91merror[0m[90m TS6133: [0m'simulateStaffActivity' is declared but its value is never read.

    [7m677[0m   async function simulateStaffActivity(): Promise<boolean> {
    [7m   [0m [91m                 ~~~~~~~~~~~~~~~~~~~~~[0m
    [96msrc/__tests__/integration/crossRoleWorkflows.test.ts[0m:[93m683[0m:[93m18[0m - [91merror[0m[90m TS6133: [0m'simulateAdminActivity' is declared but its value is never read.

    [7m683[0m   async function simulateAdminActivity(): Promise<boolean> {
    [7m   [0m [91m                 ~~~~~~~~~~~~~~~~~~~~~[0m
    [96msrc/__tests__/integration/crossRoleWorkflows.test.ts[0m:[93m689[0m:[93m32[0m - [91merror[0m[90m TS6133: [0m'userId' is declared but its value is never read.

    [7m689[0m   async function simulateLogin(userId: string): Promise<void> {
    [7m   [0m [91m                               ~~~~~~[0m
    [96msrc/__tests__/integration/crossRoleWorkflows.test.ts[0m:[93m694[0m:[93m35[0m - [91merror[0m[90m TS6133: [0m'userId' is declared but its value is never read.

    [7m694[0m   async function simulateBrowsing(userId: string): Promise<void> {
    [7m   [0m [91m                                  ~~~~~~[0m
    [96msrc/__tests__/integration/crossRoleWorkflows.test.ts[0m:[93m699[0m:[93m41[0m - [91merror[0m[90m TS6133: [0m'userId' is declared but its value is never read.

    [7m699[0m   async function simulateCartOperations(userId: string): Promise<void> {
    [7m   [0m [91m                                        ~~~~~~[0m
    [96msrc/__tests__/integration/crossRoleWorkflows.test.ts[0m:[93m704[0m:[93m35[0m - [91merror[0m[90m TS6133: [0m'userId' is declared but its value is never read.

    [7m704[0m   async function simulateCheckout(userId: string): Promise<void> {
    [7m   [0m [91m                                  ~~~~~~[0m

FAIL src/services/executive/__tests__/executiveDashboardIntegration.test.ts
  ● Test suite failed to run

    [96msrc/services/executive/__tests__/executiveDashboardIntegration.test.ts[0m:[93m5[0m:[93m39[0m - [91merror[0m[90m TS2307: [0mCannot find module '../../rolePermissionService' or its corresponding type declarations.

    [7m5[0m import { RolePermissionService } from '../../rolePermissionService';
    [7m [0m [91m                                      ~~~~~~~~~~~~~~~~~~~~~~~~~~~~~[0m
    [96msrc/services/executive/__tests__/executiveDashboardIntegration.test.ts[0m:[93m75[0m:[93m11[0m - [91merror[0m[90m TS2774: [0mThis condition will always return true since this function is always defined. Did you mean to call it instead?

    [7m75[0m       if (servicesAvailable.metrics) {
    [7m  [0m [91m          ~~~~~~~~~~~~~~~~~~~~~~~~~[0m
    [96msrc/services/executive/__tests__/executiveDashboardIntegration.test.ts[0m:[93m85[0m:[93m11[0m - [91merror[0m[90m TS2554: [0mExpected 4-5 arguments, but got 6.

    [7m85[0m           testUserId
    [7m  [0m [91m          ~~~~~~~~~~[0m
    [96msrc/services/executive/__tests__/executiveDashboardIntegration.test.ts[0m:[93m97[0m:[93m13[0m - [91merror[0m[90m TS2561: [0mObject literal may only specify known properties, but 'insightType' does not exist in type '{ insight_type?: "correlation" | "trend" | "anomaly" | "recommendation" | undefined; date_range?: string | undefined; min_confidence?: number | undefined; include_recommendations?: boolean | undefined; include_statistical_validation?: boolean | undefined; data_sources?: string[] | undefined; }'. Did you mean to write 'insight_type'?

    [7m97[0m             insightType: 'trend',
    [7m  [0m [91m            ~~~~~~~~~~~[0m
    [96msrc/services/executive/__tests__/executiveDashboardIntegration.test.ts[0m:[93m105[0m:[93m28[0m - [91merror[0m[90m TS2339: [0mProperty 'success' does not exist on type '{ insights: BusinessIntelligenceTransform[]; metadata: { totalInsights: number; averageConfidence: number; generatedAt: string; }; }'.

    [7m105[0m         if (insightsResult.success) {
    [7m   [0m [91m                           ~~~~~~~[0m
    [96msrc/services/executive/__tests__/executiveDashboardIntegration.test.ts[0m:[93m106[0m:[93m33[0m - [91merror[0m[90m TS2339: [0mProperty 'data' does not exist on type '{ insights: BusinessIntelligenceTransform[]; metadata: { totalInsights: number; averageConfidence: number; generatedAt: string; }; }'.

    [7m106[0m           expect(insightsResult.data?.insights).toBeDefined();
    [7m   [0m [91m                                ~~~~[0m
    [96msrc/services/executive/__tests__/executiveDashboardIntegration.test.ts[0m:[93m111[0m:[93m63[0m - [91merror[0m[90m TS2339: [0mProperty 'getStrategicReports' does not exist on type 'typeof StrategicReportingService'.

    [7m111[0m         const reportsResult = await StrategicReportingService.getStrategicReports(
    [7m   [0m [91m                                                              ~~~~~~~~~~~~~~~~~~~[0m
    [96msrc/services/executive/__tests__/executiveDashboardIntegration.test.ts[0m:[93m126[0m:[93m66[0m - [91merror[0m[90m TS2339: [0mProperty 'getPredictiveForecasts' does not exist on type 'typeof PredictiveAnalyticsService'.

    [7m126[0m         const forecastsResult = await PredictiveAnalyticsService.getPredictiveForecasts(
    [7m   [0m [91m                                                                 ~~~~~~~~~~~~~~~~~~~~~~[0m
    [96msrc/services/executive/__tests__/executiveDashboardIntegration.test.ts[0m:[93m157[0m:[93m15[0m - [91merror[0m[90m TS2561: [0mObject literal may only specify known properties, but 'dataSources' does not exist in type '{ data_sources: string[]; }'. Did you mean to write 'data_sources'?

    [7m157[0m               dataSources: ['metrics', 'forecasts', 'reports'],
    [7m   [0m [91m              ~~~~~~~~~~~[0m
    [96msrc/services/executive/__tests__/executiveDashboardIntegration.test.ts[0m:[93m165[0m:[93m33[0m - [91merror[0m[90m TS2339: [0mProperty 'success' does not exist on type '{ correlationStrength: number; correlationCoefficient: number; statisticalSignificance: number; sampleSize: number; analysisType: string; } | { correlations: any[]; insights: any[]; statisticalSignificance: number; confidence: number; }'.
      Property 'success' does not exist on type '{ correlationStrength: number; correlationCoefficient: number; statisticalSignificance: number; sampleSize: number; analysisType: string; }'.

    [7m165[0m           if (correlationResult.success) {
    [7m   [0m [91m                                ~~~~~~~[0m
    [96msrc/services/executive/__tests__/executiveDashboardIntegration.test.ts[0m:[93m166[0m:[93m38[0m - [91merror[0m[90m TS2339: [0mProperty 'data' does not exist on type '{ correlationStrength: number; correlationCoefficient: number; statisticalSignificance: number; sampleSize: number; analysisType: string; } | { correlations: any[]; insights: any[]; statisticalSignificance: number; confidence: number; }'.
      Property 'data' does not exist on type '{ correlationStrength: number; correlationCoefficient: number; statisticalSignificance: number; sampleSize: number; analysisType: string; }'.

    [7m166[0m             expect(correlationResult.data?.correlations).toBeDefined();
    [7m   [0m [91m                                     ~~~~[0m
    [96msrc/services/executive/__tests__/executiveDashboardIntegration.test.ts[0m:[93m167[0m:[93m38[0m - [91merror[0m[90m TS2339: [0mProperty 'data' does not exist on type '{ correlationStrength: number; correlationCoefficient: number; statisticalSignificance: number; sampleSize: number; analysisType: string; } | { correlations: any[]; insights: any[]; statisticalSignificance: number; confidence: number; }'.
      Property 'data' does not exist on type '{ correlationStrength: number; correlationCoefficient: number; statisticalSignificance: number; sampleSize: number; analysisType: string; }'.

    [7m167[0m             expect(correlationResult.data?.insights).toBeDefined();
    [7m   [0m [91m                                     ~~~~[0m
    [96msrc/services/executive/__tests__/executiveDashboardIntegration.test.ts[0m:[93m182[0m:[93m60[0m - [91merror[0m[90m TS2339: [0mProperty 'subscribeToMetricsUpdates' does not exist on type 'typeof BusinessMetricsService'.

    [7m182[0m       if (BusinessMetricsService && BusinessMetricsService.subscribeToMetricsUpdates) {
    [7m   [0m [91m                                                           ~~~~~~~~~~~~~~~~~~~~~~~~~[0m
    [96msrc/services/executive/__tests__/executiveDashboardIntegration.test.ts[0m:[93m183[0m:[93m65[0m - [91merror[0m[90m TS2339: [0mProperty 'subscribeToMetricsUpdates' does not exist on type 'typeof BusinessMetricsService'.

    [7m183[0m         const subscriptionResult = await BusinessMetricsService.subscribeToMetricsUpdates(
    [7m   [0m [91m                                                                ~~~~~~~~~~~~~~~~~~~~~~~~~[0m
    [96msrc/services/executive/__tests__/executiveDashboardIntegration.test.ts[0m:[93m205[0m:[93m60[0m - [91merror[0m[90m TS2339: [0mProperty 'getKPIMetrics' does not exist on type 'typeof BusinessMetricsService'.

    [7m205[0m       if (BusinessMetricsService && BusinessMetricsService.getKPIMetrics) {
    [7m   [0m [91m                                                           ~~~~~~~~~~~~~[0m
    [96msrc/services/executive/__tests__/executiveDashboardIntegration.test.ts[0m:[93m206[0m:[93m56[0m - [91merror[0m[90m TS2339: [0mProperty 'getKPIMetrics' does not exist on type 'typeof BusinessMetricsService'.

    [7m206[0m         const kpiResult = await BusinessMetricsService.getKPIMetrics(
    [7m   [0m [91m                                                       ~~~~~~~~~~~~~[0m
    [96msrc/services/executive/__tests__/executiveDashboardIntegration.test.ts[0m:[93m228[0m:[93m70[0m - [91merror[0m[90m TS2339: [0mProperty 'monitorKPIThresholds' does not exist on type 'typeof BusinessIntelligenceService'.

    [7m228[0m       if (BusinessIntelligenceService && BusinessIntelligenceService.monitorKPIThresholds) {
    [7m   [0m [91m                                                                     ~~~~~~~~~~~~~~~~~~~~[0m
    [96msrc/services/executive/__tests__/executiveDashboardIntegration.test.ts[0m:[93m229[0m:[93m63[0m - [91merror[0m[90m TS2339: [0mProperty 'monitorKPIThresholds' does not exist on type 'typeof BusinessIntelligenceService'.

    [7m229[0m         const alertResult = await BusinessIntelligenceService.monitorKPIThresholds(
    [7m   [0m [91m                                                              ~~~~~~~~~~~~~~~~~~~~[0m
    [96msrc/services/executive/__tests__/executiveDashboardIntegration.test.ts[0m:[93m252[0m:[93m68[0m - [91merror[0m[90m TS2339: [0mProperty 'analyzeKPITrends' does not exist on type 'typeof PredictiveAnalyticsService'.

    [7m252[0m       if (PredictiveAnalyticsService && PredictiveAnalyticsService.analyzeKPITrends) {
    [7m   [0m [91m                                                                   ~~~~~~~~~~~~~~~~[0m
    [96msrc/services/executive/__tests__/executiveDashboardIntegration.test.ts[0m:[93m253[0m:[93m62[0m - [91merror[0m[90m TS2339: [0mProperty 'analyzeKPITrends' does not exist on type 'typeof PredictiveAnalyticsService'.

    [7m253[0m         const trendResult = await PredictiveAnalyticsService.analyzeKPITrends(
    [7m   [0m [91m                                                             ~~~~~~~~~~~~~~~~[0m
    [96msrc/services/executive/__tests__/executiveDashboardIntegration.test.ts[0m:[93m277[0m:[93m66[0m - [91merror[0m[90m TS2339: [0mProperty 'generateStrategicRecommendations' does not exist on type 'typeof StrategicReportingService'.

    [7m277[0m       if (StrategicReportingService && StrategicReportingService.generateStrategicRecommendations) {
    [7m   [0m [91m                                                                 ~~~~~~~~~~~~~~~~~~~~~~~~~~~~~~~~[0m
    [96msrc/services/executive/__tests__/executiveDashboardIntegration.test.ts[0m:[93m278[0m:[93m70[0m - [91merror[0m[90m TS2339: [0mProperty 'generateStrategicRecommendations' does not exist on type 'typeof StrategicReportingService'.

    [7m278[0m         const recommendationResult = await StrategicReportingService.generateStrategicRecommendations(
    [7m   [0m [91m                                                                     ~~~~~~~~~~~~~~~~~~~~~~~~~~~~~~~~[0m
    [96msrc/services/executive/__tests__/executiveDashboardIntegration.test.ts[0m:[93m300[0m:[93m70[0m - [91merror[0m[90m TS2339: [0mProperty 'analyzeMarketConditions' does not exist on type 'typeof BusinessIntelligenceService'.

    [7m300[0m       if (BusinessIntelligenceService && BusinessIntelligenceService.analyzeMarketConditions) {
    [7m   [0m [91m                                                                     ~~~~~~~~~~~~~~~~~~~~~~~[0m
    [96msrc/services/executive/__tests__/executiveDashboardIntegration.test.ts[0m:[93m301[0m:[93m66[0m - [91merror[0m[90m TS2339: [0mProperty 'analyzeMarketConditions' does not exist on type 'typeof BusinessIntelligenceService'.

    [7m301[0m         const marketAnalysis = await BusinessIntelligenceService.analyzeMarketConditions(
    [7m   [0m [91m                                                                 ~~~~~~~~~~~~~~~~~~~~~~~[0m
    [96msrc/services/executive/__tests__/executiveDashboardIntegration.test.ts[0m:[93m323[0m:[93m68[0m - [91merror[0m[90m TS2339: [0mProperty 'runScenarioAnalysis' does not exist on type 'typeof PredictiveAnalyticsService'.

    [7m323[0m       if (PredictiveAnalyticsService && PredictiveAnalyticsService.runScenarioAnalysis) {
    [7m   [0m [91m                                                                   ~~~~~~~~~~~~~~~~~~~[0m
    [96msrc/services/executive/__tests__/executiveDashboardIntegration.test.ts[0m:[93m324[0m:[93m65[0m - [91merror[0m[90m TS2339: [0mProperty 'runScenarioAnalysis' does not exist on type 'typeof PredictiveAnalyticsService'.

    [7m324[0m         const scenarioResult = await PredictiveAnalyticsService.runScenarioAnalysis(
    [7m   [0m [91m                                                                ~~~~~~~~~~~~~~~~~~~[0m
    [96msrc/services/executive/__tests__/executiveDashboardIntegration.test.ts[0m:[93m350[0m:[93m66[0m - [91merror[0m[90m TS2339: [0mProperty 'generateExecutiveReport' does not exist on type 'typeof StrategicReportingService'.

    [7m350[0m       if (StrategicReportingService && StrategicReportingService.generateExecutiveReport) {
    [7m   [0m [91m                                                                 ~~~~~~~~~~~~~~~~~~~~~~~[0m
    [96msrc/services/executive/__tests__/executiveDashboardIntegration.test.ts[0m:[93m351[0m:[93m62[0m - [91merror[0m[90m TS2339: [0mProperty 'generateExecutiveReport' does not exist on type 'typeof StrategicReportingService'.

    [7m351[0m         const reportResult = await StrategicReportingService.generateExecutiveReport(
    [7m   [0m [91m                                                             ~~~~~~~~~~~~~~~~~~~~~~~[0m
    [96msrc/services/executive/__tests__/executiveDashboardIntegration.test.ts[0m:[93m374[0m:[93m66[0m - [91merror[0m[90m TS2339: [0mProperty 'generateBoardPresentation' does not exist on type 'typeof StrategicReportingService'.

    [7m374[0m       if (StrategicReportingService && StrategicReportingService.generateBoardPresentation) {
    [7m   [0m [91m                                                                 ~~~~~~~~~~~~~~~~~~~~~~~~~[0m
    [96msrc/services/executive/__tests__/executiveDashboardIntegration.test.ts[0m:[93m375[0m:[93m68[0m - [91merror[0m[90m TS2339: [0mProperty 'generateBoardPresentation' does not exist on type 'typeof StrategicReportingService'.

    [7m375[0m         const presentationResult = await StrategicReportingService.generateBoardPresentation(
    [7m   [0m [91m                                                                   ~~~~~~~~~~~~~~~~~~~~~~~~~[0m
    [96msrc/services/executive/__tests__/executiveDashboardIntegration.test.ts[0m:[93m398[0m:[93m66[0m - [91merror[0m[90m TS2551: [0mProperty 'generateCustomReport' does not exist on type 'typeof StrategicReportingService'. Did you mean 'generateReport'?

    [7m398[0m       if (StrategicReportingService && StrategicReportingService.generateCustomReport) {
    [7m   [0m [91m                                                                 ~~~~~~~~~~~~~~~~~~~~[0m

      [96msrc/services/executive/strategicReportingService.ts[0m:[93m45[0m:[93m16[0m
        [7m45[0m   static async generateReport(
        [7m  [0m [96m               ~~~~~~~~~~~~~~[0m
        'generateReport' is declared here.
    [96msrc/services/executive/__tests__/executiveDashboardIntegration.test.ts[0m:[93m399[0m:[93m68[0m - [91merror[0m[90m TS2551: [0mProperty 'generateCustomReport' does not exist on type 'typeof StrategicReportingService'. Did you mean 'generateReport'?

    [7m399[0m         const customReportResult = await StrategicReportingService.generateCustomReport(
    [7m   [0m [91m                                                                   ~~~~~~~~~~~~~~~~~~~~[0m

      [96msrc/services/executive/strategicReportingService.ts[0m:[93m45[0m:[93m16[0m
        [7m45[0m   static async generateReport(
        [7m  [0m [96m               ~~~~~~~~~~~~~~[0m
        'generateReport' is declared here.
    [96msrc/services/executive/__tests__/executiveDashboardIntegration.test.ts[0m:[93m430[0m:[93m60[0m - [91merror[0m[90m TS2551: [0mProperty 'getBusinessMetrics' does not exist on type 'typeof BusinessMetricsService'. Did you mean 'aggregateBusinessMetrics'?

    [7m430[0m       if (BusinessMetricsService && BusinessMetricsService.getBusinessMetrics) {
    [7m   [0m [91m                                                           ~~~~~~~~~~~~~~~~~~[0m

      [96msrc/services/executive/businessMetricsService.ts[0m:[93m73[0m:[93m16[0m
        [7m73[0m   static async aggregateBusinessMetrics(
        [7m  [0m [96m               ~~~~~~~~~~~~~~~~~~~~~~~~[0m
        'aggregateBusinessMetrics' is declared here.
    [96msrc/services/executive/__tests__/executiveDashboardIntegration.test.ts[0m:[93m432[0m:[93m62[0m - [91merror[0m[90m TS2551: [0mProperty 'getBusinessMetrics' does not exist on type 'typeof BusinessMetricsService'. Did you mean 'aggregateBusinessMetrics'?

    [7m432[0m           const metricsResult = await BusinessMetricsService.getBusinessMetrics(
    [7m   [0m [91m                                                             ~~~~~~~~~~~~~~~~~~[0m

      [96msrc/services/executive/businessMetricsService.ts[0m:[93m73[0m:[93m16[0m
        [7m73[0m   static async aggregateBusinessMetrics(
        [7m  [0m [96m               ~~~~~~~~~~~~~~~~~~~~~~~~[0m
        'aggregateBusinessMetrics' is declared here.
    [96msrc/services/executive/__tests__/executiveDashboardIntegration.test.ts[0m:[93m445[0m:[93m15[0m - [91merror[0m[90m TS2561: [0mObject literal may only specify known properties, but 'insightType' does not exist in type '{ insight_type?: "correlation" | "trend" | "anomaly" | "recommendation" | undefined; date_range?: string | undefined; min_confidence?: number | undefined; include_recommendations?: boolean | undefined; include_statistical_validation?: boolean | undefined; data_sources?: string[] | undefined; }'. Did you mean to write 'insight_type'?

    [7m445[0m             { insightType: 'trend' },
    [7m   [0m [91m              ~~~~~~~~~~~[0m
    [96msrc/services/executive/__tests__/executiveDashboardIntegration.test.ts[0m:[93m460[0m:[93m60[0m - [91merror[0m[90m TS2551: [0mProperty 'getBusinessMetrics' does not exist on type 'typeof BusinessMetricsService'. Did you mean 'aggregateBusinessMetrics'?

    [7m460[0m       if (BusinessMetricsService && BusinessMetricsService.getBusinessMetrics) {
    [7m   [0m [91m                                                           ~~~~~~~~~~~~~~~~~~[0m

      [96msrc/services/executive/businessMetricsService.ts[0m:[93m73[0m:[93m16[0m
        [7m73[0m   static async aggregateBusinessMetrics(
        [7m  [0m [96m               ~~~~~~~~~~~~~~~~~~~~~~~~[0m
        'aggregateBusinessMetrics' is declared here.
    [96msrc/services/executive/__tests__/executiveDashboardIntegration.test.ts[0m:[93m461[0m:[93m61[0m - [91merror[0m[90m TS2551: [0mProperty 'getBusinessMetrics' does not exist on type 'typeof BusinessMetricsService'. Did you mean 'aggregateBusinessMetrics'?

    [7m461[0m         const invalidRequest = await BusinessMetricsService.getBusinessMetrics(
    [7m   [0m [91m                                                            ~~~~~~~~~~~~~~~~~~[0m

      [96msrc/services/executive/businessMetricsService.ts[0m:[93m73[0m:[93m16[0m
        [7m73[0m   static async aggregateBusinessMetrics(
        [7m  [0m [96m               ~~~~~~~~~~~~~~~~~~~~~~~~[0m
        'aggregateBusinessMetrics' is declared here.
    [96msrc/services/executive/__tests__/executiveDashboardIntegration.test.ts[0m:[93m483[0m:[93m70[0m - [91merror[0m[90m TS2339: [0mProperty 'testCircuitBreaker' does not exist on type 'typeof BusinessIntelligenceService'.

    [7m483[0m       if (BusinessIntelligenceService && BusinessIntelligenceService.testCircuitBreaker) {
    [7m   [0m [91m                                                                     ~~~~~~~~~~~~~~~~~~[0m
    [96msrc/services/executive/__tests__/executiveDashboardIntegration.test.ts[0m:[93m484[0m:[93m70[0m - [91merror[0m[90m TS2339: [0mProperty 'testCircuitBreaker' does not exist on type 'typeof BusinessIntelligenceService'.

    [7m484[0m         const circuitBreakerTest = await BusinessIntelligenceService.testCircuitBreaker(
    [7m   [0m [91m                                                                     ~~~~~~~~~~~~~~~~~~[0m
    [96msrc/services/executive/__tests__/executiveDashboardIntegration.test.ts[0m:[93m506[0m:[93m69[0m - [91merror[0m[90m TS6133: [0m'userId' is declared but its value is never read.

    [7m506[0m       RolePermissionService.hasPermission.mockImplementation(async (userId, permission) => {
    [7m   [0m [91m                                                                    ~~~~~~[0m
    [96msrc/services/executive/__tests__/executiveDashboardIntegration.test.ts[0m:[93m506[0m:[93m69[0m - [91merror[0m[90m TS7006: [0mParameter 'userId' implicitly has an 'any' type.

    [7m506[0m       RolePermissionService.hasPermission.mockImplementation(async (userId, permission) => {
    [7m   [0m [91m                                                                    ~~~~~~[0m
    [96msrc/services/executive/__tests__/executiveDashboardIntegration.test.ts[0m:[93m506[0m:[93m77[0m - [91merror[0m[90m TS7006: [0mParameter 'permission' implicitly has an 'any' type.

    [7m506[0m       RolePermissionService.hasPermission.mockImplementation(async (userId, permission) => {
    [7m   [0m [91m                                                                            ~~~~~~~~~~[0m
    [96msrc/services/executive/__tests__/executiveDashboardIntegration.test.ts[0m:[93m511[0m:[93m66[0m - [91merror[0m[90m TS2339: [0mProperty 'generateExecutiveReport' does not exist on type 'typeof StrategicReportingService'.

    [7m511[0m       if (StrategicReportingService && StrategicReportingService.generateExecutiveReport) {
    [7m   [0m [91m                                                                 ~~~~~~~~~~~~~~~~~~~~~~~[0m
    [96msrc/services/executive/__tests__/executiveDashboardIntegration.test.ts[0m:[93m512[0m:[93m62[0m - [91merror[0m[90m TS2339: [0mProperty 'generateExecutiveReport' does not exist on type 'typeof StrategicReportingService'.

    [7m512[0m         const reportResult = await StrategicReportingService.generateExecutiveReport(
    [7m   [0m [91m                                                             ~~~~~~~~~~~~~~~~~~~~~~~[0m
    [96msrc/services/executive/__tests__/executiveDashboardIntegration.test.ts[0m:[93m535[0m:[93m69[0m - [91merror[0m[90m TS6133: [0m'userId' is declared but its value is never read.

    [7m535[0m       RolePermissionService.hasPermission.mockImplementation(async (userId, permission) => {
    [7m   [0m [91m                                                                    ~~~~~~[0m
    [96msrc/services/executive/__tests__/executiveDashboardIntegration.test.ts[0m:[93m535[0m:[93m69[0m - [91merror[0m[90m TS7006: [0mParameter 'userId' implicitly has an 'any' type.

    [7m535[0m       RolePermissionService.hasPermission.mockImplementation(async (userId, permission) => {
    [7m   [0m [91m                                                                    ~~~~~~[0m
    [96msrc/services/executive/__tests__/executiveDashboardIntegration.test.ts[0m:[93m535[0m:[93m77[0m - [91merror[0m[90m TS7006: [0mParameter 'permission' implicitly has an 'any' type.

    [7m535[0m       RolePermissionService.hasPermission.mockImplementation(async (userId, permission) => {
    [7m   [0m [91m                                                                            ~~~~~~~~~~[0m
    [96msrc/services/executive/__tests__/executiveDashboardIntegration.test.ts[0m:[93m540[0m:[93m60[0m - [91merror[0m[90m TS2339: [0mProperty 'getFinancialMetrics' does not exist on type 'typeof BusinessMetricsService'.

    [7m540[0m       if (BusinessMetricsService && BusinessMetricsService.getFinancialMetrics) {
    [7m   [0m [91m                                                           ~~~~~~~~~~~~~~~~~~~[0m
    [96msrc/services/executive/__tests__/executiveDashboardIntegration.test.ts[0m:[93m541[0m:[93m62[0m - [91merror[0m[90m TS2339: [0mProperty 'getFinancialMetrics' does not exist on type 'typeof BusinessMetricsService'.

    [7m541[0m         const financialResult = await BusinessMetricsService.getFinancialMetrics(
    [7m   [0m [91m                                                             ~~~~~~~~~~~~~~~~~~~[0m
    [96msrc/services/executive/__tests__/executiveDashboardIntegration.test.ts[0m:[93m568[0m:[93m60[0m - [91merror[0m[90m TS2339: [0mProperty 'aggregateLargeDatasets' does not exist on type 'typeof BusinessMetricsService'.

    [7m568[0m       if (BusinessMetricsService && BusinessMetricsService.aggregateLargeDatasets) {
    [7m   [0m [91m                                                           ~~~~~~~~~~~~~~~~~~~~~~[0m
    [96msrc/services/executive/__tests__/executiveDashboardIntegration.test.ts[0m:[93m571[0m:[93m64[0m - [91merror[0m[90m TS2339: [0mProperty 'aggregateLargeDatasets' does not exist on type 'typeof BusinessMetricsService'.

    [7m571[0m         const aggregationResult = await BusinessMetricsService.aggregateLargeDatasets(
    [7m   [0m [91m                                                               ~~~~~~~~~~~~~~~~~~~~~~[0m
    [96msrc/services/executive/__tests__/executiveDashboardIntegration.test.ts[0m:[93m601[0m:[93m60[0m - [91merror[0m[90m TS2339: [0mProperty 'getDashboardMetrics' does not exist on type 'typeof BusinessMetricsService'.

    [7m601[0m       if (BusinessMetricsService && BusinessMetricsService.getDashboardMetrics) {
    [7m   [0m [91m                                                           ~~~~~~~~~~~~~~~~~~~[0m
    [96msrc/services/executive/__tests__/executiveDashboardIntegration.test.ts[0m:[93m602[0m:[93m46[0m - [91merror[0m[90m TS2339: [0mProperty 'getDashboardMetrics' does not exist on type 'typeof BusinessMetricsService'.

    [7m602[0m         promises.push(BusinessMetricsService.getDashboardMetrics({}, testUserId));
    [7m   [0m [91m                                             ~~~~~~~~~~~~~~~~~~~[0m
    [96msrc/services/executive/__tests__/executiveDashboardIntegration.test.ts[0m:[93m605[0m:[93m70[0m - [91merror[0m[90m TS2339: [0mProperty 'getDashboardInsights' does not exist on type 'typeof BusinessIntelligenceService'.

    [7m605[0m       if (BusinessIntelligenceService && BusinessIntelligenceService.getDashboardInsights) {
    [7m   [0m [91m                                                                     ~~~~~~~~~~~~~~~~~~~~[0m
    [96msrc/services/executive/__tests__/executiveDashboardIntegration.test.ts[0m:[93m606[0m:[93m51[0m - [91merror[0m[90m TS2339: [0mProperty 'getDashboardInsights' does not exist on type 'typeof BusinessIntelligenceService'.

    [7m606[0m         promises.push(BusinessIntelligenceService.getDashboardInsights({}, testUserId));
    [7m   [0m [91m                                                  ~~~~~~~~~~~~~~~~~~~~[0m
    [96msrc/services/executive/__tests__/executiveDashboardIntegration.test.ts[0m:[93m609[0m:[93m66[0m - [91merror[0m[90m TS2339: [0mProperty 'getDashboardReports' does not exist on type 'typeof StrategicReportingService'.

    [7m609[0m       if (StrategicReportingService && StrategicReportingService.getDashboardReports) {
    [7m   [0m [91m                                                                 ~~~~~~~~~~~~~~~~~~~[0m
    [96msrc/services/executive/__tests__/executiveDashboardIntegration.test.ts[0m:[93m610[0m:[93m49[0m - [91merror[0m[90m TS2339: [0mProperty 'getDashboardReports' does not exist on type 'typeof StrategicReportingService'.

    [7m610[0m         promises.push(StrategicReportingService.getDashboardReports({}, testUserId));
    [7m   [0m [91m                                                ~~~~~~~~~~~~~~~~~~~[0m
    [96msrc/services/executive/__tests__/executiveDashboardIntegration.test.ts[0m:[93m619[0m:[93m25[0m - [91merror[0m[90m TS7006: [0mParameter 'result' implicitly has an 'any' type.

    [7m619[0m         results.forEach(result => {
    [7m   [0m [91m                        ~~~~~~[0m
    [96msrc/services/executive/__tests__/executiveDashboardIntegration.test.ts[0m:[93m632[0m:[93m70[0m - [91merror[0m[90m TS2339: [0mProperty 'manageDashboardCache' does not exist on type 'typeof BusinessIntelligenceService'.

    [7m632[0m       if (BusinessIntelligenceService && BusinessIntelligenceService.manageDashboardCache) {
    [7m   [0m [91m                                                                     ~~~~~~~~~~~~~~~~~~~~[0m
    [96msrc/services/executive/__tests__/executiveDashboardIntegration.test.ts[0m:[93m633[0m:[93m63[0m - [91merror[0m[90m TS2339: [0mProperty 'manageDashboardCache' does not exist on type 'typeof BusinessIntelligenceService'.

    [7m633[0m         const cacheResult = await BusinessIntelligenceService.manageDashboardCache(
    [7m   [0m [91m                                                              ~~~~~~~~~~~~~~~~~~~~[0m

FAIL src/screens/role-based/__tests__/PermissionManagementScreen.test.tsx
  ● Test suite failed to run

    [96msrc/screens/role-based/__tests__/PermissionManagementScreen.test.tsx[0m:[93m14[0m:[93m39[0m - [91merror[0m[90m TS2307: [0mCannot find module '../../../services/role-based/rolePermissionService' or its corresponding type declarations.

    [7m14[0m import { RolePermissionService } from '../../../services/role-based/rolePermissionService';
    [7m  [0m [91m                                      ~~~~~~~~~~~~~~~~~~~~~~~~~~~~~~~~~~~~~~~~~~~~~~~~~~~~[0m
    [96msrc/screens/role-based/__tests__/PermissionManagementScreen.test.tsx[0m:[93m114[0m:[93m9[0m - [91merror[0m[90m TS2322: [0mType '"admin"' is not assignable to type 'UserRole'.

    [7m114[0m         role: 'admin',
    [7m   [0m [91m        ~~~~[0m
    [96msrc/screens/role-based/__tests__/PermissionManagementScreen.test.tsx[0m:[93m150[0m:[93m39[0m - [91merror[0m[90m TS2345: [0mArgument of type '{ data: null; isLoading: true; error: null; refetch: jest.Mock<any, any, any>; }' is not assignable to parameter of type '{ role: RoleData | null | undefined; hasPermission: (permission: string) => Promise<boolean>; queryKey: readonly [EntityType, "user", string] | readonly [EntityType, string, "user", string]; ... 25 more ...; promise: Promise<...>; } | ... 4 more ... | { ...; }'.
      Types of property 'isLoading' are incompatible.
        Type 'true' is not assignable to type 'false'.

    [7m150[0m       mockUseUserRole.mockReturnValue({
    [7m   [0m [91m                                      ~[0m
    [7m151[0m         data: null,
    [7m   [0m [91m~~~~~~~~~~~~~~~~~~~[0m
    [7m...[0m 
    [7m154[0m         refetch: jest.fn(),
    [7m   [0m [91m~~~~~~~~~~~~~~~~~~~~~~~~~~~[0m
    [7m155[0m       });
    [7m   [0m [91m~~~~~~~[0m
    [96msrc/screens/role-based/__tests__/PermissionManagementScreen.test.tsx[0m:[93m169[0m:[93m11[0m - [91merror[0m[90m TS2322: [0mType '"customer"' is not assignable to type 'UserRole'.

    [7m169[0m           role: 'customer',
    [7m   [0m [91m          ~~~~[0m
    [96msrc/screens/role-based/__tests__/PermissionManagementScreen.test.tsx[0m:[93m191[0m:[93m11[0m - [91merror[0m[90m TS2322: [0mType '"customer"' is not assignable to type 'UserRole'.

    [7m191[0m           role: 'customer',
    [7m   [0m [91m          ~~~~[0m
    [96msrc/screens/role-based/__tests__/PermissionManagementScreen.test.tsx[0m:[93m213[0m:[93m11[0m - [91merror[0m[90m TS2322: [0mType '"admin"' is not assignable to type 'UserRole'.

    [7m213[0m           role: 'admin',
    [7m   [0m [91m          ~~~~[0m
    [96msrc/screens/role-based/__tests__/PermissionManagementScreen.test.tsx[0m:[93m643[0m:[93m11[0m - [91merror[0m[90m TS2322: [0mType '"admin"' is not assignable to type 'UserRole'.

    [7m643[0m           role: 'admin',
    [7m   [0m [91m          ~~~~[0m

FAIL src/__tests__/analytics/validationMonitorReport.test.ts
  ● Test suite failed to run

    [96msrc/__tests__/analytics/validationMonitorReport.test.ts[0m:[93m68[0m:[93m27[0m - [91merror[0m[90m TS2339: [0mProperty 'clearMetrics' does not exist on type 'Mocked<typeof ValidationMonitor>'.

    [7m68[0m     mockValidationMonitor.clearMetrics();
    [7m  [0m [91m                          ~~~~~~~~~~~~[0m
    [96msrc/__tests__/analytics/validationMonitorReport.test.ts[0m:[93m97[0m:[93m52[0m - [91merror[0m[90m TS2345: [0mArgument of type '{ service: string; pattern: string; operation: string; performanceMs: number; }' is not assignable to parameter of type '{ service?: string | undefined; pattern: "direct_supabase_query" | "statistical_calculation" | "atomic_operation" | "resilient_processing" | "direct_schema_validation" | "transformation_schema" | ... 21 more ... | "calculate_confidence_intervals"; operation?: string | undefined; context?: string | undefined; descrip...'.
      Types of property 'pattern' are incompatible.
        Type 'string' is not assignable to type '"direct_supabase_query" | "statistical_calculation" | "atomic_operation" | "resilient_processing" | "direct_schema_validation" | "transformation_schema" | "simple_input_validation" | ... 20 more ... | "calculate_confidence_intervals"'.

    [7m97[0m         mockValidationMonitor.recordPatternSuccess(op);
    [7m  [0m [91m                                                   ~~[0m
    [96msrc/__tests__/analytics/validationMonitorReport.test.ts[0m:[93m109[0m:[93m52[0m - [91merror[0m[90m TS2339: [0mProperty 'getSuccessMetrics' does not exist on type 'Mocked<typeof ValidationMonitor>'.

    [7m109[0m       const successMetrics = mockValidationMonitor.getSuccessMetrics();
    [7m   [0m [91m                                                   ~~~~~~~~~~~~~~~~~[0m
    [96msrc/__tests__/analytics/validationMonitorReport.test.ts[0m:[93m136[0m:[93m52[0m - [91merror[0m[90m TS2345: [0mArgument of type '{ service: string; pattern: string; operation: string; performanceMs: number; }' is not assignable to parameter of type '{ service?: string | undefined; pattern: "direct_supabase_query" | "statistical_calculation" | "atomic_operation" | "resilient_processing" | "direct_schema_validation" | "transformation_schema" | ... 21 more ... | "calculate_confidence_intervals"; operation?: string | undefined; context?: string | undefined; descrip...'.
      Types of property 'pattern' are incompatible.
        Type 'string' is not assignable to type '"direct_supabase_query" | "statistical_calculation" | "atomic_operation" | "resilient_processing" | "direct_schema_validation" | "transformation_schema" | "simple_input_validation" | ... 20 more ... | "calculate_confidence_intervals"'.

    [7m136[0m         mockValidationMonitor.recordPatternSuccess(op);
    [7m   [0m [91m                                                   ~~[0m
    [96msrc/__tests__/analytics/validationMonitorReport.test.ts[0m:[93m180[0m:[93m52[0m - [91merror[0m[90m TS2345: [0mArgument of type '{ service: string; pattern: string; operation: string; performanceMs: number; }' is not assignable to parameter of type '{ service?: string | undefined; pattern: "direct_supabase_query" | "statistical_calculation" | "atomic_operation" | "resilient_processing" | "direct_schema_validation" | "transformation_schema" | ... 21 more ... | "calculate_confidence_intervals"; operation?: string | undefined; context?: string | undefined; descrip...'.
      Types of property 'pattern' are incompatible.
        Type 'string' is not assignable to type '"direct_supabase_query" | "statistical_calculation" | "atomic_operation" | "resilient_processing" | "direct_schema_validation" | "transformation_schema" | "simple_input_validation" | ... 20 more ... | "calculate_confidence_intervals"'.

    [7m180[0m         mockValidationMonitor.recordPatternSuccess(op);
    [7m   [0m [91m                                                   ~~[0m
    [96msrc/__tests__/analytics/validationMonitorReport.test.ts[0m:[93m186[0m:[93m36[0m - [91merror[0m[90m TS6133: [0m'op' is declared but its value is never read.

    [7m186[0m       historicalOperations.forEach(op => {
    [7m   [0m [91m                                   ~~[0m
    [96msrc/__tests__/analytics/validationMonitorReport.test.ts[0m:[93m224[0m:[93m52[0m - [91merror[0m[90m TS2345: [0mArgument of type '{ service: string; pattern: string; operation: string; performanceMs: number; }' is not assignable to parameter of type '{ service?: string | undefined; pattern: "direct_supabase_query" | "statistical_calculation" | "atomic_operation" | "resilient_processing" | "direct_schema_validation" | "transformation_schema" | ... 21 more ... | "calculate_confidence_intervals"; operation?: string | undefined; context?: string | undefined; descrip...'.
      Types of property 'pattern' are incompatible.
        Type 'string' is not assignable to type '"direct_supabase_query" | "statistical_calculation" | "atomic_operation" | "resilient_processing" | "direct_schema_validation" | "transformation_schema" | "simple_input_validation" | ... 20 more ... | "calculate_confidence_intervals"'.

    [7m224[0m         mockValidationMonitor.recordPatternSuccess(op);
    [7m   [0m [91m                                                   ~~[0m
    [96msrc/__tests__/analytics/validationMonitorReport.test.ts[0m:[93m268[0m:[93m53[0m - [91merror[0m[90m TS2345: [0mArgument of type '{ context: string; errorCode: string; validationPattern: string; errorMessage: string; }' is not assignable to parameter of type 'ValidationErrorDetails'.
      Types of property 'validationPattern' are incompatible.
        Type 'string' is not assignable to type '"direct_supabase_query" | "statistical_calculation" | "atomic_operation" | "resilient_processing" | "transformation_schema" | "database_schema" | "generate_business_insights" | ... 11 more ... | undefined'.

    [7m268[0m         mockValidationMonitor.recordValidationError(error);
    [7m   [0m [91m                                                    ~~~~~[0m
    [96msrc/__tests__/analytics/validationMonitorReport.test.ts[0m:[93m279[0m:[93m50[0m - [91merror[0m[90m TS2551: [0mProperty 'getErrorMetrics' does not exist on type 'Mocked<typeof ValidationMonitor>'. Did you mean 'getMetrics'?

    [7m279[0m       const errorMetrics = mockValidationMonitor.getErrorMetrics();
    [7m   [0m [91m                                                 ~~~~~~~~~~~~~~~[0m

      [96msrc/utils/validationMonitor.ts[0m:[93m241[0m:[93m10[0m
        [7m241[0m   static getMetrics(): ValidationMetrics {
        [7m   [0m [96m         ~~~~~~~~~~[0m
        'getMetrics' is declared here.
    [96msrc/__tests__/analytics/validationMonitorReport.test.ts[0m:[93m301[0m:[93m53[0m - [91merror[0m[90m TS2345: [0mArgument of type '{ context: string; errorCode: string; validationPattern: string; errorMessage: string; }' is not assignable to parameter of type 'ValidationErrorDetails'.
      Types of property 'validationPattern' are incompatible.
        Type 'string' is not assignable to type '"direct_supabase_query" | "statistical_calculation" | "atomic_operation" | "resilient_processing" | "transformation_schema" | "database_schema" | "generate_business_insights" | ... 11 more ... | undefined'.

    [7m301[0m         mockValidationMonitor.recordValidationError(error);
    [7m   [0m [91m                                                    ~~~~~[0m
    [96msrc/__tests__/analytics/validationMonitorReport.test.ts[0m:[93m307[0m:[93m50[0m - [91merror[0m[90m TS2551: [0mProperty 'getErrorMetrics' does not exist on type 'Mocked<typeof ValidationMonitor>'. Did you mean 'getMetrics'?

    [7m307[0m       const errorMetrics = mockValidationMonitor.getErrorMetrics();
    [7m   [0m [91m                                                 ~~~~~~~~~~~~~~~[0m

      [96msrc/utils/validationMonitor.ts[0m:[93m241[0m:[93m10[0m
        [7m241[0m   static getMetrics(): ValidationMetrics {
        [7m   [0m [96m         ~~~~~~~~~~[0m
        'getMetrics' is declared here.
    [96msrc/__tests__/analytics/validationMonitorReport.test.ts[0m:[93m342[0m:[93m52[0m - [91merror[0m[90m TS2345: [0mArgument of type '{ service: string; pattern: string; operation: string; performanceMs: number; }' is not assignable to parameter of type '{ service?: string | undefined; pattern: "direct_supabase_query" | "statistical_calculation" | "atomic_operation" | "resilient_processing" | "direct_schema_validation" | "transformation_schema" | ... 21 more ... | "calculate_confidence_intervals"; operation?: string | undefined; context?: string | undefined; descrip...'.
      Types of property 'pattern' are incompatible.
        Type 'string' is not assignable to type '"direct_supabase_query" | "statistical_calculation" | "atomic_operation" | "resilient_processing" | "direct_schema_validation" | "transformation_schema" | "simple_input_validation" | ... 20 more ... | "calculate_confidence_intervals"'.

    [7m342[0m         mockValidationMonitor.recordPatternSuccess(op);
    [7m   [0m [91m                                                   ~~[0m
    [96msrc/__tests__/analytics/validationMonitorReport.test.ts[0m:[93m387[0m:[93m52[0m - [91merror[0m[90m TS2345: [0mArgument of type '{ service: string; pattern: string; operation: string; performanceMs: number; }' is not assignable to parameter of type '{ service?: string | undefined; pattern: "direct_supabase_query" | "statistical_calculation" | "atomic_operation" | "resilient_processing" | "direct_schema_validation" | "transformation_schema" | ... 21 more ... | "calculate_confidence_intervals"; operation?: string | undefined; context?: string | undefined; descrip...'.
      Types of property 'pattern' are incompatible.
        Type 'string' is not assignable to type '"direct_supabase_query" | "statistical_calculation" | "atomic_operation" | "resilient_processing" | "direct_schema_validation" | "transformation_schema" | "simple_input_validation" | ... 20 more ... | "calculate_confidence_intervals"'.

    [7m387[0m         mockValidationMonitor.recordPatternSuccess(op);
    [7m   [0m [91m                                                   ~~[0m
    [96msrc/__tests__/analytics/validationMonitorReport.test.ts[0m:[93m415[0m:[93m11[0m - [91merror[0m[90m TS2322: [0mType '"performance_tracking"' is not assignable to type '"direct_supabase_query" | "statistical_calculation" | "atomic_operation" | "resilient_processing" | "direct_schema_validation" | "transformation_schema" | "simple_input_validation" | ... 20 more ... | "calculate_confidence_intervals"'.

    [7m415[0m           pattern: 'performance_tracking',
    [7m   [0m [91m          ~~~~~~~[0m

      [96msrc/utils/validationMonitor.ts[0m:[93m185[0m:[93m5[0m
        [7m185[0m     pattern: 'direct_schema_validation' | 'transformation_schema' | 'simple_input_validation' | 'direct_supabase_query' | 'statistical_calculation' | 'database_schema' | 'atomic_operation' | 'resilient_processing' | 'generate_business_insights' | 'get_insights_by_impact' | 'correlate_business_data' | 'update_insight_status' | 'get_insight_recommendations' | 'detect_anomalies' | 'get_metrics_by_category' | 'generate_correlation_analysis' | 'update_metric_values' | 'batch_process_metrics' | 'generate_strategic_report' | 'schedule_strategic_report' | 'get_report_data' | 'export_report_data' | 'update_report_config' | 'generate_predictive_forecast' | 'validate_model_accuracy' | 'update_forecast_data' | 'get_forecast_by_type' | 'calculate_confidence_intervals';
        [7m   [0m [96m    ~~~~~~~[0m
        The expected type comes from property 'pattern' which is declared here on type '{ service?: string | undefined; pattern: "direct_supabase_query" | "statistical_calculation" | "atomic_operation" | "resilient_processing" | "direct_schema_validation" | "transformation_schema" | ... 21 more ... | "calculate_confidence_intervals"; operation?: string | undefined; context?: string | undefined; descrip...'
    [96msrc/__tests__/analytics/validationMonitorReport.test.ts[0m:[93m446[0m:[93m82[0m - [91merror[0m[90m TS2345: [0mArgument of type '{ service: string; pattern: string; operation: string; performanceMs: number; }' is not assignable to parameter of type '{ service?: string | undefined; pattern: "direct_supabase_query" | "statistical_calculation" | "atomic_operation" | "resilient_processing" | "direct_schema_validation" | "transformation_schema" | ... 21 more ... | "calculate_confidence_intervals"; operation?: string | undefined; context?: string | undefined; descrip...'.
      Types of property 'pattern' are incompatible.
        Type 'string' is not assignable to type '"direct_supabase_query" | "statistical_calculation" | "atomic_operation" | "resilient_processing" | "direct_schema_validation" | "transformation_schema" | "simple_input_validation" | ... 20 more ... | "calculate_confidence_intervals"'.

    [7m446[0m       sessionOperations.forEach(op => mockValidationMonitor.recordPatternSuccess(op));
    [7m   [0m [91m                                                                                 ~~[0m
    [96msrc/__tests__/analytics/validationMonitorReport.test.ts[0m:[93m450[0m:[93m44[0m - [91merror[0m[90m TS2339: [0mProperty 'generateReport' does not exist on type 'Mocked<typeof ValidationMonitor>'.

    [7m450[0m       const report = mockValidationMonitor.generateReport();
    [7m   [0m [91m                                           ~~~~~~~~~~~~~~[0m
    [96msrc/__tests__/analytics/validationMonitorReport.test.ts[0m:[93m486[0m:[93m50[0m - [91merror[0m[90m TS2551: [0mProperty 'getErrorMetrics' does not exist on type 'Mocked<typeof ValidationMonitor>'. Did you mean 'getMetrics'?

    [7m486[0m       const errorMetrics = mockValidationMonitor.getErrorMetrics();
    [7m   [0m [91m                                                 ~~~~~~~~~~~~~~~[0m

      [96msrc/utils/validationMonitor.ts[0m:[93m241[0m:[93m10[0m
        [7m241[0m   static getMetrics(): ValidationMetrics {
        [7m   [0m [96m         ~~~~~~~~~~[0m
        'getMetrics' is declared here.
    [96msrc/__tests__/analytics/validationMonitorReport.test.ts[0m:[93m505[0m:[93m51[0m - [91merror[0m[90m TS2345: [0mArgument of type '{ context: string; errorCode: string; errorMessage: string; service?: undefined; pattern?: undefined; operation?: undefined; performanceMs?: undefined; } | { service: string; pattern: string; operation: string; performanceMs: number; context?: undefined; errorCode?: undefined; errorMessage?: undefined; }' is not assignable to parameter of type 'ValidationErrorDetails'.
      Type '{ service: string; pattern: string; operation: string; performanceMs: number; context?: undefined; errorCode?: undefined; errorMessage?: undefined; }' is not assignable to type 'ValidationErrorDetails'.
        Types of property 'context' are incompatible.
          Type 'undefined' is not assignable to type 'string'.

    [7m505[0m       mockValidationMonitor.recordValidationError(failureAndRecovery[0]);
    [7m   [0m [91m                                                  ~~~~~~~~~~~~~~~~~~~~~[0m
    [96msrc/__tests__/analytics/validationMonitorReport.test.ts[0m:[93m506[0m:[93m51[0m - [91merror[0m[90m TS2345: [0mArgument of type '{ context: string; errorCode: string; errorMessage: string; service?: undefined; pattern?: undefined; operation?: undefined; performanceMs?: undefined; } | { service: string; pattern: string; operation: string; performanceMs: number; context?: undefined; errorCode?: undefined; errorMessage?: undefined; }' is not assignable to parameter of type 'ValidationErrorDetails'.
      Type '{ service: string; pattern: string; operation: string; performanceMs: number; context?: undefined; errorCode?: undefined; errorMessage?: undefined; }' is not assignable to type 'ValidationErrorDetails'.
        Types of property 'context' are incompatible.
          Type 'undefined' is not assignable to type 'string'.

    [7m506[0m       mockValidationMonitor.recordValidationError(failureAndRecovery[1]);
    [7m   [0m [91m                                                  ~~~~~~~~~~~~~~~~~~~~~[0m
    [96msrc/__tests__/analytics/validationMonitorReport.test.ts[0m:[93m509[0m:[93m50[0m - [91merror[0m[90m TS2345: [0mArgument of type '{ context: string; errorCode: string; errorMessage: string; service?: undefined; pattern?: undefined; operation?: undefined; performanceMs?: undefined; } | { service: string; pattern: string; operation: string; performanceMs: number; context?: undefined; errorCode?: undefined; errorMessage?: undefined; }' is not assignable to parameter of type '{ service?: string | undefined; pattern: "direct_supabase_query" | "statistical_calculation" | "atomic_operation" | "resilient_processing" | "direct_schema_validation" | "transformation_schema" | ... 21 more ... | "calculate_confidence_intervals"; operation?: string | undefined; context?: string | undefined; descrip...'.
      Type '{ context: string; errorCode: string; errorMessage: string; service?: undefined; pattern?: undefined; operation?: undefined; performanceMs?: undefined; }' is not assignable to type '{ service?: string | undefined; pattern: "direct_supabase_query" | "statistical_calculation" | "atomic_operation" | "resilient_processing" | "direct_schema_validation" | "transformation_schema" | ... 21 more ... | "calculate_confidence_intervals"; operation?: string | undefined; context?: string | undefined; descrip...'.
        Types of property 'pattern' are incompatible.
          Type 'undefined' is not assignable to type '"direct_supabase_query" | "statistical_calculation" | "atomic_operation" | "resilient_processing" | "direct_schema_validation" | "transformation_schema" | "simple_input_validation" | ... 20 more ... | "calculate_confidence_intervals"'.

    [7m509[0m       mockValidationMonitor.recordPatternSuccess(failureAndRecovery[2]);
    [7m   [0m [91m                                                 ~~~~~~~~~~~~~~~~~~~~~[0m
    [96msrc/__tests__/analytics/validationMonitorReport.test.ts[0m:[93m510[0m:[93m50[0m - [91merror[0m[90m TS2345: [0mArgument of type '{ context: string; errorCode: string; errorMessage: string; service?: undefined; pattern?: undefined; operation?: undefined; performanceMs?: undefined; } | { service: string; pattern: string; operation: string; performanceMs: number; context?: undefined; errorCode?: undefined; errorMessage?: undefined; }' is not assignable to parameter of type '{ service?: string | undefined; pattern: "direct_supabase_query" | "statistical_calculation" | "atomic_operation" | "resilient_processing" | "direct_schema_validation" | "transformation_schema" | ... 21 more ... | "calculate_confidence_intervals"; operation?: string | undefined; context?: string | undefined; descrip...'.
      Type '{ context: string; errorCode: string; errorMessage: string; service?: undefined; pattern?: undefined; operation?: undefined; performanceMs?: undefined; }' is not assignable to type '{ service?: string | undefined; pattern: "direct_supabase_query" | "statistical_calculation" | "atomic_operation" | "resilient_processing" | "direct_schema_validation" | "transformation_schema" | ... 21 more ... | "calculate_confidence_intervals"; operation?: string | undefined; context?: string | undefined; descrip...'.
        Types of property 'pattern' are incompatible.
          Type 'undefined' is not assignable to type '"direct_supabase_query" | "statistical_calculation" | "atomic_operation" | "resilient_processing" | "direct_schema_validation" | "transformation_schema" | "simple_input_validation" | ... 20 more ... | "calculate_confidence_intervals"'.

    [7m510[0m       mockValidationMonitor.recordPatternSuccess(failureAndRecovery[3]);
    [7m   [0m [91m                                                 ~~~~~~~~~~~~~~~~~~~~~[0m

FAIL src/__tests__/integration/role-based/RoleIntegration.test.tsx
  ● Test suite failed to run

    [96msrc/__tests__/integration/role-based/RoleIntegration.test.tsx[0m:[93m8[0m:[93m38[0m - [91merror[0m[90m TS6133: [0m'act' is declared but its value is never read.

    [7m8[0m import { render, fireEvent, waitFor, act } from '@testing-library/react-native';
    [7m [0m [91m                                     ~~~[0m
    [96msrc/__tests__/integration/role-based/RoleIntegration.test.tsx[0m:[93m13[0m:[93m37[0m - [91merror[0m[90m TS2307: [0mCannot find module '../../../screens/role-based/RoleSelectionScreen' or its corresponding type declarations.

    [7m13[0m import { RoleSelectionScreen } from '../../../screens/role-based/RoleSelectionScreen';
    [7m  [0m [91m                                    ~~~~~~~~~~~~~~~~~~~~~~~~~~~~~~~~~~~~~~~~~~~~~~~~~[0m
    [96msrc/__tests__/integration/role-based/RoleIntegration.test.tsx[0m:[93m15[0m:[93m10[0m - [91merror[0m[90m TS2305: [0mModule '"../../../components/role-based/PermissionGate"' has no exported member 'PermissionGate'.

    [7m15[0m import { PermissionGate } from '../../../components/role-based/PermissionGate';
    [7m  [0m [91m         ~~~~~~~~~~~~~~[0m
    [96msrc/__tests__/integration/role-based/RoleIntegration.test.tsx[0m:[93m16[0m:[93m33[0m - [91merror[0m[90m TS2307: [0mCannot find module '../../../components/role-based/RoleBasedButton' or its corresponding type declarations.

    [7m16[0m import { RoleBasedButton } from '../../../components/role-based/RoleBasedButton';
    [7m  [0m [91m                                ~~~~~~~~~~~~~~~~~~~~~~~~~~~~~~~~~~~~~~~~~~~~~~~~[0m
    [96msrc/__tests__/integration/role-based/RoleIntegration.test.tsx[0m:[93m18[0m:[93m39[0m - [91merror[0m[90m TS2307: [0mCannot find module '../../../services/role-based/rolePermissionService' or its corresponding type declarations.

    [7m18[0m import { RolePermissionService } from '../../../services/role-based/rolePermissionService';
    [7m  [0m [91m                                      ~~~~~~~~~~~~~~~~~~~~~~~~~~~~~~~~~~~~~~~~~~~~~~~~~~~~[0m
    [96msrc/__tests__/integration/role-based/RoleIntegration.test.tsx[0m:[93m49[0m:[93m35[0m - [91merror[0m[90m TS2307: [0mCannot find module '../../../hooks/role-based/useRoleNavigation' or its corresponding type declarations.

    [7m49[0m import { useRoleNavigation } from '../../../hooks/role-based/useRoleNavigation';
    [7m  [0m [91m                                  ~~~~~~~~~~~~~~~~~~~~~~~~~~~~~~~~~~~~~~~~~~~~~[0m
    [96msrc/__tests__/integration/role-based/RoleIntegration.test.tsx[0m:[93m50[0m:[93m29[0m - [91merror[0m[90m TS2307: [0mCannot find module '../../../hooks/role-based/useRoleMenu' or its corresponding type declarations.

    [7m50[0m import { useRoleMenu } from '../../../hooks/role-based/useRoleMenu';
    [7m  [0m [91m                            ~~~~~~~~~~~~~~~~~~~~~~~~~~~~~~~~~~~~~~~[0m
    [96msrc/__tests__/integration/role-based/RoleIntegration.test.tsx[0m:[93m51[0m:[93m42[0m - [91merror[0m[90m TS2307: [0mCannot find module '../../../hooks/role-based/useNavigationPermissions' or its corresponding type declarations.

    [7m51[0m import { useNavigationPermissions } from '../../../hooks/role-based/useNavigationPermissions';
    [7m  [0m [91m                                         ~~~~~~~~~~~~~~~~~~~~~~~~~~~~~~~~~~~~~~~~~~~~~~~~~~~~[0m
    [96msrc/__tests__/integration/role-based/RoleIntegration.test.tsx[0m:[93m124[0m:[93m9[0m - [91merror[0m[90m TS2322: [0mType '"customer"' is not assignable to type 'UserRole'.

    [7m124[0m         role: 'customer',
    [7m   [0m [91m        ~~~~[0m
    [96msrc/__tests__/integration/role-based/RoleIntegration.test.tsx[0m:[93m265[0m:[93m28[0m - [91merror[0m[90m TS6133: [0m'queryByTestId' is declared but its value is never read.

    [7m265[0m       const { getByTestId, queryByTestId } = render(
    [7m   [0m [91m                           ~~~~~~~~~~~~~[0m
    [96msrc/__tests__/integration/role-based/RoleIntegration.test.tsx[0m:[93m308[0m:[93m11[0m - [91merror[0m[90m TS2322: [0mType '"customer"' is not assignable to type 'UserRole'.

    [7m308[0m           role: 'customer',
    [7m   [0m [91m          ~~~~[0m
    [96msrc/__tests__/integration/role-based/RoleIntegration.test.tsx[0m:[93m347[0m:[93m11[0m - [91merror[0m[90m TS2322: [0mType '"admin"' is not assignable to type 'UserRole'.

    [7m347[0m           role: 'admin',
    [7m   [0m [91m          ~~~~[0m
    [96msrc/__tests__/integration/role-based/RoleIntegration.test.tsx[0m:[93m418[0m:[93m11[0m - [91merror[0m[90m TS2322: [0mType '"customer"' is not assignable to type 'UserRole'.

    [7m418[0m           role: 'customer',
    [7m   [0m [91m          ~~~~[0m
    [96msrc/__tests__/integration/role-based/RoleIntegration.test.tsx[0m:[93m441[0m:[93m11[0m - [91merror[0m[90m TS2322: [0mType '"admin"' is not assignable to type 'UserRole'.

    [7m441[0m           role: 'admin',
    [7m   [0m [91m          ~~~~[0m
    [96msrc/__tests__/integration/role-based/RoleIntegration.test.tsx[0m:[93m509[0m:[93m42[0m - [91merror[0m[90m TS2345: [0mArgument of type '() => { data: { role: any; userId: string; }; isLoading: false; error: null; refetch: jest.Mock<any, any, any>; }' is not assignable to parameter of type '(userId?: string | undefined) => { role: RoleData | null | undefined; hasPermission: (permission: string) => Promise<boolean>; queryKey: readonly [EntityType, "user", string] | readonly [...]; ... 25 more ...; promise: Promise<...>; } | ... 4 more ... | { ...; }'.
      Type '{ data: { role: any; userId: string; }; isLoading: false; error: null; refetch: jest.Mock<any, any, any>; }' is not assignable to type '{ role: RoleData | null | undefined; hasPermission: (permission: string) => Promise<boolean>; queryKey: readonly [EntityType, "user", string] | readonly [EntityType, string, "user", string]; ... 25 more ...; promise: Promise<...>; } | ... 4 more ... | { ...; }'.
        Type '{ data: { role: any; userId: string; }; isLoading: false; error: null; refetch: jest.Mock<any, any, any>; }' is not assignable to type '{ role: RoleData | null | undefined; hasPermission: (permission: string) => Promise<boolean>; queryKey: readonly [EntityType, "user", string] | readonly [EntityType, string, "user", string]; ... 25 more ...; promise: Promise<...>; } | { ...; } | { ...; }'.
          Type '{ data: { role: any; userId: string; }; isLoading: false; error: null; refetch: Mock<any, any, any>; }' is missing the following properties from type '{ role: RoleData | null | undefined; hasPermission: (permission: string) => Promise<boolean>; queryKey: readonly [EntityType, "user", string] | readonly [EntityType, string, "user", string]; ... 25 more ...; promise: Promise<...>; }': role, hasPermission, queryKey, isError, and 21 more.

    [7m509[0m       mockUseUserRole.mockImplementation(() => ({
    [7m   [0m [91m                                         ~~~~~~~~[0m
    [7m510[0m         data: {
    [7m   [0m [91m~~~~~~~~~~~~~~~[0m
    [7m...[0m 
    [7m516[0m         refetch: jest.fn(),
    [7m   [0m [91m~~~~~~~~~~~~~~~~~~~~~~~~~~~[0m
    [7m517[0m       }));
    [7m   [0m [91m~~~~~~~~[0m
    [96msrc/__tests__/integration/role-based/RoleIntegration.test.tsx[0m:[93m584[0m:[93m39[0m - [91merror[0m[90m TS2345: [0mArgument of type '{ data: null; isLoading: false; error: Error; refetch: jest.Mock<any, any, any>; }' is not assignable to parameter of type '{ role: RoleData | null | undefined; hasPermission: (permission: string) => Promise<boolean>; queryKey: readonly [EntityType, "user", string] | readonly [EntityType, string, "user", string]; ... 25 more ...; promise: Promise<...>; } | ... 4 more ... | { ...; }'.
      Type '{ data: null; isLoading: false; error: Error; refetch: Mock<any, any, any>; }' is missing the following properties from type '{ role: RoleData | null | undefined; hasPermission: (permission: string) => Promise<boolean>; queryKey: readonly [EntityType, "user", string] | readonly [EntityType, string, "user", string]; ... 25 more ...; promise: Promise<...>; }': role, hasPermission, queryKey, isError, and 21 more.

    [7m584[0m       mockUseUserRole.mockReturnValue({
    [7m   [0m [91m                                      ~[0m
    [7m585[0m         data: null,
    [7m   [0m [91m~~~~~~~~~~~~~~~~~~~[0m
    [7m...[0m 
    [7m588[0m         refetch: jest.fn(),
    [7m   [0m [91m~~~~~~~~~~~~~~~~~~~~~~~~~~~[0m
    [7m589[0m       });
    [7m   [0m [91m~~~~~~~[0m
    [96msrc/__tests__/integration/role-based/RoleIntegration.test.tsx[0m:[93m607[0m:[93m11[0m - [91merror[0m[90m TS2322: [0mType '"customer"' is not assignable to type 'UserRole'.

    [7m607[0m           role: 'customer',
    [7m   [0m [91m          ~~~~[0m
    [96msrc/__tests__/integration/role-based/RoleIntegration.test.tsx[0m:[93m632[0m:[93m11[0m - [91merror[0m[90m TS2322: [0mType '"admin"' is not assignable to type 'UserRole'.

    [7m632[0m           role: 'admin',
    [7m   [0m [91m          ~~~~[0m
    [96msrc/__tests__/integration/role-based/RoleIntegration.test.tsx[0m:[93m712[0m:[93m11[0m - [91merror[0m[90m TS2322: [0mType '"customer"' is not assignable to type 'UserRole'.

    [7m712[0m           role: 'customer',
    [7m   [0m [91m          ~~~~[0m

FAIL src/integration/cross-role/inventorySales.integration.test.ts
  ● Test suite failed to run

    [96msrc/integration/cross-role/inventorySales.integration.test.ts[0m:[93m1[0m:[93m43[0m - [91merror[0m[90m TS2307: [0mCannot find module '@/services/integration/inventorySalesIntegration' or its corresponding type declarations.

    [7m1[0m import { inventorySalesIntegration } from '@/services/integration/inventorySalesIntegration';
    [7m [0m [91m                                          ~~~~~~~~~~~~~~~~~~~~~~~~~~~~~~~~~~~~~~~~~~~~~~~~~~[0m
    [96msrc/integration/cross-role/inventorySales.integration.test.ts[0m:[93m3[0m:[93m62[0m - [91merror[0m[90m TS2307: [0mCannot find module '@/services/integration/inventorySalesIntegration' or its corresponding type declarations.

    [7m3[0m import type { DateRange, InventoryMetric, SalesMetric } from '@/services/integration/inventorySalesIntegration';
    [7m [0m [91m                                                             ~~~~~~~~~~~~~~~~~~~~~~~~~~~~~~~~~~~~~~~~~~~~~~~~~~[0m

FAIL src/tests/allServices.test.ts
  ● Test suite failed to run

    [96msrc/services/authService.ts[0m:[93m4[0m:[93m1[0m - [91merror[0m[90m TS6192: [0mAll imports in import declaration are unused.

    [7m4[0m import type { AuthError, Session, AuthResponse } from '@supabase/supabase-js';
    [7m [0m [91m~~~~~~~~~~~~~~~~~~~~~~~~~~~~~~~~~~~~~~~~~~~~~~~~~~~~~~~~~~~~~~~~~~~~~~~~~~~~~~[0m
    [96msrc/services/authService.ts[0m:[93m7[0m:[93m3[0m - [91merror[0m[90m TS6133: [0m'LoginResponseSchema' is declared but its value is never read.

    [7m7[0m   LoginResponseSchema,
    [7m [0m [91m  ~~~~~~~~~~~~~~~~~~~[0m
    [96msrc/services/authService.ts[0m:[93m8[0m:[93m3[0m - [91merror[0m[90m TS6133: [0m'RegisterResponseSchema' is declared but its value is never read.

    [7m8[0m   RegisterResponseSchema,
    [7m [0m [91m  ~~~~~~~~~~~~~~~~~~~~~~[0m
    [96msrc/services/authService.ts[0m:[93m9[0m:[93m3[0m - [91merror[0m[90m TS6133: [0m'UpdateProfileResponseSchema' is declared but its value is never read.

    [7m9[0m   UpdateProfileResponseSchema,
    [7m [0m [91m  ~~~~~~~~~~~~~~~~~~~~~~~~~~~[0m
    [96msrc/services/authService.ts[0m:[93m10[0m:[93m3[0m - [91merror[0m[90m TS6133: [0m'RefreshTokenResponseSchema' is declared but its value is never read.

    [7m10[0m   RefreshTokenResponseSchema,
    [7m  [0m [91m  ~~~~~~~~~~~~~~~~~~~~~~~~~~[0m
    [96msrc/services/authService.ts[0m:[93m17[0m:[93m1[0m - [91merror[0m[90m TS6133: [0m'ServiceOperationResultSchema' is declared but its value is never read.

    [7m17[0m import { ServiceOperationResultSchema } from '../schemas/common.schema';
    [7m  [0m [91m~~~~~~~~~~~~~~~~~~~~~~~~~~~~~~~~~~~~~~~~~~~~~~~~~~~~~~~~~~~~~~~~~~~~~~~~[0m
    [96msrc/services/authService.ts[0m:[93m83[0m:[93m7[0m - [91merror[0m[90m TS6133: [0m'validateLoginInput' is declared but its value is never read.

    [7m83[0m const validateLoginInput = (email: string, password: string): { email: string; password: string } => {
    [7m  [0m [91m      ~~~~~~~~~~~~~~~~~~[0m
    [96msrc/services/authService.ts[0m:[93m192[0m:[93m27[0m - [91merror[0m[90m TS6133: [0m'API_BASE_URL' is declared but its value is never read.

    [7m192[0m   private static readonly API_BASE_URL = 'https://api.myfarmstand.com'; // Replace with actual API URL
    [7m   [0m [91m                          ~~~~~~~~~~~~[0m
    [96msrc/services/authService.ts[0m:[93m254[0m:[93m13[0m - [91merror[0m[90m TS6133: [0m'validatedAuthUser' is declared but its value is never read.

    [7m254[0m       const validatedAuthUser = validateSupabaseAuthUser(data.user);
    [7m   [0m [91m            ~~~~~~~~~~~~~~~~~[0m
    [96msrc/services/authService.ts[0m:[93m255[0m:[93m13[0m - [91merror[0m[90m TS6133: [0m'validatedSession' is declared but its value is never read.

    [7m255[0m       const validatedSession = validateSupabaseSession(data.session);
    [7m   [0m [91m            ~~~~~~~~~~~~~~~~[0m
    [96msrc/services/authService.ts[0m:[93m460[0m:[93m13[0m - [91merror[0m[90m TS6133: [0m'validatedSession' is declared but its value is never read.

    [7m460[0m       const validatedSession = validateSupabaseSession(session);
    [7m   [0m [91m            ~~~~~~~~~~~~~~~~[0m

FAIL src/screens/role-based/__tests__/RoleSelectionScreen.test.tsx
  ● Test suite failed to run

    [96msrc/screens/role-based/__tests__/RoleSelectionScreen.test.tsx[0m:[93m12[0m:[93m37[0m - [91merror[0m[90m TS2307: [0mCannot find module '../RoleSelectionScreen' or its corresponding type declarations.

    [7m12[0m import { RoleSelectionScreen } from '../RoleSelectionScreen';
    [7m  [0m [91m                                    ~~~~~~~~~~~~~~~~~~~~~~~~[0m
    [96msrc/screens/role-based/__tests__/RoleSelectionScreen.test.tsx[0m:[93m14[0m:[93m39[0m - [91merror[0m[90m TS2307: [0mCannot find module '../../../services/role-based/rolePermissionService' or its corresponding type declarations.

    [7m14[0m import { RolePermissionService } from '../../../services/role-based/rolePermissionService';
    [7m  [0m [91m                                      ~~~~~~~~~~~~~~~~~~~~~~~~~~~~~~~~~~~~~~~~~~~~~~~~~~~~[0m
    [96msrc/screens/role-based/__tests__/RoleSelectionScreen.test.tsx[0m:[93m45[0m:[93m35[0m - [91merror[0m[90m TS2307: [0mCannot find module '../../../hooks/role-based/useRoleNavigation' or its corresponding type declarations.

    [7m45[0m import { useRoleNavigation } from '../../../hooks/role-based/useRoleNavigation';
    [7m  [0m [91m                                  ~~~~~~~~~~~~~~~~~~~~~~~~~~~~~~~~~~~~~~~~~~~~~[0m
    [96msrc/screens/role-based/__tests__/RoleSelectionScreen.test.tsx[0m:[93m100[0m:[93m9[0m - [91merror[0m[90m TS2322: [0mType '"customer"' is not assignable to type 'UserRole'.

    [7m100[0m         role: 'customer',
    [7m   [0m [91m        ~~~~[0m
    [96msrc/screens/role-based/__tests__/RoleSelectionScreen.test.tsx[0m:[93m157[0m:[93m39[0m - [91merror[0m[90m TS2345: [0mArgument of type '{ data: null; isLoading: true; error: null; refetch: jest.Mock<any, any, any>; }' is not assignable to parameter of type '{ role: RoleData | null | undefined; hasPermission: (permission: string) => Promise<boolean>; queryKey: readonly [EntityType, "user", string] | readonly [EntityType, string, "user", string]; ... 25 more ...; promise: Promise<...>; } | ... 4 more ... | { ...; }'.
      Types of property 'isLoading' are incompatible.
        Type 'true' is not assignable to type 'false'.

    [7m157[0m       mockUseUserRole.mockReturnValue({
    [7m   [0m [91m                                      ~[0m
    [7m158[0m         data: null,
    [7m   [0m [91m~~~~~~~~~~~~~~~~~~~[0m
    [7m...[0m 
    [7m161[0m         refetch: jest.fn(),
    [7m   [0m [91m~~~~~~~~~~~~~~~~~~~~~~~~~~~[0m
    [7m162[0m       });
    [7m   [0m [91m~~~~~~~[0m
    [96msrc/screens/role-based/__tests__/RoleSelectionScreen.test.tsx[0m:[93m190[0m:[93m39[0m - [91merror[0m[90m TS2345: [0mArgument of type '{ data: null; isLoading: false; error: Error; refetch: jest.Mock<any, any, any>; }' is not assignable to parameter of type '{ role: RoleData | null | undefined; hasPermission: (permission: string) => Promise<boolean>; queryKey: readonly [EntityType, "user", string] | readonly [EntityType, string, "user", string]; ... 25 more ...; promise: Promise<...>; } | ... 4 more ... | { ...; }'.
      Type '{ data: null; isLoading: false; error: Error; refetch: Mock<any, any, any>; }' is missing the following properties from type '{ role: RoleData | null | undefined; hasPermission: (permission: string) => Promise<boolean>; queryKey: readonly [EntityType, "user", string] | readonly [EntityType, string, "user", string]; ... 25 more ...; promise: Promise<...>; }': role, hasPermission, queryKey, isError, and 21 more.

    [7m190[0m       mockUseUserRole.mockReturnValue({
    [7m   [0m [91m                                      ~[0m
    [7m191[0m         data: null,
    [7m   [0m [91m~~~~~~~~~~~~~~~~~~~[0m
    [7m...[0m 
    [7m194[0m         refetch: jest.fn(),
    [7m   [0m [91m~~~~~~~~~~~~~~~~~~~~~~~~~~~[0m
    [7m195[0m       });
    [7m   [0m [91m~~~~~~~[0m
    [96msrc/screens/role-based/__tests__/RoleSelectionScreen.test.tsx[0m:[93m211[0m:[93m11[0m - [91merror[0m[90m TS2322: [0mType '"customer"' is not assignable to type 'UserRole'.

    [7m211[0m           role: 'customer',
    [7m   [0m [91m          ~~~~[0m
    [96msrc/screens/role-based/__tests__/RoleSelectionScreen.test.tsx[0m:[93m233[0m:[93m13[0m - [91merror[0m[90m TS6133: [0m'getByTestId' is declared but its value is never read.

    [7m233[0m       const { getByTestId } = render(
    [7m   [0m [91m            ~~~~~~~~~~~~~~~[0m
    [96msrc/screens/role-based/__tests__/RoleSelectionScreen.test.tsx[0m:[93m449[0m:[93m11[0m - [91merror[0m[90m TS2322: [0mType '"customer"' is not assignable to type 'UserRole'.

    [7m449[0m           role: 'customer',
    [7m   [0m [91m          ~~~~[0m
    [96msrc/screens/role-based/__tests__/RoleSelectionScreen.test.tsx[0m:[93m642[0m:[93m39[0m - [91merror[0m[90m TS2345: [0mArgument of type '{ data: null; isLoading: false; error: Error; refetch: jest.Mock<any, any, any>; }' is not assignable to parameter of type '{ role: RoleData | null | undefined; hasPermission: (permission: string) => Promise<boolean>; queryKey: readonly [EntityType, "user", string] | readonly [EntityType, string, "user", string]; ... 25 more ...; promise: Promise<...>; } | ... 4 more ... | { ...; }'.
      Type '{ data: null; isLoading: false; error: Error; refetch: Mock<any, any, any>; }' is missing the following properties from type '{ role: RoleData | null | undefined; hasPermission: (permission: string) => Promise<boolean>; queryKey: readonly [EntityType, "user", string] | readonly [EntityType, string, "user", string]; ... 25 more ...; promise: Promise<...>; }': role, hasPermission, queryKey, isError, and 21 more.

    [7m642[0m       mockUseUserRole.mockReturnValue({
    [7m   [0m [91m                                      ~[0m
    [7m643[0m         data: null,
    [7m   [0m [91m~~~~~~~~~~~~~~~~~~~[0m
    [7m...[0m 
    [7m646[0m         refetch: mockRefetch,
    [7m   [0m [91m~~~~~~~~~~~~~~~~~~~~~~~~~~~~~[0m
    [7m647[0m       });
    [7m   [0m [91m~~~~~~~[0m
    [96msrc/screens/role-based/__tests__/RoleSelectionScreen.test.tsx[0m:[93m673[0m:[93m15[0m - [91merror[0m[90m TS2339: [0mProperty 'container' does not exist on type '{ update: (component: ReactElement<unknown, string | JSXElementConstructor<any>>) => void; unmount: () => void; rerender: (component: ReactElement<unknown, string | JSXElementConstructor<any>>) => void; ... 65 more ...; findAllByText: FindAllByQuery<...>; }'.

    [7m673[0m       const { container } = render(
    [7m   [0m [91m              ~~~~~~~~~[0m

FAIL src/__tests__/integration/performanceIntegration.test.ts
  ● Test suite failed to run

    [96msrc/__tests__/integration/performanceIntegration.test.ts[0m:[93m6[0m:[93m42[0m - [91merror[0m[90m TS2307: [0mCannot find module '../../services/marketing/marketingCampaignService' or its corresponding type declarations.

    [7m6[0m import { MarketingCampaignService } from '../../services/marketing/marketingCampaignService';
    [7m [0m [91m                                         ~~~~~~~~~~~~~~~~~~~~~~~~~~~~~~~~~~~~~~~~~~~~~~~~~~~[0m
    [96msrc/__tests__/integration/performanceIntegration.test.ts[0m:[93m7[0m:[93m38[0m - [91merror[0m[90m TS2307: [0mCannot find module '../../services/marketing/productBundleService' or its corresponding type declarations.

    [7m7[0m import { ProductBundleService } from '../../services/marketing/productBundleService';
    [7m [0m [91m                                     ~~~~~~~~~~~~~~~~~~~~~~~~~~~~~~~~~~~~~~~~~~~~~~~[0m
    [96msrc/__tests__/integration/performanceIntegration.test.ts[0m:[93m8[0m:[93m39[0m - [91merror[0m[90m TS2307: [0mCannot find module '../../services/marketing/productContentService' or its corresponding type declarations.

    [7m8[0m import { ProductContentService } from '../../services/marketing/productContentService';
    [7m [0m [91m                                      ~~~~~~~~~~~~~~~~~~~~~~~~~~~~~~~~~~~~~~~~~~~~~~~~[0m
    [96msrc/__tests__/integration/performanceIntegration.test.ts[0m:[93m45[0m:[93m7[0m - [91merror[0m[90m TS6133: [0m'mockInventoryService' is declared but its value is never read.

    [7m45[0m const mockInventoryService = InventoryService as jest.Mocked<typeof InventoryService>;
    [7m  [0m [91m      ~~~~~~~~~~~~~~~~~~~~[0m
    [96msrc/__tests__/integration/performanceIntegration.test.ts[0m:[93m46[0m:[93m7[0m - [91merror[0m[90m TS6133: [0m'mockBusinessMetricsService' is declared but its value is never read.

    [7m46[0m const mockBusinessMetricsService = BusinessMetricsService as jest.Mocked<typeof BusinessMetricsService>;
    [7m  [0m [91m      ~~~~~~~~~~~~~~~~~~~~~~~~~~[0m
    [96msrc/__tests__/integration/performanceIntegration.test.ts[0m:[93m87[0m:[93m13[0m - [91merror[0m[90m TS6133: [0m'largeContentDataset' is declared but its value is never read.

    [7m87[0m       const largeContentDataset = Array.from({ length: 1000 }, (_, i) => ({
    [7m  [0m [91m            ~~~~~~~~~~~~~~~~~~~[0m
    [96msrc/__tests__/integration/performanceIntegration.test.ts[0m:[93m199[0m:[93m53[0m - [91merror[0m[90m TS7006: [0mParameter 'r' implicitly has an 'any' type.

    [7m199[0m       const successCount = concurrentResults.filter(r => r.success).length;
    [7m   [0m [91m                                                    ~[0m
    [96msrc/__tests__/integration/performanceIntegration.test.ts[0m:[93m286[0m:[93m49[0m - [91merror[0m[90m TS7006: [0mParameter 'r' implicitly has an 'any' type.

    [7m286[0m       const successCount = uploadResults.filter(r => r.success).length;
    [7m   [0m [91m                                                ~[0m
    [96msrc/__tests__/integration/performanceIntegration.test.ts[0m:[93m334[0m:[93m13[0m - [91merror[0m[90m TS6133: [0m'metricData' is declared but its value is never read.

    [7m334[0m       const metricData = Array.from({ length: 10000 }, (_, i) => ({
    [7m   [0m [91m            ~~~~~~~~~~[0m
    [96msrc/__tests__/integration/performanceIntegration.test.ts[0m:[93m371[0m:[93m64[0m - [91merror[0m[90m TS6133: [0m'i' is declared but its value is never read.

    [7m371[0m       const realtimeUpdates = Array.from({ length: 1000 }, (_, i) => ({
    [7m   [0m [91m                                                               ~[0m
    [96msrc/__tests__/integration/performanceIntegration.test.ts[0m:[93m392[0m:[93m49[0m - [91merror[0m[90m TS7006: [0mParameter 'r' implicitly has an 'any' type.

    [7m392[0m       const successCount = updateResults.filter(r => r.success).length;
    [7m   [0m [91m                                                ~[0m
    [96msrc/__tests__/integration/performanceIntegration.test.ts[0m:[93m460[0m:[93m11[0m - [91merror[0m[90m TS2353: [0mObject literal may only specify known properties, and 'cascadeInvalidation' does not exist in type '{ includeFallbacks?: boolean | undefined; retryOnFailure?: boolean | undefined; }'.

    [7m460[0m           cascadeInvalidation: true
    [7m   [0m [91m          ~~~~~~~~~~~~~~~~~~~[0m
    [96msrc/__tests__/integration/performanceIntegration.test.ts[0m:[93m489[0m:[93m41[0m - [91merror[0m[90m TS18046: [0m'op' is of type 'unknown'.

    [7m489[0m       cacheLoadOperations.forEach(op => op());
    [7m   [0m [91m                                        ~~[0m
    [96msrc/__tests__/integration/performanceIntegration.test.ts[0m:[93m572[0m:[93m13[0m - [91merror[0m[90m TS6133: [0m'resourceOperations' is declared but its value is never read.

    [7m572[0m       const resourceOperations = await Promise.all([
    [7m   [0m [91m            ~~~~~~~~~~~~~~~~~~[0m

FAIL src/__tests__/deployment/migrationValidation.test.ts
  ● Test suite failed to run

    [96msrc/__tests__/deployment/migrationValidation.test.ts[0m:[93m10[0m:[93m1[0m - [91merror[0m[90m TS6133: [0m'performanceMonitoring' is declared but its value is never read.

    [7m10[0m import { performanceMonitoring } from '../../monitoring/performanceMonitoring';
    [7m  [0m [91m~~~~~~~~~~~~~~~~~~~~~~~~~~~~~~~~~~~~~~~~~~~~~~~~~~~~~~~~~~~~~~~~~~~~~~~~~~~~~~~[0m
    [96msrc/__tests__/deployment/migrationValidation.test.ts[0m:[93m55[0m:[93m13[0m - [91merror[0m[90m TS2532: [0mObject is possibly 'undefined'.

    [7m55[0m       await this.validateTableStructure('system_performance_metrics', [
    [7m  [0m [91m            ~~~~[0m
    [96msrc/__tests__/deployment/migrationValidation.test.ts[0m:[93m61[0m:[93m13[0m - [91merror[0m[90m TS2532: [0mObject is possibly 'undefined'.

    [7m61[0m       await this.validateTableStructure('system_error_logs', [
    [7m  [0m [91m            ~~~~[0m
    [96msrc/__tests__/deployment/migrationValidation.test.ts[0m:[93m179[0m:[93m9[0m - [91merror[0m[90m TS2532: [0mObject is possibly 'undefined'.

    [7m179[0m         this.validateForeignKeyConstraints(),
    [7m   [0m [91m        ~~~~[0m
    [96msrc/__tests__/deployment/migrationValidation.test.ts[0m:[93m180[0m:[93m9[0m - [91merror[0m[90m TS2532: [0mObject is possibly 'undefined'.

    [7m180[0m         this.validateUniqueConstraints(),
    [7m   [0m [91m        ~~~~[0m
    [96msrc/__tests__/deployment/migrationValidation.test.ts[0m:[93m181[0m:[93m9[0m - [91merror[0m[90m TS2532: [0mObject is possibly 'undefined'.

    [7m181[0m         this.validateCheckConstraints(),
    [7m   [0m [91m        ~~~~[0m
    [96msrc/__tests__/deployment/migrationValidation.test.ts[0m:[93m182[0m:[93m9[0m - [91merror[0m[90m TS2532: [0mObject is possibly 'undefined'.

    [7m182[0m         this.validateNullConstraints(),
    [7m   [0m [91m        ~~~~[0m
    [96msrc/__tests__/deployment/migrationValidation.test.ts[0m:[93m198[0m:[93m9[0m - [91merror[0m[90m TS2532: [0mObject is possibly 'undefined'.

    [7m198[0m         this.testExistingUserData(),
    [7m   [0m [91m        ~~~~[0m
    [96msrc/__tests__/deployment/migrationValidation.test.ts[0m:[93m199[0m:[93m9[0m - [91merror[0m[90m TS2532: [0mObject is possibly 'undefined'.

    [7m199[0m         this.testExistingOrderData(),
    [7m   [0m [91m        ~~~~[0m
    [96msrc/__tests__/deployment/migrationValidation.test.ts[0m:[93m200[0m:[93m9[0m - [91merror[0m[90m TS2532: [0mObject is possibly 'undefined'.

    [7m200[0m         this.testExistingProductData(),
    [7m   [0m [91m        ~~~~[0m
    [96msrc/__tests__/deployment/migrationValidation.test.ts[0m:[93m201[0m:[93m9[0m - [91merror[0m[90m TS2532: [0mObject is possibly 'undefined'.

    [7m201[0m         this.testExistingInventoryData(),
    [7m   [0m [91m        ~~~~[0m
    [96msrc/__tests__/deployment/migrationValidation.test.ts[0m:[93m213[0m:[93m39[0m - [91merror[0m[90m TS2532: [0mObject is possibly 'undefined'.

    [7m213[0m       const migrationAccuracy = await this.validateMigrationAccuracy();
    [7m   [0m [91m                                      ~~~~[0m
    [96msrc/__tests__/deployment/migrationValidation.test.ts[0m:[93m222[0m:[93m32[0m - [91merror[0m[90m TS2532: [0mObject is possibly 'undefined'.

    [7m222[0m       const volumeTest = await this.testProductionVolumeHandling({
    [7m   [0m [91m                               ~~~~[0m
    [96msrc/__tests__/deployment/migrationValidation.test.ts[0m:[93m249[0m:[93m15[0m - [91merror[0m[90m TS2532: [0mObject is possibly 'undefined'.

    [7m249[0m         await this.executeMigrationStep(step.name);
    [7m   [0m [91m              ~~~~[0m
    [96msrc/__tests__/deployment/migrationValidation.test.ts[0m:[93m259[0m:[93m9[0m - [91merror[0m[90m TS2532: [0mObject is possibly 'undefined'.

    [7m259[0m         this.simulateReadOperations(),
    [7m   [0m [91m        ~~~~[0m
    [96msrc/__tests__/deployment/migrationValidation.test.ts[0m:[93m260[0m:[93m9[0m - [91merror[0m[90m TS2532: [0mObject is possibly 'undefined'.

    [7m260[0m         this.simulateWriteOperations(),
    [7m   [0m [91m        ~~~~[0m
    [96msrc/__tests__/deployment/migrationValidation.test.ts[0m:[93m261[0m:[93m9[0m - [91merror[0m[90m TS2532: [0mObject is possibly 'undefined'.

    [7m261[0m         this.simulateAnalyticsQueries(),
    [7m   [0m [91m        ~~~~[0m
    [96msrc/__tests__/deployment/migrationValidation.test.ts[0m:[93m264[0m:[93m32[0m - [91merror[0m[90m TS2532: [0mObject is possibly 'undefined'.

    [7m264[0m       const migrationPromise = this.simulateMigrationExecution();
    [7m   [0m [91m                               ~~~~[0m
    [96msrc/__tests__/deployment/migrationValidation.test.ts[0m:[93m280[0m:[93m31[0m - [91merror[0m[90m TS2532: [0mObject is possibly 'undefined'.

    [7m280[0m       const resourceMonitor = this.startResourceMonitoring();
    [7m   [0m [91m                              ~~~~[0m
    [96msrc/__tests__/deployment/migrationValidation.test.ts[0m:[93m282[0m:[93m13[0m - [91merror[0m[90m TS2532: [0mObject is possibly 'undefined'.

    [7m282[0m       await this.simulateMigrationExecution();
    [7m   [0m [91m            ~~~~[0m
    [96msrc/__tests__/deployment/migrationValidation.test.ts[0m:[93m304[0m:[93m38[0m - [91merror[0m[90m TS2532: [0mObject is possibly 'undefined'.

    [7m304[0m         const rollbackScript = await this.getRollbackScript(step);
    [7m   [0m [91m                                     ~~~~[0m
    [96msrc/__tests__/deployment/migrationValidation.test.ts[0m:[93m317[0m:[93m13[0m - [91merror[0m[90m TS2532: [0mObject is possibly 'undefined'.

    [7m317[0m       await this.createTestMigrationState();
    [7m   [0m [91m            ~~~~[0m
    [96msrc/__tests__/deployment/migrationValidation.test.ts[0m:[93m320[0m:[93m36[0m - [91merror[0m[90m TS2532: [0mObject is possibly 'undefined'.

    [7m320[0m       const rollbackResult = await this.executeRollback();
    [7m   [0m [91m                                   ~~~~[0m
    [96msrc/__tests__/deployment/migrationValidation.test.ts[0m:[93m326[0m:[93m13[0m - [91merror[0m[90m TS2532: [0mObject is possibly 'undefined'.

    [7m326[0m       await this.verifyRollbackCompletion();
    [7m   [0m [91m            ~~~~[0m
    [96msrc/__tests__/deployment/migrationValidation.test.ts[0m:[93m334[0m:[93m37[0m - [91merror[0m[90m TS2532: [0mObject is possibly 'undefined'.

    [7m334[0m       const preRollbackData = await this.captureDataSnapshot();
    [7m   [0m [91m                                    ~~~~[0m
    [96msrc/__tests__/deployment/migrationValidation.test.ts[0m:[93m336[0m:[93m13[0m - [91merror[0m[90m TS2532: [0mObject is possibly 'undefined'.

    [7m336[0m       await this.executeRollback();
    [7m   [0m [91m            ~~~~[0m
    [96msrc/__tests__/deployment/migrationValidation.test.ts[0m:[93m338[0m:[93m38[0m - [91merror[0m[90m TS2532: [0mObject is possibly 'undefined'.

    [7m338[0m       const postRollbackData = await this.captureDataSnapshot();
    [7m   [0m [91m                                     ~~~~[0m
    [96msrc/__tests__/deployment/migrationValidation.test.ts[0m:[93m356[0m:[93m38[0m - [91merror[0m[90m TS2532: [0mObject is possibly 'undefined'.

    [7m356[0m         const rollbackResult = await this.testPartialRollback(failurePoint);
    [7m   [0m [91m                                     ~~~~[0m
    [96msrc/__tests__/deployment/migrationValidation.test.ts[0m:[93m366[0m:[93m34[0m - [91merror[0m[90m TS2532: [0mObject is possibly 'undefined'.

    [7m366[0m       const devMigration = await this.testEnvironmentMigration('development');
    [7m   [0m [91m                                 ~~~~[0m
    [96msrc/__tests__/deployment/migrationValidation.test.ts[0m:[93m374[0m:[93m38[0m - [91merror[0m[90m TS2532: [0mObject is possibly 'undefined'.

    [7m374[0m       const stagingMigration = await this.testEnvironmentMigration('staging');
    [7m   [0m [91m                                     ~~~~[0m
    [96msrc/__tests__/deployment/migrationValidation.test.ts[0m:[93m382[0m:[93m35[0m - [91merror[0m[90m TS2532: [0mObject is possibly 'undefined'.

    [7m382[0m       const prodMigration = await this.testEnvironmentMigration('production');
    [7m   [0m [91m                                  ~~~~[0m
    [96msrc/__tests__/deployment/migrationValidation.test.ts[0m:[93m393[0m:[93m13[0m - [91merror[0m[90m TS7034: [0mVariable 'migrationResults' implicitly has type 'any[]' in some locations where its type cannot be determined.

    [7m393[0m       const migrationResults = [];
    [7m   [0m [91m            ~~~~~~~~~~~~~~~~[0m
    [96msrc/__tests__/deployment/migrationValidation.test.ts[0m:[93m396[0m:[93m30[0m - [91merror[0m[90m TS2532: [0mObject is possibly 'undefined'.

    [7m396[0m         const result = await this.testEnvironmentMigration(env);
    [7m   [0m [91m                             ~~~~[0m
    [96msrc/__tests__/deployment/migrationValidation.test.ts[0m:[93m403[0m:[93m44[0m - [91merror[0m[90m TS7005: [0mVariable 'migrationResults' implicitly has an 'any[]' type.

    [7m403[0m         expect(result.schema_version).toBe(migrationResults[0].schema_version);
    [7m   [0m [91m                                           ~~~~~~~~~~~~~~~~[0m
    [96msrc/__tests__/deployment/migrationValidation.test.ts[0m:[93m409[0m:[93m18[0m - [91merror[0m[90m TS6133: [0m'validateTableStructure' is declared but its value is never read.

    [7m409[0m   async function validateTableStructure(tableName: string, expectedColumns: string[]): Promise<void> {
    [7m   [0m [91m                 ~~~~~~~~~~~~~~~~~~~~~~[0m
    [96msrc/__tests__/deployment/migrationValidation.test.ts[0m:[93m427[0m:[93m18[0m - [91merror[0m[90m TS6133: [0m'validateForeignKeyConstraints' is declared but its value is never read.

    [7m427[0m   async function validateForeignKeyConstraints(): Promise<boolean> {
    [7m   [0m [91m                 ~~~~~~~~~~~~~~~~~~~~~~~~~~~~~[0m
    [96msrc/__tests__/deployment/migrationValidation.test.ts[0m:[93m428[0m:[93m19[0m - [91merror[0m[90m TS6133: [0m'constraints' is declared but its value is never read.

    [7m428[0m     const { data: constraints, error } = await supabase
    [7m   [0m [91m                  ~~~~~~~~~~~[0m
    [96msrc/__tests__/deployment/migrationValidation.test.ts[0m:[93m438[0m:[93m18[0m - [91merror[0m[90m TS6133: [0m'validateUniqueConstraints' is declared but its value is never read.

    [7m438[0m   async function validateUniqueConstraints(): Promise<boolean> {
    [7m   [0m [91m                 ~~~~~~~~~~~~~~~~~~~~~~~~~[0m
    [96msrc/__tests__/deployment/migrationValidation.test.ts[0m:[93m439[0m:[93m19[0m - [91merror[0m[90m TS6133: [0m'constraints' is declared but its value is never read.

    [7m439[0m     const { data: constraints, error } = await supabase
    [7m   [0m [91m                  ~~~~~~~~~~~[0m
    [96msrc/__tests__/deployment/migrationValidation.test.ts[0m:[93m449[0m:[93m18[0m - [91merror[0m[90m TS6133: [0m'validateCheckConstraints' is declared but its value is never read.

    [7m449[0m   async function validateCheckConstraints(): Promise<boolean> {
    [7m   [0m [91m                 ~~~~~~~~~~~~~~~~~~~~~~~~[0m
    [96msrc/__tests__/deployment/migrationValidation.test.ts[0m:[93m450[0m:[93m19[0m - [91merror[0m[90m TS6133: [0m'constraints' is declared but its value is never read.

    [7m450[0m     const { data: constraints, error } = await supabase
    [7m   [0m [91m                  ~~~~~~~~~~~[0m
    [96msrc/__tests__/deployment/migrationValidation.test.ts[0m:[93m458[0m:[93m18[0m - [91merror[0m[90m TS6133: [0m'validateNullConstraints' is declared but its value is never read.

    [7m458[0m   async function validateNullConstraints(): Promise<boolean> {
    [7m   [0m [91m                 ~~~~~~~~~~~~~~~~~~~~~~~[0m
    [96msrc/__tests__/deployment/migrationValidation.test.ts[0m:[93m459[0m:[93m19[0m - [91merror[0m[90m TS6133: [0m'columns' is declared but its value is never read.

    [7m459[0m     const { data: columns, error } = await supabase
    [7m   [0m [91m                  ~~~~~~~[0m
    [96msrc/__tests__/deployment/migrationValidation.test.ts[0m:[93m469[0m:[93m18[0m - [91merror[0m[90m TS6133: [0m'testExistingUserData' is declared but its value is never read.

    [7m469[0m   async function testExistingUserData(): Promise<boolean> {
    [7m   [0m [91m                 ~~~~~~~~~~~~~~~~~~~~[0m
    [96msrc/__tests__/deployment/migrationValidation.test.ts[0m:[93m470[0m:[93m19[0m - [91merror[0m[90m TS6133: [0m'users' is declared but its value is never read.

    [7m470[0m     const { data: users, error } = await supabase
    [7m   [0m [91m                  ~~~~~[0m
    [96msrc/__tests__/deployment/migrationValidation.test.ts[0m:[93m479[0m:[93m18[0m - [91merror[0m[90m TS6133: [0m'testExistingOrderData' is declared but its value is never read.

    [7m479[0m   async function testExistingOrderData(): Promise<boolean> {
    [7m   [0m [91m                 ~~~~~~~~~~~~~~~~~~~~~[0m
    [96msrc/__tests__/deployment/migrationValidation.test.ts[0m:[93m480[0m:[93m19[0m - [91merror[0m[90m TS6133: [0m'orders' is declared but its value is never read.

    [7m480[0m     const { data: orders, error } = await supabase
    [7m   [0m [91m                  ~~~~~~[0m
    [96msrc/__tests__/deployment/migrationValidation.test.ts[0m:[93m489[0m:[93m18[0m - [91merror[0m[90m TS6133: [0m'testExistingProductData' is declared but its value is never read.

    [7m489[0m   async function testExistingProductData(): Promise<boolean> {
    [7m   [0m [91m                 ~~~~~~~~~~~~~~~~~~~~~~~[0m
    [96msrc/__tests__/deployment/migrationValidation.test.ts[0m:[93m490[0m:[93m19[0m - [91merror[0m[90m TS6133: [0m'products' is declared but its value is never read.

    [7m490[0m     const { data: products, error } = await supabase
    [7m   [0m [91m                  ~~~~~~~~[0m
    [96msrc/__tests__/deployment/migrationValidation.test.ts[0m:[93m499[0m:[93m18[0m - [91merror[0m[90m TS6133: [0m'testExistingInventoryData' is declared but its value is never read.

    [7m499[0m   async function testExistingInventoryData(): Promise<boolean> {
    [7m   [0m [91m                 ~~~~~~~~~~~~~~~~~~~~~~~~~[0m
    [96msrc/__tests__/deployment/migrationValidation.test.ts[0m:[93m500[0m:[93m19[0m - [91merror[0m[90m TS6133: [0m'inventory' is declared but its value is never read.

    [7m500[0m     const { data: inventory, error } = await supabase
    [7m   [0m [91m                  ~~~~~~~~~[0m
    [96msrc/__tests__/deployment/migrationValidation.test.ts[0m:[93m509[0m:[93m18[0m - [91merror[0m[90m TS6133: [0m'validateMigrationAccuracy' is declared but its value is never read.

    [7m509[0m   async function validateMigrationAccuracy(): Promise<any> {
    [7m   [0m [91m                 ~~~~~~~~~~~~~~~~~~~~~~~~~[0m
    [96msrc/__tests__/deployment/migrationValidation.test.ts[0m:[93m517[0m:[93m18[0m - [91merror[0m[90m TS6133: [0m'testProductionVolumeHandling' is declared but its value is never read.

    [7m517[0m   async function testProductionVolumeHandling(volumes: any): Promise<any> {
    [7m   [0m [91m                 ~~~~~~~~~~~~~~~~~~~~~~~~~~~~[0m
    [96msrc/__tests__/deployment/migrationValidation.test.ts[0m:[93m517[0m:[93m47[0m - [91merror[0m[90m TS6133: [0m'volumes' is declared but its value is never read.

    [7m517[0m   async function testProductionVolumeHandling(volumes: any): Promise<any> {
    [7m   [0m [91m                                              ~~~~~~~[0m
    [96msrc/__tests__/deployment/migrationValidation.test.ts[0m:[93m528[0m:[93m18[0m - [91merror[0m[90m TS6133: [0m'executeMigrationStep' is declared but its value is never read.

    [7m528[0m   async function executeMigrationStep(stepName: string): Promise<void> {
    [7m   [0m [91m                 ~~~~~~~~~~~~~~~~~~~~[0m
    [96msrc/__tests__/deployment/migrationValidation.test.ts[0m:[93m528[0m:[93m39[0m - [91merror[0m[90m TS6133: [0m'stepName' is declared but its value is never read.

    [7m528[0m   async function executeMigrationStep(stepName: string): Promise<void> {
    [7m   [0m [91m                                      ~~~~~~~~[0m
    [96msrc/__tests__/deployment/migrationValidation.test.ts[0m:[93m533[0m:[93m18[0m - [91merror[0m[90m TS6133: [0m'simulateReadOperations' is declared but its value is never read.

    [7m533[0m   async function simulateReadOperations(): Promise<boolean> {
    [7m   [0m [91m                 ~~~~~~~~~~~~~~~~~~~~~~[0m
    [96msrc/__tests__/deployment/migrationValidation.test.ts[0m:[93m539[0m:[93m18[0m - [91merror[0m[90m TS6133: [0m'simulateWriteOperations' is declared but its value is never read.

    [7m539[0m   async function simulateWriteOperations(): Promise<boolean> {
    [7m   [0m [91m                 ~~~~~~~~~~~~~~~~~~~~~~~[0m
    [96msrc/__tests__/deployment/migrationValidation.test.ts[0m:[93m545[0m:[93m18[0m - [91merror[0m[90m TS6133: [0m'simulateAnalyticsQueries' is declared but its value is never read.

    [7m545[0m   async function simulateAnalyticsQueries(): Promise<boolean> {
    [7m   [0m [91m                 ~~~~~~~~~~~~~~~~~~~~~~~~[0m
    [96msrc/__tests__/deployment/migrationValidation.test.ts[0m:[93m551[0m:[93m18[0m - [91merror[0m[90m TS6133: [0m'simulateMigrationExecution' is declared but its value is never read.

    [7m551[0m   async function simulateMigrationExecution(): Promise<boolean> {
    [7m   [0m [91m                 ~~~~~~~~~~~~~~~~~~~~~~~~~~[0m
    [96msrc/__tests__/deployment/migrationValidation.test.ts[0m:[93m557[0m:[93m12[0m - [91merror[0m[90m TS6133: [0m'startResourceMonitoring' is declared but its value is never read.

    [7m557[0m   function startResourceMonitoring(): any {
    [7m   [0m [91m           ~~~~~~~~~~~~~~~~~~~~~~~[0m
    [96msrc/__tests__/deployment/migrationValidation.test.ts[0m:[93m569[0m:[93m18[0m - [91merror[0m[90m TS6133: [0m'getRollbackScript' is declared but its value is never read.

    [7m569[0m   async function getRollbackScript(step: string): Promise<string> {
    [7m   [0m [91m                 ~~~~~~~~~~~~~~~~~[0m
    [96msrc/__tests__/deployment/migrationValidation.test.ts[0m:[93m582[0m:[93m18[0m - [91merror[0m[90m TS6133: [0m'createTestMigrationState' is declared but its value is never read.

    [7m582[0m   async function createTestMigrationState(): Promise<void> {
    [7m   [0m [91m                 ~~~~~~~~~~~~~~~~~~~~~~~~[0m
    [96msrc/__tests__/deployment/migrationValidation.test.ts[0m:[93m587[0m:[93m18[0m - [91merror[0m[90m TS6133: [0m'executeRollback' is declared but its value is never read.

    [7m587[0m   async function executeRollback(): Promise<any> {
    [7m   [0m [91m                 ~~~~~~~~~~~~~~~[0m
    [96msrc/__tests__/deployment/migrationValidation.test.ts[0m:[93m598[0m:[93m18[0m - [91merror[0m[90m TS6133: [0m'verifyRollbackCompletion' is declared but its value is never read.

    [7m598[0m   async function verifyRollbackCompletion(): Promise<void> {
    [7m   [0m [91m                 ~~~~~~~~~~~~~~~~~~~~~~~~[0m
    [96msrc/__tests__/deployment/migrationValidation.test.ts[0m:[93m603[0m:[93m18[0m - [91merror[0m[90m TS6133: [0m'captureDataSnapshot' is declared but its value is never read.

    [7m603[0m   async function captureDataSnapshot(): Promise<any> {
    [7m   [0m [91m                 ~~~~~~~~~~~~~~~~~~~[0m
    [96msrc/__tests__/deployment/migrationValidation.test.ts[0m:[93m612[0m:[93m18[0m - [91merror[0m[90m TS6133: [0m'testPartialRollback' is declared but its value is never read.

    [7m612[0m   async function testPartialRollback(failurePoint: string): Promise<any> {
    [7m   [0m [91m                 ~~~~~~~~~~~~~~~~~~~[0m
    [96msrc/__tests__/deployment/migrationValidation.test.ts[0m:[93m623[0m:[93m18[0m - [91merror[0m[90m TS6133: [0m'testEnvironmentMigration' is declared but its value is never read.

    [7m623[0m   async function testEnvironmentMigration(environment: string): Promise<any> {
    [7m   [0m [91m                 ~~~~~~~~~~~~~~~~~~~~~~~~[0m

FAIL src/hooks/__tests__/prototypes/useNotifications.race.test.tsx
  ● Test suite failed to run

    [96msrc/hooks/__tests__/prototypes/useNotifications.race.test.tsx[0m:[93m11[0m:[93m34[0m - [91merror[0m[90m TS2307: [0mCannot find module '../useNotifications' or its corresponding type declarations.

    [7m11[0m import { useNotifications } from '../useNotifications';
    [7m  [0m [91m                                 ~~~~~~~~~~~~~~~~~~~~~[0m
    [96msrc/hooks/__tests__/prototypes/useNotifications.race.test.tsx[0m:[93m12[0m:[93m58[0m - [91merror[0m[90m TS2307: [0mCannot find module '../../services/notificationService' or its corresponding type declarations.

    [7m12[0m import { NotificationService, NotificationRequest } from '../../services/notificationService';
    [7m  [0m [91m                                                         ~~~~~~~~~~~~~~~~~~~~~~~~~~~~~~~~~~~~[0m
    [96msrc/hooks/__tests__/prototypes/useNotifications.race.test.tsx[0m:[93m52[0m:[93m7[0m - [91merror[0m[90m TS6133: [0m'mockNotificationHistory' is declared but its value is never read.

    [7m52[0m const mockNotificationHistory = [
    [7m  [0m [91m      ~~~~~~~~~~~~~~~~~~~~~~~[0m
    [96msrc/hooks/__tests__/prototypes/useNotifications.race.test.tsx[0m:[93m73[0m:[93m7[0m - [91merror[0m[90m TS6133: [0m'mockPreferences' is declared but its value is never read.

    [7m73[0m const mockPreferences = {
    [7m  [0m [91m      ~~~~~~~~~~~~~~~[0m
    [96msrc/hooks/__tests__/prototypes/useNotifications.race.test.tsx[0m:[93m117[0m:[93m72[0m - [91merror[0m[90m TS7006: [0mParameter 'request' implicitly has an 'any' type.

    [7m117[0m     mockNotificationService.sendNotification.mockImplementation(async (request) => {
    [7m   [0m [91m                                                                       ~~~~~~~[0m
    [96msrc/hooks/__tests__/prototypes/useNotifications.race.test.tsx[0m:[93m160[0m:[93m74[0m - [91merror[0m[90m TS7006: [0mParameter 'request' implicitly has an 'any' type.

    [7m160[0m       mockNotificationService.sendNotification.mockImplementation(async (request) => {
    [7m   [0m [91m                                                                         ~~~~~~~[0m
    [96msrc/hooks/__tests__/prototypes/useNotifications.race.test.tsx[0m:[93m215[0m:[93m74[0m - [91merror[0m[90m TS7006: [0mParameter 'request' implicitly has an 'any' type.

    [7m215[0m       mockNotificationService.sendNotification.mockImplementation(async (request) => {
    [7m   [0m [91m                                                                         ~~~~~~~[0m
    [96msrc/hooks/__tests__/prototypes/useNotifications.race.test.tsx[0m:[93m357[0m:[93m74[0m - [91merror[0m[90m TS7006: [0mParameter 'request' implicitly has an 'any' type.

    [7m357[0m       mockNotificationService.sendNotification.mockImplementation(async (request) => {
    [7m   [0m [91m                                                                         ~~~~~~~[0m
    [96msrc/hooks/__tests__/prototypes/useNotifications.race.test.tsx[0m:[93m433[0m:[93m74[0m - [91merror[0m[90m TS7006: [0mParameter 'request' implicitly has an 'any' type.

    [7m433[0m       mockNotificationService.sendNotification.mockImplementation(async (request) => {
    [7m   [0m [91m                                                                         ~~~~~~~[0m
    [96msrc/hooks/__tests__/prototypes/useNotifications.race.test.tsx[0m:[93m457[0m:[93m13[0m - [91merror[0m[90m TS7034: [0mVariable 'results' implicitly has type 'any[]' in some locations where its type cannot be determined.

    [7m457[0m       const results = [];
    [7m   [0m [91m            ~~~~~~~[0m
    [96msrc/hooks/__tests__/prototypes/useNotifications.race.test.tsx[0m:[93m476[0m:[93m25[0m - [91merror[0m[90m TS7005: [0mVariable 'results' implicitly has an 'any[]' type.

    [7m476[0m       const succeeded = results.filter(r => r.success).length;
    [7m   [0m [91m                        ~~~~~~~[0m
    [96msrc/hooks/__tests__/prototypes/useNotifications.race.test.tsx[0m:[93m477[0m:[93m22[0m - [91merror[0m[90m TS7005: [0mVariable 'results' implicitly has an 'any[]' type.

    [7m477[0m       const failed = results.filter(r => !r.success).length;
    [7m   [0m [91m                     ~~~~~~~[0m
    [96msrc/hooks/__tests__/prototypes/useNotifications.race.test.tsx[0m:[93m490[0m:[93m74[0m - [91merror[0m[90m TS7006: [0mParameter 'request' implicitly has an 'any' type.

    [7m490[0m       mockNotificationService.sendNotification.mockImplementation(async (request) => {
    [7m   [0m [91m                                                                         ~~~~~~~[0m
    [96msrc/hooks/__tests__/prototypes/useNotifications.race.test.tsx[0m:[93m513[0m:[93m13[0m - [91merror[0m[90m TS7034: [0mVariable 'results' implicitly has type 'any[]' in some locations where its type cannot be determined.

    [7m513[0m       const results = [];
    [7m   [0m [91m            ~~~~~~~[0m
    [96msrc/hooks/__tests__/prototypes/useNotifications.race.test.tsx[0m:[93m531[0m:[93m25[0m - [91merror[0m[90m TS7005: [0mVariable 'results' implicitly has an 'any[]' type.

    [7m531[0m       const succeeded = results.filter(r => r.success).length;
    [7m   [0m [91m                        ~~~~~~~[0m
    [96msrc/hooks/__tests__/prototypes/useNotifications.race.test.tsx[0m:[93m532[0m:[93m22[0m - [91merror[0m[90m TS7005: [0mVariable 'results' implicitly has an 'any[]' type.

    [7m532[0m       const failed = results.filter(r => !r.success).length;
    [7m   [0m [91m                     ~~~~~~~[0m
    [96msrc/hooks/__tests__/prototypes/useNotifications.race.test.tsx[0m:[93m540[0m:[93m74[0m - [91merror[0m[90m TS6133: [0m'request' is declared but its value is never read.

    [7m540[0m       mockNotificationService.sendNotification.mockImplementation(async (request) => {
    [7m   [0m [91m                                                                         ~~~~~~~[0m
    [96msrc/hooks/__tests__/prototypes/useNotifications.race.test.tsx[0m:[93m540[0m:[93m74[0m - [91merror[0m[90m TS7006: [0mParameter 'request' implicitly has an 'any' type.

    [7m540[0m       mockNotificationService.sendNotification.mockImplementation(async (request) => {
    [7m   [0m [91m                                                                         ~~~~~~~[0m

FAIL src/hooks/executive/__tests__/useReportScheduling.test.tsx
  ● Test suite failed to run

    [96msrc/hooks/executive/__tests__/useReportScheduling.test.tsx[0m:[93m7[0m:[93m37[0m - [91merror[0m[90m TS2307: [0mCannot find module '../useReportScheduling' or its corresponding type declarations.

    [7m7[0m import { useReportScheduling } from '../useReportScheduling';
    [7m [0m [91m                                    ~~~~~~~~~~~~~~~~~~~~~~~~[0m
    [96msrc/hooks/executive/__tests__/useReportScheduling.test.tsx[0m:[93m322[0m:[93m13[0m - [91merror[0m[90m TS6133: [0m'mockEmptySchedules' is declared but its value is never read.

    [7m322[0m       const mockEmptySchedules = jest.fn().mockResolvedValue([]);
    [7m   [0m [91m            ~~~~~~~~~~~~~~~~~~[0m
    [96msrc/hooks/executive/__tests__/useReportScheduling.test.tsx[0m:[93m540[0m:[93m9[0m - [91merror[0m[90m TS2304: [0mCannot find name 'window'.

    [7m540[0m         window.dispatchEvent(new Event('focus'));
    [7m   [0m [91m        ~~~~~~[0m

FAIL src/screens/inventory/__tests__/InventoryDashboardScreen.test.tsx
  ● Test suite failed to run

    [96msrc/screens/inventory/__tests__/InventoryDashboardScreen.test.tsx[0m:[93m7[0m:[93m29[0m - [91merror[0m[90m TS6133: [0m'waitFor' is declared but its value is never read.

    [7m7[0m import { render, fireEvent, waitFor } from '@testing-library/react-native';
    [7m [0m [91m                            ~~~~~~~[0m
    [96msrc/screens/inventory/__tests__/InventoryDashboardScreen.test.tsx[0m:[93m46[0m:[93m35[0m - [91merror[0m[90m TS6133: [0m'props' is declared but its value is never read.

    [7m46[0m   Modal: ({ children, visible, ...props }: any) => visible ? children : null,
    [7m  [0m [91m                                  ~~~~~[0m
    [96msrc/screens/inventory/__tests__/InventoryDashboardScreen.test.tsx[0m:[93m50[0m:[93m48[0m - [91merror[0m[90m TS6133: [0m'props' is declared but its value is never read.

    [7m50[0m   RefreshControl: ({ onRefresh, refreshing, ...props }: any) => null,
    [7m  [0m [91m                                               ~~~~~[0m
    [96msrc/screens/inventory/__tests__/InventoryDashboardScreen.test.tsx[0m:[93m82[0m:[93m25[0m - [91merror[0m[90m TS6133: [0m'props' is declared but its value is never read.

    [7m82[0m   Text: ({ children, ...props }: any) => children
    [7m  [0m [91m                        ~~~~~[0m
    [96msrc/screens/inventory/__tests__/InventoryDashboardScreen.test.tsx[0m:[93m85[0m:[93m25[0m - [91merror[0m[90m TS6133: [0m'props' is declared but its value is never read.

    [7m85[0m   Card: ({ children, ...props }: any) => children
    [7m  [0m [91m                        ~~~~~[0m
    [96msrc/screens/inventory/__tests__/InventoryDashboardScreen.test.tsx[0m:[93m88[0m:[93m36[0m - [91merror[0m[90m TS6133: [0m'props' is declared but its value is never read.

    [7m88[0m   Button: ({ children, onPress, ...props }: any) => children
    [7m  [0m [91m                                   ~~~~~[0m
    [96msrc/screens/inventory/__tests__/InventoryDashboardScreen.test.tsx[0m:[93m91[0m:[93m27[0m - [91merror[0m[90m TS6133: [0m'props' is declared but its value is never read.

    [7m91[0m   Screen: ({ children, ...props }: any) => children
    [7m  [0m [91m                          ~~~~~[0m
    [96msrc/screens/inventory/__tests__/InventoryDashboardScreen.test.tsx[0m:[93m439[0m:[93m13[0m - [91merror[0m[90m TS6133: [0m'queryByTestId' is declared but its value is never read.

    [7m439[0m       const { queryByTestId } = renderWithProviders(<InventoryDashboardScreen />);
    [7m   [0m [91m            ~~~~~~~~~~~~~~~~~[0m

FAIL src/schemas/executive/__contracts__/businessIntelligence.contracts.test.ts
  ● Test suite failed to run

    [96msrc/schemas/executive/__contracts__/businessIntelligence.contracts.test.ts[0m:[93m14[0m:[93m1[0m - [91merror[0m[90m TS6133: [0m'ROLE_PERMISSIONS' is declared but its value is never read.

    [7m14[0m import { ROLE_PERMISSIONS } from '../../role-based/rolePermission.schemas';
    [7m  [0m [91m~~~~~~~~~~~~~~~~~~~~~~~~~~~~~~~~~~~~~~~~~~~~~~~~~~~~~~~~~~~~~~~~~~~~~~~~~~~[0m

FAIL src/integration/cross-role/executiveDashboard.integration.test.ts
  ● Test suite failed to run

    [96msrc/integration/cross-role/executiveDashboard.integration.test.ts[0m:[93m2[0m:[93m76[0m - [91merror[0m[90m TS2307: [0mCannot find module '@/services/integration/executiveDashboardIntegration' or its corresponding type declarations.

    [7m2[0m import { executiveDashboardIntegration as executiveDashboardService } from '@/services/integration/executiveDashboardIntegration';
    [7m [0m [91m                                                                           ~~~~~~~~~~~~~~~~~~~~~~~~~~~~~~~~~~~~~~~~~~~~~~~~~~~~~~[0m
    [96msrc/integration/cross-role/executiveDashboard.integration.test.ts[0m:[93m3[0m:[93m32[0m - [91merror[0m[90m TS2307: [0mCannot find module '@/services/integration/executiveDashboardIntegration' or its corresponding type declarations.

    [7m3[0m import type { DateRange } from '@/services/integration/executiveDashboardIntegration';
    [7m [0m [91m                               ~~~~~~~~~~~~~~~~~~~~~~~~~~~~~~~~~~~~~~~~~~~~~~~~~~~~~~[0m
    [96msrc/integration/cross-role/executiveDashboard.integration.test.ts[0m:[93m255[0m:[93m59[0m - [91merror[0m[90m TS7006: [0mParameter 'c' implicitly has an 'any' type.

    [7m255[0m       const inventorySalesCorr = result.correlations.find(c => c.type === 'inventory_sales');
    [7m   [0m [91m                                                          ~[0m
    [96msrc/integration/cross-role/executiveDashboard.integration.test.ts[0m:[93m296[0m:[93m50[0m - [91merror[0m[90m TS7006: [0mParameter 'a' implicitly has an 'any' type.

    [7m296[0m       const efficiencyAlert = result.alerts.find(a => a.metric === 'efficiency_rate');
    [7m   [0m [91m                                                 ~[0m
    [96msrc/integration/cross-role/executiveDashboard.integration.test.ts[0m:[93m343[0m:[93m49[0m - [91merror[0m[90m TS7006: [0mParameter 'a' implicitly has an 'any' type.

    [7m343[0m       const alertSeverities = result.alerts.map(a => a.severity);
    [7m   [0m [91m                                                ~[0m
    [96msrc/integration/cross-role/executiveDashboard.integration.test.ts[0m:[93m344[0m:[93m47[0m - [91merror[0m[90m TS7006: [0mParameter 'severity' implicitly has an 'any' type.

    [7m344[0m       const isSorted = alertSeverities.every((severity, i) => {
    [7m   [0m [91m                                              ~~~~~~~~[0m
    [96msrc/integration/cross-role/executiveDashboard.integration.test.ts[0m:[93m344[0m:[93m57[0m - [91merror[0m[90m TS7006: [0mParameter 'i' implicitly has an 'any' type.

    [7m344[0m       const isSorted = alertSeverities.every((severity, i) => {
    [7m   [0m [91m                                                        ~[0m
    [96msrc/integration/cross-role/executiveDashboard.integration.test.ts[0m:[93m379[0m:[93m38[0m - [91merror[0m[90m TS7006: [0mParameter 'rec' implicitly has an 'any' type.

    [7m379[0m       result.recommendations.forEach(rec => {
    [7m   [0m [91m                                     ~~~[0m
    [96msrc/integration/cross-role/executiveDashboard.integration.test.ts[0m:[93m411[0m:[93m53[0m - [91merror[0m[90m TS7006: [0mParameter 'r' implicitly has an 'any' type.

    [7m411[0m       const priorities = result.recommendations.map(r => r.priority);
    [7m   [0m [91m                                                    ~[0m
    [96msrc/integration/cross-role/executiveDashboard.integration.test.ts[0m:[93m412[0m:[93m42[0m - [91merror[0m[90m TS7006: [0mParameter 'p' implicitly has an 'any' type.

    [7m412[0m       const isSorted = priorities.every((p, i) => i === 0 || p >= priorities[i - 1]);
    [7m   [0m [91m                                         ~[0m
    [96msrc/integration/cross-role/executiveDashboard.integration.test.ts[0m:[93m412[0m:[93m45[0m - [91merror[0m[90m TS7006: [0mParameter 'i' implicitly has an 'any' type.

    [7m412[0m       const isSorted = priorities.every((p, i) => i === 0 || p >= priorities[i - 1]);
    [7m   [0m [91m                                            ~[0m

FAIL src/hooks/__tests__/prototypes/useAuth.race.test.tsx
  ● Test suite failed to run

    [96msrc/hooks/__tests__/prototypes/useAuth.race.test.tsx[0m:[93m20[0m:[93m3[0m - [91merror[0m[90m TS6133: [0m'useRegisterMutation' is declared but its value is never read.

    [7m20[0m   useRegisterMutation,
    [7m  [0m [91m  ~~~~~~~~~~~~~~~~~~~[0m
    [96msrc/hooks/__tests__/prototypes/useAuth.race.test.tsx[0m:[93m21[0m:[93m3[0m - [91merror[0m[90m TS6133: [0m'useLogoutMutation' is declared but its value is never read.

    [7m21[0m   useLogoutMutation,
    [7m  [0m [91m  ~~~~~~~~~~~~~~~~~[0m
    [96msrc/hooks/__tests__/prototypes/useAuth.race.test.tsx[0m:[93m23[0m:[93m3[0m - [91merror[0m[90m TS6133: [0m'useChangePasswordMutation' is declared but its value is never read.

    [7m23[0m   useChangePasswordMutation,
    [7m  [0m [91m  ~~~~~~~~~~~~~~~~~~~~~~~~~[0m
    [96msrc/hooks/__tests__/prototypes/useAuth.race.test.tsx[0m:[93m28[0m:[93m8[0m - [91merror[0m[90m TS2307: [0mCannot find module '../useAuth' or its corresponding type declarations.

    [7m28[0m } from '../useAuth';
    [7m  [0m [91m       ~~~~~~~~~~~~[0m
    [96msrc/hooks/__tests__/prototypes/useAuth.race.test.tsx[0m:[93m29[0m:[93m29[0m - [91merror[0m[90m TS2307: [0mCannot find module '../../services/authService' or its corresponding type declarations.

    [7m29[0m import { AuthService } from '../../services/authService';
    [7m  [0m [91m                            ~~~~~~~~~~~~~~~~~~~~~~~~~~~~[0m
    [96msrc/hooks/__tests__/prototypes/useAuth.race.test.tsx[0m:[93m30[0m:[93m1[0m - [91merror[0m[90m TS6133: [0m'createSupabaseMock' is declared but its value is never read.

    [7m30[0m import { createSupabaseMock } from '../../test/mocks/supabase.simplified.mock';
    [7m  [0m [91m~~~~~~~~~~~~~~~~~~~~~~~~~~~~~~~~~~~~~~~~~~~~~~~~~~~~~~~~~~~~~~~~~~~~~~~~~~~~~~~[0m
    [96msrc/hooks/__tests__/prototypes/useAuth.race.test.tsx[0m:[93m30[0m:[93m36[0m - [91merror[0m[90m TS2307: [0mCannot find module '../../test/mocks/supabase.simplified.mock' or its corresponding type declarations.

    [7m30[0m import { createSupabaseMock } from '../../test/mocks/supabase.simplified.mock';
    [7m  [0m [91m                                   ~~~~~~~~~~~~~~~~~~~~~~~~~~~~~~~~~~~~~~~~~~~[0m
    [96msrc/hooks/__tests__/prototypes/useAuth.race.test.tsx[0m:[93m31[0m:[93m1[0m - [91merror[0m[90m TS6133: [0m'hookContracts' is declared but its value is never read.

    [7m31[0m import { hookContracts } from '../../test/contracts/hook.contracts';
    [7m  [0m [91m~~~~~~~~~~~~~~~~~~~~~~~~~~~~~~~~~~~~~~~~~~~~~~~~~~~~~~~~~~~~~~~~~~~~[0m
    [96msrc/hooks/__tests__/prototypes/useAuth.race.test.tsx[0m:[93m31[0m:[93m31[0m - [91merror[0m[90m TS2307: [0mCannot find module '../../test/contracts/hook.contracts' or its corresponding type declarations.

    [7m31[0m import { hookContracts } from '../../test/contracts/hook.contracts';
    [7m  [0m [91m                              ~~~~~~~~~~~~~~~~~~~~~~~~~~~~~~~~~~~~~[0m
    [96msrc/hooks/__tests__/prototypes/useAuth.race.test.tsx[0m:[93m107[0m:[93m53[0m - [91merror[0m[90m TS7006: [0mParameter 'email' implicitly has an 'any' type.

    [7m107[0m     mockAuthService.login.mockImplementation(async (email, password) => {
    [7m   [0m [91m                                                    ~~~~~[0m
    [96msrc/hooks/__tests__/prototypes/useAuth.race.test.tsx[0m:[93m107[0m:[93m60[0m - [91merror[0m[90m TS7006: [0mParameter 'password' implicitly has an 'any' type.

    [7m107[0m     mockAuthService.login.mockImplementation(async (email, password) => {
    [7m   [0m [91m                                                           ~~~~~~~~[0m
    [96msrc/hooks/__tests__/prototypes/useAuth.race.test.tsx[0m:[93m123[0m:[93m56[0m - [91merror[0m[90m TS7006: [0mParameter 'email' implicitly has an 'any' type.

    [7m123[0m     mockAuthService.register.mockImplementation(async (email, password, name, phone, address) => {
    [7m   [0m [91m                                                       ~~~~~[0m
    [96msrc/hooks/__tests__/prototypes/useAuth.race.test.tsx[0m:[93m123[0m:[93m63[0m - [91merror[0m[90m TS6133: [0m'password' is declared but its value is never read.

    [7m123[0m     mockAuthService.register.mockImplementation(async (email, password, name, phone, address) => {
    [7m   [0m [91m                                                              ~~~~~~~~[0m
    [96msrc/hooks/__tests__/prototypes/useAuth.race.test.tsx[0m:[93m123[0m:[93m63[0m - [91merror[0m[90m TS7006: [0mParameter 'password' implicitly has an 'any' type.

    [7m123[0m     mockAuthService.register.mockImplementation(async (email, password, name, phone, address) => {
    [7m   [0m [91m                                                              ~~~~~~~~[0m
    [96msrc/hooks/__tests__/prototypes/useAuth.race.test.tsx[0m:[93m123[0m:[93m73[0m - [91merror[0m[90m TS7006: [0mParameter 'name' implicitly has an 'any' type.

    [7m123[0m     mockAuthService.register.mockImplementation(async (email, password, name, phone, address) => {
    [7m   [0m [91m                                                                        ~~~~[0m
    [96msrc/hooks/__tests__/prototypes/useAuth.race.test.tsx[0m:[93m123[0m:[93m79[0m - [91merror[0m[90m TS7006: [0mParameter 'phone' implicitly has an 'any' type.

    [7m123[0m     mockAuthService.register.mockImplementation(async (email, password, name, phone, address) => {
    [7m   [0m [91m                                                                              ~~~~~[0m
    [96msrc/hooks/__tests__/prototypes/useAuth.race.test.tsx[0m:[93m123[0m:[93m86[0m - [91merror[0m[90m TS7006: [0mParameter 'address' implicitly has an 'any' type.

    [7m123[0m     mockAuthService.register.mockImplementation(async (email, password, name, phone, address) => {
    [7m   [0m [91m                                                                                     ~~~~~~~[0m
    [96msrc/hooks/__tests__/prototypes/useAuth.race.test.tsx[0m:[93m142[0m:[93m61[0m - [91merror[0m[90m TS7006: [0mParameter 'userId' implicitly has an 'any' type.

    [7m142[0m     mockAuthService.updateProfile.mockImplementation(async (userId, updates) => {
    [7m   [0m [91m                                                            ~~~~~~[0m
    [96msrc/hooks/__tests__/prototypes/useAuth.race.test.tsx[0m:[93m142[0m:[93m69[0m - [91merror[0m[90m TS7006: [0mParameter 'updates' implicitly has an 'any' type.

    [7m142[0m     mockAuthService.updateProfile.mockImplementation(async (userId, updates) => {
    [7m   [0m [91m                                                                    ~~~~~~~[0m
    [96msrc/hooks/__tests__/prototypes/useAuth.race.test.tsx[0m:[93m156[0m:[93m62[0m - [91merror[0m[90m TS7006: [0mParameter 'currentPassword' implicitly has an 'any' type.

    [7m156[0m     mockAuthService.changePassword.mockImplementation(async (currentPassword, newPassword) => {
    [7m   [0m [91m                                                             ~~~~~~~~~~~~~~~[0m
    [96msrc/hooks/__tests__/prototypes/useAuth.race.test.tsx[0m:[93m156[0m:[93m79[0m - [91merror[0m[90m TS7006: [0mParameter 'newPassword' implicitly has an 'any' type.

    [7m156[0m     mockAuthService.changePassword.mockImplementation(async (currentPassword, newPassword) => {
    [7m   [0m [91m                                                                              ~~~~~~~~~~~[0m
    [96msrc/hooks/__tests__/prototypes/useAuth.race.test.tsx[0m:[93m199[0m:[93m55[0m - [91merror[0m[90m TS7006: [0mParameter 'email' implicitly has an 'any' type.

    [7m199[0m       mockAuthService.login.mockImplementation(async (email, password) => {
    [7m   [0m [91m                                                      ~~~~~[0m
    [96msrc/hooks/__tests__/prototypes/useAuth.race.test.tsx[0m:[93m199[0m:[93m62[0m - [91merror[0m[90m TS7006: [0mParameter 'password' implicitly has an 'any' type.

    [7m199[0m       mockAuthService.login.mockImplementation(async (email, password) => {
    [7m   [0m [91m                                                             ~~~~~~~~[0m

FAIL src/hooks/__tests__/prototypes/useOrders.race.test.tsx
  ● Test suite failed to run

    [96msrc/hooks/__tests__/prototypes/useOrders.race.test.tsx[0m:[93m18[0m:[93m3[0m - [91merror[0m[90m TS6133: [0m'useOrder' is declared but its value is never read.

    [7m18[0m   useOrder,
    [7m  [0m [91m  ~~~~~~~~[0m
    [96msrc/hooks/__tests__/prototypes/useOrders.race.test.tsx[0m:[93m21[0m:[93m3[0m - [91merror[0m[90m TS6133: [0m'useUpdateOrderStatusMutation' is declared but its value is never read.

    [7m21[0m   useUpdateOrderStatusMutation,
    [7m  [0m [91m  ~~~~~~~~~~~~~~~~~~~~~~~~~~~~[0m
    [96msrc/hooks/__tests__/prototypes/useOrders.race.test.tsx[0m:[93m22[0m:[93m3[0m - [91merror[0m[90m TS6133: [0m'useBulkUpdateOrderStatusMutation' is declared but its value is never read.

    [7m22[0m   useBulkUpdateOrderStatusMutation
    [7m  [0m [91m  ~~~~~~~~~~~~~~~~~~~~~~~~~~~~~~~~[0m
    [96msrc/hooks/__tests__/prototypes/useOrders.race.test.tsx[0m:[93m23[0m:[93m8[0m - [91merror[0m[90m TS2307: [0mCannot find module '../useOrders' or its corresponding type declarations.

    [7m23[0m } from '../useOrders';
    [7m  [0m [91m       ~~~~~~~~~~~~~~[0m
    [96msrc/hooks/__tests__/prototypes/useOrders.race.test.tsx[0m:[93m24[0m:[93m31[0m - [91merror[0m[90m TS2307: [0mCannot find module '../../services/orderService' or its corresponding type declarations.

    [7m24[0m import * as OrderService from '../../services/orderService';
    [7m  [0m [91m                              ~~~~~~~~~~~~~~~~~~~~~~~~~~~~~[0m
    [96msrc/hooks/__tests__/prototypes/useOrders.race.test.tsx[0m:[93m25[0m:[93m28[0m - [91merror[0m[90m TS2307: [0mCannot find module '../../types' or its corresponding type declarations.

    [7m25[0m import type { Order } from '../../types';
    [7m  [0m [91m                           ~~~~~~~~~~~~~[0m
    [96msrc/hooks/__tests__/prototypes/useOrders.race.test.tsx[0m:[93m180[0m:[93m68[0m - [91merror[0m[90m TS7006: [0mParameter 'orderId' implicitly has an 'any' type.

    [7m180[0m       mockOrderService.updateOrderStatus.mockImplementation(async (orderId, status) => {
    [7m   [0m [91m                                                                   ~~~~~~~[0m
    [96msrc/hooks/__tests__/prototypes/useOrders.race.test.tsx[0m:[93m180[0m:[93m77[0m - [91merror[0m[90m TS7006: [0mParameter 'status' implicitly has an 'any' type.

    [7m180[0m       mockOrderService.updateOrderStatus.mockImplementation(async (orderId, status) => {
    [7m   [0m [91m                                                                            ~~~~~~[0m
    [96msrc/hooks/__tests__/prototypes/useOrders.race.test.tsx[0m:[93m230[0m:[93m68[0m - [91merror[0m[90m TS7006: [0mParameter 'orderId' implicitly has an 'any' type.

    [7m230[0m       mockOrderService.updateOrderStatus.mockImplementation(async (orderId, status) => {
    [7m   [0m [91m                                                                   ~~~~~~~[0m
    [96msrc/hooks/__tests__/prototypes/useOrders.race.test.tsx[0m:[93m230[0m:[93m77[0m - [91merror[0m[90m TS7006: [0mParameter 'status' implicitly has an 'any' type.

    [7m230[0m       mockOrderService.updateOrderStatus.mockImplementation(async (orderId, status) => {
    [7m   [0m [91m                                                                            ~~~~~~[0m
    [96msrc/hooks/__tests__/prototypes/useOrders.race.test.tsx[0m:[93m267[0m:[93m68[0m - [91merror[0m[90m TS7006: [0mParameter 'orderId' implicitly has an 'any' type.

    [7m267[0m       mockOrderService.updateOrderStatus.mockImplementation(async (orderId, status) => {
    [7m   [0m [91m                                                                   ~~~~~~~[0m
    [96msrc/hooks/__tests__/prototypes/useOrders.race.test.tsx[0m:[93m267[0m:[93m77[0m - [91merror[0m[90m TS7006: [0mParameter 'status' implicitly has an 'any' type.

    [7m267[0m       mockOrderService.updateOrderStatus.mockImplementation(async (orderId, status) => {
    [7m   [0m [91m                                                                            ~~~~~~[0m
    [96msrc/hooks/__tests__/prototypes/useOrders.race.test.tsx[0m:[93m275[0m:[93m72[0m - [91merror[0m[90m TS7006: [0mParameter 'orderIds' implicitly has an 'any' type.

    [7m275[0m       mockOrderService.bulkUpdateOrderStatus.mockImplementation(async (orderIds, status) => {
    [7m   [0m [91m                                                                       ~~~~~~~~[0m
    [96msrc/hooks/__tests__/prototypes/useOrders.race.test.tsx[0m:[93m275[0m:[93m82[0m - [91merror[0m[90m TS7006: [0mParameter 'status' implicitly has an 'any' type.

    [7m275[0m       mockOrderService.bulkUpdateOrderStatus.mockImplementation(async (orderIds, status) => {
    [7m   [0m [91m                                                                                 ~~~~~~[0m
    [96msrc/hooks/__tests__/prototypes/useOrders.race.test.tsx[0m:[93m278[0m:[93m44[0m - [91merror[0m[90m TS7006: [0mParameter 'id' implicitly has an 'any' type.

    [7m278[0m         const updatedOrders = orderIds.map(id => ({
    [7m   [0m [91m                                           ~~[0m
    [96msrc/hooks/__tests__/prototypes/useOrders.race.test.tsx[0m:[93m317[0m:[93m72[0m - [91merror[0m[90m TS7006: [0mParameter 'orderIds' implicitly has an 'any' type.

    [7m317[0m       mockOrderService.bulkUpdateOrderStatus.mockImplementation(async (orderIds, status) => {
    [7m   [0m [91m                                                                       ~~~~~~~~[0m
    [96msrc/hooks/__tests__/prototypes/useOrders.race.test.tsx[0m:[93m317[0m:[93m82[0m - [91merror[0m[90m TS7006: [0mParameter 'status' implicitly has an 'any' type.

    [7m317[0m       mockOrderService.bulkUpdateOrderStatus.mockImplementation(async (orderIds, status) => {
    [7m   [0m [91m                                                                                 ~~~~~~[0m
    [96msrc/hooks/__tests__/prototypes/useOrders.race.test.tsx[0m:[93m322[0m:[93m44[0m - [91merror[0m[90m TS7006: [0mParameter 'id' implicitly has an 'any' type.

    [7m322[0m         const updatedOrders = orderIds.map(id => ({
    [7m   [0m [91m                                           ~~[0m
    [96msrc/hooks/__tests__/prototypes/useOrders.race.test.tsx[0m:[93m372[0m:[93m68[0m - [91merror[0m[90m TS7006: [0mParameter 'orderId' implicitly has an 'any' type.

    [7m372[0m       mockOrderService.updateOrderStatus.mockImplementation(async (orderId, status) => {
    [7m   [0m [91m                                                                   ~~~~~~~[0m
    [96msrc/hooks/__tests__/prototypes/useOrders.race.test.tsx[0m:[93m372[0m:[93m77[0m - [91merror[0m[90m TS7006: [0mParameter 'status' implicitly has an 'any' type.

    [7m372[0m       mockOrderService.updateOrderStatus.mockImplementation(async (orderId, status) => {
    [7m   [0m [91m                                                                            ~~~~~~[0m
    [96msrc/hooks/__tests__/prototypes/useOrders.race.test.tsx[0m:[93m409[0m:[93m72[0m - [91merror[0m[90m TS7006: [0mParameter 'orderIds' implicitly has an 'any' type.

    [7m409[0m       mockOrderService.bulkUpdateOrderStatus.mockImplementation(async (orderIds, status) => {
    [7m   [0m [91m                                                                       ~~~~~~~~[0m
    [96msrc/hooks/__tests__/prototypes/useOrders.race.test.tsx[0m:[93m409[0m:[93m82[0m - [91merror[0m[90m TS7006: [0mParameter 'status' implicitly has an 'any' type.

    [7m409[0m       mockOrderService.bulkUpdateOrderStatus.mockImplementation(async (orderIds, status) => {
    [7m   [0m [91m                                                                                 ~~~~~~[0m
    [96msrc/hooks/__tests__/prototypes/useOrders.race.test.tsx[0m:[93m412[0m:[93m44[0m - [91merror[0m[90m TS7006: [0mParameter 'id' implicitly has an 'any' type.

    [7m412[0m         const updatedOrders = orderIds.map(id => ({
    [7m   [0m [91m                                           ~~[0m
    [96msrc/hooks/__tests__/prototypes/useOrders.race.test.tsx[0m:[93m459[0m:[93m68[0m - [91merror[0m[90m TS7006: [0mParameter 'orderId' implicitly has an 'any' type.

    [7m459[0m       mockOrderService.updateOrderStatus.mockImplementation(async (orderId, status) => {
    [7m   [0m [91m                                                                   ~~~~~~~[0m
    [96msrc/hooks/__tests__/prototypes/useOrders.race.test.tsx[0m:[93m459[0m:[93m77[0m - [91merror[0m[90m TS7006: [0mParameter 'status' implicitly has an 'any' type.

    [7m459[0m       mockOrderService.updateOrderStatus.mockImplementation(async (orderId, status) => {
    [7m   [0m [91m                                                                            ~~~~~~[0m
    [96msrc/hooks/__tests__/prototypes/useOrders.race.test.tsx[0m:[93m526[0m:[93m72[0m - [91merror[0m[90m TS7006: [0mParameter 'orderIds' implicitly has an 'any' type.

    [7m526[0m       mockOrderService.bulkUpdateOrderStatus.mockImplementation(async (orderIds, status) => {
    [7m   [0m [91m                                                                       ~~~~~~~~[0m
    [96msrc/hooks/__tests__/prototypes/useOrders.race.test.tsx[0m:[93m526[0m:[93m82[0m - [91merror[0m[90m TS7006: [0mParameter 'status' implicitly has an 'any' type.

    [7m526[0m       mockOrderService.bulkUpdateOrderStatus.mockImplementation(async (orderIds, status) => {
    [7m   [0m [91m                                                                                 ~~~~~~[0m
    [96msrc/hooks/__tests__/prototypes/useOrders.race.test.tsx[0m:[93m535[0m:[93m19[0m - [91merror[0m[90m TS7006: [0mParameter 'id' implicitly has an 'any' type.

    [7m535[0m           .filter(id => id !== 'order-2')
    [7m   [0m [91m                  ~~[0m
    [96msrc/hooks/__tests__/prototypes/useOrders.race.test.tsx[0m:[93m536[0m:[93m16[0m - [91merror[0m[90m TS7006: [0mParameter 'id' implicitly has an 'any' type.

    [7m536[0m           .map(id => ({
    [7m   [0m [91m               ~~[0m

FAIL src/tests/reactQueryHooks.test.tsx
  ● Test suite failed to run

    [96msrc/tests/reactQueryHooks.test.tsx[0m:[93m15[0m:[93m1[0m - [91merror[0m[90m TS6133: [0m'ErrorContext' is declared but its value is never read.

    [7m15[0m import { ErrorContext } from '../services/errorRecoveryService';
    [7m  [0m [91m~~~~~~~~~~~~~~~~~~~~~~~~~~~~~~~~~~~~~~~~~~~~~~~~~~~~~~~~~~~~~~~~[0m
    [96msrc/tests/reactQueryHooks.test.tsx[0m:[93m16[0m:[93m1[0m - [91merror[0m[90m TS6133: [0m'NotificationRequest' is declared but its value is never read.

    [7m16[0m import { NotificationRequest } from '../services/notificationService';
    [7m  [0m [91m~~~~~~~~~~~~~~~~~~~~~~~~~~~~~~~~~~~~~~~~~~~~~~~~~~~~~~~~~~~~~~~~~~~~~~[0m
    [96msrc/tests/reactQueryHooks.test.tsx[0m:[93m17[0m:[93m1[0m - [91merror[0m[90m TS6133: [0m'RescheduleRequest' is declared but its value is never read.

    [7m17[0m import { RescheduleRequest } from '../services/pickupReschedulingService';
    [7m  [0m [91m~~~~~~~~~~~~~~~~~~~~~~~~~~~~~~~~~~~~~~~~~~~~~~~~~~~~~~~~~~~~~~~~~~~~~~~~~~[0m
    [96msrc/tests/reactQueryHooks.test.tsx[0m:[93m51[0m:[93m7[0m - [91merror[0m[90m TS2740: [0mType '{ id: string; customerId: string; customerInfo: { name: string; email: string; phone: string; }; items: { productId: string; productName: string; quantity: number; price: number; subtotal: number; }[]; subtotal: number; ... 9 more ...; updatedAt: string; }' is missing the following properties from type 'Order': customer_name, customer_email, customer_phone, tax_amount, and 6 more.

    [7m51[0m const mockOrder: Order = {
    [7m  [0m [91m      ~~~~~~~~~[0m
    [96msrc/tests/reactQueryHooks.test.tsx[0m:[93m121[0m:[93m39[0m - [91merror[0m[90m TS2345: [0mArgument of type '{ errorType: "payment_failed"; orderId: string; userId: string; operation: string; originalError: string; recoveryStrategy: "retry"; metadata: { amount: number; }; }' is not assignable to parameter of type 'ErrorContext'.
      Type '{ errorType: "payment_failed"; orderId: string; userId: string; operation: string; originalError: string; recoveryStrategy: "retry"; metadata: { amount: number; }; }' is missing the following properties from type 'ErrorContext': timestamp, retryCount

    [7m121[0m       result.current.recoverFromError(errorData);
    [7m   [0m [91m                                      ~~~~~~~~~[0m
    [96msrc/tests/reactQueryHooks.test.tsx[0m:[93m147[0m:[93m9[0m - [91merror[0m[90m TS2322: [0mType 'string' is not assignable to type 'Error'.

    [7m147[0m         originalError: 'Test error',
    [7m   [0m [91m        ~~~~~~~~~~~~~[0m

      [96msrc/services/errorRecoveryService.ts[0m:[93m49[0m:[93m3[0m
        [7m49[0m   originalError: Error;
        [7m  [0m [96m  ~~~~~~~~~~~~~[0m
        The expected type comes from property 'originalError' which is declared here on type 'ErrorContext'
    [96msrc/tests/reactQueryHooks.test.tsx[0m:[93m212[0m:[93m39[0m - [91merror[0m[90m TS2345: [0mArgument of type '{ type: "order_confirmation"; userId: string; orderId: string; customerName: string; customerEmail: string; customerPhone: string | undefined; message: string; deliveryMethod: "email"; metadata: { ...; }; }' is not assignable to parameter of type 'NotificationRequest'.
      Type '{ type: "order_confirmation"; userId: string; orderId: string; customerName: string; customerEmail: string; customerPhone: string | undefined; message: string; deliveryMethod: "email"; metadata: { ...; }; }' is missing the following properties from type 'NotificationRequest': channels, order

    [7m212[0m       result.current.sendNotification(notificationData);
    [7m   [0m [91m                                      ~~~~~~~~~~~~~~~~[0m
    [96msrc/tests/reactQueryHooks.test.tsx[0m:[93m239[0m:[93m9[0m - [91merror[0m[90m TS2322: [0mType '"pickup_ready"' is not assignable to type 'NotificationType'.

    [7m239[0m         type: 'pickup_ready',
    [7m   [0m [91m        ~~~~[0m

      [96msrc/services/notificationService.ts[0m:[93m20[0m:[93m3[0m
        [7m20[0m   type: NotificationType;
        [7m  [0m [96m  ~~~~[0m
        The expected type comes from property 'type' which is declared here on type 'NotificationRequest'
    [96msrc/tests/reactQueryHooks.test.tsx[0m:[93m244[0m:[93m9[0m - [91merror[0m[90m TS2322: [0mType 'string | undefined' is not assignable to type 'string'.
      Type 'undefined' is not assignable to type 'string'.

    [7m244[0m         customerPhone: mockUser.phone,
    [7m   [0m [91m        ~~~~~~~~~~~~~[0m

      [96msrc/services/notificationService.ts[0m:[93m18[0m:[93m3[0m
        [7m18[0m   customerPhone: string;
        [7m  [0m [96m  ~~~~~~~~~~~~~[0m
        The expected type comes from property 'customerPhone' which is declared here on type 'NotificationRequest'
    [96msrc/tests/reactQueryHooks.test.tsx[0m:[93m334[0m:[93m9[0m - [91merror[0m[90m TS2353: [0mObject literal may only specify known properties, and 'userId' does not exist in type 'RescheduleRequest'.

    [7m334[0m         userId: mockUser.id,
    [7m   [0m [91m        ~~~~~~[0m
    [96msrc/tests/reactQueryHooks.test.tsx[0m:[93m362[0m:[93m9[0m - [91merror[0m[90m TS2353: [0mObject literal may only specify known properties, and 'userId' does not exist in type 'RescheduleRequest'.

    [7m362[0m         userId: mockUser.id,
    [7m   [0m [91m        ~~~~~~[0m
    [96msrc/tests/reactQueryHooks.test.tsx[0m:[93m370[0m:[93m31[0m - [91merror[0m[90m TS2551: [0mProperty 'reschedulingError' does not exist on type '{ isRescheduling: boolean; rescheduleError: Error | null; reschedulePickup: (request: RescheduleRequest) => void; reschedulePickupAsync: (request: RescheduleRequest) => Promise<...>; ... 5 more ...; resetRescheduleError: () => void; }'. Did you mean 'rescheduleError'?

    [7m370[0m         expect(result.current.reschedulingError).toBeTruthy();
    [7m   [0m [91m                              ~~~~~~~~~~~~~~~~~[0m

      [96msrc/hooks/usePickupRescheduling.ts[0m:[93m354[0m:[93m5[0m
        [7m354[0m     rescheduleError: reschedulePickupMutation.error,
        [7m   [0m [96m    ~~~~~~~~~~~~~~~~~~~~~~~~~~~~~~~~~~~~~~~~~~~~~~~[0m
        'rescheduleError' is declared here.
    [96msrc/tests/reactQueryHooks.test.tsx[0m:[93m371[0m:[93m31[0m - [91merror[0m[90m TS2551: [0mProperty 'reschedulingError' does not exist on type '{ isRescheduling: boolean; rescheduleError: Error | null; reschedulePickup: (request: RescheduleRequest) => void; reschedulePickupAsync: (request: RescheduleRequest) => Promise<...>; ... 5 more ...; resetRescheduleError: () => void; }'. Did you mean 'rescheduleError'?

    [7m371[0m         expect(result.current.reschedulingError?.message).toContain('past date');
    [7m   [0m [91m                              ~~~~~~~~~~~~~~~~~[0m

      [96msrc/hooks/usePickupRescheduling.ts[0m:[93m354[0m:[93m5[0m
        [7m354[0m     rescheduleError: reschedulePickupMutation.error,
        [7m   [0m [96m    ~~~~~~~~~~~~~~~~~~~~~~~~~~~~~~~~~~~~~~~~~~~~~~~[0m
        'rescheduleError' is declared here.
    [96msrc/tests/reactQueryHooks.test.tsx[0m:[93m384[0m:[93m36[0m - [91merror[0m[90m TS2339: [0mProperty 'processNoShow' does not exist on type '{ isProcessingNoShow: boolean; isCheckingOverdue: boolean; isLoading: boolean; processError: NoShowError; checkError: NoShowError; processNoShowOrders: () => void; ... 8 more ...; resetCheckError: () => void; } | { ...; }'.
      Property 'processNoShow' does not exist on type '{ isProcessingNoShow: boolean; isCheckingOverdue: boolean; isLoading: boolean; processError: NoShowError; checkError: NoShowError; processNoShowOrders: () => void; ... 8 more ...; resetCheckError: () => void; }'.

    [7m384[0m       expect(typeof result.current.processNoShow).toBe('function');
    [7m   [0m [91m                                   ~~~~~~~~~~~~~[0m
    [96msrc/tests/reactQueryHooks.test.tsx[0m:[93m385[0m:[93m36[0m - [91merror[0m[90m TS2339: [0mProperty 'isProcessing' does not exist on type '{ isProcessingNoShow: boolean; isCheckingOverdue: boolean; isLoading: boolean; processError: NoShowError; checkError: NoShowError; processNoShowOrders: () => void; ... 8 more ...; resetCheckError: () => void; } | { ...; }'.
      Property 'isProcessing' does not exist on type '{ isProcessingNoShow: boolean; isCheckingOverdue: boolean; isLoading: boolean; processError: NoShowError; checkError: NoShowError; processNoShowOrders: () => void; ... 8 more ...; resetCheckError: () => void; }'.

    [7m385[0m       expect(typeof result.current.isProcessing).toBe('boolean');
    [7m   [0m [91m                                   ~~~~~~~~~~~~[0m
    [96msrc/tests/reactQueryHooks.test.tsx[0m:[93m414[0m:[93m22[0m - [91merror[0m[90m TS2339: [0mProperty 'processNoShow' does not exist on type '{ isProcessingNoShow: boolean; isCheckingOverdue: boolean; isLoading: boolean; processError: NoShowError; checkError: NoShowError; processNoShowOrders: () => void; ... 8 more ...; resetCheckError: () => void; } | { ...; }'.
      Property 'processNoShow' does not exist on type '{ isProcessingNoShow: boolean; isCheckingOverdue: boolean; isLoading: boolean; processError: NoShowError; checkError: NoShowError; processNoShowOrders: () => void; ... 8 more ...; resetCheckError: () => void; }'.

    [7m414[0m       result.current.processNoShow(noShowData);
    [7m   [0m [91m                     ~~~~~~~~~~~~~[0m
    [96msrc/tests/reactQueryHooks.test.tsx[0m:[93m437[0m:[93m22[0m - [91merror[0m[90m TS2339: [0mProperty 'processNoShow' does not exist on type '{ isProcessingNoShow: boolean; isCheckingOverdue: boolean; isLoading: boolean; processError: NoShowError; checkError: NoShowError; processNoShowOrders: () => void; ... 8 more ...; resetCheckError: () => void; } | { ...; }'.
      Property 'processNoShow' does not exist on type '{ isProcessingNoShow: boolean; isCheckingOverdue: boolean; isLoading: boolean; processError: NoShowError; checkError: NoShowError; processNoShowOrders: () => void; ... 8 more ...; resetCheckError: () => void; }'.

    [7m437[0m       result.current.processNoShow({
    [7m   [0m [91m                     ~~~~~~~~~~~~~[0m
    [96msrc/tests/reactQueryHooks.test.tsx[0m:[93m471[0m:[93m22[0m - [91merror[0m[90m TS2339: [0mProperty 'processNoShow' does not exist on type '{ isProcessingNoShow: boolean; isCheckingOverdue: boolean; isLoading: boolean; processError: NoShowError; checkError: NoShowError; processNoShowOrders: () => void; ... 8 more ...; resetCheckError: () => void; } | { ...; }'.
      Property 'processNoShow' does not exist on type '{ isProcessingNoShow: boolean; isCheckingOverdue: boolean; isLoading: boolean; processError: NoShowError; checkError: NoShowError; processNoShowOrders: () => void; ... 8 more ...; resetCheckError: () => void; }'.

    [7m471[0m       result.current.processNoShow({
    [7m   [0m [91m                     ~~~~~~~~~~~~~[0m
    [96msrc/tests/reactQueryHooks.test.tsx[0m:[93m498[0m:[93m36[0m - [91merror[0m[90m TS2339: [0mProperty 'processNoShow' does not exist on type '{ isProcessingNoShow: boolean; isCheckingOverdue: boolean; isLoading: boolean; processError: NoShowError; checkError: NoShowError; processNoShowOrders: () => void; ... 8 more ...; resetCheckError: () => void; } | { ...; }'.
      Property 'processNoShow' does not exist on type '{ isProcessingNoShow: boolean; isCheckingOverdue: boolean; isLoading: boolean; processError: NoShowError; checkError: NoShowError; processNoShowOrders: () => void; ... 8 more ...; resetCheckError: () => void; }'.

    [7m498[0m       expect(typeof noShow.current.processNoShow).toBe('function');
    [7m   [0m [91m                                   ~~~~~~~~~~~~~[0m
    [96msrc/tests/reactQueryHooks.test.tsx[0m:[93m504[0m:[93m36[0m - [91merror[0m[90m TS2339: [0mProperty 'isProcessing' does not exist on type '{ isProcessingNoShow: boolean; isCheckingOverdue: boolean; isLoading: boolean; processError: NoShowError; checkError: NoShowError; processNoShowOrders: () => void; ... 8 more ...; resetCheckError: () => void; } | { ...; }'.
      Property 'isProcessing' does not exist on type '{ isProcessingNoShow: boolean; isCheckingOverdue: boolean; isLoading: boolean; processError: NoShowError; checkError: NoShowError; processNoShowOrders: () => void; ... 8 more ...; resetCheckError: () => void; }'.

    [7m504[0m       expect(typeof noShow.current.isProcessing).toBe('boolean');
    [7m   [0m [91m                                   ~~~~~~~~~~~~[0m
    [96msrc/tests/reactQueryHooks.test.tsx[0m:[93m536[0m:[93m9[0m - [91merror[0m[90m TS2353: [0mObject literal may only specify known properties, and 'userId' does not exist in type 'RescheduleRequest'.

    [7m536[0m         userId: mockUser.id,
    [7m   [0m [91m        ~~~~~~[0m
    [96msrc/tests/reactQueryHooks.test.tsx[0m:[93m545[0m:[93m31[0m - [91merror[0m[90m TS2551: [0mProperty 'reschedulingError' does not exist on type '{ isRescheduling: boolean; rescheduleError: Error | null; reschedulePickup: (request: RescheduleRequest) => void; reschedulePickupAsync: (request: RescheduleRequest) => Promise<...>; ... 5 more ...; resetRescheduleError: () => void; }'. Did you mean 'rescheduleError'?

    [7m545[0m         expect(result.current.reschedulingError).toBeTruthy();
    [7m   [0m [91m                              ~~~~~~~~~~~~~~~~~[0m

      [96msrc/hooks/usePickupRescheduling.ts[0m:[93m354[0m:[93m5[0m
        [7m354[0m     rescheduleError: reschedulePickupMutation.error,
        [7m   [0m [96m    ~~~~~~~~~~~~~~~~~~~~~~~~~~~~~~~~~~~~~~~~~~~~~~~[0m
        'rescheduleError' is declared here.
    [96msrc/tests/reactQueryHooks.test.tsx[0m:[93m551[0m:[93m13[0m - [91merror[0m[90m TS6133: [0m'mockQueryClient' is declared but its value is never read.

    [7m551[0m       const mockQueryClient = {
    [7m   [0m [91m            ~~~~~~~~~~~~~~~[0m
    [96msrc/tests/reactQueryHooks.test.tsx[0m:[93m569[0m:[93m15[0m - [91merror[0m[90m TS6133: [0m'recoverFromError' is declared but its value is never read.

    [7m569[0m         const { recoverFromError } = useErrorRecovery();
    [7m   [0m [91m              ~~~~~~~~~~~~~~~~~~~~[0m
    [96msrc/tests/reactQueryHooks.test.tsx[0m:[93m577[0m:[93m7[0m - [91merror[0m[90m TS2554: [0mExpected 1 arguments, but got 0.

    [7m577[0m       rerender();
    [7m   [0m [91m      ~~~~~~~~[0m

      [96mnode_modules/@testing-library/react-native/build/render-hook.d.ts[0m:[93m3[0m:[93m16[0m
        [7m3[0m     rerender: (props: Props) => void;
        [7m [0m [96m               ~~~~~~~~~~~~[0m
        An argument for 'props' was not provided.
    [96msrc/tests/reactQueryHooks.test.tsx[0m:[93m597[0m:[93m13[0m - [91merror[0m[90m TS6133: [0m'promises' is declared but its value is never read.

    [7m597[0m       const promises = Array.from({ length: 3 }, (_, i) =>
    [7m   [0m [91m            ~~~~~~~~[0m
    [96msrc/tests/reactQueryHooks.test.tsx[0m:[93m599[0m:[93m11[0m - [91merror[0m[90m TS2322: [0mType '"custom"' is not assignable to type 'NotificationType'.

    [7m599[0m           type: 'custom',
    [7m   [0m [91m          ~~~~[0m

      [96msrc/services/notificationService.ts[0m:[93m20[0m:[93m3[0m
        [7m20[0m   type: NotificationType;
        [7m  [0m [96m  ~~~~[0m
        The expected type comes from property 'type' which is declared here on type 'NotificationRequest'
    [96msrc/tests/reactQueryHooks.test.tsx[0m:[93m604[0m:[93m11[0m - [91merror[0m[90m TS2322: [0mType 'string | undefined' is not assignable to type 'string'.
      Type 'undefined' is not assignable to type 'string'.

    [7m604[0m           customerPhone: mockUser.phone,
    [7m   [0m [91m          ~~~~~~~~~~~~~[0m

      [96msrc/services/notificationService.ts[0m:[93m18[0m:[93m3[0m
        [7m18[0m   customerPhone: string;
        [7m  [0m [96m  ~~~~~~~~~~~~~[0m
        The expected type comes from property 'customerPhone' which is declared here on type 'NotificationRequest'

FAIL src/services/__tests__/userRoleService.comprehensive.test.ts
  ● Test suite failed to run

    [96msrc/services/__tests__/userRoleService.comprehensive.test.ts[0m:[93m262[0m:[93m13[0m - [91merror[0m[90m TS6133: [0m'inactiveRole' is declared but its value is never read.

    [7m262[0m       const inactiveRole = validUserRoles.find(r => r.user_id === 'user-4' && !r.is_active);
    [7m   [0m [91m            ~~~~~~~~~~~~[0m

FAIL src/hooks/executive/__tests__/useMetricTrends.test.tsx
  ● Test suite failed to run

    [96msrc/hooks/executive/__tests__/useMetricTrends.test.tsx[0m:[93m47[0m:[93m9[0m - [91merror[0m[90m TS6133: [0m'mockComparisonData' is declared but its value is never read.

    [7m47[0m   const mockComparisonData = {
    [7m  [0m [91m        ~~~~~~~~~~~~~~~~~~[0m
    [96msrc/hooks/executive/__tests__/useMetricTrends.test.tsx[0m:[93m100[0m:[93m14[0m - [91merror[0m[90m TS18048: [0m'result.current.data' is possibly 'undefined'.

    [7m100[0m       expect(result.current.data.averageValue).toBe(105750);
    [7m   [0m [91m             ~~~~~~~~~~~~~~~~~~~[0m
    [96msrc/hooks/executive/__tests__/useMetricTrends.test.tsx[0m:[93m100[0m:[93m34[0m - [91merror[0m[90m TS2339: [0mProperty 'averageValue' does not exist on type '{ trend: "increasing" | "stable" | "decreasing"; slope: number; dataPoints: { date: string; value: number; }[]; trendData?: any; statisticalAnalysis?: any; anomalyDetection?: any; } | { averageValue: number; trendDirection: string; percentageChange: number; dataPoints: never[]; } | { ...; } | { ...; } | { ...; }'.
      Property 'averageValue' does not exist on type '{ trend: "increasing" | "stable" | "decreasing"; slope: number; dataPoints: { date: string; value: number; }[]; trendData?: any; statisticalAnalysis?: any; anomalyDetection?: any; }'.

    [7m100[0m       expect(result.current.data.averageValue).toBe(105750);
    [7m   [0m [91m                                 ~~~~~~~~~~~~[0m
    [96msrc/hooks/executive/__tests__/useMetricTrends.test.tsx[0m:[93m101[0m:[93m14[0m - [91merror[0m[90m TS18048: [0m'result.current.data' is possibly 'undefined'.

    [7m101[0m       expect(result.current.data.trend).toBe('increasing');
    [7m   [0m [91m             ~~~~~~~~~~~~~~~~~~~[0m
    [96msrc/hooks/executive/__tests__/useMetricTrends.test.tsx[0m:[93m101[0m:[93m34[0m - [91merror[0m[90m TS2339: [0mProperty 'trend' does not exist on type '{ trend: "increasing" | "stable" | "decreasing"; slope: number; dataPoints: { date: string; value: number; }[]; trendData?: any; statisticalAnalysis?: any; anomalyDetection?: any; } | { averageValue: number; trendDirection: string; percentageChange: number; dataPoints: never[]; } | { ...; } | { ...; } | { ...; }'.
      Property 'trend' does not exist on type '{ averageValue: number; trendDirection: string; percentageChange: number; dataPoints: never[]; }'.

    [7m101[0m       expect(result.current.data.trend).toBe('increasing');
    [7m   [0m [91m                                 ~~~~~[0m
    [96msrc/hooks/executive/__tests__/useMetricTrends.test.tsx[0m:[93m143[0m:[93m15[0m - [91merror[0m[90m TS6133: [0m'result' is declared but its value is never read.

    [7m143[0m         const { result } = renderHook(() => useMetricTrends({ granularity }), {
    [7m   [0m [91m              ~~~~~~~~~~[0m
    [96msrc/hooks/executive/__tests__/useMetricTrends.test.tsx[0m:[93m170[0m:[93m14[0m - [91merror[0m[90m TS18048: [0m'result.current.data' is possibly 'undefined'.

    [7m170[0m       expect(result.current.data.current).toBeDefined();
    [7m   [0m [91m             ~~~~~~~~~~~~~~~~~~~[0m
    [96msrc/hooks/executive/__tests__/useMetricTrends.test.tsx[0m:[93m170[0m:[93m34[0m - [91merror[0m[90m TS2339: [0mProperty 'current' does not exist on type '{ trend: "increasing" | "stable" | "decreasing"; slope: number; dataPoints: { date: string; value: number; }[]; trendData?: any; statisticalAnalysis?: any; anomalyDetection?: any; } | { averageValue: number; trendDirection: string; percentageChange: number; dataPoints: never[]; } | { ...; } | { ...; } | { ...; }'.
      Property 'current' does not exist on type '{ trend: "increasing" | "stable" | "decreasing"; slope: number; dataPoints: { date: string; value: number; }[]; trendData?: any; statisticalAnalysis?: any; anomalyDetection?: any; }'.

    [7m170[0m       expect(result.current.data.current).toBeDefined();
    [7m   [0m [91m                                 ~~~~~~~[0m
    [96msrc/hooks/executive/__tests__/useMetricTrends.test.tsx[0m:[93m171[0m:[93m14[0m - [91merror[0m[90m TS18048: [0m'result.current.data' is possibly 'undefined'.

    [7m171[0m       expect(result.current.data.comparison).toBeDefined();
    [7m   [0m [91m             ~~~~~~~~~~~~~~~~~~~[0m
    [96msrc/hooks/executive/__tests__/useMetricTrends.test.tsx[0m:[93m171[0m:[93m34[0m - [91merror[0m[90m TS2339: [0mProperty 'comparison' does not exist on type '{ trend: "increasing" | "stable" | "decreasing"; slope: number; dataPoints: { date: string; value: number; }[]; trendData?: any; statisticalAnalysis?: any; anomalyDetection?: any; } | { averageValue: number; trendDirection: string; percentageChange: number; dataPoints: never[]; } | { ...; } | { ...; } | { ...; }'.
      Property 'comparison' does not exist on type '{ trend: "increasing" | "stable" | "decreasing"; slope: number; dataPoints: { date: string; value: number; }[]; trendData?: any; statisticalAnalysis?: any; anomalyDetection?: any; }'.

    [7m171[0m       expect(result.current.data.comparison).toBeDefined();
    [7m   [0m [91m                                 ~~~~~~~~~~[0m
    [96msrc/hooks/executive/__tests__/useMetricTrends.test.tsx[0m:[93m221[0m:[93m14[0m - [91merror[0m[90m TS18048: [0m'result.current.data' is possibly 'undefined'.

    [7m221[0m       expect(result.current.data.forecasts).toBeDefined();
    [7m   [0m [91m             ~~~~~~~~~~~~~~~~~~~[0m
    [96msrc/hooks/executive/__tests__/useMetricTrends.test.tsx[0m:[93m221[0m:[93m34[0m - [91merror[0m[90m TS2339: [0mProperty 'forecasts' does not exist on type '{ trend: "increasing" | "stable" | "decreasing"; slope: number; dataPoints: { date: string; value: number; }[]; trendData?: any; statisticalAnalysis?: any; anomalyDetection?: any; } | { averageValue: number; trendDirection: string; percentageChange: number; dataPoints: never[]; } | { ...; } | { ...; } | { ...; }'.
      Property 'forecasts' does not exist on type '{ trend: "increasing" | "stable" | "decreasing"; slope: number; dataPoints: { date: string; value: number; }[]; trendData?: any; statisticalAnalysis?: any; anomalyDetection?: any; }'.

    [7m221[0m       expect(result.current.data.forecasts).toBeDefined();
    [7m   [0m [91m                                 ~~~~~~~~~[0m
    [96msrc/hooks/executive/__tests__/useMetricTrends.test.tsx[0m:[93m222[0m:[93m14[0m - [91merror[0m[90m TS18048: [0m'result.current.data' is possibly 'undefined'.

    [7m222[0m       expect(result.current.data.forecasts.nextPeriod).toBeDefined();
    [7m   [0m [91m             ~~~~~~~~~~~~~~~~~~~[0m
    [96msrc/hooks/executive/__tests__/useMetricTrends.test.tsx[0m:[93m222[0m:[93m34[0m - [91merror[0m[90m TS2339: [0mProperty 'forecasts' does not exist on type '{ trend: "increasing" | "stable" | "decreasing"; slope: number; dataPoints: { date: string; value: number; }[]; trendData?: any; statisticalAnalysis?: any; anomalyDetection?: any; } | { averageValue: number; trendDirection: string; percentageChange: number; dataPoints: never[]; } | { ...; } | { ...; } | { ...; }'.
      Property 'forecasts' does not exist on type '{ trend: "increasing" | "stable" | "decreasing"; slope: number; dataPoints: { date: string; value: number; }[]; trendData?: any; statisticalAnalysis?: any; anomalyDetection?: any; }'.

    [7m222[0m       expect(result.current.data.forecasts.nextPeriod).toBeDefined();
    [7m   [0m [91m                                 ~~~~~~~~~[0m
    [96msrc/hooks/executive/__tests__/useMetricTrends.test.tsx[0m:[93m223[0m:[93m14[0m - [91merror[0m[90m TS18048: [0m'result.current.data' is possibly 'undefined'.

    [7m223[0m       expect(result.current.data.forecasts.confidence).toBeDefined();
    [7m   [0m [91m             ~~~~~~~~~~~~~~~~~~~[0m
    [96msrc/hooks/executive/__tests__/useMetricTrends.test.tsx[0m:[93m223[0m:[93m34[0m - [91merror[0m[90m TS2339: [0mProperty 'forecasts' does not exist on type '{ trend: "increasing" | "stable" | "decreasing"; slope: number; dataPoints: { date: string; value: number; }[]; trendData?: any; statisticalAnalysis?: any; anomalyDetection?: any; } | { averageValue: number; trendDirection: string; percentageChange: number; dataPoints: never[]; } | { ...; } | { ...; } | { ...; }'.
      Property 'forecasts' does not exist on type '{ trend: "increasing" | "stable" | "decreasing"; slope: number; dataPoints: { date: string; value: number; }[]; trendData?: any; statisticalAnalysis?: any; anomalyDetection?: any; }'.

    [7m223[0m       expect(result.current.data.forecasts.confidence).toBeDefined();
    [7m   [0m [91m                                 ~~~~~~~~~[0m
    [96msrc/hooks/executive/__tests__/useMetricTrends.test.tsx[0m:[93m235[0m:[93m14[0m - [91merror[0m[90m TS18048: [0m'result.current.data' is possibly 'undefined'.

    [7m235[0m       expect(result.current.data.forecasts.nextPeriod).toBeCloseTo(116325, 0);
    [7m   [0m [91m             ~~~~~~~~~~~~~~~~~~~[0m
    [96msrc/hooks/executive/__tests__/useMetricTrends.test.tsx[0m:[93m235[0m:[93m34[0m - [91merror[0m[90m TS2339: [0mProperty 'forecasts' does not exist on type '{ trend: "increasing" | "stable" | "decreasing"; slope: number; dataPoints: { date: string; value: number; }[]; trendData?: any; statisticalAnalysis?: any; anomalyDetection?: any; } | { averageValue: number; trendDirection: string; percentageChange: number; dataPoints: never[]; } | { ...; } | { ...; } | { ...; }'.
      Property 'forecasts' does not exist on type '{ trend: "increasing" | "stable" | "decreasing"; slope: number; dataPoints: { date: string; value: number; }[]; trendData?: any; statisticalAnalysis?: any; anomalyDetection?: any; }'.

    [7m235[0m       expect(result.current.data.forecasts.nextPeriod).toBeCloseTo(116325, 0);
    [7m   [0m [91m                                 ~~~~~~~~~[0m
    [96msrc/hooks/executive/__tests__/useMetricTrends.test.tsx[0m:[93m236[0m:[93m14[0m - [91merror[0m[90m TS18048: [0m'result.current.data' is possibly 'undefined'.

    [7m236[0m       expect(result.current.data.forecasts.confidence).toBe(0.85);
    [7m   [0m [91m             ~~~~~~~~~~~~~~~~~~~[0m
    [96msrc/hooks/executive/__tests__/useMetricTrends.test.tsx[0m:[93m236[0m:[93m34[0m - [91merror[0m[90m TS2339: [0mProperty 'forecasts' does not exist on type '{ trend: "increasing" | "stable" | "decreasing"; slope: number; dataPoints: { date: string; value: number; }[]; trendData?: any; statisticalAnalysis?: any; anomalyDetection?: any; } | { averageValue: number; trendDirection: string; percentageChange: number; dataPoints: never[]; } | { ...; } | { ...; } | { ...; }'.
      Property 'forecasts' does not exist on type '{ trend: "increasing" | "stable" | "decreasing"; slope: number; dataPoints: { date: string; value: number; }[]; trendData?: any; statisticalAnalysis?: any; anomalyDetection?: any; }'.

    [7m236[0m       expect(result.current.data.forecasts.confidence).toBe(0.85);
    [7m   [0m [91m                                 ~~~~~~~~~[0m
    [96msrc/hooks/executive/__tests__/useMetricTrends.test.tsx[0m:[93m247[0m:[93m14[0m - [91merror[0m[90m TS18048: [0m'result.current.data' is possibly 'undefined'.

    [7m247[0m       expect(result.current.data.forecasts).toBeUndefined();
    [7m   [0m [91m             ~~~~~~~~~~~~~~~~~~~[0m
    [96msrc/hooks/executive/__tests__/useMetricTrends.test.tsx[0m:[93m247[0m:[93m34[0m - [91merror[0m[90m TS2339: [0mProperty 'forecasts' does not exist on type '{ trend: "increasing" | "stable" | "decreasing"; slope: number; dataPoints: { date: string; value: number; }[]; trendData?: any; statisticalAnalysis?: any; anomalyDetection?: any; } | { averageValue: number; trendDirection: string; percentageChange: number; dataPoints: never[]; } | { ...; } | { ...; } | { ...; }'.
      Property 'forecasts' does not exist on type '{ trend: "increasing" | "stable" | "decreasing"; slope: number; dataPoints: { date: string; value: number; }[]; trendData?: any; statisticalAnalysis?: any; anomalyDetection?: any; }'.

    [7m247[0m       expect(result.current.data.forecasts).toBeUndefined();
    [7m   [0m [91m                                 ~~~~~~~~~[0m
    [96msrc/hooks/executive/__tests__/useMetricTrends.test.tsx[0m:[93m260[0m:[93m14[0m - [91merror[0m[90m TS18048: [0m'trends' is possibly 'undefined'.

    [7m260[0m       expect(trends.values).toBeDefined();
    [7m   [0m [91m             ~~~~~~[0m
    [96msrc/hooks/executive/__tests__/useMetricTrends.test.tsx[0m:[93m260[0m:[93m21[0m - [91merror[0m[90m TS2339: [0mProperty 'values' does not exist on type '{ trend: "increasing" | "stable" | "decreasing"; slope: number; dataPoints: { date: string; value: number; }[]; trendData?: any; statisticalAnalysis?: any; anomalyDetection?: any; } | { averageValue: number; trendDirection: string; percentageChange: number; dataPoints: never[]; } | { ...; } | { ...; } | { ...; }'.
      Property 'values' does not exist on type '{ trend: "increasing" | "stable" | "decreasing"; slope: number; dataPoints: { date: string; value: number; }[]; trendData?: any; statisticalAnalysis?: any; anomalyDetection?: any; }'.

    [7m260[0m       expect(trends.values).toBeDefined();
    [7m   [0m [91m                    ~~~~~~[0m
    [96msrc/hooks/executive/__tests__/useMetricTrends.test.tsx[0m:[93m261[0m:[93m28[0m - [91merror[0m[90m TS18048: [0m'trends' is possibly 'undefined'.

    [7m261[0m       expect(Array.isArray(trends.values)).toBe(true);
    [7m   [0m [91m                           ~~~~~~[0m
    [96msrc/hooks/executive/__tests__/useMetricTrends.test.tsx[0m:[93m261[0m:[93m35[0m - [91merror[0m[90m TS2339: [0mProperty 'values' does not exist on type '{ trend: "increasing" | "stable" | "decreasing"; slope: number; dataPoints: { date: string; value: number; }[]; trendData?: any; statisticalAnalysis?: any; anomalyDetection?: any; } | { averageValue: number; trendDirection: string; percentageChange: number; dataPoints: never[]; } | { ...; } | { ...; } | { ...; }'.
      Property 'values' does not exist on type '{ trend: "increasing" | "stable" | "decreasing"; slope: number; dataPoints: { date: string; value: number; }[]; trendData?: any; statisticalAnalysis?: any; anomalyDetection?: any; }'.

    [7m261[0m       expect(Array.isArray(trends.values)).toBe(true);
    [7m   [0m [91m                                  ~~~~~~[0m
    [96msrc/hooks/executive/__tests__/useMetricTrends.test.tsx[0m:[93m262[0m:[93m14[0m - [91merror[0m[90m TS18048: [0m'trends' is possibly 'undefined'.

    [7m262[0m       expect(trends.averageValue).toBeDefined();
    [7m   [0m [91m             ~~~~~~[0m
    [96msrc/hooks/executive/__tests__/useMetricTrends.test.tsx[0m:[93m262[0m:[93m21[0m - [91merror[0m[90m TS2339: [0mProperty 'averageValue' does not exist on type '{ trend: "increasing" | "stable" | "decreasing"; slope: number; dataPoints: { date: string; value: number; }[]; trendData?: any; statisticalAnalysis?: any; anomalyDetection?: any; } | { averageValue: number; trendDirection: string; percentageChange: number; dataPoints: never[]; } | { ...; } | { ...; } | { ...; }'.
      Property 'averageValue' does not exist on type '{ trend: "increasing" | "stable" | "decreasing"; slope: number; dataPoints: { date: string; value: number; }[]; trendData?: any; statisticalAnalysis?: any; anomalyDetection?: any; }'.

    [7m262[0m       expect(trends.averageValue).toBeDefined();
    [7m   [0m [91m                    ~~~~~~~~~~~~[0m
    [96msrc/hooks/executive/__tests__/useMetricTrends.test.tsx[0m:[93m263[0m:[93m14[0m - [91merror[0m[90m TS18048: [0m'trends' is possibly 'undefined'.

    [7m263[0m       expect(trends.trend).toBeDefined();
    [7m   [0m [91m             ~~~~~~[0m
    [96msrc/hooks/executive/__tests__/useMetricTrends.test.tsx[0m:[93m263[0m:[93m21[0m - [91merror[0m[90m TS2339: [0mProperty 'trend' does not exist on type '{ trend: "increasing" | "stable" | "decreasing"; slope: number; dataPoints: { date: string; value: number; }[]; trendData?: any; statisticalAnalysis?: any; anomalyDetection?: any; } | { averageValue: number; trendDirection: string; percentageChange: number; dataPoints: never[]; } | { ...; } | { ...; } | { ...; }'.
      Property 'trend' does not exist on type '{ averageValue: number; trendDirection: string; percentageChange: number; dataPoints: never[]; }'.

    [7m263[0m       expect(trends.trend).toBeDefined();
    [7m   [0m [91m                    ~~~~~[0m
    [96msrc/hooks/executive/__tests__/useMetricTrends.test.tsx[0m:[93m264[0m:[93m64[0m - [91merror[0m[90m TS18048: [0m'trends' is possibly 'undefined'.

    [7m264[0m       expect(['increasing', 'decreasing', 'stable']).toContain(trends.trend);
    [7m   [0m [91m                                                               ~~~~~~[0m
    [96msrc/hooks/executive/__tests__/useMetricTrends.test.tsx[0m:[93m264[0m:[93m71[0m - [91merror[0m[90m TS2339: [0mProperty 'trend' does not exist on type '{ trend: "increasing" | "stable" | "decreasing"; slope: number; dataPoints: { date: string; value: number; }[]; trendData?: any; statisticalAnalysis?: any; anomalyDetection?: any; } | { averageValue: number; trendDirection: string; percentageChange: number; dataPoints: never[]; } | { ...; } | { ...; } | { ...; }'.
      Property 'trend' does not exist on type '{ averageValue: number; trendDirection: string; percentageChange: number; dataPoints: never[]; }'.

    [7m264[0m       expect(['increasing', 'decreasing', 'stable']).toContain(trends.trend);
    [7m   [0m [91m                                                                      ~~~~~[0m
    [96msrc/hooks/executive/__tests__/useMetricTrends.test.tsx[0m:[93m274[0m:[93m14[0m - [91merror[0m[90m TS18048: [0m'result.current.data' is possibly 'undefined'.

    [7m274[0m       expect(result.current.data.metadata).toBeDefined();
    [7m   [0m [91m             ~~~~~~~~~~~~~~~~~~~[0m
    [96msrc/hooks/executive/__tests__/useMetricTrends.test.tsx[0m:[93m274[0m:[93m34[0m - [91merror[0m[90m TS2339: [0mProperty 'metadata' does not exist on type '{ trend: "increasing" | "stable" | "decreasing"; slope: number; dataPoints: { date: string; value: number; }[]; trendData?: any; statisticalAnalysis?: any; anomalyDetection?: any; } | { averageValue: number; trendDirection: string; percentageChange: number; dataPoints: never[]; } | { ...; } | { ...; } | { ...; }'.
      Property 'metadata' does not exist on type '{ trend: "increasing" | "stable" | "decreasing"; slope: number; dataPoints: { date: string; value: number; }[]; trendData?: any; statisticalAnalysis?: any; anomalyDetection?: any; }'.

    [7m274[0m       expect(result.current.data.metadata).toBeDefined();
    [7m   [0m [91m                                 ~~~~~~~~[0m
    [96msrc/hooks/executive/__tests__/useMetricTrends.test.tsx[0m:[93m275[0m:[93m14[0m - [91merror[0m[90m TS18048: [0m'result.current.data' is possibly 'undefined'.

    [7m275[0m       expect(result.current.data.metadata.period).toBeDefined();
    [7m   [0m [91m             ~~~~~~~~~~~~~~~~~~~[0m
    [96msrc/hooks/executive/__tests__/useMetricTrends.test.tsx[0m:[93m275[0m:[93m34[0m - [91merror[0m[90m TS2339: [0mProperty 'metadata' does not exist on type '{ trend: "increasing" | "stable" | "decreasing"; slope: number; dataPoints: { date: string; value: number; }[]; trendData?: any; statisticalAnalysis?: any; anomalyDetection?: any; } | { averageValue: number; trendDirection: string; percentageChange: number; dataPoints: never[]; } | { ...; } | { ...; } | { ...; }'.
      Property 'metadata' does not exist on type '{ trend: "increasing" | "stable" | "decreasing"; slope: number; dataPoints: { date: string; value: number; }[]; trendData?: any; statisticalAnalysis?: any; anomalyDetection?: any; }'.

    [7m275[0m       expect(result.current.data.metadata.period).toBeDefined();
    [7m   [0m [91m                                 ~~~~~~~~[0m
    [96msrc/hooks/executive/__tests__/useMetricTrends.test.tsx[0m:[93m276[0m:[93m14[0m - [91merror[0m[90m TS18048: [0m'result.current.data' is possibly 'undefined'.

    [7m276[0m       expect(result.current.data.metadata.granularity).toBeDefined();
    [7m   [0m [91m             ~~~~~~~~~~~~~~~~~~~[0m
    [96msrc/hooks/executive/__tests__/useMetricTrends.test.tsx[0m:[93m276[0m:[93m34[0m - [91merror[0m[90m TS2339: [0mProperty 'metadata' does not exist on type '{ trend: "increasing" | "stable" | "decreasing"; slope: number; dataPoints: { date: string; value: number; }[]; trendData?: any; statisticalAnalysis?: any; anomalyDetection?: any; } | { averageValue: number; trendDirection: string; percentageChange: number; dataPoints: never[]; } | { ...; } | { ...; } | { ...; }'.
      Property 'metadata' does not exist on type '{ trend: "increasing" | "stable" | "decreasing"; slope: number; dataPoints: { date: string; value: number; }[]; trendData?: any; statisticalAnalysis?: any; anomalyDetection?: any; }'.

    [7m276[0m       expect(result.current.data.metadata.granularity).toBeDefined();
    [7m   [0m [91m                                 ~~~~~~~~[0m
    [96msrc/hooks/executive/__tests__/useMetricTrends.test.tsx[0m:[93m394[0m:[93m14[0m - [91merror[0m[90m TS18048: [0m'result.current.fallbackData' is possibly 'undefined'.

    [7m394[0m       expect(result.current.fallbackData.values).toEqual([]);
    [7m   [0m [91m             ~~~~~~~~~~~~~~~~~~~~~~~~~~~[0m
    [96msrc/hooks/executive/__tests__/useMetricTrends.test.tsx[0m:[93m395[0m:[93m14[0m - [91merror[0m[90m TS18048: [0m'result.current.fallbackData' is possibly 'undefined'.

    [7m395[0m       expect(result.current.fallbackData.averageValue).toBe(0);
    [7m   [0m [91m             ~~~~~~~~~~~~~~~~~~~~~~~~~~~[0m
    [96msrc/hooks/executive/__tests__/useMetricTrends.test.tsx[0m:[93m396[0m:[93m14[0m - [91merror[0m[90m TS18048: [0m'result.current.fallbackData' is possibly 'undefined'.

    [7m396[0m       expect(result.current.fallbackData.trend).toBe('stable');
    [7m   [0m [91m             ~~~~~~~~~~~~~~~~~~~~~~~~~~~[0m
    [96msrc/hooks/executive/__tests__/useMetricTrends.test.tsx[0m:[93m397[0m:[93m14[0m - [91merror[0m[90m TS18048: [0m'result.current.fallbackData' is possibly 'undefined'.

    [7m397[0m       expect(result.current.fallbackData.message).toBe('Trend data temporarily unavailable');
    [7m   [0m [91m             ~~~~~~~~~~~~~~~~~~~~~~~~~~~[0m
    [96msrc/hooks/executive/__tests__/useMetricTrends.test.tsx[0m:[93m398[0m:[93m14[0m - [91merror[0m[90m TS18048: [0m'result.current.fallbackData' is possibly 'undefined'.

    [7m398[0m       expect(result.current.fallbackData.isFallback).toBe(true);
    [7m   [0m [91m             ~~~~~~~~~~~~~~~~~~~~~~~~~~~[0m
    [96msrc/hooks/executive/__tests__/useMetricTrends.test.tsx[0m:[93m530[0m:[93m9[0m - [91merror[0m[90m TS2304: [0mCannot find name 'window'.

    [7m530[0m         window.dispatchEvent(new Event('focus'));
    [7m   [0m [91m        ~~~~~~[0m

FAIL src/__tests__/analytics/analyticsComponentsIntegration.test.tsx
  ● Test suite failed to run

    [96msrc/__tests__/analytics/analyticsComponentsIntegration.test.tsx[0m:[93m83[0m:[93m9[0m - [91merror[0m[90m TS2353: [0mObject literal may only specify known properties, and 'cacheTime' does not exist in type 'OmitKeyof<QueryObserverOptions<unknown, Error, unknown, unknown, readonly unknown[], never>, "suspense" | "queryKey", "strictly">'.

    [7m83[0m         cacheTime: 0,
    [7m  [0m [91m        ~~~~~~~~~[0m

FAIL src/components/role-based/__tests__/PermissionGate.test.tsx
  ● Test suite failed to run

    [96msrc/components/role-based/__tests__/PermissionGate.test.tsx[0m:[93m11[0m:[93m10[0m - [91merror[0m[90m TS2305: [0mModule '"../PermissionGate"' has no exported member 'PermissionGate'.

    [7m11[0m import { PermissionGate } from '../PermissionGate';
    [7m  [0m [91m         ~~~~~~~~~~~~~~[0m
    [96msrc/components/role-based/__tests__/PermissionGate.test.tsx[0m:[93m23[0m:[93m42[0m - [91merror[0m[90m TS2307: [0mCannot find module '../../../hooks/role-based/useNavigationPermissions' or its corresponding type declarations.

    [7m23[0m import { useNavigationPermissions } from '../../../hooks/role-based/useNavigationPermissions';
    [7m  [0m [91m                                         ~~~~~~~~~~~~~~~~~~~~~~~~~~~~~~~~~~~~~~~~~~~~~~~~~~~~[0m
    [96msrc/components/role-based/__tests__/PermissionGate.test.tsx[0m:[93m52[0m:[93m9[0m - [91merror[0m[90m TS2322: [0mType '"customer"' is not assignable to type 'UserRole'.

    [7m52[0m         role: 'customer',
    [7m  [0m [91m        ~~~~[0m
    [96msrc/components/role-based/__tests__/PermissionGate.test.tsx[0m:[93m99[0m:[93m39[0m - [91merror[0m[90m TS2345: [0mArgument of type '{ data: null; isLoading: true; error: null; refetch: jest.Mock<any, any, any>; }' is not assignable to parameter of type '{ role: RoleData | null | undefined; hasPermission: (permission: string) => Promise<boolean>; queryKey: readonly [EntityType, "user", string] | readonly [EntityType, string, "user", string]; ... 25 more ...; promise: Promise<...>; } | ... 4 more ... | { ...; }'.
      Types of property 'isLoading' are incompatible.
        Type 'true' is not assignable to type 'false'.

    [7m 99[0m       mockUseUserRole.mockReturnValue({
    [7m   [0m [91m                                      ~[0m
    [7m100[0m         data: null,
    [7m   [0m [91m~~~~~~~~~~~~~~~~~~~[0m
    [7m...[0m 
    [7m103[0m         refetch: jest.fn(),
    [7m   [0m [91m~~~~~~~~~~~~~~~~~~~~~~~~~~~[0m
    [7m104[0m       });
    [7m   [0m [91m~~~~~~~[0m
    [96msrc/components/role-based/__tests__/PermissionGate.test.tsx[0m:[93m166[0m:[93m39[0m - [91merror[0m[90m TS2345: [0mArgument of type '{ data: null; isLoading: true; error: null; refetch: jest.Mock<any, any, any>; }' is not assignable to parameter of type '{ role: RoleData | null | undefined; hasPermission: (permission: string) => Promise<boolean>; queryKey: readonly [EntityType, "user", string] | readonly [EntityType, string, "user", string]; ... 25 more ...; promise: Promise<...>; } | ... 4 more ... | { ...; }'.
      Types of property 'isLoading' are incompatible.
        Type 'true' is not assignable to type 'false'.

    [7m166[0m       mockUseUserRole.mockReturnValue({
    [7m   [0m [91m                                      ~[0m
    [7m167[0m         data: null,
    [7m   [0m [91m~~~~~~~~~~~~~~~~~~~[0m
    [7m...[0m 
    [7m170[0m         refetch: jest.fn(),
    [7m   [0m [91m~~~~~~~~~~~~~~~~~~~~~~~~~~~[0m
    [7m171[0m       });
    [7m   [0m [91m~~~~~~~[0m
    [96msrc/components/role-based/__tests__/PermissionGate.test.tsx[0m:[93m186[0m:[93m39[0m - [91merror[0m[90m TS2345: [0mArgument of type '{ data: null; isLoading: true; error: null; refetch: jest.Mock<any, any, any>; }' is not assignable to parameter of type '{ role: RoleData | null | undefined; hasPermission: (permission: string) => Promise<boolean>; queryKey: readonly [EntityType, "user", string] | readonly [EntityType, string, "user", string]; ... 25 more ...; promise: Promise<...>; } | ... 4 more ... | { ...; }'.
      Types of property 'isLoading' are incompatible.
        Type 'true' is not assignable to type 'false'.

    [7m186[0m       mockUseUserRole.mockReturnValue({
    [7m   [0m [91m                                      ~[0m
    [7m187[0m         data: null,
    [7m   [0m [91m~~~~~~~~~~~~~~~~~~~[0m
    [7m...[0m 
    [7m190[0m         refetch: jest.fn(),
    [7m   [0m [91m~~~~~~~~~~~~~~~~~~~~~~~~~~~[0m
    [7m191[0m       });
    [7m   [0m [91m~~~~~~~[0m
    [96msrc/components/role-based/__tests__/PermissionGate.test.tsx[0m:[93m209[0m:[93m11[0m - [91merror[0m[90m TS2322: [0mType '"admin"' is not assignable to type 'UserRole'.

    [7m209[0m           role: 'admin',
    [7m   [0m [91m          ~~~~[0m
    [96msrc/components/role-based/__tests__/PermissionGate.test.tsx[0m:[93m440[0m:[93m39[0m - [91merror[0m[90m TS2345: [0mArgument of type '{ data: null; isLoading: false; error: null; refetch: jest.Mock<any, any, any>; }' is not assignable to parameter of type '{ role: RoleData | null | undefined; hasPermission: (permission: string) => Promise<boolean>; queryKey: readonly [EntityType, "user", string] | readonly [EntityType, string, "user", string]; ... 25 more ...; promise: Promise<...>; } | ... 4 more ... | { ...; }'.
      Type '{ data: null; isLoading: false; error: null; refetch: jest.Mock<any, any, any>; }' is not assignable to type '{ role: RoleData | null | undefined; hasPermission: (permission: string) => Promise<boolean>; queryKey: readonly [EntityType, "user", string] | readonly [EntityType, string, "user", string]; ... 25 more ...; promise: Promise<...>; } | { ...; }'.
        Type '{ data: null; isLoading: false; error: null; refetch: Mock<any, any, any>; }' is missing the following properties from type '{ role: RoleData | null | undefined; hasPermission: (permission: string) => Promise<boolean>; queryKey: readonly [EntityType, "user", string] | readonly [EntityType, string, "user", string]; ... 25 more ...; promise: Promise<...>; }': role, hasPermission, queryKey, isError, and 21 more.

    [7m440[0m       mockUseUserRole.mockReturnValue({
    [7m   [0m [91m                                      ~[0m
    [7m441[0m         data: null,
    [7m   [0m [91m~~~~~~~~~~~~~~~~~~~[0m
    [7m...[0m 
    [7m444[0m         refetch: jest.fn(),
    [7m   [0m [91m~~~~~~~~~~~~~~~~~~~~~~~~~~~[0m
    [7m445[0m       });
    [7m   [0m [91m~~~~~~~[0m
    [96msrc/components/role-based/__tests__/PermissionGate.test.tsx[0m:[93m479[0m:[93m11[0m - [91merror[0m[90m TS2322: [0mType '"admin"' is not assignable to type 'UserRole'.

    [7m479[0m           role: 'admin',
    [7m   [0m [91m          ~~~~[0m
    [96msrc/components/role-based/__tests__/PermissionGate.test.tsx[0m:[93m553[0m:[93m11[0m - [91merror[0m[90m TS2322: [0mType '"admin"' is not assignable to type 'UserRole'.

    [7m553[0m           role: 'admin',
    [7m   [0m [91m          ~~~~[0m
    [96msrc/components/role-based/__tests__/PermissionGate.test.tsx[0m:[93m577[0m:[93m11[0m - [91merror[0m[90m TS2322: [0mType '"customer"' is not assignable to type 'UserRole'.

    [7m577[0m           role: 'customer',
    [7m   [0m [91m          ~~~~[0m
    [96msrc/components/role-based/__tests__/PermissionGate.test.tsx[0m:[93m603[0m:[93m11[0m - [91merror[0m[90m TS2322: [0mType '"admin"' is not assignable to type 'UserRole'.

    [7m603[0m           role: 'admin',
    [7m   [0m [91m          ~~~~[0m

FAIL src/screens/marketing/__tests__/ProductContentScreen.test.tsx
  ● Test suite failed to run

    [96msrc/screens/marketing/__tests__/ProductContentScreen.test.tsx[0m:[93m2[0m:[93m38[0m - [91merror[0m[90m TS6133: [0m'act' is declared but its value is never read.

    [7m2[0m import { render, fireEvent, waitFor, act } from '@testing-library/react-native';
    [7m [0m [91m                                     ~~~[0m
    [96msrc/screens/marketing/__tests__/ProductContentScreen.test.tsx[0m:[93m77[0m:[93m13[0m - [91merror[0m[90m TS6133: [0m'boldButton' is declared but its value is never read.

    [7m77[0m       const boldButton = getByTestId('format-bold');
    [7m  [0m [91m            ~~~~~~~~~~[0m

FAIL src/screens/role-based/__tests__/RoleDashboard.test.tsx
  ● Test suite failed to run

    [96msrc/screens/role-based/__tests__/RoleDashboard.test.tsx[0m:[93m44[0m:[93m35[0m - [91merror[0m[90m TS2307: [0mCannot find module '../../../hooks/role-based/useRoleNavigation' or its corresponding type declarations.

    [7m44[0m import { useRoleNavigation } from '../../../hooks/role-based/useRoleNavigation';
    [7m  [0m [91m                                  ~~~~~~~~~~~~~~~~~~~~~~~~~~~~~~~~~~~~~~~~~~~~~[0m
    [96msrc/screens/role-based/__tests__/RoleDashboard.test.tsx[0m:[93m45[0m:[93m29[0m - [91merror[0m[90m TS2307: [0mCannot find module '../../../hooks/role-based/useRoleMenu' or its corresponding type declarations.

    [7m45[0m import { useRoleMenu } from '../../../hooks/role-based/useRoleMenu';
    [7m  [0m [91m                            ~~~~~~~~~~~~~~~~~~~~~~~~~~~~~~~~~~~~~~~[0m
    [96msrc/screens/role-based/__tests__/RoleDashboard.test.tsx[0m:[93m97[0m:[93m9[0m - [91merror[0m[90m TS2322: [0mType '"customer"' is not assignable to type 'UserRole'.

    [7m97[0m         role: 'customer',
    [7m  [0m [91m        ~~~~[0m
    [96msrc/screens/role-based/__tests__/RoleDashboard.test.tsx[0m:[93m144[0m:[93m39[0m - [91merror[0m[90m TS2345: [0mArgument of type '{ data: null; isLoading: true; error: null; refetch: jest.Mock<any, any, any>; }' is not assignable to parameter of type '{ role: RoleData | null | undefined; hasPermission: (permission: string) => Promise<boolean>; queryKey: readonly [EntityType, "user", string] | readonly [EntityType, string, "user", string]; ... 25 more ...; promise: Promise<...>; } | ... 4 more ... | { ...; }'.
      Types of property 'isLoading' are incompatible.
        Type 'true' is not assignable to type 'false'.

    [7m144[0m       mockUseUserRole.mockReturnValue({
    [7m   [0m [91m                                      ~[0m
    [7m145[0m         data: null,
    [7m   [0m [91m~~~~~~~~~~~~~~~~~~~[0m
    [7m...[0m 
    [7m148[0m         refetch: jest.fn(),
    [7m   [0m [91m~~~~~~~~~~~~~~~~~~~~~~~~~~~[0m
    [7m149[0m       });
    [7m   [0m [91m~~~~~~~[0m
    [96msrc/screens/role-based/__tests__/RoleDashboard.test.tsx[0m:[93m191[0m:[93m39[0m - [91merror[0m[90m TS2345: [0mArgument of type '{ data: null; isLoading: false; error: Error; refetch: jest.Mock<any, any, any>; }' is not assignable to parameter of type '{ role: RoleData | null | undefined; hasPermission: (permission: string) => Promise<boolean>; queryKey: readonly [EntityType, "user", string] | readonly [EntityType, string, "user", string]; ... 25 more ...; promise: Promise<...>; } | ... 4 more ... | { ...; }'.
      Type '{ data: null; isLoading: false; error: Error; refetch: Mock<any, any, any>; }' is missing the following properties from type '{ role: RoleData | null | undefined; hasPermission: (permission: string) => Promise<boolean>; queryKey: readonly [EntityType, "user", string] | readonly [EntityType, string, "user", string]; ... 25 more ...; promise: Promise<...>; }': role, hasPermission, queryKey, isError, and 21 more.

    [7m191[0m       mockUseUserRole.mockReturnValue({
    [7m   [0m [91m                                      ~[0m
    [7m192[0m         data: null,
    [7m   [0m [91m~~~~~~~~~~~~~~~~~~~[0m
    [7m...[0m 
    [7m195[0m         refetch: jest.fn(),
    [7m   [0m [91m~~~~~~~~~~~~~~~~~~~~~~~~~~~[0m
    [7m196[0m       });
    [7m   [0m [91m~~~~~~~[0m
    [96msrc/screens/role-based/__tests__/RoleDashboard.test.tsx[0m:[93m210[0m:[93m39[0m - [91merror[0m[90m TS2345: [0mArgument of type '{ data: null; isLoading: false; error: null; refetch: jest.Mock<any, any, any>; }' is not assignable to parameter of type '{ role: RoleData | null | undefined; hasPermission: (permission: string) => Promise<boolean>; queryKey: readonly [EntityType, "user", string] | readonly [EntityType, string, "user", string]; ... 25 more ...; promise: Promise<...>; } | ... 4 more ... | { ...; }'.
      Type '{ data: null; isLoading: false; error: null; refetch: jest.Mock<any, any, any>; }' is not assignable to type '{ role: RoleData | null | undefined; hasPermission: (permission: string) => Promise<boolean>; queryKey: readonly [EntityType, "user", string] | readonly [EntityType, string, "user", string]; ... 25 more ...; promise: Promise<...>; } | { ...; }'.
        Type '{ data: null; isLoading: false; error: null; refetch: Mock<any, any, any>; }' is missing the following properties from type '{ role: RoleData | null | undefined; hasPermission: (permission: string) => Promise<boolean>; queryKey: readonly [EntityType, "user", string] | readonly [EntityType, string, "user", string]; ... 25 more ...; promise: Promise<...>; }': role, hasPermission, queryKey, isError, and 21 more.

    [7m210[0m       mockUseUserRole.mockReturnValue({
    [7m   [0m [91m                                      ~[0m
    [7m211[0m         data: null,
    [7m   [0m [91m~~~~~~~~~~~~~~~~~~~[0m
    [7m...[0m 
    [7m214[0m         refetch: jest.fn(),
    [7m   [0m [91m~~~~~~~~~~~~~~~~~~~~~~~~~~~[0m
    [7m215[0m       });
    [7m   [0m [91m~~~~~~~[0m
    [96msrc/screens/role-based/__tests__/RoleDashboard.test.tsx[0m:[93m228[0m:[93m9[0m - [91merror[0m[90m TS2739: [0mType '{ role: any; userId: string; }' is missing the following properties from type 'RoleData': id, permissions, isActive, createdAt, updatedAt

    [7m228[0m         data: {
    [7m   [0m [91m        ~~~~[0m

      [96mnode_modules/@tanstack/query-core/build/modern/hydration-Cvr-9VdO.d.ts[0m:[93m1019[0m:[93m5[0m
        [7m1019[0m     data: TData;
        [7m    [0m [96m    ~~~~[0m
        The expected type comes from property 'data' which is declared here on type '{ role: RoleData | null | undefined; hasPermission: (permission: string) => Promise<boolean>; queryKey: readonly [EntityType, "user", string] | readonly [EntityType, string, "user", string]; ... 25 more ...; promise: Promise<...>; } | ... 4 more ... | { ...; }'
    [96msrc/screens/role-based/__tests__/RoleDashboard.test.tsx[0m:[93m291[0m:[93m11[0m - [91merror[0m[90m TS2322: [0mType '"farmer"' is not assignable to type 'UserRole'.

    [7m291[0m           role: 'farmer',
    [7m   [0m [91m          ~~~~[0m
    [96msrc/screens/role-based/__tests__/RoleDashboard.test.tsx[0m:[93m314[0m:[93m11[0m - [91merror[0m[90m TS2322: [0mType '"admin"' is not assignable to type 'UserRole'.

    [7m314[0m           role: 'admin',
    [7m   [0m [91m          ~~~~[0m
    [96msrc/screens/role-based/__tests__/RoleDashboard.test.tsx[0m:[93m337[0m:[93m11[0m - [91merror[0m[90m TS2322: [0mType '"vendor"' is not assignable to type 'UserRole'.

    [7m337[0m           role: 'vendor',
    [7m   [0m [91m          ~~~~[0m
    [96msrc/screens/role-based/__tests__/RoleDashboard.test.tsx[0m:[93m360[0m:[93m11[0m - [91merror[0m[90m TS2322: [0mType '"staff"' is not assignable to type 'UserRole'.

    [7m360[0m           role: 'staff',
    [7m   [0m [91m          ~~~~[0m
    [96msrc/screens/role-based/__tests__/RoleDashboard.test.tsx[0m:[93m519[0m:[93m11[0m - [91merror[0m[90m TS2322: [0mType '"customer"' is not assignable to type 'UserRole'.

    [7m519[0m           role: 'customer',
    [7m   [0m [91m          ~~~~[0m
    [96msrc/screens/role-based/__tests__/RoleDashboard.test.tsx[0m:[93m565[0m:[93m11[0m - [91merror[0m[90m TS2322: [0mType '"customer"' is not assignable to type 'UserRole'.

    [7m565[0m           role: 'customer',
    [7m   [0m [91m          ~~~~[0m
    [96msrc/screens/role-based/__tests__/RoleDashboard.test.tsx[0m:[93m617[0m:[93m15[0m - [91merror[0m[90m TS2339: [0mProperty 'container' does not exist on type '{ update: (component: ReactElement<unknown, string | JSXElementConstructor<any>>) => void; unmount: () => void; rerender: (component: ReactElement<unknown, string | JSXElementConstructor<any>>) => void; ... 65 more ...; findAllByText: FindAllByQuery<...>; }'.

    [7m617[0m       const { container } = render(
    [7m   [0m [91m              ~~~~~~~~~[0m
    [96msrc/screens/role-based/__tests__/RoleDashboard.test.tsx[0m:[93m646[0m:[93m39[0m - [91merror[0m[90m TS2345: [0mArgument of type '{ data: null; isLoading: false; error: Error; refetch: jest.Mock<any, any, any>; }' is not assignable to parameter of type '{ role: RoleData | null | undefined; hasPermission: (permission: string) => Promise<boolean>; queryKey: readonly [EntityType, "user", string] | readonly [EntityType, string, "user", string]; ... 25 more ...; promise: Promise<...>; } | ... 4 more ... | { ...; }'.
      Type '{ data: null; isLoading: false; error: Error; refetch: Mock<any, any, any>; }' is missing the following properties from type '{ role: RoleData | null | undefined; hasPermission: (permission: string) => Promise<boolean>; queryKey: readonly [EntityType, "user", string] | readonly [EntityType, string, "user", string]; ... 25 more ...; promise: Promise<...>; }': role, hasPermission, queryKey, isError, and 21 more.

    [7m646[0m       mockUseUserRole.mockReturnValue({
    [7m   [0m [91m                                      ~[0m
    [7m647[0m         data: null,
    [7m   [0m [91m~~~~~~~~~~~~~~~~~~~[0m
    [7m...[0m 
    [7m650[0m         refetch: mockRefetch,
    [7m   [0m [91m~~~~~~~~~~~~~~~~~~~~~~~~~~~~~[0m
    [7m651[0m       });
    [7m   [0m [91m~~~~~~~[0m

FAIL src/hooks/__tests__/prototypes/useCart.race.test.tsx
  ● Test suite failed to run

    [96msrc/hooks/__tests__/prototypes/useCart.race.test.tsx[0m:[93m15[0m:[93m25[0m - [91merror[0m[90m TS2307: [0mCannot find module '../useCart' or its corresponding type declarations.

    [7m15[0m import { useCart } from '../useCart';
    [7m  [0m [91m                        ~~~~~~~~~~~~[0m
    [96msrc/hooks/__tests__/prototypes/useCart.race.test.tsx[0m:[93m16[0m:[93m29[0m - [91merror[0m[90m TS2307: [0mCannot find module '../../services/cartService' or its corresponding type declarations.

    [7m16[0m import { cartService } from '../../services/cartService';
    [7m  [0m [91m                            ~~~~~~~~~~~~~~~~~~~~~~~~~~~~[0m
    [96msrc/hooks/__tests__/prototypes/useCart.race.test.tsx[0m:[93m17[0m:[93m41[0m - [91merror[0m[90m TS2307: [0mCannot find module '../../types' or its corresponding type declarations.

    [7m17[0m import type { Product, CartState } from '../../types';
    [7m  [0m [91m                                        ~~~~~~~~~~~~~[0m
    [96msrc/hooks/__tests__/prototypes/useCart.race.test.tsx[0m:[93m373[0m:[93m55[0m - [91merror[0m[90m TS7006: [0mParameter 'item' implicitly has an 'any' type.

    [7m373[0m         const productIds1 = result1.current.items.map(item => item.product.id);
    [7m   [0m [91m                                                      ~~~~[0m
    [96msrc/hooks/__tests__/prototypes/useCart.race.test.tsx[0m:[93m374[0m:[93m55[0m - [91merror[0m[90m TS7006: [0mParameter 'item' implicitly has an 'any' type.

    [7m374[0m         const productIds2 = result2.current.items.map(item => item.product.id);
    [7m   [0m [91m                                                      ~~~~[0m
    [96msrc/hooks/__tests__/prototypes/useCart.race.test.tsx[0m:[93m465[0m:[93m57[0m - [91merror[0m[90m TS7006: [0mParameter 'product' implicitly has an 'any' type.

    [7m465[0m       mockCartService.addItem.mockImplementation(async (product, quantity) => {
    [7m   [0m [91m                                                        ~~~~~~~[0m
    [96msrc/hooks/__tests__/prototypes/useCart.race.test.tsx[0m:[93m465[0m:[93m66[0m - [91merror[0m[90m TS6133: [0m'quantity' is declared but its value is never read.

    [7m465[0m       mockCartService.addItem.mockImplementation(async (product, quantity) => {
    [7m   [0m [91m                                                                 ~~~~~~~~[0m
    [96msrc/hooks/__tests__/prototypes/useCart.race.test.tsx[0m:[93m465[0m:[93m66[0m - [91merror[0m[90m TS7006: [0mParameter 'quantity' implicitly has an 'any' type.

    [7m465[0m       mockCartService.addItem.mockImplementation(async (product, quantity) => {
    [7m   [0m [91m                                                                 ~~~~~~~~[0m

FAIL src/hooks/executive/__tests__/useReportGeneration.test.tsx
  ● Test suite failed to run

    [96msrc/hooks/executive/__tests__/useReportGeneration.test.tsx[0m:[93m7[0m:[93m37[0m - [91merror[0m[90m TS2307: [0mCannot find module '../useReportGeneration' or its corresponding type declarations.

    [7m7[0m import { useReportGeneration } from '../useReportGeneration';
    [7m [0m [91m                                    ~~~~~~~~~~~~~~~~~~~~~~~~[0m
    [96msrc/hooks/executive/__tests__/useReportGeneration.test.tsx[0m:[93m373[0m:[93m43[0m - [91merror[0m[90m TS7006: [0mParameter 'batchItem' implicitly has an 'any' type.

    [7m373[0m       result.current.batchResults.forEach(batchItem => {
    [7m   [0m [91m                                          ~~~~~~~~~[0m

FAIL src/hooks/__tests__/prototypes/useStockValidation.race.test.tsx
  ● Test suite failed to run

    [96msrc/hooks/__tests__/prototypes/useStockValidation.race.test.tsx[0m:[93m11[0m:[93m36[0m - [91merror[0m[90m TS2307: [0mCannot find module '../useStockValidation' or its corresponding type declarations.

    [7m11[0m import { useStockValidation } from '../useStockValidation';
    [7m  [0m [91m                                   ~~~~~~~~~~~~~~~~~~~~~~~[0m
    [96msrc/hooks/__tests__/prototypes/useStockValidation.race.test.tsx[0m:[93m12[0m:[93m25[0m - [91merror[0m[90m TS2307: [0mCannot find module '../../types' or its corresponding type declarations.

    [7m12[0m import { Product } from '../../types';
    [7m  [0m [91m                        ~~~~~~~~~~~~~[0m

FAIL src/schemas/marketing/__tests__/contentWorkflow.test.ts
  ● Test suite failed to run

    [96msrc/schemas/marketing/__tests__/contentWorkflow.test.ts[0m:[93m2[0m:[93m39[0m - [91merror[0m[90m TS2307: [0mCannot find module '../contentWorkflow' or its corresponding type declarations.

    [7m2[0m import { contentWorkflowSchema } from '../contentWorkflow';
    [7m [0m [91m                                      ~~~~~~~~~~~~~~~~~~~~[0m
    [96msrc/schemas/marketing/__tests__/contentWorkflow.test.ts[0m:[93m201[0m:[93m16[0m - [91merror[0m[90m TS2339: [0mProperty 'previous_state' does not exist on type '{ id: string; content_id: string; content_type: string; current_state: string; transitions: never[]; }'.

    [7m201[0m       workflow.previous_state = 'draft';
    [7m   [0m [91m               ~~~~~~~~~~~~~~[0m
    [96msrc/schemas/marketing/__tests__/contentWorkflow.test.ts[0m:[93m202[0m:[93m33[0m - [91merror[0m[90m TS2345: [0mArgument of type '{ from_state: string; to_state: string; timestamp: string; user_id: string; }' is not assignable to parameter of type 'never'.

    [7m202[0m       workflow.transitions.push({
    [7m   [0m [91m                                ~[0m
    [7m203[0m         from_state: 'draft',
    [7m   [0m [91m~~~~~~~~~~~~~~~~~~~~~~~~~~~~[0m
    [7m...[0m 
    [7m206[0m         user_id: 'author-123'
    [7m   [0m [91m~~~~~~~~~~~~~~~~~~~~~~~~~~~~~[0m
    [7m207[0m       });
    [7m   [0m [91m~~~~~~~[0m
    [96msrc/schemas/marketing/__tests__/contentWorkflow.test.ts[0m:[93m312[0m:[93m9[0m - [91merror[0m[90m TS2353: [0mObject literal may only specify known properties, and 'notes' does not exist in type '{ from_state: string; to_state: string; timestamp: string; user_id: string; }'.

    [7m312[0m         notes: 'Content needs revision'
    [7m   [0m [91m        ~~~~~[0m
    [96msrc/schemas/marketing/__tests__/contentWorkflow.test.ts[0m:[93m352[0m:[93m9[0m - [91merror[0m[90m TS2353: [0mObject literal may only specify known properties, and 'notes' does not exist in type '{ from_state: string; to_state: string; timestamp: string; user_id: string; }'.

    [7m352[0m         notes: 'Revising based on feedback'
    [7m   [0m [91m        ~~~~~[0m
    [96msrc/schemas/marketing/__tests__/contentWorkflow.test.ts[0m:[93m386[0m:[93m9[0m - [91merror[0m[90m TS2353: [0mObject literal may only specify known properties, and 'notes' does not exist in type '{ from_state: string; to_state: string; timestamp: string; user_id: string; }'.

    [7m386[0m         notes: 'Content no longer relevant'
    [7m   [0m [91m        ~~~~~[0m

FAIL src/hooks/executive/__tests__/useStrategicReporting.test.tsx
  ● Test suite failed to run

    [96msrc/hooks/executive/__tests__/useStrategicReporting.test.tsx[0m:[93m5[0m:[93m1[0m - [91merror[0m[90m TS6133: [0m'createSupabaseMock' is declared but its value is never read.

    [7m5[0m import { createSupabaseMock } from '../../../test/mocks/supabase.simplified.mock';
    [7m [0m [91m~~~~~~~~~~~~~~~~~~~~~~~~~~~~~~~~~~~~~~~~~~~~~~~~~~~~~~~~~~~~~~~~~~~~~~~~~~~~~~~~~~[0m
    [96msrc/hooks/executive/__tests__/useStrategicReporting.test.tsx[0m:[93m6[0m:[93m1[0m - [91merror[0m[90m TS6133: [0m'hookContracts' is declared but its value is never read.

    [7m6[0m import { hookContracts } from '../../../test/contracts/hook.contracts';
    [7m [0m [91m~~~~~~~~~~~~~~~~~~~~~~~~~~~~~~~~~~~~~~~~~~~~~~~~~~~~~~~~~~~~~~~~~~~~~~~[0m
    [96msrc/hooks/executive/__tests__/useStrategicReporting.test.tsx[0m:[93m415[0m:[93m17[0m - [91merror[0m[90m TS6133: [0m'dataPromise' is declared but its value is never read.

    [7m415[0m           const dataPromise = options.queryFn();
    [7m   [0m [91m                ~~~~~~~~~~~[0m

FAIL src/hooks/inventory/__tests__/archived-non-volume/integration/endToEndWorkflow.test.tsx
  ● Test suite failed to run

    [96msrc/hooks/inventory/__tests__/archived-non-volume/integration/endToEndWorkflow.test.tsx[0m:[93m32[0m:[93m1[0m - [91merror[0m[90m TS6133: [0m'createSupabaseMock' is declared but its value is never read.

    [7m32[0m import { createSupabaseMock } from '../../../test/mocks/supabase.simplified.mock';
    [7m  [0m [91m~~~~~~~~~~~~~~~~~~~~~~~~~~~~~~~~~~~~~~~~~~~~~~~~~~~~~~~~~~~~~~~~~~~~~~~~~~~~~~~~~~[0m
    [96msrc/hooks/inventory/__tests__/archived-non-volume/integration/endToEndWorkflow.test.tsx[0m:[93m32[0m:[93m36[0m - [91merror[0m[90m TS2307: [0mCannot find module '../../../test/mocks/supabase.simplified.mock' or its corresponding type declarations.

    [7m32[0m import { createSupabaseMock } from '../../../test/mocks/supabase.simplified.mock';
    [7m  [0m [91m                                   ~~~~~~~~~~~~~~~~~~~~~~~~~~~~~~~~~~~~~~~~~~~~~~[0m
    [96msrc/hooks/inventory/__tests__/archived-non-volume/integration/endToEndWorkflow.test.tsx[0m:[93m33[0m:[93m1[0m - [91merror[0m[90m TS6133: [0m'hookContracts' is declared but its value is never read.

    [7m33[0m import { hookContracts } from '../../../test/contracts/hook.contracts';
    [7m  [0m [91m~~~~~~~~~~~~~~~~~~~~~~~~~~~~~~~~~~~~~~~~~~~~~~~~~~~~~~~~~~~~~~~~~~~~~~~[0m
    [96msrc/hooks/inventory/__tests__/archived-non-volume/integration/endToEndWorkflow.test.tsx[0m:[93m33[0m:[93m31[0m - [91merror[0m[90m TS2307: [0mCannot find module '../../../test/contracts/hook.contracts' or its corresponding type declarations.

    [7m33[0m import { hookContracts } from '../../../test/contracts/hook.contracts';
    [7m  [0m [91m                              ~~~~~~~~~~~~~~~~~~~~~~~~~~~~~~~~~~~~~~~~[0m
    [96msrc/hooks/inventory/__tests__/archived-non-volume/integration/endToEndWorkflow.test.tsx[0m:[93m39[0m:[93m28[0m - [91merror[0m[90m TS6133: [0m'useInventoryItems' is declared but its value is never read.

    [7m39[0m import { useInventoryItem, useInventoryItems, useLowStockItems } from '../../useInventoryItems';
    [7m  [0m [91m                           ~~~~~~~~~~~~~~~~~[0m
    [96msrc/hooks/inventory/__tests__/archived-non-volume/integration/endToEndWorkflow.test.tsx[0m:[93m39[0m:[93m71[0m - [91merror[0m[90m TS2307: [0mCannot find module '../../useInventoryItems' or its corresponding type declarations.

    [7m39[0m import { useInventoryItem, useInventoryItems, useLowStockItems } from '../../useInventoryItems';
    [7m  [0m [91m                                                                      ~~~~~~~~~~~~~~~~~~~~~~~~~[0m
    [96msrc/hooks/inventory/__tests__/archived-non-volume/integration/endToEndWorkflow.test.tsx[0m:[93m40[0m:[93m26[0m - [91merror[0m[90m TS6133: [0m'useUpdateVisibility' is declared but its value is never read.

    [7m40[0m import { useUpdateStock, useUpdateVisibility, useBatchUpdateStock } from '../../useInventoryOperations';
    [7m  [0m [91m                         ~~~~~~~~~~~~~~~~~~~[0m
    [96msrc/hooks/inventory/__tests__/archived-non-volume/integration/endToEndWorkflow.test.tsx[0m:[93m40[0m:[93m74[0m - [91merror[0m[90m TS2307: [0mCannot find module '../../useInventoryOperations' or its corresponding type declarations.

    [7m40[0m import { useUpdateStock, useUpdateVisibility, useBatchUpdateStock } from '../../useInventoryOperations';
    [7m  [0m [91m                                                                         ~~~~~~~~~~~~~~~~~~~~~~~~~~~~~~[0m
    [96msrc/hooks/inventory/__tests__/archived-non-volume/integration/endToEndWorkflow.test.tsx[0m:[93m41[0m:[93m55[0m - [91merror[0m[90m TS2307: [0mCannot find module '../../useStockMovements' or its corresponding type declarations.

    [7m41[0m import { useMovementHistory, useRecordMovement } from '../../useStockMovements';
    [7m  [0m [91m                                                      ~~~~~~~~~~~~~~~~~~~~~~~~~[0m
    [96msrc/hooks/inventory/__tests__/archived-non-volume/integration/endToEndWorkflow.test.tsx[0m:[93m44[0m:[93m34[0m - [91merror[0m[90m TS2307: [0mCannot find module '../../../../services/inventory/inventoryService' or its corresponding type declarations.

    [7m44[0m import { InventoryService } from '../../../../services/inventory/inventoryService';
    [7m  [0m [91m                                 ~~~~~~~~~~~~~~~~~~~~~~~~~~~~~~~~~~~~~~~~~~~~~~~~~[0m
    [96msrc/hooks/inventory/__tests__/archived-non-volume/integration/endToEndWorkflow.test.tsx[0m:[93m45[0m:[93m38[0m - [91merror[0m[90m TS2307: [0mCannot find module '../../../../services/inventory/stockMovementService' or its corresponding type declarations.

    [7m45[0m import { StockMovementService } from '../../../../services/inventory/stockMovementService';
    [7m  [0m [91m                                     ~~~~~~~~~~~~~~~~~~~~~~~~~~~~~~~~~~~~~~~~~~~~~~~~~~~~~[0m

FAIL src/__tests__/analytics/analyticsHooksIntegration.test.tsx
  ● Test suite failed to run

    [96msrc/__tests__/analytics/analyticsHooksIntegration.test.tsx[0m:[93m50[0m:[93m9[0m - [91merror[0m[90m TS2353: [0mObject literal may only specify known properties, and 'cacheTime' does not exist in type 'OmitKeyof<QueryObserverOptions<unknown, Error, unknown, unknown, readonly unknown[], never>, "suspense" | "queryKey", "strictly">'.

    [7m50[0m         cacheTime: 0,
    [7m  [0m [91m        ~~~~~~~~~[0m
    [96msrc/__tests__/analytics/analyticsHooksIntegration.test.tsx[0m:[93m99[0m:[93m13[0m - [91merror[0m[90m TS2322: [0mType 'Date' is not assignable to type 'string'.

    [7m99[0m             start: new Date('2024-01-01'),
    [7m  [0m [91m            ~~~~~[0m
    [96msrc/__tests__/analytics/analyticsHooksIntegration.test.tsx[0m:[93m100[0m:[93m13[0m - [91merror[0m[90m TS2322: [0mType 'Date' is not assignable to type 'string'.

    [7m100[0m             end: new Date('2024-01-31')
    [7m   [0m [91m            ~~~[0m
    [96msrc/__tests__/analytics/analyticsHooksIntegration.test.tsx[0m:[93m135[0m:[93m13[0m - [91merror[0m[90m TS2322: [0mType 'Date' is not assignable to type 'string'.

    [7m135[0m             start: new Date('2024-01-01'),
    [7m   [0m [91m            ~~~~~[0m
    [96msrc/__tests__/analytics/analyticsHooksIntegration.test.tsx[0m:[93m136[0m:[93m13[0m - [91merror[0m[90m TS2322: [0mType 'Date' is not assignable to type 'string'.

    [7m136[0m             end: new Date('2024-01-31')
    [7m   [0m [91m            ~~~[0m
    [96msrc/__tests__/analytics/analyticsHooksIntegration.test.tsx[0m:[93m225[0m:[93m13[0m - [91merror[0m[90m TS2322: [0mType 'Date' is not assignable to type 'string'.

    [7m225[0m             start: new Date('2024-01-01'),
    [7m   [0m [91m            ~~~~~[0m
    [96msrc/__tests__/analytics/analyticsHooksIntegration.test.tsx[0m:[93m226[0m:[93m13[0m - [91merror[0m[90m TS2322: [0mType 'Date' is not assignable to type 'string'.

    [7m226[0m             end: new Date('2024-01-31')
    [7m   [0m [91m            ~~~[0m
    [96msrc/__tests__/analytics/analyticsHooksIntegration.test.tsx[0m:[93m281[0m:[93m13[0m - [91merror[0m[90m TS2322: [0mType 'Date' is not assignable to type 'string'.

    [7m281[0m             start: new Date('2024-01-01'),
    [7m   [0m [91m            ~~~~~[0m
    [96msrc/__tests__/analytics/analyticsHooksIntegration.test.tsx[0m:[93m282[0m:[93m13[0m - [91merror[0m[90m TS2322: [0mType 'Date' is not assignable to type 'string'.

    [7m282[0m             end: new Date('2024-01-31')
    [7m   [0m [91m            ~~~[0m
    [96msrc/__tests__/analytics/analyticsHooksIntegration.test.tsx[0m:[93m284[0m:[93m11[0m - [91merror[0m[90m TS2322: [0mType '"day"' is not assignable to type '"daily" | "weekly" | "monthly" | undefined'.

    [7m284[0m           granularity: 'day',
    [7m   [0m [91m          ~~~~~~~~~~~[0m
    [96msrc/__tests__/analytics/analyticsHooksIntegration.test.tsx[0m:[93m320[0m:[93m13[0m - [91merror[0m[90m TS2322: [0mType 'Date' is not assignable to type 'string'.

    [7m320[0m             start: new Date('2024-01-30'),
    [7m   [0m [91m            ~~~~~[0m
    [96msrc/__tests__/analytics/analyticsHooksIntegration.test.tsx[0m:[93m321[0m:[93m13[0m - [91merror[0m[90m TS2322: [0mType 'Date' is not assignable to type 'string'.

    [7m321[0m             end: new Date('2024-01-31')
    [7m   [0m [91m            ~~~[0m
    [96msrc/__tests__/analytics/analyticsHooksIntegration.test.tsx[0m:[93m421[0m:[93m7[0m - [91merror[0m[90m TS2554: [0mExpected 1 arguments, but got 0.

    [7m421[0m       rerender();
    [7m   [0m [91m      ~~~~~~~~[0m

      [96mnode_modules/@testing-library/react-native/build/render-hook.d.ts[0m:[93m3[0m:[93m16[0m
        [7m3[0m     rerender: (props: Props) => void;
        [7m [0m [96m               ~~~~~~~~~~~~[0m
        An argument for 'props' was not provided.
    [96msrc/__tests__/analytics/analyticsHooksIntegration.test.tsx[0m:[93m452[0m:[93m14[0m - [91merror[0m[90m TS18048: [0m'performanceCall' is possibly 'undefined'.

    [7m452[0m       expect(performanceCall[0].performanceMs).toBeGreaterThan(900); // Should be around 1000ms
    [7m   [0m [91m             ~~~~~~~~~~~~~~~[0m
    [96msrc/__tests__/analytics/analyticsHooksIntegration.test.tsx[0m:[93m494[0m:[93m13[0m - [91merror[0m[90m TS2353: [0mObject literal may only specify known properties, and 'cacheTime' does not exist in type 'OmitKeyof<QueryObserverOptions<unknown, Error, unknown, unknown, readonly unknown[], never>, "suspense" | "queryKey", "strictly">'.

    [7m494[0m             cacheTime: 0,
    [7m   [0m [91m            ~~~~~~~~~[0m

FAIL src/__tests__/performance/frontendPerformance.test.tsx
  ● Test suite failed to run

    [96msrc/__tests__/performance/frontendPerformance.test.tsx[0m:[93m10[0m:[93m18[0m - [91merror[0m[90m TS6133: [0m'waitFor' is declared but its value is never read.

    [7m10[0m import { render, waitFor, act } from '@testing-library/react-native';
    [7m  [0m [91m                 ~~~~~~~[0m
    [96msrc/__tests__/performance/frontendPerformance.test.tsx[0m:[93m76[0m:[93m48[0m - [91merror[0m[90m TS6133: [0m'component' is declared but its value is never read.

    [7m76[0m       Object.entries(componentSizes).forEach(([component, size]) => {
    [7m  [0m [91m                                               ~~~~~~~~~[0m
    [96msrc/__tests__/performance/frontendPerformance.test.tsx[0m:[93m132[0m:[93m38[0m - [91merror[0m[90m TS6133: [0m'key' is declared but its value is never read.

    [7m132[0m       const performCacheOperation = (key: string, cached: boolean) => {
    [7m   [0m [91m                                     ~~~[0m
    [96msrc/__tests__/performance/frontendPerformance.test.tsx[0m:[93m226[0m:[93m13[0m - [91merror[0m[90m TS6133: [0m'getByTestId' is declared but its value is never read.

    [7m226[0m       const { getByTestId } = render(
    [7m   [0m [91m            ~~~~~~~~~~~~~~~[0m
    [96msrc/__tests__/performance/frontendPerformance.test.tsx[0m:[93m317[0m:[93m45[0m - [91merror[0m[90m TS6133: [0m'event' is declared but its value is never read.

    [7m317[0m       const mockAddEventListener = jest.fn((event, handler) => {
    [7m   [0m [91m                                            ~~~~~[0m
    [96msrc/__tests__/performance/frontendPerformance.test.tsx[0m:[93m321[0m:[93m48[0m - [91merror[0m[90m TS6133: [0m'event' is declared but its value is never read.

    [7m321[0m       const mockRemoveEventListener = jest.fn((event, handler) => {
    [7m   [0m [91m                                               ~~~~~[0m
    [96msrc/__tests__/performance/frontendPerformance.test.tsx[0m:[93m328[0m:[93m14[0m - [91merror[0m[90m TS7017: [0mElement implicitly has an 'any' type because type 'typeof globalThis' has no index signature.

    [7m328[0m       global.addEventListener = mockAddEventListener;
    [7m   [0m [91m             ~~~~~~~~~~~~~~~~[0m
    [96msrc/__tests__/performance/frontendPerformance.test.tsx[0m:[93m329[0m:[93m14[0m - [91merror[0m[90m TS7017: [0mElement implicitly has an 'any' type because type 'typeof globalThis' has no index signature.

    [7m329[0m       global.removeEventListener = mockRemoveEventListener;
    [7m   [0m [91m             ~~~~~~~~~~~~~~~~~~~[0m
    [96msrc/__tests__/performance/frontendPerformance.test.tsx[0m:[93m335[0m:[93m11[0m - [91merror[0m[90m TS2304: [0mCannot find name 'window'.

    [7m335[0m           window.addEventListener('resize', handler);
    [7m   [0m [91m          ~~~~~~[0m
    [96msrc/__tests__/performance/frontendPerformance.test.tsx[0m:[93m336[0m:[93m24[0m - [91merror[0m[90m TS2304: [0mCannot find name 'window'.

    [7m336[0m           return () => window.removeEventListener('resize', handler);
    [7m   [0m [91m                       ~~~~~~[0m
    [96msrc/__tests__/performance/frontendPerformance.test.tsx[0m:[93m363[0m:[93m49[0m - [91merror[0m[90m TS6133: [0m'route' is declared but its value is never read.

    [7m363[0m       Object.entries(navigationTimes).forEach(([route, time]) => {
    [7m   [0m [91m                                                ~~~~~[0m
    [96msrc/__tests__/performance/frontendPerformance.test.tsx[0m:[93m497[0m:[93m52[0m - [91merror[0m[90m TS6133: [0m'change' is declared but its value is never read.

    [7m497[0m       const syncPromises = offlineQueue.map(async (change) => {
    [7m   [0m [91m                                                   ~~~~~~[0m
    [96msrc/__tests__/performance/frontendPerformance.test.tsx[0m:[93m528[0m:[93m17[0m - [91merror[0m[90m TS6133: [0m'state' is declared but its value is never read.

    [7m528[0m         const { state, memoizedValue } = useOptimizedHook();
    [7m   [0m [91m                ~~~~~[0m

FAIL src/services/marketing/__tests__/marketingAnalytics.test.ts
  ● Test suite failed to run

    [96msrc/services/marketing/__tests__/marketingAnalytics.test.ts[0m:[93m1[0m:[93m63[0m - [91merror[0m[90m TS2307: [0mCannot find module '../marketingAnalytics.service' or its corresponding type declarations.

    [7m1[0m import { MarketingAnalyticsService, AnalyticsTimeRange } from '../marketingAnalytics.service';
    [7m [0m [91m                                                              ~~~~~~~~~~~~~~~~~~~~~~~~~~~~~~~[0m
    [96msrc/services/marketing/__tests__/marketingAnalytics.test.ts[0m:[93m2[0m:[93m75[0m - [91merror[0m[90m TS2305: [0mModule '"@/schemas/marketing"' has no exported member 'BundleType'.

    [7m2[0m import { MarketingCampaign, ProductBundle, ProductContent, WorkflowState, BundleType, CampaignType, CampaignStatus } from '@/schemas/marketing';
    [7m [0m [91m                                                                          ~~~~~~~~~~[0m
    [96msrc/services/marketing/__tests__/marketingAnalytics.test.ts[0m:[93m2[0m:[93m87[0m - [91merror[0m[90m TS2724: [0m'"@/schemas/marketing"' has no exported member named 'CampaignType'. Did you mean 'Campaign'?

    [7m2[0m import { MarketingCampaign, ProductBundle, ProductContent, WorkflowState, BundleType, CampaignType, CampaignStatus } from '@/schemas/marketing';
    [7m [0m [91m                                                                                      ~~~~~~~~~~~~[0m
    [96msrc/services/marketing/__tests__/marketingAnalytics.test.ts[0m:[93m24[0m:[93m23[0m - [91merror[0m[90m TS2353: [0mObject literal may only specify known properties, and 'segments' does not exist in type 'TargetAudience[]'.

    [7m24[0m     targetAudience: { segments: ['segment1'], filters: {} },
    [7m  [0m [91m                      ~~~~~~~~[0m

      [96msrc/types/marketing.types.ts[0m:[93m41[0m:[93m3[0m
        [7m41[0m   targetAudience: TargetAudience[];
        [7m  [0m [96m  ~~~~~~~~~~~~~~[0m
        The expected type comes from property 'targetAudience' which is declared here on type 'MarketingCampaign'
    [96msrc/services/marketing/__tests__/marketingAnalytics.test.ts[0m:[93m32[0m:[93m5[0m - [91merror[0m[90m TS2739: [0mType '{ impressions: number; clicks: number; conversions: number; revenue: number; }' is missing the following properties from type 'CampaignMetrics': roi, ctr, conversionRate

    [7m32[0m     metrics: {
    [7m  [0m [91m    ~~~~~~~[0m

      [96msrc/types/marketing.types.ts[0m:[93m46[0m:[93m3[0m
        [7m46[0m   metrics: CampaignMetrics;
        [7m  [0m [96m  ~~~~~~~[0m
        The expected type comes from property 'metrics' which is declared here on type 'MarketingCampaign'
    [96msrc/services/marketing/__tests__/marketingAnalytics.test.ts[0m:[93m54[0m:[93m5[0m - [91merror[0m[90m TS2739: [0mType '{ basePrice: number; discountType: "percentage"; discountValue: number; finalPrice: number; }' is missing the following properties from type 'BundlePricing': savingsAmount, savingsPercentage, currency

    [7m54[0m     pricing: {
    [7m  [0m [91m    ~~~~~~~[0m

      [96msrc/types/marketing.types.ts[0m:[93m76[0m:[93m3[0m
        [7m76[0m   pricing: BundlePricing;
        [7m  [0m [96m  ~~~~~~~[0m
        The expected type comes from property 'pricing' which is declared here on type 'ProductBundle'
    [96msrc/services/marketing/__tests__/marketingAnalytics.test.ts[0m:[93m61[0m:[93m7[0m - [91merror[0m[90m TS2322: [0mType 'null' is not assignable to type 'Date | undefined'.

    [7m61[0m       startDate: null,
    [7m  [0m [91m      ~~~~~~~~~[0m

      [96msrc/types/marketing.types.ts[0m:[93m78[0m:[93m5[0m
        [7m78[0m     startDate?: Date;
        [7m  [0m [96m    ~~~~~~~~~[0m
        The expected type comes from property 'startDate' which is declared here on type '{ startDate?: Date | undefined; endDate?: Date | undefined; quantity?: number | undefined; isActive: boolean; }'
    [96msrc/services/marketing/__tests__/marketingAnalytics.test.ts[0m:[93m62[0m:[93m7[0m - [91merror[0m[90m TS2322: [0mType 'null' is not assignable to type 'Date | undefined'.

    [7m62[0m       endDate: null,
    [7m  [0m [91m      ~~~~~~~[0m

      [96msrc/types/marketing.types.ts[0m:[93m79[0m:[93m5[0m
        [7m79[0m     endDate?: Date;
        [7m  [0m [96m    ~~~~~~~[0m
        The expected type comes from property 'endDate' which is declared here on type '{ startDate?: Date | undefined; endDate?: Date | undefined; quantity?: number | undefined; isActive: boolean; }'
    [96msrc/services/marketing/__tests__/marketingAnalytics.test.ts[0m:[93m86[0m:[93m5[0m - [91merror[0m[90m TS2322: [0mType 'null' is not assignable to type 'Date | undefined'.

    [7m86[0m     publishedAt: null,
    [7m  [0m [91m    ~~~~~~~~~~~[0m

      [96msrc/types/marketing.types.ts[0m:[93m25[0m:[93m3[0m
        [7m25[0m   publishedAt?: Date;
        [7m  [0m [96m  ~~~~~~~~~~~[0m
        The expected type comes from property 'publishedAt' which is declared here on type 'ProductContent'
    [96msrc/services/marketing/__tests__/marketingAnalytics.test.ts[0m:[93m98[0m:[93m11[0m - [91merror[0m[90m TS2739: [0mType '{ impressions: number; clicks: number; conversions: number; revenue: number; }' is missing the following properties from type 'CampaignMetrics': roi, ctr, conversionRate

    [7m98[0m           metrics: { impressions: 1000, clicks: 100, conversions: 10, revenue: 500 }
    [7m  [0m [91m          ~~~~~~~[0m
    [96msrc/services/marketing/__tests__/marketingAnalytics.test.ts[0m:[93m101[0m:[93m11[0m - [91merror[0m[90m TS2739: [0mType '{ impressions: number; clicks: number; conversions: number; revenue: number; }' is missing the following properties from type 'CampaignMetrics': roi, ctr, conversionRate

    [7m101[0m           metrics: { impressions: 2000, clicks: 150, conversions: 15, revenue: 750 }
    [7m   [0m [91m          ~~~~~~~[0m
    [96msrc/services/marketing/__tests__/marketingAnalytics.test.ts[0m:[93m118[0m:[93m11[0m - [91merror[0m[90m TS2739: [0mType '{ impressions: number; clicks: number; conversions: number; revenue: number; }' is missing the following properties from type 'CampaignMetrics': roi, ctr, conversionRate

    [7m118[0m           metrics: { impressions: 1000, clicks: 50, conversions: 5, revenue: 250 }
    [7m   [0m [91m          ~~~~~~~[0m
    [96msrc/services/marketing/__tests__/marketingAnalytics.test.ts[0m:[93m131[0m:[93m11[0m - [91merror[0m[90m TS2739: [0mType '{ impressions: number; clicks: number; conversions: number; revenue: number; }' is missing the following properties from type 'CampaignMetrics': roi, ctr, conversionRate

    [7m131[0m           metrics: { impressions: 1000, clicks: 100, conversions: 10, revenue: 500 }
    [7m   [0m [91m          ~~~~~~~[0m
    [96msrc/services/marketing/__tests__/marketingAnalytics.test.ts[0m:[93m145[0m:[93m11[0m - [91merror[0m[90m TS2739: [0mType '{ impressions: number; clicks: number; conversions: number; revenue: number; }' is missing the following properties from type 'CampaignMetrics': roi, ctr, conversionRate

    [7m145[0m           metrics: { impressions: 10000, clicks: 500, conversions: 50, revenue: 1500 }
    [7m   [0m [91m          ~~~~~~~[0m
    [96msrc/services/marketing/__tests__/marketingAnalytics.test.ts[0m:[93m192[0m:[93m11[0m - [91merror[0m[90m TS2739: [0mType '{ basePrice: number; discountType: "percentage"; discountValue: number; finalPrice: number; }' is missing the following properties from type 'BundlePricing': savingsAmount, savingsPercentage, currency

    [7m192[0m           pricing: { basePrice: 100, discountType: 'percentage', discountValue: 20, finalPrice: 80 }
    [7m   [0m [91m          ~~~~~~~[0m
    [96msrc/services/marketing/__tests__/marketingAnalytics.test.ts[0m:[93m196[0m:[93m11[0m - [91merror[0m[90m TS2739: [0mType '{ basePrice: number; discountType: "fixed"; discountValue: number; finalPrice: number; }' is missing the following properties from type 'BundlePricing': savingsAmount, savingsPercentage, currency

    [7m196[0m           pricing: { basePrice: 200, discountType: 'fixed', discountValue: 30, finalPrice: 170 }
    [7m   [0m [91m          ~~~~~~~[0m
    [96msrc/services/marketing/__tests__/marketingAnalytics.test.ts[0m:[93m211[0m:[93m11[0m - [91merror[0m[90m TS2739: [0mType '{ basePrice: number; discountType: "percentage"; discountValue: number; finalPrice: number; }' is missing the following properties from type 'BundlePricing': savingsAmount, savingsPercentage, currency

    [7m211[0m           pricing: { basePrice: 100, discountType: 'percentage', discountValue: 20, finalPrice: 80 }
    [7m   [0m [91m          ~~~~~~~[0m
    [96msrc/services/marketing/__tests__/marketingAnalytics.test.ts[0m:[93m214[0m:[93m11[0m - [91merror[0m[90m TS2739: [0mType '{ basePrice: number; discountType: "percentage"; discountValue: number; finalPrice: number; }' is missing the following properties from type 'BundlePricing': savingsAmount, savingsPercentage, currency

    [7m214[0m           pricing: { basePrice: 100, discountType: 'percentage', discountValue: 30, finalPrice: 70 }
    [7m   [0m [91m          ~~~~~~~[0m
    [96msrc/services/marketing/__tests__/marketingAnalytics.test.ts[0m:[93m226[0m:[93m28[0m - [91merror[0m[90m TS2353: [0mObject literal may only specify known properties, and 'type' does not exist in type 'Partial<ProductBundle>'.

    [7m226[0m         createMockBundle({ type: 'fixed' }),
    [7m   [0m [91m                           ~~~~[0m
    [96msrc/services/marketing/__tests__/marketingAnalytics.test.ts[0m:[93m227[0m:[93m28[0m - [91merror[0m[90m TS2353: [0mObject literal may only specify known properties, and 'type' does not exist in type 'Partial<ProductBundle>'.

    [7m227[0m         createMockBundle({ type: 'fixed' }),
    [7m   [0m [91m                           ~~~~[0m
    [96msrc/services/marketing/__tests__/marketingAnalytics.test.ts[0m:[93m228[0m:[93m28[0m - [91merror[0m[90m TS2353: [0mObject literal may only specify known properties, and 'type' does not exist in type 'Partial<ProductBundle>'.

    [7m228[0m         createMockBundle({ type: 'flexible' })
    [7m   [0m [91m                           ~~~~[0m
    [96msrc/services/marketing/__tests__/marketingAnalytics.test.ts[0m:[93m240[0m:[93m11[0m - [91merror[0m[90m TS2561: [0mObject literal may only specify known properties, but 'products' does not exist in type 'Partial<ProductBundle>'. Did you mean to write 'productIds'?

    [7m240[0m           products: [
    [7m   [0m [91m          ~~~~~~~~[0m
    [96msrc/services/marketing/__tests__/marketingAnalytics.test.ts[0m:[93m246[0m:[93m11[0m - [91merror[0m[90m TS2561: [0mObject literal may only specify known properties, but 'products' does not exist in type 'Partial<ProductBundle>'. Did you mean to write 'productIds'?

    [7m246[0m           products: [
    [7m   [0m [91m          ~~~~~~~~[0m
    [96msrc/services/marketing/__tests__/marketingAnalytics.test.ts[0m:[93m319[0m:[93m11[0m - [91merror[0m[90m TS2739: [0mType '{ impressions: number; clicks: number; conversions: number; revenue: number; }' is missing the following properties from type 'CampaignMetrics': roi, ctr, conversionRate

    [7m319[0m           metrics: { impressions: 1000, clicks: 100, conversions: 10, revenue: 500 }
    [7m   [0m [91m          ~~~~~~~[0m
    [96msrc/services/marketing/__tests__/marketingAnalytics.test.ts[0m:[93m323[0m:[93m11[0m - [91merror[0m[90m TS2739: [0mType '{ impressions: number; clicks: number; conversions: number; revenue: number; }' is missing the following properties from type 'CampaignMetrics': roi, ctr, conversionRate

    [7m323[0m           metrics: { impressions: 2000, clicks: 200, conversions: 20, revenue: 1000 }
    [7m   [0m [91m          ~~~~~~~[0m
    [96msrc/services/marketing/__tests__/marketingAnalytics.test.ts[0m:[93m327[0m:[93m11[0m - [91merror[0m[90m TS2739: [0mType '{ impressions: number; clicks: number; conversions: number; revenue: number; }' is missing the following properties from type 'CampaignMetrics': roi, ctr, conversionRate

    [7m327[0m           metrics: { impressions: 500, clicks: 50, conversions: 5, revenue: 250 }
    [7m   [0m [91m          ~~~~~~~[0m
    [96msrc/services/marketing/__tests__/marketingAnalytics.test.ts[0m:[93m334[0m:[93m42[0m - [91merror[0m[90m TS7006: [0mParameter 'p' implicitly has an 'any' type.

    [7m334[0m       const emailPerf = performance.find(p => p.channel === 'email');
    [7m   [0m [91m                                         ~[0m
    [96msrc/services/marketing/__tests__/marketingAnalytics.test.ts[0m:[93m338[0m:[93m40[0m - [91merror[0m[90m TS7006: [0mParameter 'p' implicitly has an 'any' type.

    [7m338[0m       const smsPerf = performance.find(p => p.channel === 'sms');
    [7m   [0m [91m                                       ~[0m
    [96msrc/services/marketing/__tests__/marketingAnalytics.test.ts[0m:[93m346[0m:[93m11[0m - [91merror[0m[90m TS2739: [0mType '{ impressions: number; clicks: number; conversions: number; revenue: number; }' is missing the following properties from type 'CampaignMetrics': roi, ctr, conversionRate

    [7m346[0m           metrics: { impressions: 1000, clicks: 100, conversions: 10, revenue: 500 }
    [7m   [0m [91m          ~~~~~~~[0m
    [96msrc/services/marketing/__tests__/marketingAnalytics.test.ts[0m:[93m363[0m:[93m11[0m - [91merror[0m[90m TS2739: [0mType '{ impressions: number; clicks: number; conversions: number; revenue: number; }' is missing the following properties from type 'CampaignMetrics': roi, ctr, conversionRate

    [7m363[0m           metrics: { impressions: 1000, clicks: 100, conversions: 10, revenue: 200 }
    [7m   [0m [91m          ~~~~~~~[0m
    [96msrc/services/marketing/__tests__/marketingAnalytics.test.ts[0m:[93m382[0m:[93m11[0m - [91merror[0m[90m TS2739: [0mType '{ impressions: number; clicks: number; conversions: number; revenue: number; }' is missing the following properties from type 'CampaignMetrics': roi, ctr, conversionRate

    [7m382[0m           metrics: { impressions: 1000, clicks: 100, conversions: 5, revenue: 250 }
    [7m   [0m [91m          ~~~~~~~[0m
    [96msrc/services/marketing/__tests__/marketingAnalytics.test.ts[0m:[93m386[0m:[93m11[0m - [91merror[0m[90m TS2739: [0mType '{ impressions: number; clicks: number; conversions: number; revenue: number; }' is missing the following properties from type 'CampaignMetrics': roi, ctr, conversionRate

    [7m386[0m           metrics: { impressions: 1000, clicks: 100, conversions: 10, revenue: 500 }
    [7m   [0m [91m          ~~~~~~~[0m
    [96msrc/services/marketing/__tests__/marketingAnalytics.test.ts[0m:[93m401[0m:[93m11[0m - [91merror[0m[90m TS2739: [0mType '{ impressions: number; clicks: number; conversions: number; revenue: number; }' is missing the following properties from type 'CampaignMetrics': roi, ctr, conversionRate

    [7m401[0m           metrics: { impressions: 1000, clicks: 100, conversions: 5, revenue: 500 }
    [7m   [0m [91m          ~~~~~~~[0m
    [96msrc/services/marketing/__tests__/marketingAnalytics.test.ts[0m:[93m418[0m:[93m11[0m - [91merror[0m[90m TS2739: [0mType '{ impressions: number; clicks: number; conversions: number; revenue: number; }' is missing the following properties from type 'CampaignMetrics': roi, ctr, conversionRate

    [7m418[0m           metrics: { impressions: 1000, clicks: 100, conversions: 5, revenue: 100 }
    [7m   [0m [91m          ~~~~~~~[0m
    [96msrc/services/marketing/__tests__/marketingAnalytics.test.ts[0m:[93m422[0m:[93m11[0m - [91merror[0m[90m TS2739: [0mType '{ impressions: number; clicks: number; conversions: number; revenue: number; }' is missing the following properties from type 'CampaignMetrics': roi, ctr, conversionRate

    [7m422[0m           metrics: { impressions: 1000, clicks: 100, conversions: 10, revenue: 200 }
    [7m   [0m [91m          ~~~~~~~[0m
    [96msrc/services/marketing/__tests__/marketingAnalytics.test.ts[0m:[93m455[0m:[93m11[0m - [91merror[0m[90m TS2739: [0mType '{ basePrice: number; discountType: "fixed"; discountValue: number; finalPrice: number; }' is missing the following properties from type 'BundlePricing': savingsAmount, savingsPercentage, currency

    [7m455[0m           pricing: { basePrice: 100, discountType: 'fixed', discountValue: 10, finalPrice: 90 }
    [7m   [0m [91m          ~~~~~~~[0m
    [96msrc/services/marketing/__tests__/marketingAnalytics.test.ts[0m:[93m459[0m:[93m11[0m - [91merror[0m[90m TS2739: [0mType '{ basePrice: number; discountType: "fixed"; discountValue: number; finalPrice: number; }' is missing the following properties from type 'BundlePricing': savingsAmount, savingsPercentage, currency

    [7m459[0m           pricing: { basePrice: 200, discountType: 'fixed', discountValue: 50, finalPrice: 150 }
    [7m   [0m [91m          ~~~~~~~[0m
    [96msrc/services/marketing/__tests__/marketingAnalytics.test.ts[0m:[93m471[0m:[93m44[0m - [91merror[0m[90m TS2353: [0mObject literal may only specify known properties, and 'isActive' does not exist in type 'Partial<ProductBundle>'.

    [7m471[0m         createMockBundle({ name: 'Active', isActive: true }),
    [7m   [0m [91m                                           ~~~~~~~~[0m
    [96msrc/services/marketing/__tests__/marketingAnalytics.test.ts[0m:[93m472[0m:[93m46[0m - [91merror[0m[90m TS2353: [0mObject literal may only specify known properties, and 'isActive' does not exist in type 'Partial<ProductBundle>'.

    [7m472[0m         createMockBundle({ name: 'Inactive', isActive: false })
    [7m   [0m [91m                                             ~~~~~~~~[0m
    [96msrc/services/marketing/__tests__/marketingAnalytics.test.ts[0m:[93m487[0m:[93m11[0m - [91merror[0m[90m TS2739: [0mType '{ impressions: number; clicks: number; conversions: number; revenue: number; }' is missing the following properties from type 'CampaignMetrics': roi, ctr, conversionRate

    [7m487[0m           metrics: { impressions: 10000, clicks: 500, conversions: 50, revenue: 2500 }
    [7m   [0m [91m          ~~~~~~~[0m
    [96msrc/services/marketing/__tests__/marketingAnalytics.test.ts[0m:[93m504[0m:[93m11[0m - [91merror[0m[90m TS2739: [0mType '{ impressions: number; clicks: number; conversions: number; revenue: number; }' is missing the following properties from type 'CampaignMetrics': roi, ctr, conversionRate

    [7m504[0m           metrics: { impressions: 1000, clicks: 100, conversions: 10, revenue: 500 }
    [7m   [0m [91m          ~~~~~~~[0m
    [96msrc/services/marketing/__tests__/marketingAnalytics.test.ts[0m:[93m508[0m:[93m11[0m - [91merror[0m[90m TS2739: [0mType '{ impressions: number; clicks: number; conversions: number; revenue: number; }' is missing the following properties from type 'CampaignMetrics': roi, ctr, conversionRate

    [7m508[0m           metrics: { impressions: 2000, clicks: 200, conversions: 20, revenue: 1000 }
    [7m   [0m [91m          ~~~~~~~[0m
    [96msrc/services/marketing/__tests__/marketingAnalytics.test.ts[0m:[93m525[0m:[93m29[0m - [91merror[0m[90m TS2353: [0mObject literal may only specify known properties, and 'segments' does not exist in type 'TargetAudience[]'.

    [7m525[0m           targetAudience: { segments: ['vip'], filters: {} },
    [7m   [0m [91m                            ~~~~~~~~[0m
    [96msrc/services/marketing/__tests__/marketingAnalytics.test.ts[0m:[93m526[0m:[93m11[0m - [91merror[0m[90m TS2739: [0mType '{ impressions: number; clicks: number; conversions: number; revenue: number; }' is missing the following properties from type 'CampaignMetrics': roi, ctr, conversionRate

    [7m526[0m           metrics: { impressions: 1000, clicks: 100, conversions: 10, revenue: 1000 }
    [7m   [0m [91m          ~~~~~~~[0m
    [96msrc/services/marketing/__tests__/marketingAnalytics.test.ts[0m:[93m529[0m:[93m29[0m - [91merror[0m[90m TS2353: [0mObject literal may only specify known properties, and 'segments' does not exist in type 'TargetAudience[]'.

    [7m529[0m           targetAudience: { segments: ['vip', 'new'], filters: {} },
    [7m   [0m [91m                            ~~~~~~~~[0m
    [96msrc/services/marketing/__tests__/marketingAnalytics.test.ts[0m:[93m530[0m:[93m11[0m - [91merror[0m[90m TS2739: [0mType '{ impressions: number; clicks: number; conversions: number; revenue: number; }' is missing the following properties from type 'CampaignMetrics': roi, ctr, conversionRate

    [7m530[0m           metrics: { impressions: 500, clicks: 50, conversions: 5, revenue: 500 }
    [7m   [0m [91m          ~~~~~~~[0m
    [96msrc/services/marketing/__tests__/marketingAnalytics.test.ts[0m:[93m537[0m:[93m40[0m - [91merror[0m[90m TS7006: [0mParameter 's' implicitly has an 'any' type.

    [7m537[0m       const vipSegment = segments.find(s => s.segment === 'vip');
    [7m   [0m [91m                                       ~[0m
    [96msrc/services/marketing/__tests__/marketingAnalytics.test.ts[0m:[93m542[0m:[93m40[0m - [91merror[0m[90m TS7006: [0mParameter 's' implicitly has an 'any' type.

    [7m542[0m       const newSegment = segments.find(s => s.segment === 'new');
    [7m   [0m [91m                                       ~[0m
    [96msrc/services/marketing/__tests__/marketingAnalytics.test.ts[0m:[93m550[0m:[93m29[0m - [91merror[0m[90m TS2353: [0mObject literal may only specify known properties, and 'segments' does not exist in type 'TargetAudience[]'.

    [7m550[0m           targetAudience: { segments: ['low'], filters: {} },
    [7m   [0m [91m                            ~~~~~~~~[0m
    [96msrc/services/marketing/__tests__/marketingAnalytics.test.ts[0m:[93m551[0m:[93m11[0m - [91merror[0m[90m TS2739: [0mType '{ impressions: number; clicks: number; conversions: number; revenue: number; }' is missing the following properties from type 'CampaignMetrics': roi, ctr, conversionRate

    [7m551[0m           metrics: { impressions: 100, clicks: 10, conversions: 1, revenue: 100 }
    [7m   [0m [91m          ~~~~~~~[0m
    [96msrc/services/marketing/__tests__/marketingAnalytics.test.ts[0m:[93m554[0m:[93m29[0m - [91merror[0m[90m TS2353: [0mObject literal may only specify known properties, and 'segments' does not exist in type 'TargetAudience[]'.

    [7m554[0m           targetAudience: { segments: ['high'], filters: {} },
    [7m   [0m [91m                            ~~~~~~~~[0m
    [96msrc/services/marketing/__tests__/marketingAnalytics.test.ts[0m:[93m555[0m:[93m11[0m - [91merror[0m[90m TS2739: [0mType '{ impressions: number; clicks: number; conversions: number; revenue: number; }' is missing the following properties from type 'CampaignMetrics': roi, ctr, conversionRate

    [7m555[0m           metrics: { impressions: 1000, clicks: 100, conversions: 10, revenue: 1000 }
    [7m   [0m [91m          ~~~~~~~[0m

FAIL src/schemas/executive/__contracts__/strategicReporting.contracts.test.ts
  ● Test suite failed to run

    [96msrc/schemas/executive/__contracts__/strategicReporting.contracts.test.ts[0m:[93m7[0m:[93m3[0m - [91merror[0m[90m TS6133: [0m'UpdateStrategicReportingSchema' is declared but its value is never read.

    [7m7[0m   UpdateStrategicReportingSchema,
    [7m [0m [91m  ~~~~~~~~~~~~~~~~~~~~~~~~~~~~~~[0m
    [96msrc/schemas/executive/__contracts__/strategicReporting.contracts.test.ts[0m:[93m14[0m:[93m1[0m - [91merror[0m[90m TS6133: [0m'ROLE_PERMISSIONS' is declared but its value is never read.

    [7m14[0m import { ROLE_PERMISSIONS } from '../../role-based/rolePermission.schemas';
    [7m  [0m [91m~~~~~~~~~~~~~~~~~~~~~~~~~~~~~~~~~~~~~~~~~~~~~~~~~~~~~~~~~~~~~~~~~~~~~~~~~~~[0m

FAIL src/__tests__/analytics/orderAnalyticsIntegration.test.ts
  ● Test suite failed to run

    [96msrc/__tests__/analytics/orderAnalyticsIntegration.test.ts[0m:[93m39[0m:[93m27[0m - [91merror[0m[90m TS2339: [0mProperty 'clearMetrics' does not exist on type 'Mocked<typeof ValidationMonitor>'.

    [7m39[0m     mockValidationMonitor.clearMetrics.mockClear();
    [7m  [0m [91m                          ~~~~~~~~~~~~[0m
    [96msrc/__tests__/analytics/orderAnalyticsIntegration.test.ts[0m:[93m60[0m:[93m11[0m - [91merror[0m[90m TS2322: [0mType 'Date' is not assignable to type 'string'.

    [7m60[0m           start: new Date('2024-01-01'),
    [7m  [0m [91m          ~~~~~[0m
    [96msrc/__tests__/analytics/orderAnalyticsIntegration.test.ts[0m:[93m61[0m:[93m11[0m - [91merror[0m[90m TS2322: [0mType 'Date' is not assignable to type 'string'.

    [7m61[0m           end: new Date('2024-01-31')
    [7m  [0m [91m          ~~~[0m
    [96msrc/__tests__/analytics/orderAnalyticsIntegration.test.ts[0m:[93m84[0m:[93m11[0m - [91merror[0m[90m TS2322: [0mType 'Date' is not assignable to type 'string'.

    [7m84[0m           start: new Date('2024-01-01'),
    [7m  [0m [91m          ~~~~~[0m
    [96msrc/__tests__/analytics/orderAnalyticsIntegration.test.ts[0m:[93m85[0m:[93m11[0m - [91merror[0m[90m TS2322: [0mType 'Date' is not assignable to type 'string'.

    [7m85[0m           end: new Date('2024-01-31')
    [7m  [0m [91m          ~~~[0m
    [96msrc/__tests__/analytics/orderAnalyticsIntegration.test.ts[0m:[93m114[0m:[93m9[0m - [91merror[0m[90m TS2353: [0mObject literal may only specify known properties, and 'userId' does not exist in type '{ start: string; end: string; }'.

    [7m114[0m         userId: 'test-user-id',
    [7m   [0m [91m        ~~~~~~[0m
    [96msrc/__tests__/analytics/orderAnalyticsIntegration.test.ts[0m:[93m144[0m:[93m13[0m - [91merror[0m[90m TS6133: [0m'startTime' is declared but its value is never read.

    [7m144[0m       const startTime = Date.now();
    [7m   [0m [91m            ~~~~~~~~~[0m
    [96msrc/__tests__/analytics/orderAnalyticsIntegration.test.ts[0m:[93m145[0m:[93m74[0m - [91merror[0m[90m TS2345: [0mArgument of type '{ userId: string; dateRange: { start: Date; end: Date; }; }' is not assignable to parameter of type '"daily" | "weekly" | "monthly"'.

    [7m145[0m       const result = await OrderAnalyticsService.getOrderVelocityMetrics({
    [7m   [0m [91m                                                                         ~[0m
    [7m146[0m         userId: 'test-user-id',
    [7m   [0m [91m~~~~~~~~~~~~~~~~~~~~~~~~~~~~~~~[0m
    [7m...[0m 
    [7m150[0m         }
    [7m   [0m [91m~~~~~~~~~[0m
    [7m151[0m       });
    [7m   [0m [91m~~~~~~~[0m
    [96msrc/__tests__/analytics/orderAnalyticsIntegration.test.ts[0m:[93m152[0m:[93m13[0m - [91merror[0m[90m TS6133: [0m'endTime' is declared but its value is never read.

    [7m152[0m       const endTime = Date.now();
    [7m   [0m [91m            ~~~~~~~[0m
    [96msrc/__tests__/analytics/orderAnalyticsIntegration.test.ts[0m:[93m167[0m:[93m14[0m - [91merror[0m[90m TS18048: [0m'performanceCall' is possibly 'undefined'.

    [7m167[0m       expect(performanceCall[0].performanceMs).toBeGreaterThan(1000);
    [7m   [0m [91m             ~~~~~~~~~~~~~~~[0m
    [96msrc/__tests__/analytics/orderAnalyticsIntegration.test.ts[0m:[93m197[0m:[93m11[0m - [91merror[0m[90m TS2322: [0mType 'Date' is not assignable to type 'string'.

    [7m197[0m           start: new Date('2024-01-01'),
    [7m   [0m [91m          ~~~~~[0m
    [96msrc/__tests__/analytics/orderAnalyticsIntegration.test.ts[0m:[93m198[0m:[93m11[0m - [91merror[0m[90m TS2322: [0mType 'Date' is not assignable to type 'string'.

    [7m198[0m           end: new Date('2024-01-31')
    [7m   [0m [91m          ~~~[0m
    [96msrc/__tests__/analytics/orderAnalyticsIntegration.test.ts[0m:[93m222[0m:[93m11[0m - [91merror[0m[90m TS2322: [0mType 'Date' is not assignable to type 'string'.

    [7m222[0m           start: new Date('2024-01-01'),
    [7m   [0m [91m          ~~~~~[0m
    [96msrc/__tests__/analytics/orderAnalyticsIntegration.test.ts[0m:[93m223[0m:[93m11[0m - [91merror[0m[90m TS2322: [0mType 'Date' is not assignable to type 'string'.

    [7m223[0m           end: new Date('2024-01-31')
    [7m   [0m [91m          ~~~[0m
    [96msrc/__tests__/analytics/orderAnalyticsIntegration.test.ts[0m:[93m266[0m:[93m11[0m - [91merror[0m[90m TS2322: [0mType 'Date' is not assignable to type 'string'.

    [7m266[0m           start: new Date('2024-01-01'),
    [7m   [0m [91m          ~~~~~[0m
    [96msrc/__tests__/analytics/orderAnalyticsIntegration.test.ts[0m:[93m267[0m:[93m11[0m - [91merror[0m[90m TS2322: [0mType 'Date' is not assignable to type 'string'.

    [7m267[0m           end: new Date('2024-01-31')
    [7m   [0m [91m          ~~~[0m
    [96msrc/__tests__/analytics/orderAnalyticsIntegration.test.ts[0m:[93m269[0m:[93m9[0m - [91merror[0m[90m TS2322: [0mType '"day"' is not assignable to type '"daily" | "weekly" | "monthly" | undefined'.

    [7m269[0m         granularity: 'day',
    [7m   [0m [91m        ~~~~~~~~~~~[0m
    [96msrc/__tests__/analytics/orderAnalyticsIntegration.test.ts[0m:[93m292[0m:[93m11[0m - [91merror[0m[90m TS2322: [0mType 'Date' is not assignable to type 'string'.

    [7m292[0m           start: new Date('2024-01-30'),
    [7m   [0m [91m          ~~~~~[0m
    [96msrc/__tests__/analytics/orderAnalyticsIntegration.test.ts[0m:[93m293[0m:[93m11[0m - [91merror[0m[90m TS2322: [0mType 'Date' is not assignable to type 'string'.

    [7m293[0m           end: new Date('2024-01-31')
    [7m   [0m [91m          ~~~[0m
    [96msrc/__tests__/analytics/orderAnalyticsIntegration.test.ts[0m:[93m295[0m:[93m9[0m - [91merror[0m[90m TS2322: [0mType '"day"' is not assignable to type '"daily" | "weekly" | "monthly" | undefined'.

    [7m295[0m         granularity: 'day'
    [7m   [0m [91m        ~~~~~~~~~~~[0m
    [96msrc/__tests__/analytics/orderAnalyticsIntegration.test.ts[0m:[93m326[0m:[93m11[0m - [91merror[0m[90m TS2322: [0mType 'Date' is not assignable to type 'string'.

    [7m326[0m           start: new Date('2024-01-01'),
    [7m   [0m [91m          ~~~~~[0m
    [96msrc/__tests__/analytics/orderAnalyticsIntegration.test.ts[0m:[93m327[0m:[93m11[0m - [91merror[0m[90m TS2322: [0mType 'Date' is not assignable to type 'string'.

    [7m327[0m           end: new Date('2024-01-31')
    [7m   [0m [91m          ~~~[0m
    [96msrc/__tests__/analytics/orderAnalyticsIntegration.test.ts[0m:[93m356[0m:[93m9[0m - [91merror[0m[90m TS2353: [0mObject literal may only specify known properties, and 'userId' does not exist in type '{ start: string; end: string; }'.

    [7m356[0m         userId: 'test-user-id',
    [7m   [0m [91m        ~~~~~~[0m
    [96msrc/__tests__/analytics/orderAnalyticsIntegration.test.ts[0m:[93m402[0m:[93m11[0m - [91merror[0m[90m TS2322: [0mType 'string' is not assignable to type '"direct_supabase_query" | "statistical_calculation" | "atomic_operation" | "direct_schema_validation" | "transformation_schema" | "simple_input_validation" | "database_schema" | ... 20 more ... | "calculate_confidence_intervals"'.

    [7m402[0m           pattern: patterns[index],
    [7m   [0m [91m          ~~~~~~~[0m

      [96msrc/utils/validationMonitor.ts[0m:[93m185[0m:[93m5[0m
        [7m185[0m     pattern: 'direct_schema_validation' | 'transformation_schema' | 'simple_input_validation' | 'direct_supabase_query' | 'statistical_calculation' | 'database_schema' | 'atomic_operation' | 'resilient_processing' | 'generate_business_insights' | 'get_insights_by_impact' | 'correlate_business_data' | 'update_insight_status' | 'get_insight_recommendations' | 'detect_anomalies' | 'get_metrics_by_category' | 'generate_correlation_analysis' | 'update_metric_values' | 'batch_process_metrics' | 'generate_strategic_report' | 'schedule_strategic_report' | 'get_report_data' | 'export_report_data' | 'update_report_config' | 'generate_predictive_forecast' | 'validate_model_accuracy' | 'update_forecast_data' | 'get_forecast_by_type' | 'calculate_confidence_intervals';
        [7m   [0m [96m    ~~~~~~~[0m
        The expected type comes from property 'pattern' which is declared here on type '{ service?: string | undefined; pattern: "direct_supabase_query" | "statistical_calculation" | "atomic_operation" | "direct_schema_validation" | "transformation_schema" | "simple_input_validation" | ... 21 more ... | "calculate_confidence_intervals"; operation?: string | undefined; context?: string | undefined; desc...'
    [96msrc/__tests__/analytics/orderAnalyticsIntegration.test.ts[0m:[93m447[0m:[93m53[0m - [91merror[0m[90m TS2345: [0mArgument of type '{ context: string; errorCode: string; validationPattern: string; errorMessage: string; }' is not assignable to parameter of type 'ValidationErrorDetails'.
      Types of property 'validationPattern' are incompatible.
        Type 'string' is not assignable to type '"direct_supabase_query" | "statistical_calculation" | "atomic_operation" | "transformation_schema" | "database_schema" | "resilient_processing" | "generate_business_insights" | ... 11 more ... | undefined'.

    [7m447[0m         mockValidationMonitor.recordValidationError(error);
    [7m   [0m [91m                                                    ~~~~~[0m
    [96msrc/__tests__/analytics/orderAnalyticsIntegration.test.ts[0m:[93m471[0m:[93m11[0m - [91merror[0m[90m TS2322: [0mType '"performance_tracking"' is not assignable to type '"direct_supabase_query" | "statistical_calculation" | "atomic_operation" | "direct_schema_validation" | "transformation_schema" | "simple_input_validation" | "database_schema" | ... 20 more ... | "calculate_confidence_intervals"'.

    [7m471[0m           pattern: 'performance_tracking',
    [7m   [0m [91m          ~~~~~~~[0m

      [96msrc/utils/validationMonitor.ts[0m:[93m185[0m:[93m5[0m
        [7m185[0m     pattern: 'direct_schema_validation' | 'transformation_schema' | 'simple_input_validation' | 'direct_supabase_query' | 'statistical_calculation' | 'database_schema' | 'atomic_operation' | 'resilient_processing' | 'generate_business_insights' | 'get_insights_by_impact' | 'correlate_business_data' | 'update_insight_status' | 'get_insight_recommendations' | 'detect_anomalies' | 'get_metrics_by_category' | 'generate_correlation_analysis' | 'update_metric_values' | 'batch_process_metrics' | 'generate_strategic_report' | 'schedule_strategic_report' | 'get_report_data' | 'export_report_data' | 'update_report_config' | 'generate_predictive_forecast' | 'validate_model_accuracy' | 'update_forecast_data' | 'get_forecast_by_type' | 'calculate_confidence_intervals';
        [7m   [0m [96m    ~~~~~~~[0m
        The expected type comes from property 'pattern' which is declared here on type '{ service?: string | undefined; pattern: "direct_supabase_query" | "statistical_calculation" | "atomic_operation" | "direct_schema_validation" | "transformation_schema" | "simple_input_validation" | ... 21 more ... | "calculate_confidence_intervals"; operation?: string | undefined; context?: string | undefined; desc...'
    [96msrc/__tests__/analytics/orderAnalyticsIntegration.test.ts[0m:[93m500[0m:[93m22[0m - [91merror[0m[90m TS2322: [0mType 'Date' is not assignable to type 'string'.

    [7m500[0m         dateRange: { start: new Date(), end: new Date() }
    [7m   [0m [91m                     ~~~~~[0m
    [96msrc/__tests__/analytics/orderAnalyticsIntegration.test.ts[0m:[93m500[0m:[93m41[0m - [91merror[0m[90m TS2322: [0mType 'Date' is not assignable to type 'string'.

    [7m500[0m         dateRange: { start: new Date(), end: new Date() }
    [7m   [0m [91m                                        ~~~[0m
    [96msrc/__tests__/analytics/orderAnalyticsIntegration.test.ts[0m:[93m507[0m:[93m24[0m - [91merror[0m[90m TS2322: [0mType 'Date' is not assignable to type 'string'.

    [7m507[0m           dateRange: { start: new Date(), end: new Date() }
    [7m   [0m [91m                       ~~~~~[0m
    [96msrc/__tests__/analytics/orderAnalyticsIntegration.test.ts[0m:[93m507[0m:[93m43[0m - [91merror[0m[90m TS2322: [0mType 'Date' is not assignable to type 'string'.

    [7m507[0m           dateRange: { start: new Date(), end: new Date() }
    [7m   [0m [91m                                          ~~~[0m

FAIL src/services/__tests__/rolePermissionService.comprehensive.test.ts
  ● Test suite failed to run

    [96msrc/services/__tests__/rolePermissionService.comprehensive.test.ts[0m:[93m41[0m:[93m39[0m - [91merror[0m[90m TS2307: [0mCannot find module '../rolePermissionService' or its corresponding type declarations.

    [7m41[0m import { RolePermissionService } from '../rolePermissionService';
    [7m  [0m [91m                                      ~~~~~~~~~~~~~~~~~~~~~~~~~~[0m
    [96msrc/services/__tests__/rolePermissionService.comprehensive.test.ts[0m:[93m155[0m:[93m25[0m - [91merror[0m[90m TS7006: [0mParameter 'p' implicitly has an 'any' type.

    [7m155[0m       expect(result.map(p => p.permission)).toEqual(['view_products', 'add_to_cart', 'checkout']);
    [7m   [0m [91m                        ~[0m
    [96msrc/services/__tests__/rolePermissionService.comprehensive.test.ts[0m:[93m435[0m:[93m25[0m - [91merror[0m[90m TS7006: [0mParameter 'p' implicitly has an 'any' type.

    [7m435[0m       expect(result.map(p => p.permission)).toContain('view_products');
    [7m   [0m [91m                        ~[0m
    [96msrc/services/__tests__/rolePermissionService.comprehensive.test.ts[0m:[93m436[0m:[93m25[0m - [91merror[0m[90m TS7006: [0mParameter 'p' implicitly has an 'any' type.

    [7m436[0m       expect(result.map(p => p.permission)).toContain('scan_qr');
    [7m   [0m [91m                        ~[0m

FAIL src/hooks/inventory/__tests__/archived-non-volume/integration/performance.test.tsx
  ● Test suite failed to run

    [96msrc/hooks/inventory/__tests__/archived-non-volume/integration/performance.test.tsx[0m:[93m32[0m:[93m1[0m - [91merror[0m[90m TS6133: [0m'createSupabaseMock' is declared but its value is never read.

    [7m32[0m import { createSupabaseMock } from '../../../test/mocks/supabase.simplified.mock';
    [7m  [0m [91m~~~~~~~~~~~~~~~~~~~~~~~~~~~~~~~~~~~~~~~~~~~~~~~~~~~~~~~~~~~~~~~~~~~~~~~~~~~~~~~~~~[0m
    [96msrc/hooks/inventory/__tests__/archived-non-volume/integration/performance.test.tsx[0m:[93m32[0m:[93m36[0m - [91merror[0m[90m TS2307: [0mCannot find module '../../../test/mocks/supabase.simplified.mock' or its corresponding type declarations.

    [7m32[0m import { createSupabaseMock } from '../../../test/mocks/supabase.simplified.mock';
    [7m  [0m [91m                                   ~~~~~~~~~~~~~~~~~~~~~~~~~~~~~~~~~~~~~~~~~~~~~~[0m
    [96msrc/hooks/inventory/__tests__/archived-non-volume/integration/performance.test.tsx[0m:[93m33[0m:[93m1[0m - [91merror[0m[90m TS6133: [0m'hookContracts' is declared but its value is never read.

    [7m33[0m import { hookContracts } from '../../../test/contracts/hook.contracts';
    [7m  [0m [91m~~~~~~~~~~~~~~~~~~~~~~~~~~~~~~~~~~~~~~~~~~~~~~~~~~~~~~~~~~~~~~~~~~~~~~~[0m
    [96msrc/hooks/inventory/__tests__/archived-non-volume/integration/performance.test.tsx[0m:[93m33[0m:[93m31[0m - [91merror[0m[90m TS2307: [0mCannot find module '../../../test/contracts/hook.contracts' or its corresponding type declarations.

    [7m33[0m import { hookContracts } from '../../../test/contracts/hook.contracts';
    [7m  [0m [91m                              ~~~~~~~~~~~~~~~~~~~~~~~~~~~~~~~~~~~~~~~~[0m
    [96msrc/hooks/inventory/__tests__/archived-non-volume/integration/performance.test.tsx[0m:[93m39[0m:[93m53[0m - [91merror[0m[90m TS2307: [0mCannot find module '../../useInventoryItems' or its corresponding type declarations.

    [7m39[0m import { useInventoryItems, useLowStockItems } from '../../useInventoryItems';
    [7m  [0m [91m                                                    ~~~~~~~~~~~~~~~~~~~~~~~~~[0m
    [96msrc/hooks/inventory/__tests__/archived-non-volume/integration/performance.test.tsx[0m:[93m40[0m:[93m37[0m - [91merror[0m[90m TS2307: [0mCannot find module '../../useInventoryOperations' or its corresponding type declarations.

    [7m40[0m import { useBatchUpdateStock } from '../../useInventoryOperations';
    [7m  [0m [91m                                    ~~~~~~~~~~~~~~~~~~~~~~~~~~~~~~[0m
    [96msrc/hooks/inventory/__tests__/archived-non-volume/integration/performance.test.tsx[0m:[93m41[0m:[93m57[0m - [91merror[0m[90m TS2307: [0mCannot find module '../../useStockMovements' or its corresponding type declarations.

    [7m41[0m import { useStockMovements, useMovementAnalytics } from '../../useStockMovements';
    [7m  [0m [91m                                                        ~~~~~~~~~~~~~~~~~~~~~~~~~[0m
    [96msrc/hooks/inventory/__tests__/archived-non-volume/integration/performance.test.tsx[0m:[93m44[0m:[93m34[0m - [91merror[0m[90m TS2307: [0mCannot find module '../../../../services/inventory/inventoryService' or its corresponding type declarations.

    [7m44[0m import { InventoryService } from '../../../../services/inventory/inventoryService';
    [7m  [0m [91m                                 ~~~~~~~~~~~~~~~~~~~~~~~~~~~~~~~~~~~~~~~~~~~~~~~~~[0m
    [96msrc/hooks/inventory/__tests__/archived-non-volume/integration/performance.test.tsx[0m:[93m45[0m:[93m38[0m - [91merror[0m[90m TS2307: [0mCannot find module '../../../../services/inventory/stockMovementService' or its corresponding type declarations.

    [7m45[0m import { StockMovementService } from '../../../../services/inventory/stockMovementService';
    [7m  [0m [91m                                     ~~~~~~~~~~~~~~~~~~~~~~~~~~~~~~~~~~~~~~~~~~~~~~~~~~~~~[0m
    [96msrc/hooks/inventory/__tests__/archived-non-volume/integration/performance.test.tsx[0m:[93m200[0m:[93m36[0m - [91merror[0m[90m TS7006: [0mParameter 'item' implicitly has an 'any' type.

    [7m200[0m       result.current.data?.forEach(item => {
    [7m   [0m [91m                                   ~~~~[0m
    [96msrc/hooks/inventory/__tests__/archived-non-volume/integration/performance.test.tsx[0m:[93m406[0m:[93m13[0m - [91merror[0m[90m TS7034: [0mVariable 'hooks' implicitly has type 'any[]' in some locations where its type cannot be determined.

    [7m406[0m       const hooks = [];
    [7m   [0m [91m            ~~~~~[0m
    [96msrc/hooks/inventory/__tests__/archived-non-volume/integration/performance.test.tsx[0m:[93m421[0m:[93m9[0m - [91merror[0m[90m TS7005: [0mVariable 'hooks' implicitly has an 'any[]' type.

    [7m421[0m         hooks.forEach(hook => {
    [7m   [0m [91m        ~~~~~[0m

FAIL src/services/inventory/__tests__/stockMovementService.test.ts
  ● Test suite failed to run

    [96msrc/services/inventory/__tests__/stockMovementService.test.ts[0m:[93m22[0m:[93m23[0m - [91merror[0m[90m TS2339: [0mProperty 'clear' does not exist on type 'typeof ValidationMonitor'.

    [7m22[0m     ValidationMonitor.clear();
    [7m  [0m [91m                      ~~~~~[0m

FAIL src/__tests__/deployment/environmentConfig.test.ts
  ● Test suite failed to run

    [96msrc/__tests__/deployment/environmentConfig.test.ts[0m:[93m95[0m:[93m13[0m - [91merror[0m[90m TS6198: [0mAll destructured elements are unused.

    [7m95[0m       const { data, error } = await supabase
    [7m  [0m [91m            ~~~~~~~~~~~~~~~[0m

FAIL src/schemas/executive/__contracts__/businessMetrics.contracts.test.ts (11.631 s)
  ● Business Metrics Schema Contracts - Phase 4 › must handle large metric datasets efficiently

    expect(received).toBeLessThan(expected)

    Expected: < 100
    Received:   132

      382 |     
      383 |     // Should process 100 metrics in under 100ms
    > 384 |     expect(endTime - startTime).toBeLessThan(100);
          |                                 ^
      385 |   });
      386 |
      387 |   // Contract Test 13: Create schema validation

      at Object.<anonymous> (src/schemas/executive/__contracts__/businessMetrics.contracts.test.ts:384:33)

FAIL src/services/executive/__tests__/phase4ComplianceAudit.test.ts
  ● Test suite failed to run

    [96msrc/services/executive/__tests__/phase4ComplianceAudit.test.ts[0m:[93m4[0m:[93m1[0m - [91merror[0m[90m TS6192: [0mAll imports in import declaration are unused.

    [7m4[0m import { createUser, resetAllFactories } from '../../../test/factories';
    [7m [0m [91m~~~~~~~~~~~~~~~~~~~~~~~~~~~~~~~~~~~~~~~~~~~~~~~~~~~~~~~~~~~~~~~~~~~~~~~~[0m
    [96msrc/services/executive/__tests__/phase4ComplianceAudit.test.ts[0m:[93m49[0m:[93m7[0m - [91merror[0m[90m TS6133: [0m'mockSupabaseFrom' is declared but its value is never read.

    [7m49[0m const mockSupabaseFrom = supabase.from as jest.Mock;
    [7m  [0m [91m      ~~~~~~~~~~~~~~~~[0m
    [96msrc/services/executive/__tests__/phase4ComplianceAudit.test.ts[0m:[93m339[0m:[93m33[0m - [91merror[0m[90m TS2339: [0mProperty 'aggregateBusinessMetrics' does not exist on type 'typeof BusinessMetricsService | typeof BusinessIntelligenceService | typeof StrategicReportingService | typeof PredictiveAnalyticsService'.
      Property 'aggregateBusinessMetrics' does not exist on type 'typeof BusinessIntelligenceService'.

    [7m339[0m           expect(typeof service.aggregateBusinessMetrics === 'function' ||
    [7m   [0m [91m                                ~~~~~~~~~~~~~~~~~~~~~~~~[0m
    [96msrc/services/executive/__tests__/phase4ComplianceAudit.test.ts[0m:[93m340[0m:[93m33[0m - [91merror[0m[90m TS2339: [0mProperty 'generateInsights' does not exist on type 'typeof BusinessMetricsService | typeof BusinessIntelligenceService | typeof StrategicReportingService | typeof PredictiveAnalyticsService'.
      Property 'generateInsights' does not exist on type 'typeof BusinessMetricsService'.

    [7m340[0m                  typeof service.generateInsights === 'function' ||
    [7m   [0m [91m                                ~~~~~~~~~~~~~~~~[0m
    [96msrc/services/executive/__tests__/phase4ComplianceAudit.test.ts[0m:[93m341[0m:[93m33[0m - [91merror[0m[90m TS2339: [0mProperty 'generateReport' does not exist on type 'typeof BusinessMetricsService | typeof BusinessIntelligenceService | typeof StrategicReportingService | typeof PredictiveAnalyticsService'.
      Property 'generateReport' does not exist on type 'typeof BusinessMetricsService'.

    [7m341[0m                  typeof service.generateReport === 'function' ||
    [7m   [0m [91m                                ~~~~~~~~~~~~~~[0m
    [96msrc/services/executive/__tests__/phase4ComplianceAudit.test.ts[0m:[93m342[0m:[93m33[0m - [91merror[0m[90m TS2339: [0mProperty 'generateForecast' does not exist on type 'typeof BusinessMetricsService | typeof BusinessIntelligenceService | typeof StrategicReportingService | typeof PredictiveAnalyticsService'.
      Property 'generateForecast' does not exist on type 'typeof BusinessMetricsService'.

    [7m342[0m                  typeof service.generateForecast === 'function').toBe(true);
    [7m   [0m [91m                                ~~~~~~~~~~~~~~~~[0m

FAIL src/hooks/__tests__/useRolePermissions.simplified.test.tsx
  ● Test suite failed to run

    [96msrc/hooks/__tests__/useRolePermissions.simplified.test.tsx[0m:[93m56[0m:[93m3[0m - [91merror[0m[90m TS6133: [0m'useHasAllPermissions' is declared but its value is never read.

    [7m56[0m   useHasAllPermissions,
    [7m  [0m [91m  ~~~~~~~~~~~~~~~~~~~~[0m
    [96msrc/hooks/__tests__/useRolePermissions.simplified.test.tsx[0m:[93m57[0m:[93m3[0m - [91merror[0m[90m TS6133: [0m'useHasAnyPermission' is declared but its value is never read.

    [7m57[0m   useHasAnyPermission,
    [7m  [0m [91m  ~~~~~~~~~~~~~~~~~~~[0m
    [96msrc/hooks/__tests__/useRolePermissions.simplified.test.tsx[0m:[93m69[0m:[93m39[0m - [91merror[0m[90m TS2307: [0mCannot find module '../../services/role-based/rolePermissionService' or its corresponding type declarations.

    [7m69[0m import { RolePermissionService } from '../../services/role-based/rolePermissionService';
    [7m  [0m [91m                                      ~~~~~~~~~~~~~~~~~~~~~~~~~~~~~~~~~~~~~~~~~~~~~~~~~[0m
    [96msrc/hooks/__tests__/useRolePermissions.simplified.test.tsx[0m:[93m130[0m:[93m21[0m - [91merror[0m[90m TS2339: [0mProperty 'roleType' does not exist on type '{ permissions: RolePermission[]; isLoading: boolean; isError: boolean; error: Error | null; isSuccess: boolean; refetch: () => Promise<any>; } | { permissions: RolePermission[]; ... 4 more ...; refetch: (options?: RefetchOptions | undefined) => Promise<...>; }'.
      Property 'roleType' does not exist on type '{ permissions: RolePermission[]; isLoading: boolean; isError: boolean; error: Error | null; isSuccess: boolean; refetch: () => Promise<any>; }'.

    [7m130[0m       expect(result.roleType).toBe('inventory_staff');
    [7m   [0m [91m                    ~~~~~~~~[0m
    [96msrc/hooks/__tests__/useRolePermissions.simplified.test.tsx[0m:[93m131[0m:[93m21[0m - [91merror[0m[90m TS2339: [0mProperty 'isActive' does not exist on type '{ permissions: RolePermission[]; isLoading: boolean; isError: boolean; error: Error | null; isSuccess: boolean; refetch: () => Promise<any>; } | { permissions: RolePermission[]; ... 4 more ...; refetch: (options?: RefetchOptions | undefined) => Promise<...>; }'.
      Property 'isActive' does not exist on type '{ permissions: RolePermission[]; isLoading: boolean; isError: boolean; error: Error | null; isSuccess: boolean; refetch: () => Promise<any>; }'.

    [7m131[0m       expect(result.isActive).toBe(true);
    [7m   [0m [91m                    ~~~~~~~~[0m
    [96msrc/hooks/__tests__/useRolePermissions.simplified.test.tsx[0m:[93m149[0m:[93m21[0m - [91merror[0m[90m TS2339: [0mProperty 'roleType' does not exist on type '{ permissions: RolePermission[]; isLoading: boolean; isError: boolean; error: Error | null; isSuccess: boolean; refetch: () => Promise<any>; } | { permissions: RolePermission[]; ... 4 more ...; refetch: (options?: RefetchOptions | undefined) => Promise<...>; }'.
      Property 'roleType' does not exist on type '{ permissions: RolePermission[]; isLoading: boolean; isError: boolean; error: Error | null; isSuccess: boolean; refetch: () => Promise<any>; }'.

    [7m149[0m       expect(result.roleType).toBeNull();
    [7m   [0m [91m                    ~~~~~~~~[0m
    [96msrc/hooks/__tests__/useRolePermissions.simplified.test.tsx[0m:[93m150[0m:[93m21[0m - [91merror[0m[90m TS2339: [0mProperty 'isActive' does not exist on type '{ permissions: RolePermission[]; isLoading: boolean; isError: boolean; error: Error | null; isSuccess: boolean; refetch: () => Promise<any>; } | { permissions: RolePermission[]; ... 4 more ...; refetch: (options?: RefetchOptions | undefined) => Promise<...>; }'.
      Property 'isActive' does not exist on type '{ permissions: RolePermission[]; isLoading: boolean; isError: boolean; error: Error | null; isSuccess: boolean; refetch: () => Promise<any>; }'.

    [7m150[0m       expect(result.isActive).toBe(false);
    [7m   [0m [91m                    ~~~~~~~~[0m
    [96msrc/hooks/__tests__/useRolePermissions.simplified.test.tsx[0m:[93m173[0m:[93m21[0m - [91merror[0m[90m TS2339: [0mProperty 'data' does not exist on type '{ permissions: RolePermission[]; isLoading: boolean; isError: boolean; error: Error | null; isSuccess: boolean; refetch: () => Promise<any>; } | { permissions: RolePermission[]; ... 4 more ...; refetch: (options?: RefetchOptions | undefined) => Promise<...>; }'.
      Property 'data' does not exist on type '{ permissions: RolePermission[]; isLoading: boolean; isError: boolean; error: Error | null; isSuccess: boolean; refetch: () => Promise<any>; }'.

    [7m173[0m       expect(result.data).toBeUndefined();
    [7m   [0m [91m                    ~~~~[0m
    [96msrc/hooks/__tests__/useRolePermissions.simplified.test.tsx[0m:[93m213[0m:[93m65[0m - [91merror[0m[90m TS2367: [0mThis comparison appears to be unintentional because the types 'RolePermission' and 'string' have no overlap.

    [7m213[0m       const viewInventoryCount = result.permissions.filter(p => p === 'view_inventory').length;
    [7m   [0m [91m                                                                ~~~~~~~~~~~~~~~~~~~~~~[0m
    [96msrc/hooks/__tests__/useRolePermissions.simplified.test.tsx[0m:[93m241[0m:[93m21[0m - [91merror[0m[90m TS2339: [0mProperty 'roleType' does not exist on type '{ permissions: RolePermission[]; isLoading: boolean; isError: boolean; error: Error | null; isSuccess: boolean; refetch: () => Promise<any>; } | { permissions: RolePermission[]; ... 4 more ...; refetch: (options?: RefetchOptions | undefined) => Promise<...>; }'.
      Property 'roleType' does not exist on type '{ permissions: RolePermission[]; isLoading: boolean; isError: boolean; error: Error | null; isSuccess: boolean; refetch: () => Promise<any>; }'.

    [7m241[0m       expect(result.roleType).toBe('admin');
    [7m   [0m [91m                    ~~~~~~~~[0m
    [96msrc/hooks/__tests__/useRolePermissions.simplified.test.tsx[0m:[93m265[0m:[93m21[0m - [91merror[0m[90m TS2339: [0mProperty 'roleType' does not exist on type '{ permissions: RolePermission[]; isLoading: boolean; isError: boolean; error: Error | null; isSuccess: boolean; refetch: () => Promise<any>; } | { permissions: RolePermission[]; ... 4 more ...; refetch: (options?: RefetchOptions | undefined) => Promise<...>; }'.
      Property 'roleType' does not exist on type '{ permissions: RolePermission[]; isLoading: boolean; isError: boolean; error: Error | null; isSuccess: boolean; refetch: () => Promise<any>; }'.

    [7m265[0m       expect(result.roleType).toBe('executive');
    [7m   [0m [91m                    ~~~~~~~~[0m
    [96msrc/hooks/__tests__/useRolePermissions.simplified.test.tsx[0m:[93m288[0m:[93m21[0m - [91merror[0m[90m TS2339: [0mProperty 'roleType' does not exist on type '{ permissions: RolePermission[]; isLoading: boolean; isError: boolean; error: Error | null; isSuccess: boolean; refetch: () => Promise<any>; } | { permissions: RolePermission[]; ... 4 more ...; refetch: (options?: RefetchOptions | undefined) => Promise<...>; }'.
      Property 'roleType' does not exist on type '{ permissions: RolePermission[]; isLoading: boolean; isError: boolean; error: Error | null; isSuccess: boolean; refetch: () => Promise<any>; }'.

    [7m288[0m       expect(result.roleType).toBe('unknown_role');
    [7m   [0m [91m                    ~~~~~~~~[0m
    [96msrc/hooks/__tests__/useRolePermissions.simplified.test.tsx[0m:[93m317[0m:[93m21[0m - [91merror[0m[90m TS2339: [0mProperty 'data' does not exist on type '{ hasPermission: boolean; isLoading: boolean; isError: boolean; error: Error | null; }'.

    [7m317[0m       expect(result.data).toBe(true);
    [7m   [0m [91m                    ~~~~[0m
    [96msrc/hooks/__tests__/useRolePermissions.simplified.test.tsx[0m:[93m339[0m:[93m21[0m - [91merror[0m[90m TS2339: [0mProperty 'data' does not exist on type '{ hasPermission: boolean; isLoading: boolean; isError: boolean; error: Error | null; }'.

    [7m339[0m       expect(result.data).toBeUndefined();
    [7m   [0m [91m                    ~~~~[0m
    [96msrc/hooks/__tests__/useRolePermissions.simplified.test.tsx[0m:[93m360[0m:[93m21[0m - [91merror[0m[90m TS2339: [0mProperty 'data' does not exist on type '{ hasPermission: boolean; isLoading: boolean; isError: boolean; error: Error | null; }'.

    [7m360[0m       expect(result.data).toBeUndefined();
    [7m   [0m [91m                    ~~~~[0m
    [96msrc/hooks/__tests__/useRolePermissions.simplified.test.tsx[0m:[93m402[0m:[93m32[0m - [91merror[0m[90m TS2345: [0mArgument of type '{ permissions: string[]; roleType: "inventory_staff"; isActive: boolean; isLoading: boolean; isError: boolean; isSuccess: boolean; error: null; refetch: jest.Mock<any, any, any>; data: { ...; }; }' is not assignable to parameter of type 'string[]'.
      Type '{ permissions: string[]; roleType: "inventory_staff"; isActive: boolean; isLoading: boolean; isError: boolean; isSuccess: boolean; error: null; refetch: Mock<any, any, any>; data: { id: string; ... 5 more ...; updatedAt: string; }; }' is missing the following properties from type 'string[]': length, pop, push, concat, and 28 more.

    [7m402[0m       expect(hasAllPermissions(mockResult, ['view_inventory', 'update_stock'])).toBe(true);
    [7m   [0m [91m                               ~~~~~~~~~~[0m
    [96msrc/hooks/__tests__/useRolePermissions.simplified.test.tsx[0m:[93m405[0m:[93m32[0m - [91merror[0m[90m TS2345: [0mArgument of type '{ permissions: string[]; roleType: "inventory_staff"; isActive: boolean; isLoading: boolean; isError: boolean; isSuccess: boolean; error: null; refetch: jest.Mock<any, any, any>; data: { ...; }; }' is not assignable to parameter of type 'string[]'.
      Type '{ permissions: string[]; roleType: "inventory_staff"; isActive: boolean; isLoading: boolean; isError: boolean; isSuccess: boolean; error: null; refetch: Mock<any, any, any>; data: { id: string; ... 5 more ...; updatedAt: string; }; }' is missing the following properties from type 'string[]': length, pop, push, concat, and 28 more.

    [7m405[0m       expect(hasAllPermissions(mockResult, ['view_inventory', 'admin_permission'])).toBe(false);
    [7m   [0m [91m                               ~~~~~~~~~~[0m
    [96msrc/hooks/__tests__/useRolePermissions.simplified.test.tsx[0m:[93m408[0m:[93m32[0m - [91merror[0m[90m TS2345: [0mArgument of type '{ permissions: string[]; roleType: "inventory_staff"; isActive: boolean; isLoading: boolean; isError: boolean; isSuccess: boolean; error: null; refetch: jest.Mock<any, any, any>; data: { ...; }; }' is not assignable to parameter of type 'string[]'.
      Type '{ permissions: string[]; roleType: "inventory_staff"; isActive: boolean; isLoading: boolean; isError: boolean; isSuccess: boolean; error: null; refetch: Mock<any, any, any>; data: { id: string; ... 5 more ...; updatedAt: string; }; }' is missing the following properties from type 'string[]': length, pop, push, concat, and 28 more.

    [7m408[0m       expect(hasAllPermissions(mockResult, [])).toBe(true);
    [7m   [0m [91m                               ~~~~~~~~~~[0m
    [96msrc/hooks/__tests__/useRolePermissions.simplified.test.tsx[0m:[93m425[0m:[93m31[0m - [91merror[0m[90m TS2345: [0mArgument of type '{ permissions: string[]; roleType: "inventory_staff"; isActive: boolean; isLoading: boolean; isError: boolean; isSuccess: boolean; error: null; refetch: jest.Mock<any, any, any>; data: { ...; }; }' is not assignable to parameter of type 'string[]'.
      Type '{ permissions: string[]; roleType: "inventory_staff"; isActive: boolean; isLoading: boolean; isError: boolean; isSuccess: boolean; error: null; refetch: Mock<any, any, any>; data: { id: string; ... 5 more ...; updatedAt: string; }; }' is missing the following properties from type 'string[]': length, pop, push, concat, and 28 more.

    [7m425[0m       expect(hasAnyPermission(mockResult, ['view_inventory', 'admin_permission'])).toBe(true);
    [7m   [0m [91m                              ~~~~~~~~~~[0m
    [96msrc/hooks/__tests__/useRolePermissions.simplified.test.tsx[0m:[93m428[0m:[93m31[0m - [91merror[0m[90m TS2345: [0mArgument of type '{ permissions: string[]; roleType: "inventory_staff"; isActive: boolean; isLoading: boolean; isError: boolean; isSuccess: boolean; error: null; refetch: jest.Mock<any, any, any>; data: { ...; }; }' is not assignable to parameter of type 'string[]'.
      Type '{ permissions: string[]; roleType: "inventory_staff"; isActive: boolean; isLoading: boolean; isError: boolean; isSuccess: boolean; error: null; refetch: Mock<any, any, any>; data: { id: string; ... 5 more ...; updatedAt: string; }; }' is missing the following properties from type 'string[]': length, pop, push, concat, and 28 more.

    [7m428[0m       expect(hasAnyPermission(mockResult, ['admin_permission', 'executive_permission'])).toBe(false);
    [7m   [0m [91m                              ~~~~~~~~~~[0m
    [96msrc/hooks/__tests__/useRolePermissions.simplified.test.tsx[0m:[93m431[0m:[93m31[0m - [91merror[0m[90m TS2345: [0mArgument of type '{ permissions: string[]; roleType: "inventory_staff"; isActive: boolean; isLoading: boolean; isError: boolean; isSuccess: boolean; error: null; refetch: jest.Mock<any, any, any>; data: { ...; }; }' is not assignable to parameter of type 'string[]'.
      Type '{ permissions: string[]; roleType: "inventory_staff"; isActive: boolean; isLoading: boolean; isError: boolean; isSuccess: boolean; error: null; refetch: Mock<any, any, any>; data: { id: string; ... 5 more ...; updatedAt: string; }; }' is missing the following properties from type 'string[]': length, pop, push, concat, and 28 more.

    [7m431[0m       expect(hasAnyPermission(mockResult, [])).toBe(false);
    [7m   [0m [91m                              ~~~~~~~~~~[0m
    [96msrc/hooks/__tests__/useRolePermissions.simplified.test.tsx[0m:[93m452[0m:[93m22[0m - [91merror[0m[90m TS2345: [0mArgument of type '{ permissions: never[]; roleType: "admin"; isActive: boolean; isLoading: boolean; isError: boolean; isSuccess: boolean; error: null; refetch: jest.Mock<any, any, any>; data: { roleType: "admin"; ... 5 more ...; updatedAt: string; }; }' is not assignable to parameter of type 'string'.

    [7m452[0m       expect(isAdmin(adminResult)).toBe(true);
    [7m   [0m [91m                     ~~~~~~~~~~~[0m
    [96msrc/hooks/__tests__/useRolePermissions.simplified.test.tsx[0m:[93m453[0m:[93m22[0m - [91merror[0m[90m TS2345: [0mArgument of type '{ roleType: "inventory_staff"; permissions: never[]; isActive: boolean; isLoading: boolean; isError: boolean; isSuccess: boolean; error: null; refetch: jest.Mock<any, any, any>; data: { ...; }; }' is not assignable to parameter of type 'string'.

    [7m453[0m       expect(isAdmin(nonAdminResult)).toBe(false);
    [7m   [0m [91m                     ~~~~~~~~~~~~~~[0m
    [96msrc/hooks/__tests__/useRolePermissions.simplified.test.tsx[0m:[93m474[0m:[93m26[0m - [91merror[0m[90m TS2345: [0mArgument of type '{ permissions: never[]; roleType: "executive"; isActive: boolean; isLoading: boolean; isError: boolean; isSuccess: boolean; error: null; refetch: jest.Mock<any, any, any>; data: { roleType: "executive"; ... 5 more ...; updatedAt: string; }; }' is not assignable to parameter of type 'string'.

    [7m474[0m       expect(isExecutive(executiveResult)).toBe(true);
    [7m   [0m [91m                         ~~~~~~~~~~~~~~~[0m
    [96msrc/hooks/__tests__/useRolePermissions.simplified.test.tsx[0m:[93m475[0m:[93m26[0m - [91merror[0m[90m TS2345: [0mArgument of type '{ roleType: "inventory_staff"; permissions: never[]; isActive: boolean; isLoading: boolean; isError: boolean; isSuccess: boolean; error: null; refetch: jest.Mock<any, any, any>; data: { ...; }; }' is not assignable to parameter of type 'string'.

    [7m475[0m       expect(isExecutive(nonExecutiveResult)).toBe(false);
    [7m   [0m [91m                         ~~~~~~~~~~~~~~~~~~[0m
    [96msrc/hooks/__tests__/useRolePermissions.simplified.test.tsx[0m:[93m491[0m:[93m32[0m - [91merror[0m[90m TS2345: [0mArgument of type '{ permissions: never[]; roleType: null; isActive: boolean; isLoading: boolean; isError: boolean; isSuccess: boolean; error: null; refetch: jest.Mock<any, any, any>; data: null; }' is not assignable to parameter of type 'string[]'.
      Type '{ permissions: never[]; roleType: null; isActive: boolean; isLoading: boolean; isError: boolean; isSuccess: boolean; error: null; refetch: Mock<any, any, any>; data: null; }' is missing the following properties from type 'string[]': length, pop, push, concat, and 28 more.

    [7m491[0m       expect(hasAllPermissions(emptyResult, ['any_permission'])).toBe(false);
    [7m   [0m [91m                               ~~~~~~~~~~~[0m
    [96msrc/hooks/__tests__/useRolePermissions.simplified.test.tsx[0m:[93m492[0m:[93m31[0m - [91merror[0m[90m TS2345: [0mArgument of type '{ permissions: never[]; roleType: null; isActive: boolean; isLoading: boolean; isError: boolean; isSuccess: boolean; error: null; refetch: jest.Mock<any, any, any>; data: null; }' is not assignable to parameter of type 'string[]'.
      Type '{ permissions: never[]; roleType: null; isActive: boolean; isLoading: boolean; isError: boolean; isSuccess: boolean; error: null; refetch: Mock<any, any, any>; data: null; }' is missing the following properties from type 'string[]': length, pop, push, concat, and 28 more.

    [7m492[0m       expect(hasAnyPermission(emptyResult, ['any_permission'])).toBe(false);
    [7m   [0m [91m                              ~~~~~~~~~~~[0m
    [96msrc/hooks/__tests__/useRolePermissions.simplified.test.tsx[0m:[93m493[0m:[93m32[0m - [91merror[0m[90m TS2345: [0mArgument of type '{ permissions: never[]; roleType: null; isActive: boolean; isLoading: boolean; isError: boolean; isSuccess: boolean; error: null; refetch: jest.Mock<any, any, any>; data: null; }' is not assignable to parameter of type 'string[]'.
      Type '{ permissions: never[]; roleType: null; isActive: boolean; isLoading: boolean; isError: boolean; isSuccess: boolean; error: null; refetch: Mock<any, any, any>; data: null; }' is missing the following properties from type 'string[]': length, pop, push, concat, and 28 more.

    [7m493[0m       expect(hasAllPermissions(emptyResult, [])).toBe(false); // No permissions means can't have all
    [7m   [0m [91m                               ~~~~~~~~~~~[0m
    [96msrc/hooks/__tests__/useRolePermissions.simplified.test.tsx[0m:[93m538[0m:[93m21[0m - [91merror[0m[90m TS2339: [0mProperty 'isActive' does not exist on type '{ permissions: RolePermission[]; isLoading: boolean; isError: boolean; error: Error | null; isSuccess: boolean; refetch: () => Promise<any>; } | { permissions: RolePermission[]; ... 4 more ...; refetch: (options?: RefetchOptions | undefined) => Promise<...>; }'.
      Property 'isActive' does not exist on type '{ permissions: RolePermission[]; isLoading: boolean; isError: boolean; error: Error | null; isSuccess: boolean; refetch: () => Promise<any>; }'.

    [7m538[0m       expect(result.isActive).toBe(false);
    [7m   [0m [91m                    ~~~~~~~~[0m
    [96msrc/hooks/__tests__/useRolePermissions.simplified.test.tsx[0m:[93m555[0m:[93m21[0m - [91merror[0m[90m TS2339: [0mProperty 'data' does not exist on type '{ permissions: RolePermission[]; isLoading: boolean; isError: boolean; error: Error | null; isSuccess: boolean; refetch: () => Promise<any>; } | { permissions: RolePermission[]; ... 4 more ...; refetch: (options?: RefetchOptions | undefined) => Promise<...>; }'.
      Property 'data' does not exist on type '{ permissions: RolePermission[]; isLoading: boolean; isError: boolean; error: Error | null; isSuccess: boolean; refetch: () => Promise<any>; }'.

    [7m555[0m       expect(result.data).toEqual(mockUserRole);
    [7m   [0m [91m                    ~~~~[0m
    [96msrc/hooks/__tests__/useRolePermissions.simplified.test.tsx[0m:[93m556[0m:[93m21[0m - [91merror[0m[90m TS2339: [0mProperty 'data' does not exist on type '{ permissions: RolePermission[]; isLoading: boolean; isError: boolean; error: Error | null; isSuccess: boolean; refetch: () => Promise<any>; } | { permissions: RolePermission[]; ... 4 more ...; refetch: (options?: RefetchOptions | undefined) => Promise<...>; }'.
      Property 'data' does not exist on type '{ permissions: RolePermission[]; isLoading: boolean; isError: boolean; error: Error | null; isSuccess: boolean; refetch: () => Promise<any>; }'.

    [7m556[0m       expect(result.data?.id).toBe('role-123');
    [7m   [0m [91m                    ~~~~[0m

FAIL src/services/marketing/__tests__/marketingCampaign.test.ts
  ● Test suite failed to run

    [96msrc/services/marketing/__tests__/marketingCampaign.test.ts[0m:[93m1[0m:[93m36[0m - [91merror[0m[90m TS6133: [0m'CampaignFilters' is declared but its value is never read.

    [7m1[0m import { MarketingCampaignService, CampaignFilters, CampaignMetricsUpdate } from '../marketingCampaign.service';
    [7m [0m [91m                                   ~~~~~~~~~~~~~~~[0m
    [96msrc/services/marketing/__tests__/marketingCampaign.test.ts[0m:[93m1[0m:[93m53[0m - [91merror[0m[90m TS6133: [0m'CampaignMetricsUpdate' is declared but its value is never read.

    [7m1[0m import { MarketingCampaignService, CampaignFilters, CampaignMetricsUpdate } from '../marketingCampaign.service';
    [7m [0m [91m                                                    ~~~~~~~~~~~~~~~~~~~~~[0m
    [96msrc/services/marketing/__tests__/marketingCampaign.test.ts[0m:[93m1[0m:[93m82[0m - [91merror[0m[90m TS2307: [0mCannot find module '../marketingCampaign.service' or its corresponding type declarations.

    [7m1[0m import { MarketingCampaignService, CampaignFilters, CampaignMetricsUpdate } from '../marketingCampaign.service';
    [7m [0m [91m                                                                                 ~~~~~~~~~~~~~~~~~~~~~~~~~~~~~~[0m
    [96msrc/services/marketing/__tests__/marketingCampaign.test.ts[0m:[93m2[0m:[93m29[0m - [91merror[0m[90m TS2724: [0m'"@/schemas/marketing"' has no exported member named 'CampaignType'. Did you mean 'Campaign'?

    [7m2[0m import { MarketingCampaign, CampaignType, CampaignStatus } from '@/schemas/marketing';
    [7m [0m [91m                            ~~~~~~~~~~~~[0m
    [96msrc/services/marketing/__tests__/marketingCampaign.test.ts[0m:[93m3[0m:[93m39[0m - [91merror[0m[90m TS6133: [0m'ValidationError' is declared but its value is never read.

    [7m3[0m import { ServiceError, NotFoundError, ValidationError, ForbiddenError } from '../errors/ServiceError';
    [7m [0m [91m                                      ~~~~~~~~~~~~~~~[0m
    [96msrc/services/marketing/__tests__/marketingCampaign.test.ts[0m:[93m18[0m:[93m11[0m - [91merror[0m[90m TS6133: [0m'now' is declared but its value is never read.

    [7m18[0m     const now = new Date();
    [7m  [0m [91m          ~~~[0m
    [96msrc/services/marketing/__tests__/marketingCampaign.test.ts[0m:[93m33[0m:[93m9[0m - [91merror[0m[90m TS2353: [0mObject literal may only specify known properties, and 'segments' does not exist in type 'TargetAudience[]'.

    [7m33[0m         segments: ['segment1'],
    [7m  [0m [91m        ~~~~~~~~[0m

      [96msrc/types/marketing.types.ts[0m:[93m41[0m:[93m3[0m
        [7m41[0m   targetAudience: TargetAudience[];
        [7m  [0m [96m  ~~~~~~~~~~~~~~[0m
        The expected type comes from property 'targetAudience' which is declared here on type 'Partial<MarketingCampaign>'
    [96msrc/services/marketing/__tests__/marketingCampaign.test.ts[0m:[93m43[0m:[93m7[0m - [91merror[0m[90m TS2739: [0mType '{ impressions: number; clicks: number; conversions: number; revenue: number; }' is missing the following properties from type 'CampaignMetrics': roi, ctr, conversionRate

    [7m43[0m       metrics: {
    [7m  [0m [91m      ~~~~~~~[0m

      [96msrc/types/marketing.types.ts[0m:[93m46[0m:[93m3[0m
        [7m46[0m   metrics: CampaignMetrics;
        [7m  [0m [96m  ~~~~~~~[0m
        The expected type comes from property 'metrics' which is declared here on type 'Partial<MarketingCampaign>'
    [96msrc/services/marketing/__tests__/marketingCampaign.test.ts[0m:[93m70[0m:[93m52[0m - [91merror[0m[90m TS2353: [0mObject literal may only specify known properties, and 'discount' does not exist in type 'Partial<MarketingCampaign>'.

    [7m70[0m       const invalidCampaign = createMockCampaign({ discount: 60 });
    [7m  [0m [91m                                                   ~~~~~~~~[0m
    [96msrc/services/marketing/__tests__/marketingCampaign.test.ts[0m:[93m220[0m:[93m11[0m - [91merror[0m[90m TS2322: [0mType '"scheduled"' is not assignable to type 'CampaignStatus | undefined'.

    [7m220[0m           status: 'scheduled',
    [7m   [0m [91m          ~~~~~~[0m
    [96msrc/services/marketing/__tests__/marketingCampaign.test.ts[0m:[93m351[0m:[93m9[0m - [91merror[0m[90m TS2353: [0mObject literal may only specify known properties, and 'type' does not exist in type 'Partial<MarketingCampaign>'.

    [7m351[0m         type: 'promotion',
    [7m   [0m [91m        ~~~~[0m
    [96msrc/services/marketing/__tests__/marketingCampaign.test.ts[0m:[93m361[0m:[93m9[0m - [91merror[0m[90m TS2322: [0mType '"draft"' is not assignable to type 'CampaignStatus | undefined'.

    [7m361[0m         status: 'draft',
    [7m   [0m [91m        ~~~~~~[0m
    [96msrc/services/marketing/__tests__/marketingCampaign.test.ts[0m:[93m368[0m:[93m9[0m - [91merror[0m[90m TS2322: [0mType '"scheduled"' is not assignable to type 'CampaignStatus | undefined'.

    [7m368[0m         status: 'scheduled',
    [7m   [0m [91m        ~~~~~~[0m
    [96msrc/services/marketing/__tests__/marketingCampaign.test.ts[0m:[93m377[0m:[93m28[0m - [91merror[0m[90m TS7006: [0mParameter 'c' implicitly has an 'any' type.

    [7m377[0m       expect(results.every(c => c.type === 'promotion')).toBe(true);
    [7m   [0m [91m                           ~[0m
    [96msrc/services/marketing/__tests__/marketingCampaign.test.ts[0m:[93m405[0m:[93m13[0m - [91merror[0m[90m TS6133: [0m'today' is declared but its value is never read.

    [7m405[0m       const today = new Date();
    [7m   [0m [91m            ~~~~~[0m
    [96msrc/services/marketing/__tests__/marketingCampaign.test.ts[0m:[93m420[0m:[93m9[0m - [91merror[0m[90m TS2322: [0mType '"draft"' is not assignable to type 'CampaignStatus | undefined'.

    [7m420[0m         status: 'draft',
    [7m   [0m [91m        ~~~~~~[0m
    [96msrc/services/marketing/__tests__/marketingCampaign.test.ts[0m:[93m426[0m:[93m9[0m - [91merror[0m[90m TS2322: [0mType '"scheduled"' is not assignable to type 'CampaignStatus | undefined'.

    [7m426[0m         status: 'scheduled'
    [7m   [0m [91m        ~~~~~~[0m
    [96msrc/services/marketing/__tests__/marketingCampaign.test.ts[0m:[93m446[0m:[93m9[0m - [91merror[0m[90m TS2739: [0mType '{ impressions: number; clicks: number; conversions: number; revenue: number; }' is missing the following properties from type 'CampaignMetrics': roi, ctr, conversionRate

    [7m446[0m         metrics: { impressions: 100, clicks: 10, conversions: 2, revenue: 200 }
    [7m   [0m [91m        ~~~~~~~[0m

FAIL src/services/__tests__/errorRecoveryService.test.ts
  ● Test suite failed to run

    [96msrc/services/__tests__/errorRecoveryService.test.ts[0m:[93m2[0m:[93m10[0m - [91merror[0m[90m TS6133: [0m'createProduct' is declared but its value is never read.

    [7m2[0m import { createProduct, createUser, resetAllFactories } from "../../test/factories";
    [7m [0m [91m         ~~~~~~~~~~~~~[0m
    [96msrc/services/__tests__/errorRecoveryService.test.ts[0m:[93m2[0m:[93m25[0m - [91merror[0m[90m TS2300: [0mDuplicate identifier 'createUser'.

    [7m2[0m import { createProduct, createUser, resetAllFactories } from "../../test/factories";
    [7m [0m [91m                        ~~~~~~~~~~[0m
    [96msrc/services/__tests__/errorRecoveryService.test.ts[0m:[93m2[0m:[93m37[0m - [91merror[0m[90m TS2300: [0mDuplicate identifier 'resetAllFactories'.

    [7m2[0m import { createProduct, createUser, resetAllFactories } from "../../test/factories";
    [7m [0m [91m                                    ~~~~~~~~~~~~~~~~~[0m
    [96msrc/services/__tests__/errorRecoveryService.test.ts[0m:[93m56[0m:[93m10[0m - [91merror[0m[90m TS2300: [0mDuplicate identifier 'createUser'.

    [7m56[0m import { createUser, createOrder, resetAllFactories } from '../../test/factories';
    [7m  [0m [91m         ~~~~~~~~~~[0m
    [96msrc/services/__tests__/errorRecoveryService.test.ts[0m:[93m56[0m:[93m35[0m - [91merror[0m[90m TS2300: [0mDuplicate identifier 'resetAllFactories'.

    [7m56[0m import { createUser, createOrder, resetAllFactories } from '../../test/factories';
    [7m  [0m [91m                                  ~~~~~~~~~~~~~~~~~[0m
    [96msrc/services/__tests__/errorRecoveryService.test.ts[0m:[93m17[0m:[93m10[0m - [91merror[0m[90m TS1005: [0m':' expected.

    [7m17[0m   return {
    [7m  [0m [91m         ~[0m
    [96msrc/services/__tests__/errorRecoveryService.test.ts[0m:[93m25[0m:[93m4[0m - [91merror[0m[90m TS1005: [0m',' expected.

    [7m25[0m   };
    [7m  [0m [91m   ~[0m

PASS src/schemas/__tests__/common.schema.test.ts (14.449 s)
FAIL src/schemas/__tests__/productAdmin.schema.test.ts
  ● Test suite failed to run

    [96msrc/schemas/__tests__/productAdmin.schema.test.ts[0m:[93m6[0m:[93m1[0m - [91merror[0m[90m TS6133: [0m'z' is declared but its value is never read.

    [7m6[0m import { z } from 'zod';
    [7m [0m [91m~~~~~~~~~~~~~~~~~~~~~~~~[0m
    [96msrc/schemas/__tests__/productAdmin.schema.test.ts[0m:[93m10[0m:[93m3[0m - [91merror[0m[90m TS6133: [0m'ProductAdminTransformSchema' is declared but its value is never read.

    [7m10[0m   ProductAdminTransformSchema,
    [7m  [0m [91m  ~~~~~~~~~~~~~~~~~~~~~~~~~~~[0m
    [96msrc/schemas/__tests__/productAdmin.schema.test.ts[0m:[93m11[0m:[93m3[0m - [91merror[0m[90m TS6133: [0m'CategoryAdminTransformSchema' is declared but its value is never read.

    [7m11[0m   CategoryAdminTransformSchema,
    [7m  [0m [91m  ~~~~~~~~~~~~~~~~~~~~~~~~~~~~[0m

FAIL src/__tests__/performance/queryPerformance.test.ts
  ● Test suite failed to run

    [96msrc/__tests__/performance/queryPerformance.test.ts[0m:[93m42[0m:[93m15[0m - [91merror[0m[90m TS6133: [0m'data' is declared but its value is never read.

    [7m42[0m       const { data, error } = await supabase
    [7m  [0m [91m              ~~~~[0m
    [96msrc/__tests__/performance/queryPerformance.test.ts[0m:[93m63[0m:[93m15[0m - [91merror[0m[90m TS6133: [0m'data' is declared but its value is never read.

    [7m63[0m       const { data, error } = await supabase
    [7m  [0m [91m              ~~~~[0m
    [96msrc/__tests__/performance/queryPerformance.test.ts[0m:[93m78[0m:[93m13[0m - [91merror[0m[90m TS6198: [0mAll destructured elements are unused.

    [7m78[0m       const { data, error } = await supabase.rpc('check_user_permission', {
    [7m  [0m [91m            ~~~~~~~~~~~~~~~[0m
    [96msrc/__tests__/performance/queryPerformance.test.ts[0m:[93m94[0m:[93m15[0m - [91merror[0m[90m TS6133: [0m'data' is declared but its value is never read.

    [7m94[0m       const { data, error } = await supabase
    [7m  [0m [91m              ~~~~[0m
    [96msrc/__tests__/performance/queryPerformance.test.ts[0m:[93m111[0m:[93m15[0m - [91merror[0m[90m TS6133: [0m'data' is declared but its value is never read.

    [7m111[0m       const { data, error } = await supabase
    [7m   [0m [91m              ~~~~[0m
    [96msrc/__tests__/performance/queryPerformance.test.ts[0m:[93m154[0m:[93m15[0m - [91merror[0m[90m TS6133: [0m'data' is declared but its value is never read.

    [7m154[0m       const { data, error } = await supabase
    [7m   [0m [91m              ~~~~[0m
    [96msrc/__tests__/performance/queryPerformance.test.ts[0m:[93m174[0m:[93m15[0m - [91merror[0m[90m TS6133: [0m'data' is declared but its value is never read.

    [7m174[0m       const { data, error } = await supabase
    [7m   [0m [91m              ~~~~[0m
    [96msrc/__tests__/performance/queryPerformance.test.ts[0m:[93m192[0m:[93m15[0m - [91merror[0m[90m TS6133: [0m'data' is declared but its value is never read.

    [7m192[0m       const { data, error } = await supabase
    [7m   [0m [91m              ~~~~[0m
    [96msrc/__tests__/performance/queryPerformance.test.ts[0m:[93m207[0m:[93m15[0m - [91merror[0m[90m TS6133: [0m'data' is declared but its value is never read.

    [7m207[0m       const { data, error } = await supabase
    [7m   [0m [91m              ~~~~[0m
    [96msrc/__tests__/performance/queryPerformance.test.ts[0m:[93m225[0m:[93m15[0m - [91merror[0m[90m TS6133: [0m'data' is declared but its value is never read.

    [7m225[0m       const { data, error } = await supabase
    [7m   [0m [91m              ~~~~[0m
    [96msrc/__tests__/performance/queryPerformance.test.ts[0m:[93m246[0m:[93m15[0m - [91merror[0m[90m TS6133: [0m'data' is declared but its value is never read.

    [7m246[0m       const { data, error } = await supabase
    [7m   [0m [91m              ~~~~[0m
    [96msrc/__tests__/performance/queryPerformance.test.ts[0m:[93m269[0m:[93m15[0m - [91merror[0m[90m TS6133: [0m'data' is declared but its value is never read.

    [7m269[0m       const { data, error } = await supabase
    [7m   [0m [91m              ~~~~[0m
    [96msrc/__tests__/performance/queryPerformance.test.ts[0m:[93m287[0m:[93m15[0m - [91merror[0m[90m TS6133: [0m'data' is declared but its value is never read.

    [7m287[0m       const { data, error } = await supabase
    [7m   [0m [91m              ~~~~[0m
    [96msrc/__tests__/performance/queryPerformance.test.ts[0m:[93m310[0m:[93m13[0m - [91merror[0m[90m TS6198: [0mAll destructured elements are unused.

    [7m310[0m       const { data, error } = await supabase
    [7m   [0m [91m            ~~~~~~~~~~~~~~~[0m
    [96msrc/__tests__/performance/queryPerformance.test.ts[0m:[93m328[0m:[93m13[0m - [91merror[0m[90m TS6133: [0m'error' is declared but its value is never read.

    [7m328[0m       const { error } = await supabase
    [7m   [0m [91m            ~~~~~~~~~[0m
    [96msrc/__tests__/performance/queryPerformance.test.ts[0m:[93m343[0m:[93m15[0m - [91merror[0m[90m TS6133: [0m'data' is declared but its value is never read.

    [7m343[0m       const { data, error } = await supabase
    [7m   [0m [91m              ~~~~[0m
    [96msrc/__tests__/performance/queryPerformance.test.ts[0m:[93m358[0m:[93m15[0m - [91merror[0m[90m TS6133: [0m'data' is declared but its value is never read.

    [7m358[0m       const { data, error } = await supabase
    [7m   [0m [91m              ~~~~[0m
    [96msrc/__tests__/performance/queryPerformance.test.ts[0m:[93m379[0m:[93m15[0m - [91merror[0m[90m TS6133: [0m'data' is declared but its value is never read.

    [7m379[0m       const { data, error } = await supabase
    [7m   [0m [91m              ~~~~[0m
    [96msrc/__tests__/performance/queryPerformance.test.ts[0m:[93m404[0m:[93m15[0m - [91merror[0m[90m TS6133: [0m'data' is declared but its value is never read.

    [7m404[0m       const { data, error } = await supabase
    [7m   [0m [91m              ~~~~[0m
    [96msrc/__tests__/performance/queryPerformance.test.ts[0m:[93m439[0m:[93m13[0m - [91merror[0m[90m TS6198: [0mAll destructured elements are unused.

    [7m439[0m       const { data, error } = await supabase.rpc('calculate_daily_revenue', {
    [7m   [0m [91m            ~~~~~~~~~~~~~~~[0m
    [96msrc/__tests__/performance/queryPerformance.test.ts[0m:[93m457[0m:[93m15[0m - [91merror[0m[90m TS6133: [0m'data' is declared but its value is never read.

    [7m457[0m       const { data, error } = await supabase
    [7m   [0m [91m              ~~~~[0m
    [96msrc/__tests__/performance/queryPerformance.test.ts[0m:[93m474[0m:[93m15[0m - [91merror[0m[90m TS6133: [0m'data' is declared but its value is never read.

    [7m474[0m       const { data, error } = await supabase
    [7m   [0m [91m              ~~~~[0m
    [96msrc/__tests__/performance/queryPerformance.test.ts[0m:[93m551[0m:[93m15[0m - [91merror[0m[90m TS6133: [0m'data' is declared but its value is never read.

    [7m551[0m       const { data, error } = await supabase
    [7m   [0m [91m              ~~~~[0m
    [96msrc/__tests__/performance/queryPerformance.test.ts[0m:[93m567[0m:[93m15[0m - [91merror[0m[90m TS6133: [0m'data' is declared but its value is never read.

    [7m567[0m       const { data, error } = await supabase
    [7m   [0m [91m              ~~~~[0m
    [96msrc/__tests__/performance/queryPerformance.test.ts[0m:[93m607[0m:[93m17[0m - [91merror[0m[90m TS6133: [0m'data' is declared but its value is never read.

    [7m607[0m         const { data, error } = await supabase
    [7m   [0m [91m                ~~~~[0m

FAIL src/schemas/executive/__contracts__/predictiveAnalytics.contracts.test.ts
  ● Test suite failed to run

    [96msrc/schemas/executive/__contracts__/predictiveAnalytics.contracts.test.ts[0m:[93m7[0m:[93m3[0m - [91merror[0m[90m TS6133: [0m'UpdatePredictiveAnalyticsSchema' is declared but its value is never read.

    [7m7[0m   UpdatePredictiveAnalyticsSchema,
    [7m [0m [91m  ~~~~~~~~~~~~~~~~~~~~~~~~~~~~~~~[0m
    [96msrc/schemas/executive/__contracts__/predictiveAnalytics.contracts.test.ts[0m:[93m14[0m:[93m1[0m - [91merror[0m[90m TS6133: [0m'ROLE_PERMISSIONS' is declared but its value is never read.

    [7m14[0m import { ROLE_PERMISSIONS } from '../../role-based/rolePermission.schemas';
    [7m  [0m [91m~~~~~~~~~~~~~~~~~~~~~~~~~~~~~~~~~~~~~~~~~~~~~~~~~~~~~~~~~~~~~~~~~~~~~~~~~~~[0m

FAIL src/services/__tests__/productAdminService.test.ts
  ● Test suite failed to run

    [96msrc/services/__tests__/productAdminService.test.ts[0m:[93m2[0m:[93m10[0m - [91merror[0m[90m TS2300: [0mDuplicate identifier 'createProduct'.

    [7m2[0m import { createProduct, createUser, resetAllFactories } from "../../test/factories";
    [7m [0m [91m         ~~~~~~~~~~~~~[0m
    [96msrc/services/__tests__/productAdminService.test.ts[0m:[93m2[0m:[93m25[0m - [91merror[0m[90m TS2300: [0mDuplicate identifier 'createUser'.

    [7m2[0m import { createProduct, createUser, resetAllFactories } from "../../test/factories";
    [7m [0m [91m                        ~~~~~~~~~~[0m
    [96msrc/services/__tests__/productAdminService.test.ts[0m:[93m2[0m:[93m37[0m - [91merror[0m[90m TS2300: [0mDuplicate identifier 'resetAllFactories'.

    [7m2[0m import { createProduct, createUser, resetAllFactories } from "../../test/factories";
    [7m [0m [91m                                    ~~~~~~~~~~~~~~~~~[0m
    [96msrc/services/__tests__/productAdminService.test.ts[0m:[93m54[0m:[93m10[0m - [91merror[0m[90m TS2300: [0mDuplicate identifier 'createProduct'.

    [7m54[0m import { createProduct, createCategory, createUser, resetAllFactories } from '../../test/factories';
    [7m  [0m [91m         ~~~~~~~~~~~~~[0m
    [96msrc/services/__tests__/productAdminService.test.ts[0m:[93m54[0m:[93m41[0m - [91merror[0m[90m TS2300: [0mDuplicate identifier 'createUser'.

    [7m54[0m import { createProduct, createCategory, createUser, resetAllFactories } from '../../test/factories';
    [7m  [0m [91m                                        ~~~~~~~~~~[0m
    [96msrc/services/__tests__/productAdminService.test.ts[0m:[93m54[0m:[93m53[0m - [91merror[0m[90m TS2300: [0mDuplicate identifier 'resetAllFactories'.

    [7m54[0m import { createProduct, createCategory, createUser, resetAllFactories } from '../../test/factories';
    [7m  [0m [91m                                                    ~~~~~~~~~~~~~~~~~[0m
    [96msrc/services/__tests__/productAdminService.test.ts[0m:[93m62[0m:[93m7[0m - [91merror[0m[90m TS6133: [0m'testAdmin' is declared but its value is never read.

    [7m62[0m   let testAdmin: any;
    [7m  [0m [91m      ~~~~~~~~~[0m
    [96msrc/services/__tests__/productAdminService.test.ts[0m:[93m96[0m:[93m9[0m - [91merror[0m[90m TS2353: [0mObject literal may only specify known properties, and 'status' does not exist in type 'Partial<Product>'.

    [7m96[0m         status: 'active'
    [7m  [0m [91m        ~~~~~~[0m
    [96msrc/services/__tests__/productAdminService.test.ts[0m:[93m104[0m:[93m9[0m - [91merror[0m[90m TS2353: [0mObject literal may only specify known properties, and 'status' does not exist in type 'Partial<Product>'.

    [7m104[0m         status: 'active'
    [7m   [0m [91m        ~~~~~~[0m
    [96msrc/services/__tests__/productAdminService.test.ts[0m:[93m132[0m:[93m62[0m - [91merror[0m[90m TS2345: [0mArgument of type '{ name: string; category_id: any; price: number; stock_quantity: number; description: string; }' is not assignable to parameter of type '{ name: string; description: string; price: number; stock_quantity: number; category_id: string; category: string; is_weekly_special: boolean; is_bundle: boolean; seasonal_availability: boolean; ... 10 more ...; max_pre_order_quantity?: number | undefined; }'.
      Type '{ name: string; category_id: any; price: number; stock_quantity: number; description: string; }' is missing the following properties from type '{ name: string; description: string; price: number; stock_quantity: number; category_id: string; category: string; is_weekly_special: boolean; is_bundle: boolean; seasonal_availability: boolean; ... 10 more ...; max_pre_order_quantity?: number | undefined; }': category, is_weekly_special, is_bundle, seasonal_availability, and 3 more.

    [7m132[0m       const result = await productAdminService.createProduct(newProduct);
    [7m   [0m [91m                                                             ~~~~~~~~~~[0m
    [96msrc/services/__tests__/productAdminService.test.ts[0m:[93m138[0m:[93m30[0m - [91merror[0m[90m TS2551: [0mProperty 'productUpdated' does not exist on type 'typeof BroadcastHelper'. Did you mean 'sendProductUpdate'?

    [7m138[0m       expect(BroadcastHelper.productUpdated).toHaveBeenCalled();
    [7m   [0m [91m                             ~~~~~~~~~~~~~~[0m

      [96msrc/utils/broadcastHelper.ts[0m:[93m74[0m:[93m16[0m
        [7m74[0m   static async sendProductUpdate(event: string, payload: any) {
        [7m  [0m [96m               ~~~~~~~~~~~~~~~~~[0m
        'sendProductUpdate' is declared here.
    [96msrc/services/__tests__/productAdminService.test.ts[0m:[93m149[0m:[93m62[0m - [91merror[0m[90m TS2345: [0mArgument of type '{ name: string; category_id: any; price: number; stock_quantity: number; }' is not assignable to parameter of type '{ name: string; description: string; price: number; stock_quantity: number; category_id: string; category: string; is_weekly_special: boolean; is_bundle: boolean; seasonal_availability: boolean; ... 10 more ...; max_pre_order_quantity?: number | undefined; }'.
      Type '{ name: string; category_id: any; price: number; stock_quantity: number; }' is missing the following properties from type '{ name: string; description: string; price: number; stock_quantity: number; category_id: string; category: string; is_weekly_special: boolean; is_bundle: boolean; seasonal_availability: boolean; ... 10 more ...; max_pre_order_quantity?: number | undefined; }': description, category, is_weekly_special, is_bundle, and 4 more.

    [7m149[0m       const result = await productAdminService.createProduct(invalidProduct);
    [7m   [0m [91m                                                             ~~~~~~~~~~~~~~[0m
    [96msrc/services/__tests__/productAdminService.test.ts[0m:[93m173[0m:[93m62[0m - [91merror[0m[90m TS2345: [0mArgument of type '{ name: string; category_id: any; price: number; stock_quantity: number; }' is not assignable to parameter of type '{ name: string; description: string; price: number; stock_quantity: number; category_id: string; category: string; is_weekly_special: boolean; is_bundle: boolean; seasonal_availability: boolean; ... 10 more ...; max_pre_order_quantity?: number | undefined; }'.
      Type '{ name: string; category_id: any; price: number; stock_quantity: number; }' is missing the following properties from type '{ name: string; description: string; price: number; stock_quantity: number; category_id: string; category: string; is_weekly_special: boolean; is_bundle: boolean; seasonal_availability: boolean; ... 10 more ...; max_pre_order_quantity?: number | undefined; }': description, category, is_weekly_special, is_bundle, and 4 more.

    [7m173[0m       const result = await productAdminService.createProduct(newProduct);
    [7m   [0m [91m                                                             ~~~~~~~~~~[0m
    [96msrc/services/__tests__/productAdminService.test.ts[0m:[93m206[0m:[93m30[0m - [91merror[0m[90m TS2551: [0mProperty 'productUpdated' does not exist on type 'typeof BroadcastHelper'. Did you mean 'sendProductUpdate'?

    [7m206[0m       expect(BroadcastHelper.productUpdated).toHaveBeenCalled();
    [7m   [0m [91m                             ~~~~~~~~~~~~~~[0m

      [96msrc/utils/broadcastHelper.ts[0m:[93m74[0m:[93m16[0m
        [7m74[0m   static async sendProductUpdate(event: string, payload: any) {
        [7m  [0m [96m               ~~~~~~~~~~~~~~~~~[0m
        'sendProductUpdate' is declared here.
    [96msrc/services/__tests__/productAdminService.test.ts[0m:[93m269[0m:[93m30[0m - [91merror[0m[90m TS2339: [0mProperty 'productDeleted' does not exist on type 'typeof BroadcastHelper'.

    [7m269[0m       expect(BroadcastHelper.productDeleted).toHaveBeenCalled();
    [7m   [0m [91m                             ~~~~~~~~~~~~~~[0m
    [96msrc/services/__tests__/productAdminService.test.ts[0m:[93m342[0m:[93m63[0m - [91merror[0m[90m TS2554: [0mExpected 0 arguments, but got 1.

    [7m342[0m       const result = await productAdminService.getAllProducts({ category_id: testCategories[0].id });
    [7m   [0m [91m                                                              ~~~~~~~~~~~~~~~~~~~~~~~~~~~~~~~~~~~~~[0m
    [96msrc/services/__tests__/productAdminService.test.ts[0m:[93m359[0m:[93m63[0m - [91merror[0m[90m TS2554: [0mExpected 0 arguments, but got 1.

    [7m359[0m       const result = await productAdminService.getAllProducts({ status: 'active' });
    [7m   [0m [91m                                                              ~~~~~~~~~~~~~~~~~~~~[0m
    [96msrc/services/__tests__/productAdminService.test.ts[0m:[93m386[0m:[93m64[0m - [91merror[0m[90m TS2345: [0mArgument of type '{ product_id: any; stock_quantity: number; }[]' is not assignable to parameter of type '{ product_id: string; new_stock: number; reason?: string | undefined; }[]'.
      Property 'new_stock' is missing in type '{ product_id: any; stock_quantity: number; }' but required in type '{ product_id: string; new_stock: number; reason?: string | undefined; }'.

    [7m386[0m       const result = await productAdminService.bulkUpdateStock(stockUpdates);
    [7m   [0m [91m                                                               ~~~~~~~~~~~~[0m

      [96msrc/schemas/productAdmin.schema.ts[0m:[93m207[0m:[93m3[0m
        [7m207[0m   new_stock: z.number().min(0, 'Stock cannot be negative'),
        [7m   [0m [96m  ~~~~~~~~~~~~~~~~~~~~~~~~~~~~~~~~~~~~~~~~~~~~~~~~~~~~~~~~[0m
        'new_stock' is declared here.
    [96msrc/services/__tests__/productAdminService.test.ts[0m:[93m391[0m:[93m30[0m - [91merror[0m[90m TS2339: [0mProperty 'stockUpdated' does not exist on type 'typeof BroadcastHelper'.

    [7m391[0m       expect(BroadcastHelper.stockUpdated).toHaveBeenCalledTimes(2);
    [7m   [0m [91m                             ~~~~~~~~~~~~[0m
    [96msrc/services/__tests__/productAdminService.test.ts[0m:[93m422[0m:[93m64[0m - [91merror[0m[90m TS2345: [0mArgument of type '{ product_id: any; stock_quantity: number; }[]' is not assignable to parameter of type '{ product_id: string; new_stock: number; reason?: string | undefined; }[]'.
      Property 'new_stock' is missing in type '{ product_id: any; stock_quantity: number; }' but required in type '{ product_id: string; new_stock: number; reason?: string | undefined; }'.

    [7m422[0m       const result = await productAdminService.bulkUpdateStock(stockUpdates);
    [7m   [0m [91m                                                               ~~~~~~~~~~~~[0m

      [96msrc/schemas/productAdmin.schema.ts[0m:[93m207[0m:[93m3[0m
        [7m207[0m   new_stock: z.number().min(0, 'Stock cannot be negative'),
        [7m   [0m [96m  ~~~~~~~~~~~~~~~~~~~~~~~~~~~~~~~~~~~~~~~~~~~~~~~~~~~~~~~~[0m
        'new_stock' is declared here.
    [96msrc/services/__tests__/productAdminService.test.ts[0m:[93m427[0m:[93m21[0m - [91merror[0m[90m TS2339: [0mProperty 'errors' does not exist on type 'BulkOperationResult'.

    [7m427[0m       expect(result.errors).toHaveLength(1);
    [7m   [0m [91m                    ~~~~~~[0m
    [96msrc/services/__tests__/productAdminService.test.ts[0m:[93m444[0m:[93m68[0m - [91merror[0m[90m TS2345: [0mArgument of type '{ threshold: number; }' is not assignable to parameter of type '{ threshold: number; include_unavailable: boolean; category_filter?: string | undefined; }'.
      Property 'include_unavailable' is missing in type '{ threshold: number; }' but required in type '{ threshold: number; include_unavailable: boolean; category_filter?: string | undefined; }'.

    [7m444[0m       const result = await productAdminService.getLowStockProducts({ threshold: 60 });
    [7m   [0m [91m                                                                   ~~~~~~~~~~~~~~~~~[0m

      [96msrc/schemas/productAdmin.schema.ts[0m:[93m226[0m:[93m3[0m
        [7m226[0m   include_unavailable: z.boolean().default(false),
        [7m   [0m [96m  ~~~~~~~~~~~~~~~~~~~~~~~~~~~~~~~~~~~~~~~~~~~~~~~[0m
        'include_unavailable' is declared here.
    [96msrc/services/__tests__/productAdminService.test.ts[0m:[93m562[0m:[93m62[0m - [91merror[0m[90m TS2345: [0mArgument of type '{ name: string; price: number; stock_quantity: number; }' is not assignable to parameter of type '{ name: string; description: string; price: number; stock_quantity: number; category_id: string; category: string; is_weekly_special: boolean; is_bundle: boolean; seasonal_availability: boolean; ... 10 more ...; max_pre_order_quantity?: number | undefined; }'.
      Type '{ name: string; price: number; stock_quantity: number; }' is missing the following properties from type '{ name: string; description: string; price: number; stock_quantity: number; category_id: string; category: string; is_weekly_special: boolean; is_bundle: boolean; seasonal_availability: boolean; ... 10 more ...; max_pre_order_quantity?: number | undefined; }': description, category_id, category, is_weekly_special, and 5 more.

    [7m562[0m       const result = await productAdminService.createProduct(invalidProduct);
    [7m   [0m [91m                                                             ~~~~~~~~~~~~~~[0m
    [96msrc/services/__tests__/productAdminService.test.ts[0m:[93m575[0m:[93m82[0m - [91merror[0m[90m TS2345: [0mArgument of type '{ price: string; stock_quantity: number; }' is not assignable to parameter of type '{ name?: string | undefined; description?: string | undefined; price?: number | undefined; stock_quantity?: number | undefined; category_id?: string | undefined; category?: string | undefined; ... 13 more ...; max_pre_order_quantity?: number | undefined; }'.
      Types of property 'price' are incompatible.
        Type 'string' is not assignable to type 'number'.

    [7m575[0m       const result = await productAdminService.updateProduct(testProducts[0].id, invalidUpdates);
    [7m   [0m [91m                                                                                 ~~~~~~~~~~~~~~[0m
    [96msrc/services/__tests__/productAdminService.test.ts[0m:[93m17[0m:[93m10[0m - [91merror[0m[90m TS1005: [0m':' expected.

    [7m17[0m   return {
    [7m  [0m [91m         ~[0m
    [96msrc/services/__tests__/productAdminService.test.ts[0m:[93m27[0m:[93m4[0m - [91merror[0m[90m TS1005: [0m',' expected.

    [7m27[0m   };
    [7m  [0m [91m   ~[0m

FAIL src/hooks/__tests__/role-hooks-integration.simplified.test.tsx
  ● Test suite failed to run

    [96msrc/hooks/__tests__/role-hooks-integration.simplified.test.tsx[0m:[93m52[0m:[93m23[0m - [91merror[0m[90m TS2305: [0mModule '"../role-based/useUserRole"' has no exported member 'getUserRoleType'.

    [7m52[0m import { useUserRole, getUserRoleType, isUserRoleActive } from '../role-based/useUserRole';
    [7m  [0m [91m                      ~~~~~~~~~~~~~~~[0m
    [96msrc/hooks/__tests__/role-hooks-integration.simplified.test.tsx[0m:[93m52[0m:[93m40[0m - [91merror[0m[90m TS2305: [0mModule '"../role-based/useUserRole"' has no exported member 'isUserRoleActive'.

    [7m52[0m import { useUserRole, getUserRoleType, isUserRoleActive } from '../role-based/useUserRole';
    [7m  [0m [91m                                       ~~~~~~~~~~~~~~~~[0m
    [96msrc/hooks/__tests__/role-hooks-integration.simplified.test.tsx[0m:[93m56[0m:[93m3[0m - [91merror[0m[90m TS2724: [0m'"../role-based/usePermissions"' has no exported member named 'hasAllPermissions'. Did you mean 'useHasAllPermissions'?

    [7m56[0m   hasAllPermissions,
    [7m  [0m [91m  ~~~~~~~~~~~~~~~~~[0m

      [96msrc/hooks/role-based/usePermissions.ts[0m:[93m158[0m:[93m17[0m
        [7m158[0m export function useHasAllPermissions(userId: string | null | undefined, required: string[]) {
        [7m   [0m [96m                ~~~~~~~~~~~~~~~~~~~~[0m
        'useHasAllPermissions' is declared here.
    [96msrc/hooks/__tests__/role-hooks-integration.simplified.test.tsx[0m:[93m57[0m:[93m3[0m - [91merror[0m[90m TS2724: [0m'"../role-based/usePermissions"' has no exported member named 'hasAnyPermission'. Did you mean 'useHasAnyPermission'?

    [7m57[0m   hasAnyPermission,
    [7m  [0m [91m  ~~~~~~~~~~~~~~~~[0m

      [96msrc/hooks/role-based/usePermissions.ts[0m:[93m173[0m:[93m17[0m
        [7m173[0m export function useHasAnyPermission(userId: string | null | undefined, required: string[]) {
        [7m   [0m [96m                ~~~~~~~~~~~~~~~~~~~[0m
        'useHasAnyPermission' is declared here.
    [96msrc/hooks/__tests__/role-hooks-integration.simplified.test.tsx[0m:[93m58[0m:[93m3[0m - [91merror[0m[90m TS2305: [0mModule '"../role-based/usePermissions"' has no exported member 'isAdmin'.

    [7m58[0m   isAdmin,
    [7m  [0m [91m  ~~~~~~~[0m
    [96msrc/hooks/__tests__/role-hooks-integration.simplified.test.tsx[0m:[93m59[0m:[93m3[0m - [91merror[0m[90m TS2305: [0mModule '"../role-based/usePermissions"' has no exported member 'isExecutive'.

    [7m59[0m   isExecutive
    [7m  [0m [91m  ~~~~~~~~~~~[0m
    [96msrc/hooks/__tests__/role-hooks-integration.simplified.test.tsx[0m:[93m61[0m:[93m39[0m - [91merror[0m[90m TS2307: [0mCannot find module '../../services/role-based/rolePermissionService' or its corresponding type declarations.

    [7m61[0m import { RolePermissionService } from '../../services/role-based/rolePermissionService';
    [7m  [0m [91m                                      ~~~~~~~~~~~~~~~~~~~~~~~~~~~~~~~~~~~~~~~~~~~~~~~~~[0m
    [96msrc/hooks/__tests__/role-hooks-integration.simplified.test.tsx[0m:[93m132[0m:[93m32[0m - [91merror[0m[90m TS2339: [0mProperty 'roleType' does not exist on type '{ permissions: RolePermission[]; isLoading: boolean; isError: boolean; error: Error | null; isSuccess: boolean; refetch: () => Promise<any>; } | { permissions: RolePermission[]; ... 4 more ...; refetch: (options?: RefetchOptions | undefined) => Promise<...>; }'.
      Property 'roleType' does not exist on type '{ permissions: RolePermission[]; isLoading: boolean; isError: boolean; error: Error | null; isSuccess: boolean; refetch: () => Promise<any>; }'.

    [7m132[0m       expect(permissionsResult.roleType).toBe('admin');
    [7m   [0m [91m                               ~~~~~~~~[0m
    [96msrc/hooks/__tests__/role-hooks-integration.simplified.test.tsx[0m:[93m140[0m:[93m40[0m - [91merror[0m[90m TS6133: [0m'config' is declared but its value is never read.

    [7m140[0m       mockUseQuery.mockImplementation((config) => ({
    [7m   [0m [91m                                       ~~~~~~[0m
    [96msrc/hooks/__tests__/role-hooks-integration.simplified.test.tsx[0m:[93m153[0m:[93m31[0m - [91merror[0m[90m TS2339: [0mProperty 'roleType' does not exist on type 'RoleData'.

    [7m153[0m       expect(roleResult.data?.roleType).toBe('inventory_staff');
    [7m   [0m [91m                              ~~~~~~~~[0m
    [96msrc/hooks/__tests__/role-hooks-integration.simplified.test.tsx[0m:[93m158[0m:[93m37[0m - [91merror[0m[90m TS2322: [0mType '"admin"' is not assignable to type '"inventory_staff"'.

    [7m158[0m       currentRole = { ...staffUser, roleType: 'admin' as const };
    [7m   [0m [91m                                    ~~~~~~~~[0m

      [96msrc/hooks/__tests__/role-hooks-integration.simplified.test.tsx[0m:[93m90[0m:[93m5[0m
        [7m90[0m     roleType: 'inventory_staff' as const,
        [7m  [0m [96m    ~~~~~~~~~~~~~~~~~~~~~~~~~~~~~~~~~~~~[0m
        The expected type comes from property 'roleType' which is declared here on type '{ id: string; userId: string; roleType: "inventory_staff"; permissions: string[]; isActive: boolean; createdAt: string; updatedAt: string; }'
    [96msrc/hooks/__tests__/role-hooks-integration.simplified.test.tsx[0m:[93m160[0m:[93m40[0m - [91merror[0m[90m TS6133: [0m'config' is declared but its value is never read.

    [7m160[0m       mockUseQuery.mockImplementation((config) => ({
    [7m   [0m [91m                                       ~~~~~~[0m
    [96msrc/hooks/__tests__/role-hooks-integration.simplified.test.tsx[0m:[93m173[0m:[93m31[0m - [91merror[0m[90m TS2339: [0mProperty 'roleType' does not exist on type 'RoleData'.

    [7m173[0m       expect(roleResult.data?.roleType).toBe('admin');
    [7m   [0m [91m                              ~~~~~~~~[0m
    [96msrc/hooks/__tests__/role-hooks-integration.simplified.test.tsx[0m:[93m182[0m:[93m44[0m - [91merror[0m[90m TS6133: [0m'config' is declared but its value is never read.

    [7m182[0m       mockUseQuery.mockImplementationOnce((config) => ({
    [7m   [0m [91m                                           ~~~~~~[0m
    [96msrc/hooks/__tests__/role-hooks-integration.simplified.test.tsx[0m:[93m198[0m:[93m44[0m - [91merror[0m[90m TS6133: [0m'config' is declared but its value is never read.

    [7m198[0m       mockUseQuery.mockImplementationOnce((config) => ({
    [7m   [0m [91m                                           ~~~~~~[0m
    [96msrc/hooks/__tests__/role-hooks-integration.simplified.test.tsx[0m:[93m209[0m:[93m28[0m - [91merror[0m[90m TS2339: [0mProperty 'data' does not exist on type '{ hasPermission: boolean; isLoading: boolean; isError: boolean; error: Error | null; }'.

    [7m209[0m       expect(hasPermResult.data).toBe(true);
    [7m   [0m [91m                           ~~~~[0m
    [96msrc/hooks/__tests__/role-hooks-integration.simplified.test.tsx[0m:[93m213[0m:[93m44[0m - [91merror[0m[90m TS6133: [0m'config' is declared but its value is never read.

    [7m213[0m       mockUseQuery.mockImplementationOnce((config) => ({
    [7m   [0m [91m                                           ~~~~~~[0m
    [96msrc/hooks/__tests__/role-hooks-integration.simplified.test.tsx[0m:[93m224[0m:[93m27[0m - [91merror[0m[90m TS2339: [0mProperty 'data' does not exist on type '{ hasPermission: boolean; isLoading: boolean; isError: boolean; error: Error | null; }'.

    [7m224[0m       expect(noPermResult.data).toBe(false);
    [7m   [0m [91m                          ~~~~[0m
    [96msrc/hooks/__tests__/role-hooks-integration.simplified.test.tsx[0m:[93m304[0m:[93m25[0m - [91merror[0m[90m TS2339: [0mProperty 'roleType' does not exist on type '{ permissions: RolePermission[]; isLoading: boolean; isError: boolean; error: Error | null; isSuccess: boolean; refetch: () => Promise<any>; } | { permissions: RolePermission[]; ... 4 more ...; refetch: (options?: RefetchOptions | undefined) => Promise<...>; }'.
      Property 'roleType' does not exist on type '{ permissions: RolePermission[]; isLoading: boolean; isError: boolean; error: Error | null; isSuccess: boolean; refetch: () => Promise<any>; }'.

    [7m304[0m       expect(permResult.roleType).toBeNull();
    [7m   [0m [91m                        ~~~~~~~~[0m
    [96msrc/hooks/__tests__/role-hooks-integration.simplified.test.tsx[0m:[93m309[0m:[93m44[0m - [91merror[0m[90m TS6133: [0m'config' is declared but its value is never read.

    [7m309[0m       mockUseQuery.mockImplementationOnce((config) => ({
    [7m   [0m [91m                                           ~~~~~~[0m
    [96msrc/hooks/__tests__/role-hooks-integration.simplified.test.tsx[0m:[93m323[0m:[93m44[0m - [91merror[0m[90m TS6133: [0m'config' is declared but its value is never read.

    [7m323[0m       mockUseQuery.mockImplementationOnce((config) => ({
    [7m   [0m [91m                                           ~~~~~~[0m
    [96msrc/hooks/__tests__/role-hooks-integration.simplified.test.tsx[0m:[93m342[0m:[93m44[0m - [91merror[0m[90m TS6133: [0m'config' is declared but its value is never read.

    [7m342[0m       mockUseQuery.mockImplementationOnce((config) => ({
    [7m   [0m [91m                                           ~~~~~~[0m
    [96msrc/hooks/__tests__/role-hooks-integration.simplified.test.tsx[0m:[93m356[0m:[93m44[0m - [91merror[0m[90m TS6133: [0m'config' is declared but its value is never read.

    [7m356[0m       mockUseQuery.mockImplementationOnce((config) => ({
    [7m   [0m [91m                                           ~~~~~~[0m
    [96msrc/hooks/__tests__/role-hooks-integration.simplified.test.tsx[0m:[93m375[0m:[93m40[0m - [91merror[0m[90m TS6133: [0m'config' is declared but its value is never read.

    [7m375[0m       mockUseQuery.mockImplementation((config) => ({
    [7m   [0m [91m                                       ~~~~~~[0m
    [96msrc/hooks/__tests__/role-hooks-integration.simplified.test.tsx[0m:[93m388[0m:[93m25[0m - [91merror[0m[90m TS2339: [0mProperty 'isActive' does not exist on type '{ permissions: RolePermission[]; isLoading: boolean; isError: boolean; error: Error | null; isSuccess: boolean; refetch: () => Promise<any>; } | { permissions: RolePermission[]; ... 4 more ...; refetch: (options?: RefetchOptions | undefined) => Promise<...>; }'.
      Property 'isActive' does not exist on type '{ permissions: RolePermission[]; isLoading: boolean; isError: boolean; error: Error | null; isSuccess: boolean; refetch: () => Promise<any>; }'.

    [7m388[0m       expect(permResult.isActive).toBe(true);
    [7m   [0m [91m                        ~~~~~~~~[0m
    [96msrc/hooks/__tests__/role-hooks-integration.simplified.test.tsx[0m:[93m393[0m:[93m40[0m - [91merror[0m[90m TS6133: [0m'config' is declared but its value is never read.

    [7m393[0m       mockUseQuery.mockImplementation((config) => ({
    [7m   [0m [91m                                       ~~~~~~[0m
    [96msrc/hooks/__tests__/role-hooks-integration.simplified.test.tsx[0m:[93m406[0m:[93m25[0m - [91merror[0m[90m TS2339: [0mProperty 'isActive' does not exist on type '{ permissions: RolePermission[]; isLoading: boolean; isError: boolean; error: Error | null; isSuccess: boolean; refetch: () => Promise<any>; } | { permissions: RolePermission[]; ... 4 more ...; refetch: (options?: RefetchOptions | undefined) => Promise<...>; }'.
      Property 'isActive' does not exist on type '{ permissions: RolePermission[]; isLoading: boolean; isError: boolean; error: Error | null; isSuccess: boolean; refetch: () => Promise<any>; }'.

    [7m406[0m       expect(permResult.isActive).toBe(false);
    [7m   [0m [91m                        ~~~~~~~~[0m
    [96msrc/hooks/__tests__/role-hooks-integration.simplified.test.tsx[0m:[93m474[0m:[93m40[0m - [91merror[0m[90m TS6133: [0m'config' is declared but its value is never read.

    [7m474[0m       mockUseQuery.mockImplementation((config) => ({
    [7m   [0m [91m                                       ~~~~~~[0m
    [96msrc/hooks/__tests__/role-hooks-integration.simplified.test.tsx[0m:[93m489[0m:[93m7[0m - [91merror[0m[90m TS2322: [0mType '{ id: string; userId: string; roleType: "inventory_staff"; permissions: string[]; isActive: boolean; createdAt: string; updatedAt: string; }' is not assignable to type '{ id: string; userId: string; roleType: "admin"; permissions: string[]; isActive: boolean; createdAt: string; updatedAt: string; }'.
      Types of property 'roleType' are incompatible.
        Type '"inventory_staff"' is not assignable to type '"admin"'.

    [7m489[0m       activeRole = multiRoleUser.secondary;
    [7m   [0m [91m      ~~~~~~~~~~[0m
    [96msrc/hooks/__tests__/role-hooks-integration.simplified.test.tsx[0m:[93m491[0m:[93m40[0m - [91merror[0m[90m TS6133: [0m'config' is declared but its value is never read.

    [7m491[0m       mockUseQuery.mockImplementation((config) => ({
    [7m   [0m [91m                                       ~~~~~~[0m
    [96msrc/hooks/__tests__/role-hooks-integration.simplified.test.tsx[0m:[93m529[0m:[93m21[0m - [91merror[0m[90m TS2339: [0mProperty 'roleType' does not exist on type '{ permissions: RolePermission[]; isLoading: boolean; isError: boolean; error: Error | null; isSuccess: boolean; refetch: () => Promise<any>; } | { permissions: RolePermission[]; ... 4 more ...; refetch: (options?: RefetchOptions | undefined) => Promise<...>; }'.
      Property 'roleType' does not exist on type '{ permissions: RolePermission[]; isLoading: boolean; isError: boolean; error: Error | null; isSuccess: boolean; refetch: () => Promise<any>; }'.

    [7m529[0m       expect(result.roleType).toBe('executive');
    [7m   [0m [91m                    ~~~~~~~~[0m

FAIL src/hooks/executive/__tests__/useModelValidation.test.tsx
  ● Test suite failed to run

    [96msrc/hooks/executive/__tests__/useModelValidation.test.tsx[0m:[93m7[0m:[93m36[0m - [91merror[0m[90m TS2307: [0mCannot find module '../useModelValidation' or its corresponding type declarations.

    [7m7[0m import { useModelValidation } from '../useModelValidation';
    [7m [0m [91m                                   ~~~~~~~~~~~~~~~~~~~~~~~[0m
    [96msrc/hooks/executive/__tests__/useModelValidation.test.tsx[0m:[93m306[0m:[93m22[0m - [91merror[0m[90m TS7006: [0mParameter 'model' implicitly has an 'any' type.

    [7m306[0m       models.forEach(model => {
    [7m   [0m [91m                     ~~~~~[0m
    [96msrc/hooks/executive/__tests__/useModelValidation.test.tsx[0m:[93m485[0m:[93m9[0m - [91merror[0m[90m TS2304: [0mCannot find name 'window'.

    [7m485[0m         window.dispatchEvent(new Event('focus'));
    [7m   [0m [91m        ~~~~~~[0m

FAIL src/hooks/__tests__/role-hooks-integration.test.tsx
  ● Test suite failed to run

    [96msrc/hooks/__tests__/role-hooks-integration.test.tsx[0m:[93m44[0m:[93m3[0m - [91merror[0m[90m TS2305: [0mModule '"../role-based/useUserRole"' has no exported member 'useUpdateUserRole'.

    [7m44[0m   useUpdateUserRole,
    [7m  [0m [91m  ~~~~~~~~~~~~~~~~~[0m
    [96msrc/hooks/__tests__/role-hooks-integration.test.tsx[0m:[93m45[0m:[93m3[0m - [91merror[0m[90m TS2305: [0mModule '"../role-based/useUserRole"' has no exported member 'useHasRole'.

    [7m45[0m   useHasRole,
    [7m  [0m [91m  ~~~~~~~~~~[0m
    [96msrc/hooks/__tests__/role-hooks-integration.test.tsx[0m:[93m46[0m:[93m3[0m - [91merror[0m[90m TS2305: [0mModule '"../role-based/useUserRole"' has no exported member 'useHasMinimumRole'.

    [7m46[0m   useHasMinimumRole,
    [7m  [0m [91m  ~~~~~~~~~~~~~~~~~[0m
    [96msrc/hooks/__tests__/role-hooks-integration.test.tsx[0m:[93m53[0m:[93m3[0m - [91merror[0m[90m TS6133: [0m'useRolePermissionsByType' is declared but its value is never read.

    [7m53[0m   useRolePermissionsByType,
    [7m  [0m [91m  ~~~~~~~~~~~~~~~~~~~~~~~~[0m
    [96msrc/hooks/__tests__/role-hooks-integration.test.tsx[0m:[93m321[0m:[93m57[0m - [91merror[0m[90m TS6133: [0m'userId' is declared but its value is never read.

    [7m321[0m       mockRoleService.hasPermission.mockImplementation((userId, permission) => {
    [7m   [0m [91m                                                        ~~~~~~[0m

FAIL src/hooks/__tests__/prototypes/useCentralizedRealtime.race.test.tsx
  ● Test suite failed to run

    [96msrc/hooks/__tests__/prototypes/useCentralizedRealtime.race.test.tsx[0m:[93m19[0m:[93m8[0m - [91merror[0m[90m TS2307: [0mCannot find module '../useCentralizedRealtime' or its corresponding type declarations.

    [7m19[0m } from '../useCentralizedRealtime';
    [7m  [0m [91m       ~~~~~~~~~~~~~~~~~~~~~~~~~~~[0m
    [96msrc/hooks/__tests__/prototypes/useCentralizedRealtime.race.test.tsx[0m:[93m20[0m:[93m26[0m - [91merror[0m[90m TS2307: [0mCannot find module '../../config/supabase' or its corresponding type declarations.

    [7m20[0m import { supabase } from '../../config/supabase';
    [7m  [0m [91m                         ~~~~~~~~~~~~~~~~~~~~~~~[0m
    [96msrc/hooks/__tests__/prototypes/useCentralizedRealtime.race.test.tsx[0m:[93m89[0m:[93m47[0m - [91merror[0m[90m TS7006: [0mParameter 'callback' implicitly has an 'any' type.

    [7m89[0m     mockChannel.subscribe.mockImplementation((callback) => {
    [7m  [0m [91m                                              ~~~~~~~~[0m
    [96msrc/hooks/__tests__/prototypes/useCentralizedRealtime.race.test.tsx[0m:[93m128[0m:[93m49[0m - [91merror[0m[90m TS7006: [0mParameter 'callback' implicitly has an 'any' type.

    [7m128[0m       mockChannel.subscribe.mockImplementation((callback) => {
    [7m   [0m [91m                                                ~~~~~~~~[0m
    [96msrc/hooks/__tests__/prototypes/useCentralizedRealtime.race.test.tsx[0m:[93m177[0m:[93m49[0m - [91merror[0m[90m TS7006: [0mParameter 'callback' implicitly has an 'any' type.

    [7m177[0m       mockChannel.subscribe.mockImplementation((callback) => {
    [7m   [0m [91m                                                ~~~~~~~~[0m
    [96msrc/hooks/__tests__/prototypes/useCentralizedRealtime.race.test.tsx[0m:[93m427[0m:[93m49[0m - [91merror[0m[90m TS7006: [0mParameter 'callback' implicitly has an 'any' type.

    [7m427[0m       mockChannel.subscribe.mockImplementation((callback) => {
    [7m   [0m [91m                                                ~~~~~~~~[0m
    [96msrc/hooks/__tests__/prototypes/useCentralizedRealtime.race.test.tsx[0m:[93m437[0m:[93m11[0m - [91merror[0m[90m TS6133: [0m'errorOccurred' is declared but its value is never read.

    [7m437[0m       let errorOccurred = false;
    [7m   [0m [91m          ~~~~~~~~~~~~~[0m
    [96msrc/hooks/__tests__/prototypes/useCentralizedRealtime.race.test.tsx[0m:[93m475[0m:[93m11[0m - [91merror[0m[90m TS6133: [0m'refreshError' is declared but its value is never read.

    [7m475[0m       let refreshError = false;
    [7m   [0m [91m          ~~~~~~~~~~~~[0m

FAIL src/__tests__/integration/contentWorkflowEndToEnd.test.ts
  ● Test suite failed to run

    [96msrc/__tests__/integration/contentWorkflowEndToEnd.test.ts[0m:[93m6[0m:[93m39[0m - [91merror[0m[90m TS2307: [0mCannot find module '../../services/marketing/productContentService' or its corresponding type declarations.

    [7m6[0m import { ProductContentService } from '../../services/marketing/productContentService';
    [7m [0m [91m                                      ~~~~~~~~~~~~~~~~~~~~~~~~~~~~~~~~~~~~~~~~~~~~~~~~[0m
    [96msrc/__tests__/integration/contentWorkflowEndToEnd.test.ts[0m:[93m7[0m:[93m39[0m - [91merror[0m[90m TS2307: [0mCannot find module '../../services/role-based/rolePermissionService' or its corresponding type declarations.

    [7m7[0m import { RolePermissionService } from '../../services/role-based/rolePermissionService';
    [7m [0m [91m                                      ~~~~~~~~~~~~~~~~~~~~~~~~~~~~~~~~~~~~~~~~~~~~~~~~~[0m
    [96msrc/__tests__/integration/contentWorkflowEndToEnd.test.ts[0m:[93m11[0m:[93m3[0m - [91merror[0m[90m TS2305: [0mModule '"../../schemas/marketing"' has no exported member 'ProductContentTransform'.

    [7m11[0m   ProductContentTransform,
    [7m  [0m [91m  ~~~~~~~~~~~~~~~~~~~~~~~[0m
    [96msrc/__tests__/integration/contentWorkflowEndToEnd.test.ts[0m:[93m12[0m:[93m3[0m - [91merror[0m[90m TS2305: [0mModule '"../../schemas/marketing"' has no exported member 'CreateProductContentInput'.

    [7m12[0m   CreateProductContentInput,
    [7m  [0m [91m  ~~~~~~~~~~~~~~~~~~~~~~~~~[0m
    [96msrc/__tests__/integration/contentWorkflowEndToEnd.test.ts[0m:[93m13[0m:[93m3[0m - [91merror[0m[90m TS2305: [0mModule '"../../schemas/marketing"' has no exported member 'UpdateProductContentInput'.

    [7m13[0m   UpdateProductContentInput,
    [7m  [0m [91m  ~~~~~~~~~~~~~~~~~~~~~~~~~[0m
    [96msrc/__tests__/integration/contentWorkflowEndToEnd.test.ts[0m:[93m14[0m:[93m3[0m - [91merror[0m[90m TS2305: [0mModule '"../../schemas/marketing"' has no exported member 'ContentStatusType'.

    [7m14[0m   ContentStatusType
    [7m  [0m [91m  ~~~~~~~~~~~~~~~~~[0m
    [96msrc/__tests__/integration/contentWorkflowEndToEnd.test.ts[0m:[93m23[0m:[93m9[0m - [91merror[0m[90m TS6133: [0m'testUserEmail' is declared but its value is never read.

    [7m23[0m   const testUserEmail = 'integration@test.com';
    [7m  [0m [91m        ~~~~~~~~~~~~~[0m
    [96msrc/__tests__/integration/contentWorkflowEndToEnd.test.ts[0m:[93m269[0m:[93m13[0m - [91merror[0m[90m TS6133: [0m'contentId' is declared but its value is never read.

    [7m269[0m       const contentId = 'test-content-123';
    [7m   [0m [91m            ~~~~~~~~~[0m
    [96msrc/__tests__/integration/contentWorkflowEndToEnd.test.ts[0m:[93m397[0m:[93m43[0m - [91merror[0m[90m TS7006: [0mParameter 'r' implicitly has an 'any' type.

    [7m397[0m       const successCount = results.filter(r => r.success).length;
    [7m   [0m [91m                                          ~[0m
    [96msrc/__tests__/integration/contentWorkflowEndToEnd.test.ts[0m:[93m404[0m:[93m17[0m - [91merror[0m[90m TS7006: [0mParameter 'r' implicitly has an 'any' type.

    [7m404[0m         .filter(r => r.success && r.data)
    [7m   [0m [91m                ~[0m
    [96msrc/__tests__/integration/contentWorkflowEndToEnd.test.ts[0m:[93m405[0m:[93m14[0m - [91merror[0m[90m TS7006: [0mParameter 'r' implicitly has an 'any' type.

    [7m405[0m         .map(r =>
    [7m   [0m [91m             ~[0m
    [96msrc/__tests__/integration/contentWorkflowEndToEnd.test.ts[0m:[93m414[0m:[93m59[0m - [91merror[0m[90m TS7006: [0mParameter 'r' implicitly has an 'any' type.

    [7m414[0m       const workflowSuccessCount = workflowResults.filter(r => r.success).length;
    [7m   [0m [91m                                                          ~[0m
    [96msrc/__tests__/integration/contentWorkflowEndToEnd.test.ts[0m:[93m467[0m:[93m17[0m - [91merror[0m[90m TS7006: [0mParameter 'r' implicitly has an 'any' type.

    [7m467[0m         .filter(r => r.success && r.data)
    [7m   [0m [91m                ~[0m
    [96msrc/__tests__/integration/contentWorkflowEndToEnd.test.ts[0m:[93m468[0m:[93m14[0m - [91merror[0m[90m TS7006: [0mParameter 'r' implicitly has an 'any' type.

    [7m468[0m         .map(r =>
    [7m   [0m [91m             ~[0m

FAIL src/schemas/__tests__/product.schema.test.ts
  ● Test suite failed to run

    [96msrc/schemas/__tests__/product.schema.test.ts[0m:[93m6[0m:[93m1[0m - [91merror[0m[90m TS6133: [0m'z' is declared but its value is never read.

    [7m6[0m import { z } from 'zod';
    [7m [0m [91m~~~~~~~~~~~~~~~~~~~~~~~~[0m
    [96msrc/schemas/__tests__/product.schema.test.ts[0m:[93m12[0m:[93m3[0m - [91merror[0m[90m TS6133: [0m'DbCategorySchema' is declared but its value is never read.

    [7m12[0m   DbCategorySchema,
    [7m  [0m [91m  ~~~~~~~~~~~~~~~~[0m
    [96msrc/schemas/__tests__/product.schema.test.ts[0m:[93m472[0m:[93m14[0m - [91merror[0m[90m TS18048: [0m'result' is possibly 'undefined'.

    [7m472[0m       expect(result.calories).toBe(100);
    [7m   [0m [91m             ~~~~~~[0m
    [96msrc/schemas/__tests__/product.schema.test.ts[0m:[93m473[0m:[93m14[0m - [91merror[0m[90m TS18048: [0m'result' is possibly 'undefined'.

    [7m473[0m       expect(result.protein).toBe(5);
    [7m   [0m [91m             ~~~~~~[0m
    [96msrc/schemas/__tests__/product.schema.test.ts[0m:[93m474[0m:[93m14[0m - [91merror[0m[90m TS18048: [0m'result' is possibly 'undefined'.

    [7m474[0m       expect(result.carbs).toBeUndefined();
    [7m   [0m [91m             ~~~~~~[0m
    [96msrc/schemas/__tests__/product.schema.test.ts[0m:[93m475[0m:[93m14[0m - [91merror[0m[90m TS18048: [0m'result' is possibly 'undefined'.

    [7m475[0m       expect(result.fat).toBeUndefined();
    [7m   [0m [91m             ~~~~~~[0m
    [96msrc/schemas/__tests__/product.schema.test.ts[0m:[93m491[0m:[93m14[0m - [91merror[0m[90m TS18048: [0m'result' is possibly 'undefined'.

    [7m491[0m       expect(result.calories).toBe(250);
    [7m   [0m [91m             ~~~~~~[0m
    [96msrc/schemas/__tests__/product.schema.test.ts[0m:[93m492[0m:[93m14[0m - [91merror[0m[90m TS18048: [0m'result' is possibly 'undefined'.

    [7m492[0m       expect(result.protein).toBe(10);
    [7m   [0m [91m             ~~~~~~[0m
    [96msrc/schemas/__tests__/product.schema.test.ts[0m:[93m493[0m:[93m14[0m - [91merror[0m[90m TS18048: [0m'result' is possibly 'undefined'.

    [7m493[0m       expect(result.carbs).toBe(30);
    [7m   [0m [91m             ~~~~~~[0m
    [96msrc/schemas/__tests__/product.schema.test.ts[0m:[93m494[0m:[93m14[0m - [91merror[0m[90m TS18048: [0m'result' is possibly 'undefined'.

    [7m494[0m       expect(result.fat).toBe(12);
    [7m   [0m [91m             ~~~~~~[0m
    [96msrc/schemas/__tests__/product.schema.test.ts[0m:[93m495[0m:[93m14[0m - [91merror[0m[90m TS18048: [0m'result' is possibly 'undefined'.

    [7m495[0m       expect(result.fiber).toBe(5);
    [7m   [0m [91m             ~~~~~~[0m
    [96msrc/schemas/__tests__/product.schema.test.ts[0m:[93m496[0m:[93m14[0m - [91merror[0m[90m TS18048: [0m'result' is possibly 'undefined'.

    [7m496[0m       expect(result.sugar).toBe(8);
    [7m   [0m [91m             ~~~~~~[0m
    [96msrc/schemas/__tests__/product.schema.test.ts[0m:[93m497[0m:[93m14[0m - [91merror[0m[90m TS18048: [0m'result' is possibly 'undefined'.

    [7m497[0m       expect(result.sodium).toBe(200);
    [7m   [0m [91m             ~~~~~~[0m

FAIL src/__tests__/payment-integration.test.ts
  ● Test suite failed to run

    [96msrc/__tests__/payment-integration.test.ts[0m:[93m10[0m:[93m23[0m - [91merror[0m[90m TS6133: [0m'QueryClientProvider' is declared but its value is never read.

    [7m10[0m import { QueryClient, QueryClientProvider } from '@tanstack/react-query';
    [7m  [0m [91m                      ~~~~~~~~~~~~~~~~~~~[0m
    [96msrc/__tests__/payment-integration.test.ts[0m:[93m52[0m:[93m7[0m - [91merror[0m[90m TS6133: [0m'wrapper' is declared but its value is never read.

    [7m52[0m   let wrapper: React.FC<{ children: React.ReactNode }>;
    [7m  [0m [91m      ~~~~~~~[0m
    [96msrc/__tests__/payment-integration.test.ts[0m:[93m55[0m:[93m9[0m - [91merror[0m[90m TS6133: [0m'mockPaymentMethod' is declared but its value is never read.

    [7m55[0m   const mockPaymentMethod = createMockPaymentMethod();
    [7m  [0m [91m        ~~~~~~~~~~~~~~~~~[0m
    [96msrc/__tests__/payment-integration.test.ts[0m:[93m56[0m:[93m9[0m - [91merror[0m[90m TS6133: [0m'mockPaymentIntent' is declared but its value is never read.

    [7m56[0m   const mockPaymentIntent = createMockPaymentIntent();
    [7m  [0m [91m        ~~~~~~~~~~~~~~~~~[0m
    [96msrc/__tests__/payment-integration.test.ts[0m:[93m69[0m:[93m8[0m - [91merror[0m[90m TS2749: [0m'QueryClientProvider' refers to a value, but is being used as a type here. Did you mean 'typeof QueryClientProvider'?

    [7m69[0m       <QueryClientProvider client={queryClient}>
    [7m  [0m [91m       ~~~~~~~~~~~~~~~~~~~[0m
    [96msrc/__tests__/payment-integration.test.ts[0m:[93m69[0m:[93m28[0m - [91merror[0m[90m TS2304: [0mCannot find name 'client'.

    [7m69[0m       <QueryClientProvider client={queryClient}>
    [7m  [0m [91m                           ~~~~~~[0m
    [96msrc/__tests__/payment-integration.test.ts[0m:[93m69[0m:[93m35[0m - [91merror[0m[90m TS2365: [0mOperator '>' cannot be applied to types '{ queryClient: QueryClient; }' and '{ children: React.ReactNode; }'.

    [7m69[0m       <QueryClientProvider client={queryClient}>
    [7m  [0m [91m                                  ~~~~~~~~~~~~~~[0m
    [7m70[0m         {children}
    [7m  [0m [91m~~~~~~~~~~~~~~~~~~[0m
    [96msrc/__tests__/payment-integration.test.ts[0m:[93m69[0m:[93m35[0m - [91merror[0m[90m TS2365: [0mOperator '<' cannot be applied to types 'boolean' and 'RegExp'.

    [7m69[0m       <QueryClientProvider client={queryClient}>
    [7m  [0m [91m                                  ~~~~~~~~~~~~~~[0m
    [7m70[0m         {children}
    [7m  [0m [91m~~~~~~~~~~~~~~~~~~[0m
    [7m71[0m       </QueryClientProvider>
    [7m  [0m [91m~~~~~~~~~~~~~~~~~~~~~~~~~~~~[0m
    [96msrc/__tests__/payment-integration.test.ts[0m:[93m88[0m:[93m22[0m - [91merror[0m[90m TS2304: [0mCannot find name 'mockPaymentMethod'.

    [7m88[0m               data: [mockPaymentMethod],
    [7m  [0m [91m                     ~~~~~~~~~~~~~~~~~[0m
    [96msrc/__tests__/payment-integration.test.ts[0m:[93m96[0m:[93m88[0m - [91merror[0m[90m TS18004: [0mNo value exists in scope for the shorthand property 'wrapper'. Either declare one or provide an initializer.

    [7m96[0m       const { result: paymentMethodsResult } = renderHook(() => usePaymentMethods(), { wrapper });
    [7m  [0m [91m                                                                                       ~~~~~~~[0m
    [96msrc/__tests__/payment-integration.test.ts[0m:[93m103[0m:[93m58[0m - [91merror[0m[90m TS2304: [0mCannot find name 'mockPaymentMethod'.

    [7m103[0m       expect(paymentMethodsResult.current.data).toEqual([mockPaymentMethod]);
    [7m   [0m [91m                                                         ~~~~~~~~~~~~~~~~~[0m
    [96msrc/__tests__/payment-integration.test.ts[0m:[93m106[0m:[93m86[0m - [91merror[0m[90m TS18004: [0mNo value exists in scope for the shorthand property 'wrapper'. Either declare one or provide an initializer.

    [7m106[0m       const { result: createPaymentResult } = renderHook(() => useCreatePayment(), { wrapper });
    [7m   [0m [91m                                                                                     ~~~~~~~[0m
    [96msrc/__tests__/payment-integration.test.ts[0m:[93m125[0m:[93m19[0m - [91merror[0m[90m TS2304: [0mCannot find name 'mockUser'.

    [7m125[0m           userId: mockUser.id,
    [7m   [0m [91m                  ~~~~~~~~[0m
    [96msrc/__tests__/payment-integration.test.ts[0m:[93m133[0m:[93m13[0m - [91merror[0m[90m TS6133: [0m'mixedPaymentData' is declared but its value is never read.

    [7m133[0m       const mixedPaymentData = [
    [7m   [0m [91m            ~~~~~~~~~~~~~~~~[0m
    [96msrc/__tests__/payment-integration.test.ts[0m:[93m134[0m:[93m46[0m - [91merror[0m[90m TS2304: [0mCannot find name 'mockUser'.

    [7m134[0m         { id: 'pm_1', type: 'card', user_id: mockUser.id, card_brand: 'visa', card_last4: '4242' },
    [7m   [0m [91m                                             ~~~~~~~~[0m
    [96msrc/__tests__/payment-integration.test.ts[0m:[93m136[0m:[93m46[0m - [91merror[0m[90m TS2304: [0mCannot find name 'mockUser'.

    [7m136[0m         { id: 'pm_2', type: 'card', user_id: mockUser.id, card_brand: 'mastercard', card_last4: '5555' }
    [7m   [0m [91m                                             ~~~~~~~~[0m
    [96msrc/__tests__/payment-integration.test.ts[0m:[93m139[0m:[93m65[0m - [91merror[0m[90m TS2304: [0mCannot find name 'mockUser'.

    [7m139[0m       const result = await paymentService.getUserPaymentMethods(mockUser.id);
    [7m   [0m [91m                                                                ~~~~~~~~[0m
    [96msrc/__tests__/payment-integration.test.ts[0m:[93m161[0m:[93m65[0m - [91merror[0m[90m TS2304: [0mCannot find name 'mockUser'.

    [7m161[0m       const result = await paymentService.getUserPaymentMethods(mockUser.id);
    [7m   [0m [91m                                                                ~~~~~~~~[0m
    [96msrc/__tests__/payment-integration.test.ts[0m:[93m182[0m:[93m18[0m - [91merror[0m[90m TS2304: [0mCannot find name 'mockUser'.

    [7m182[0m         user_id: mockUser.id,
    [7m   [0m [91m                 ~~~~~~~~[0m
    [96msrc/__tests__/payment-integration.test.ts[0m:[93m227[0m:[93m18[0m - [91merror[0m[90m TS2304: [0mCannot find name 'mockUser'.

    [7m227[0m         user_id: mockUser.id,
    [7m   [0m [91m                 ~~~~~~~~[0m
    [96msrc/__tests__/payment-integration.test.ts[0m:[93m242[0m:[93m34[0m - [91merror[0m[90m TS2304: [0mCannot find name 'mockUser'.

    [7m242[0m       expect(result.userId).toBe(mockUser.id);
    [7m   [0m [91m                                 ~~~~~~~~[0m
    [96msrc/__tests__/payment-integration.test.ts[0m:[93m243[0m:[93m21[0m - [91merror[0m[90m TS2339: [0mProperty 'cardBrand' does not exist on type 'PaymentMethod & { _dbData?: any; }'.

    [7m243[0m       expect(result.cardBrand).toBe('visa');
    [7m   [0m [91m                    ~~~~~~~~~[0m
    [96msrc/__tests__/payment-integration.test.ts[0m:[93m244[0m:[93m21[0m - [91merror[0m[90m TS2339: [0mProperty 'cardLastFour' does not exist on type 'PaymentMethod & { _dbData?: any; }'.

    [7m244[0m       expect(result.cardLastFour).toBe('4242');
    [7m   [0m [91m                    ~~~~~~~~~~~~[0m
    [96msrc/__tests__/payment-integration.test.ts[0m:[93m296[0m:[93m22[0m - [91merror[0m[90m TS2304: [0mCannot find name 'mockUser'.

    [7m296[0m       const userId = mockUser.id;
    [7m   [0m [91m                     ~~~~~~~~[0m
    [96msrc/__tests__/payment-integration.test.ts[0m:[93m321[0m:[93m81[0m - [91merror[0m[90m TS2304: [0mCannot find name 'mockUser'.

    [7m321[0m       const secureChannel = PaymentSecurityManager.generateSecurePaymentChannel(mockUser.id, operation);
    [7m   [0m [91m                                                                                ~~~~~~~~[0m
    [96msrc/__tests__/payment-integration.test.ts[0m:[93m327[0m:[93m51[0m - [91merror[0m[90m TS2304: [0mCannot find name 'mockUser'.

    [7m327[0m       await paymentService.broadcastPaymentUpdate(mockUser.id, operation);
    [7m   [0m [91m                                                  ~~~~~~~~[0m
    [96msrc/__tests__/payment-integration.test.ts[0m:[93m333[0m:[93m19[0m - [91merror[0m[90m TS2304: [0mCannot find name 'mockUser'.

    [7m333[0m           userId: mockUser.id
    [7m   [0m [91m                  ~~~~~~~~[0m
    [96msrc/__tests__/payment-integration.test.ts[0m:[93m339[0m:[93m71[0m - [91merror[0m[90m TS18004: [0mNo value exists in scope for the shorthand property 'wrapper'. Either declare one or provide an initializer.

    [7m339[0m       const { result } = renderHook(() => useCreatePaymentMethod(), { wrapper });
    [7m   [0m [91m                                                                      ~~~~~~~[0m
    [96msrc/__tests__/payment-integration.test.ts[0m:[93m357[0m:[93m35[0m - [91merror[0m[90m TS2304: [0mCannot find name 'queryClient'.

    [7m357[0m       const paymentMethodsQuery = queryClient.getQueryState(['payment', mockUser.id, 'list', 'methods']);
    [7m   [0m [91m                                  ~~~~~~~~~~~[0m
    [96msrc/__tests__/payment-integration.test.ts[0m:[93m357[0m:[93m73[0m - [91merror[0m[90m TS2304: [0mCannot find name 'mockUser'.

    [7m357[0m       const paymentMethodsQuery = queryClient.getQueryState(['payment', mockUser.id, 'list', 'methods']);
    [7m   [0m [91m                                                                        ~~~~~~~~[0m
    [96msrc/__tests__/payment-integration.test.ts[0m:[93m372[0m:[93m17[0m - [91merror[0m[90m TS2304: [0mCannot find name 'mockPaymentIntent'.

    [7m372[0m           data: mockPaymentIntent,
    [7m   [0m [91m                ~~~~~~~~~~~~~~~~~[0m
    [96msrc/__tests__/payment-integration.test.ts[0m:[93m437[0m:[93m13[0m - [91merror[0m[90m TS18004: [0mNo value exists in scope for the shorthand property 'wrapper'. Either declare one or provide an initializer.

    [7m437[0m       }), { wrapper });
    [7m   [0m [91m            ~~~~~~~[0m
    [96msrc/__tests__/payment-integration.test.ts[0m:[93m69[0m:[93m28[0m - [91merror[0m[90m TS1005: [0m'>' expected.

    [7m69[0m       <QueryClientProvider client={queryClient}>
    [7m  [0m [91m                           ~~~~~~[0m
    [96msrc/__tests__/payment-integration.test.ts[0m:[93m69[0m:[93m34[0m - [91merror[0m[90m TS1005: [0m')' expected.

    [7m69[0m       <QueryClientProvider client={queryClient}>
    [7m  [0m [91m                                 ~[0m
    [96msrc/__tests__/payment-integration.test.ts[0m:[93m71[0m:[93m8[0m - [91merror[0m[90m TS1161: [0mUnterminated regular expression literal.

    [7m71[0m       </QueryClientProvider>
    [7m  [0m [91m       ~~~~~~~~~~~~~~~~~~~~~[0m
    [96msrc/__tests__/payment-integration.test.ts[0m:[93m72[0m:[93m5[0m - [91merror[0m[90m TS1128: [0mDeclaration or statement expected.

    [7m72[0m     );
    [7m  [0m [91m    ~[0m
    [96msrc/__tests__/payment-integration.test.ts[0m:[93m477[0m:[93m1[0m - [91merror[0m[90m TS1128: [0mDeclaration or statement expected.

    [7m477[0m });
    [7m   [0m [91m~[0m
    [96msrc/__tests__/payment-integration.test.ts[0m:[93m477[0m:[93m2[0m - [91merror[0m[90m TS1128: [0mDeclaration or statement expected.

    [7m477[0m });
    [7m   [0m [91m ~[0m

FAIL src/hooks/executive/__tests__/useBusinessMetrics.enhanced.test.tsx
  ● Test suite failed to run

    [96msrc/hooks/executive/__tests__/useBusinessMetrics.enhanced.test.tsx[0m:[93m9[0m:[93m10[0m - [91merror[0m[90m TS2724: [0m'"../../../services/realtimeService"' has no exported member named 'realtimeService'. Did you mean 'RealtimeService'?

    [7m9[0m import { realtimeService } from '../../../services/realtimeService';
    [7m [0m [91m         ~~~~~~~~~~~~~~~[0m

      [96msrc/services/realtimeService.ts[0m:[93m11[0m:[93m14[0m
        [7m11[0m export class RealtimeService {
        [7m  [0m [96m             ~~~~~~~~~~~~~~~[0m
        'RealtimeService' is declared here.
    [96msrc/hooks/executive/__tests__/useBusinessMetrics.enhanced.test.tsx[0m:[93m216[0m:[93m14[0m - [91merror[0m[90m TS18047: [0m'result.current.comparisons' is possibly 'null'.

    [7m216[0m       expect(result.current.comparisons.revenue).toMatchObject({
    [7m   [0m [91m             ~~~~~~~~~~~~~~~~~~~~~~~~~~[0m
    [96msrc/hooks/executive/__tests__/useBusinessMetrics.enhanced.test.tsx[0m:[93m221[0m:[93m14[0m - [91merror[0m[90m TS18047: [0m'result.current.comparisons' is possibly 'null'.

    [7m221[0m       expect(result.current.comparisons.orders).toMatchObject({
    [7m   [0m [91m             ~~~~~~~~~~~~~~~~~~~~~~~~~~[0m
    [96msrc/hooks/executive/__tests__/useBusinessMetrics.enhanced.test.tsx[0m:[93m301[0m:[93m40[0m - [91merror[0m[90m TS6133: [0m'channel' is declared but its value is never read.

    [7m301[0m       subscribeSpy.mockImplementation((channel: string, handler: Function) => {
    [7m   [0m [91m                                       ~~~~~~~[0m

FAIL src/hooks/executive/__tests__/useCrossRoleAnalytics.test.tsx
  ● Test suite failed to run

    [96msrc/hooks/executive/__tests__/useCrossRoleAnalytics.test.tsx[0m:[93m191[0m:[93m28[0m - [91merror[0m[90m TS7006: [0mParameter 'correlation' implicitly has an 'any' type.

    [7m191[0m       correlations.forEach(correlation => {
    [7m   [0m [91m                           ~~~~~~~~~~~[0m
    [96msrc/hooks/executive/__tests__/useCrossRoleAnalytics.test.tsx[0m:[93m207[0m:[93m28[0m - [91merror[0m[90m TS7006: [0mParameter 'correlation' implicitly has an 'any' type.

    [7m207[0m       correlations.forEach(correlation => {
    [7m   [0m [91m                           ~~~~~~~~~~~[0m
    [96msrc/hooks/executive/__tests__/useCrossRoleAnalytics.test.tsx[0m:[93m220[0m:[93m28[0m - [91merror[0m[90m TS7006: [0mParameter 'correlation' implicitly has an 'any' type.

    [7m220[0m       correlations.forEach(correlation => {
    [7m   [0m [91m                           ~~~~~~~~~~~[0m
    [96msrc/hooks/executive/__tests__/useCrossRoleAnalytics.test.tsx[0m:[93m243[0m:[93m35[0m - [91merror[0m[90m TS2339: [0mProperty 'historical' does not exist on type '{ correlations: any; metrics: { metrics: BusinessMetricsTransform[]; correlations: Record<string, any>; } | BusinessMetricsTransform[] | null; insights: any; overallCorrelation: any; } | { ...; }'.
      Property 'historical' does not exist on type '{ correlations: any; metrics: { metrics: BusinessMetricsTransform[]; correlations: Record<string, any>; } | BusinessMetricsTransform[] | null; insights: any; overallCorrelation: any; }'.

    [7m243[0m       expect(result.current.data?.historical).toBeDefined();
    [7m   [0m [91m                                  ~~~~~~~~~~[0m
    [96msrc/hooks/executive/__tests__/useCrossRoleAnalytics.test.tsx[0m:[93m244[0m:[93m35[0m - [91merror[0m[90m TS2339: [0mProperty 'historical' does not exist on type '{ correlations: any; metrics: { metrics: BusinessMetricsTransform[]; correlations: Record<string, any>; } | BusinessMetricsTransform[] | null; insights: any; overallCorrelation: any; } | { ...; }'.
      Property 'historical' does not exist on type '{ correlations: any; metrics: { metrics: BusinessMetricsTransform[]; correlations: Record<string, any>; } | BusinessMetricsTransform[] | null; insights: any; overallCorrelation: any; }'.

    [7m244[0m       expect(result.current.data?.historical).toEqual(mockHistoricalData);
    [7m   [0m [91m                                  ~~~~~~~~~~[0m
    [96msrc/hooks/executive/__tests__/useCrossRoleAnalytics.test.tsx[0m:[93m395[0m:[93m9[0m - [91merror[0m[90m TS2304: [0mCannot find name 'window'.

    [7m395[0m         window.dispatchEvent(new Event('focus'));
    [7m   [0m [91m        ~~~~~~[0m
    [96msrc/hooks/executive/__tests__/useCrossRoleAnalytics.test.tsx[0m:[93m414[0m:[93m24[0m - [91merror[0m[90m TS7006: [0mParameter 'insight' implicitly has an 'any' type.

    [7m414[0m       insights.forEach(insight => {
    [7m   [0m [91m                       ~~~~~~~[0m
    [96msrc/hooks/executive/__tests__/useCrossRoleAnalytics.test.tsx[0m:[93m431[0m:[93m22[0m - [91merror[0m[90m TS2339: [0mProperty 'inventory' does not exist on type '{ metrics: BusinessMetricsTransform[]; correlations: Record<string, any>; } | BusinessMetricsTransform[] | {}'.
      Property 'inventory' does not exist on type '{ metrics: BusinessMetricsTransform[]; correlations: Record<string, any>; }'.

    [7m431[0m       expect(metrics.inventory).toBeDefined();
    [7m   [0m [91m                     ~~~~~~~~~[0m
    [96msrc/hooks/executive/__tests__/useCrossRoleAnalytics.test.tsx[0m:[93m432[0m:[93m22[0m - [91merror[0m[90m TS2339: [0mProperty 'inventory' does not exist on type '{ metrics: BusinessMetricsTransform[]; correlations: Record<string, any>; } | BusinessMetricsTransform[] | {}'.
      Property 'inventory' does not exist on type '{ metrics: BusinessMetricsTransform[]; correlations: Record<string, any>; }'.

    [7m432[0m       expect(metrics.inventory.efficiency).toBeDefined();
    [7m   [0m [91m                     ~~~~~~~~~[0m
    [96msrc/hooks/executive/__tests__/useCrossRoleAnalytics.test.tsx[0m:[93m433[0m:[93m22[0m - [91merror[0m[90m TS2339: [0mProperty 'inventory' does not exist on type '{ metrics: BusinessMetricsTransform[]; correlations: Record<string, any>; } | BusinessMetricsTransform[] | {}'.
      Property 'inventory' does not exist on type '{ metrics: BusinessMetricsTransform[]; correlations: Record<string, any>; }'.

    [7m433[0m       expect(metrics.inventory.performance).toBeDefined();
    [7m   [0m [91m                     ~~~~~~~~~[0m
    [96msrc/hooks/executive/__tests__/useCrossRoleAnalytics.test.tsx[0m:[93m436[0m:[93m22[0m - [91merror[0m[90m TS2339: [0mProperty 'marketing' does not exist on type '{ metrics: BusinessMetricsTransform[]; correlations: Record<string, any>; } | BusinessMetricsTransform[] | {}'.
      Property 'marketing' does not exist on type '{ metrics: BusinessMetricsTransform[]; correlations: Record<string, any>; }'.

    [7m436[0m       expect(metrics.marketing).toBeDefined();
    [7m   [0m [91m                     ~~~~~~~~~[0m
    [96msrc/hooks/executive/__tests__/useCrossRoleAnalytics.test.tsx[0m:[93m437[0m:[93m22[0m - [91merror[0m[90m TS2339: [0mProperty 'marketing' does not exist on type '{ metrics: BusinessMetricsTransform[]; correlations: Record<string, any>; } | BusinessMetricsTransform[] | {}'.
      Property 'marketing' does not exist on type '{ metrics: BusinessMetricsTransform[]; correlations: Record<string, any>; }'.

    [7m437[0m       expect(metrics.marketing.roi).toBeDefined();
    [7m   [0m [91m                     ~~~~~~~~~[0m
    [96msrc/hooks/executive/__tests__/useCrossRoleAnalytics.test.tsx[0m:[93m438[0m:[93m22[0m - [91merror[0m[90m TS2339: [0mProperty 'marketing' does not exist on type '{ metrics: BusinessMetricsTransform[]; correlations: Record<string, any>; } | BusinessMetricsTransform[] | {}'.
      Property 'marketing' does not exist on type '{ metrics: BusinessMetricsTransform[]; correlations: Record<string, any>; }'.

    [7m438[0m       expect(metrics.marketing.conversion).toBeDefined();
    [7m   [0m [91m                     ~~~~~~~~~[0m

FAIL src/hooks/executive/__tests__/usePredictiveAnalytics.test.tsx
  ● Test suite failed to run

    [96msrc/hooks/executive/__tests__/usePredictiveAnalytics.test.tsx[0m:[93m5[0m:[93m1[0m - [91merror[0m[90m TS6133: [0m'createSupabaseMock' is declared but its value is never read.

    [7m5[0m import { createSupabaseMock } from '../../../test/mocks/supabase.simplified.mock';
    [7m [0m [91m~~~~~~~~~~~~~~~~~~~~~~~~~~~~~~~~~~~~~~~~~~~~~~~~~~~~~~~~~~~~~~~~~~~~~~~~~~~~~~~~~~[0m
    [96msrc/hooks/executive/__tests__/usePredictiveAnalytics.test.tsx[0m:[93m6[0m:[93m1[0m - [91merror[0m[90m TS6133: [0m'hookContracts' is declared but its value is never read.

    [7m6[0m import { hookContracts } from '../../../test/contracts/hook.contracts';
    [7m [0m [91m~~~~~~~~~~~~~~~~~~~~~~~~~~~~~~~~~~~~~~~~~~~~~~~~~~~~~~~~~~~~~~~~~~~~~~~[0m

FAIL src/services/marketing/__tests__/productBundle.test.ts
  ● Test suite failed to run

    [96msrc/services/marketing/__tests__/productBundle.test.ts[0m:[93m1[0m:[93m32[0m - [91merror[0m[90m TS6133: [0m'BundleFilters' is declared but its value is never read.

    [7m1[0m import { ProductBundleService, BundleFilters } from '../productBundle.service';
    [7m [0m [91m                               ~~~~~~~~~~~~~[0m
    [96msrc/services/marketing/__tests__/productBundle.test.ts[0m:[93m1[0m:[93m53[0m - [91merror[0m[90m TS2307: [0mCannot find module '../productBundle.service' or its corresponding type declarations.

    [7m1[0m import { ProductBundleService, BundleFilters } from '../productBundle.service';
    [7m [0m [91m                                                    ~~~~~~~~~~~~~~~~~~~~~~~~~~[0m
    [96msrc/services/marketing/__tests__/productBundle.test.ts[0m:[93m2[0m:[93m25[0m - [91merror[0m[90m TS2305: [0mModule '"@/schemas/marketing"' has no exported member 'BundleType'.

    [7m2[0m import { ProductBundle, BundleType } from '@/schemas/marketing';
    [7m [0m [91m                        ~~~~~~~~~~[0m
    [96msrc/services/marketing/__tests__/productBundle.test.ts[0m:[93m3[0m:[93m10[0m - [91merror[0m[90m TS6133: [0m'ServiceError' is declared but its value is never read.

    [7m3[0m import { ServiceError, NotFoundError, ValidationError } from '../errors/ServiceError';
    [7m [0m [91m         ~~~~~~~~~~~~[0m
    [96msrc/services/marketing/__tests__/productBundle.test.ts[0m:[93m4[0m:[93m1[0m - [91merror[0m[90m TS6133: [0m'uuidv4' is declared but its value is never read.

    [7m4[0m import { v4 as uuidv4 } from 'uuid';
    [7m [0m [91m~~~~~~~~~~~~~~~~~~~~~~~~~~~~~~~~~~~~[0m
    [96msrc/services/marketing/__tests__/productBundle.test.ts[0m:[93m36[0m:[93m7[0m - [91merror[0m[90m TS2739: [0mType '{ basePrice: number; discountType: "percentage"; discountValue: number; finalPrice: number; }' is missing the following properties from type 'BundlePricing': savingsAmount, savingsPercentage, currency

    [7m36[0m       pricing: {
    [7m  [0m [91m      ~~~~~~~[0m

      [96msrc/types/marketing.types.ts[0m:[93m76[0m:[93m3[0m
        [7m76[0m   pricing: BundlePricing;
        [7m  [0m [96m  ~~~~~~~[0m
        The expected type comes from property 'pricing' which is declared here on type 'Partial<ProductBundle>'
    [96msrc/services/marketing/__tests__/productBundle.test.ts[0m:[93m43[0m:[93m9[0m - [91merror[0m[90m TS2322: [0mType 'null' is not assignable to type 'Date | undefined'.

    [7m43[0m         startDate: null,
    [7m  [0m [91m        ~~~~~~~~~[0m
    [96msrc/services/marketing/__tests__/productBundle.test.ts[0m:[93m44[0m:[93m9[0m - [91merror[0m[90m TS2322: [0mType 'null' is not assignable to type 'Date | undefined'.

    [7m44[0m         endDate: null,
    [7m  [0m [91m        ~~~~~~~[0m
    [96msrc/services/marketing/__tests__/productBundle.test.ts[0m:[93m70[0m:[93m9[0m - [91merror[0m[90m TS2561: [0mObject literal may only specify known properties, but 'products' does not exist in type 'Partial<ProductBundle>'. Did you mean to write 'productIds'?

    [7m70[0m         products: [{ productId: 'prod-1', quantity: 1, isRequired: true }]
    [7m  [0m [91m        ~~~~~~~~[0m
    [96msrc/services/marketing/__tests__/productBundle.test.ts[0m:[93m78[0m:[93m9[0m - [91merror[0m[90m TS2561: [0mObject literal may only specify known properties, but 'products' does not exist in type 'Partial<ProductBundle>'. Did you mean to write 'productIds'?

    [7m78[0m         products: [
    [7m  [0m [91m        ~~~~~~~~[0m
    [96msrc/services/marketing/__tests__/productBundle.test.ts[0m:[93m89[0m:[93m9[0m - [91merror[0m[90m TS2739: [0mType '{ basePrice: number; discountType: "percentage"; discountValue: number; finalPrice: number; }' is missing the following properties from type 'BundlePricing': savingsAmount, savingsPercentage, currency

    [7m89[0m         pricing: {
    [7m  [0m [91m        ~~~~~~~[0m
    [96msrc/services/marketing/__tests__/productBundle.test.ts[0m:[93m104[0m:[93m9[0m - [91merror[0m[90m TS2739: [0mType '{ basePrice: number; discountType: "percentage"; discountValue: number; finalPrice: number; }' is missing the following properties from type 'BundlePricing': savingsAmount, savingsPercentage, currency

    [7m104[0m         pricing: {
    [7m   [0m [91m        ~~~~~~~[0m
    [96msrc/services/marketing/__tests__/productBundle.test.ts[0m:[93m252[0m:[93m9[0m - [91merror[0m[90m TS2353: [0mObject literal may only specify known properties, and 'type' does not exist in type 'Partial<ProductBundle>'.

    [7m252[0m         type: 'fixed',
    [7m   [0m [91m        ~~~~[0m
    [96msrc/services/marketing/__tests__/productBundle.test.ts[0m:[93m259[0m:[93m9[0m - [91merror[0m[90m TS2353: [0mObject literal may only specify known properties, and 'type' does not exist in type 'Partial<ProductBundle>'.

    [7m259[0m         type: 'flexible',
    [7m   [0m [91m        ~~~~[0m
    [96msrc/services/marketing/__tests__/productBundle.test.ts[0m:[93m269[0m:[93m9[0m - [91merror[0m[90m TS2739: [0mType '{ basePrice: number; discountType: "percentage"; discountValue: number; finalPrice: number; }' is missing the following properties from type 'BundlePricing': savingsAmount, savingsPercentage, currency

    [7m269[0m         pricing: {
    [7m   [0m [91m        ~~~~~~~[0m
    [96msrc/services/marketing/__tests__/productBundle.test.ts[0m:[93m289[0m:[93m28[0m - [91merror[0m[90m TS7006: [0mParameter 'b' implicitly has an 'any' type.

    [7m289[0m       expect(results.every(b => b.isActive)).toBe(true);
    [7m   [0m [91m                           ~[0m
    [96msrc/services/marketing/__tests__/productBundle.test.ts[0m:[93m303[0m:[93m28[0m - [91merror[0m[90m TS7006: [0mParameter 'b' implicitly has an 'any' type.

    [7m303[0m       expect(results.every(b => b.tags.includes('popular'))).toBe(true);
    [7m   [0m [91m                           ~[0m
    [96msrc/services/marketing/__tests__/productBundle.test.ts[0m:[93m333[0m:[93m68[0m - [91merror[0m[90m TS2353: [0mObject literal may only specify known properties, and 'isActive' does not exist in type 'Partial<ProductBundle>'.

    [7m333[0m       const bundle = await service.createBundle(createMockBundle({ isActive: false }));
    [7m   [0m [91m                                                                   ~~~~~~~~[0m
    [96msrc/services/marketing/__tests__/productBundle.test.ts[0m:[93m347[0m:[93m11[0m - [91merror[0m[90m TS2322: [0mType 'null' is not assignable to type 'Date | undefined'.

    [7m347[0m           endDate: null,
    [7m   [0m [91m          ~~~~~~~[0m
    [96msrc/services/marketing/__tests__/productBundle.test.ts[0m:[93m364[0m:[93m11[0m - [91merror[0m[90m TS2322: [0mType 'null' is not assignable to type 'Date | undefined'.

    [7m364[0m           startDate: null,
    [7m   [0m [91m          ~~~~~~~~~[0m
    [96msrc/services/marketing/__tests__/productBundle.test.ts[0m:[93m379[0m:[93m11[0m - [91merror[0m[90m TS2322: [0mType 'null' is not assignable to type 'Date | undefined'.

    [7m379[0m           startDate: null,
    [7m   [0m [91m          ~~~~~~~~~[0m
    [96msrc/services/marketing/__tests__/productBundle.test.ts[0m:[93m380[0m:[93m11[0m - [91merror[0m[90m TS2322: [0mType 'null' is not assignable to type 'Date | undefined'.

    [7m380[0m           endDate: null,
    [7m   [0m [91m          ~~~~~~~[0m
    [96msrc/services/marketing/__tests__/productBundle.test.ts[0m:[93m396[0m:[93m11[0m - [91merror[0m[90m TS2322: [0mType 'null' is not assignable to type 'Date | undefined'.

    [7m396[0m           startDate: null,
    [7m   [0m [91m          ~~~~~~~~~[0m
    [96msrc/services/marketing/__tests__/productBundle.test.ts[0m:[93m397[0m:[93m11[0m - [91merror[0m[90m TS2322: [0mType 'null' is not assignable to type 'Date | undefined'.

    [7m397[0m           endDate: null,
    [7m   [0m [91m          ~~~~~~~[0m
    [96msrc/services/marketing/__tests__/productBundle.test.ts[0m:[93m411[0m:[93m11[0m - [91merror[0m[90m TS2322: [0mType 'null' is not assignable to type 'Date | undefined'.

    [7m411[0m           startDate: null,
    [7m   [0m [91m          ~~~~~~~~~[0m
    [96msrc/services/marketing/__tests__/productBundle.test.ts[0m:[93m412[0m:[93m11[0m - [91merror[0m[90m TS2322: [0mType 'null' is not assignable to type 'Date | undefined'.

    [7m412[0m           endDate: null,
    [7m   [0m [91m          ~~~~~~~[0m
    [96msrc/services/marketing/__tests__/productBundle.test.ts[0m:[93m426[0m:[93m11[0m - [91merror[0m[90m TS2322: [0mType 'null' is not assignable to type 'Date | undefined'.

    [7m426[0m           startDate: null,
    [7m   [0m [91m          ~~~~~~~~~[0m
    [96msrc/services/marketing/__tests__/productBundle.test.ts[0m:[93m427[0m:[93m11[0m - [91merror[0m[90m TS2322: [0mType 'null' is not assignable to type 'Date | undefined'.

    [7m427[0m           endDate: null,
    [7m   [0m [91m          ~~~~~~~[0m
    [96msrc/services/marketing/__tests__/productBundle.test.ts[0m:[93m476[0m:[93m11[0m - [91merror[0m[90m TS2353: [0mObject literal may only specify known properties, and 'isActive' does not exist in type 'Partial<ProductBundle>'.

    [7m476[0m           isActive: i % 2 === 0
    [7m   [0m [91m          ~~~~~~~~[0m
    [96msrc/services/marketing/__tests__/productBundle.test.ts[0m:[93m483[0m:[93m28[0m - [91merror[0m[90m TS7006: [0mParameter 'b' implicitly has an 'any' type.

    [7m483[0m       expect(popular.every(b => b.isActive)).toBe(true);
    [7m   [0m [91m                           ~[0m
    [96msrc/services/marketing/__tests__/productBundle.test.ts[0m:[93m490[0m:[93m11[0m - [91merror[0m[90m TS2353: [0mObject literal may only specify known properties, and 'isActive' does not exist in type 'Partial<ProductBundle>'.

    [7m490[0m           isActive: true
    [7m   [0m [91m          ~~~~~~~~[0m

FAIL src/services/executive/__tests__/businessMetricsService.test.ts
  ● Test suite failed to run

    [96msrc/services/executive/__tests__/businessMetricsService.test.ts[0m:[93m62[0m:[93m39[0m - [91merror[0m[90m TS2307: [0mCannot find module '../../rolePermissionService' or its corresponding type declarations.

    [7m62[0m import { RolePermissionService } from '../../rolePermissionService';
    [7m  [0m [91m                                      ~~~~~~~~~~~~~~~~~~~~~~~~~~~~~[0m
    [96msrc/services/executive/__tests__/businessMetricsService.test.ts[0m:[93m65[0m:[93m7[0m - [91merror[0m[90m TS6133: [0m'testUser' is declared but its value is never read.

    [7m65[0m   let testUser: any;
    [7m  [0m [91m      ~~~~~~~~[0m
    [96msrc/services/executive/__tests__/businessMetricsService.test.ts[0m:[93m94[0m:[93m13[0m - [91merror[0m[90m TS2353: [0mObject literal may only specify known properties, and 'user_role' does not exist in type '{ user_id?: string | undefined; include_intelligence_insights?: boolean | undefined; include_forecasting?: boolean | undefined; forecast_horizon?: string | undefined; }'.

    [7m94[0m           { user_role: 'admin' }
    [7m  [0m [91m            ~~~~~~~~~[0m
    [96msrc/services/executive/__tests__/businessMetricsService.test.ts[0m:[93m101[0m:[93m20[0m - [91merror[0m[90m TS2339: [0mProperty 'aggregatedData' does not exist on type '{ metrics: BusinessMetricsTransform[]; correlations: Record<string, any>; summary: { total_metrics: number; categories_included: string[]; date_range: string; aggregation_level: string; }; forecastData?: any; }'.

    [7m101[0m         if (result.aggregatedData) {
    [7m   [0m [91m                   ~~~~~~~~~~~~~~[0m
    [96msrc/services/executive/__tests__/businessMetricsService.test.ts[0m:[93m102[0m:[93m25[0m - [91merror[0m[90m TS2339: [0mProperty 'aggregatedData' does not exist on type '{ metrics: BusinessMetricsTransform[]; correlations: Record<string, any>; summary: { total_metrics: number; categories_included: string[]; date_range: string; aggregation_level: string; }; forecastData?: any; }'.

    [7m102[0m           expect(result.aggregatedData).toBeDefined();
    [7m   [0m [91m                        ~~~~~~~~~~~~~~[0m
    [96msrc/services/executive/__tests__/businessMetricsService.test.ts[0m:[93m119[0m:[93m13[0m - [91merror[0m[90m TS2353: [0mObject literal may only specify known properties, and 'user_role' does not exist in type '{ user_id?: string | undefined; include_intelligence_insights?: boolean | undefined; include_forecasting?: boolean | undefined; forecast_horizon?: string | undefined; }'.

    [7m119[0m             user_role: 'admin',
    [7m   [0m [91m            ~~~~~~~~~[0m
    [96msrc/services/executive/__tests__/businessMetricsService.test.ts[0m:[93m144[0m:[93m13[0m - [91merror[0m[90m TS2353: [0mObject literal may only specify known properties, and 'user_role' does not exist in type '{ user_id?: string | undefined; date_range?: string | undefined; aggregation_level?: "daily" | "weekly" | "monthly" | "quarterly" | undefined; }'.

    [7m144[0m             user_role: 'admin',
    [7m   [0m [91m            ~~~~~~~~~[0m
    [96msrc/services/executive/__tests__/businessMetricsService.test.ts[0m:[93m166[0m:[93m13[0m - [91merror[0m[90m TS2345: [0mArgument of type '"executive_only"' is not assignable to parameter of type '"inventory" | "marketing" | "sales" | "operational" | "strategic"'.

    [7m166[0m             'executive_only',
    [7m   [0m [91m            ~~~~~~~~~~~~~~~~[0m
    [96msrc/services/executive/__tests__/businessMetricsService.test.ts[0m:[93m183[0m:[93m53[0m - [91merror[0m[90m TS2554: [0mExpected 3-4 arguments, but got 1.

    [7m183[0m         const result = await BusinessMetricsService.calculateTrends({
    [7m   [0m [91m                                                    ~~~~~~~~~~~~~~~[0m

      [96msrc/services/executive/businessMetricsService.ts[0m:[93m1009[0m:[93m5[0m
        [7m1009[0m     startDate: string,
        [7m    [0m [96m    ~~~~~~~~~~~~~~~~~[0m
        An argument for 'startDate' was not provided.
    [96msrc/services/executive/__tests__/businessMetricsService.test.ts[0m:[93m191[0m:[93m13[0m - [91merror[0m[90m TS18047: [0m'result' is possibly 'null'.

    [7m191[0m         if (result.trendData) {
    [7m   [0m [91m            ~~~~~~[0m
    [96msrc/services/executive/__tests__/businessMetricsService.test.ts[0m:[93m192[0m:[93m18[0m - [91merror[0m[90m TS18047: [0m'result' is possibly 'null'.

    [7m192[0m           expect(result.trendData).toBeDefined();
    [7m   [0m [91m                 ~~~~~~[0m
    [96msrc/services/executive/__tests__/businessMetricsService.test.ts[0m:[93m194[0m:[93m13[0m - [91merror[0m[90m TS18047: [0m'result' is possibly 'null'.

    [7m194[0m         if (result.statisticalAnalysis) {
    [7m   [0m [91m            ~~~~~~[0m
    [96msrc/services/executive/__tests__/businessMetricsService.test.ts[0m:[93m195[0m:[93m18[0m - [91merror[0m[90m TS18047: [0m'result' is possibly 'null'.

    [7m195[0m           expect(result.statisticalAnalysis).toBeDefined();
    [7m   [0m [91m                 ~~~~~~[0m
    [96msrc/services/executive/__tests__/businessMetricsService.test.ts[0m:[93m206[0m:[93m53[0m - [91merror[0m[90m TS2554: [0mExpected 3-4 arguments, but got 1.

    [7m206[0m         const result = await BusinessMetricsService.calculateTrends({
    [7m   [0m [91m                                                    ~~~~~~~~~~~~~~~[0m

      [96msrc/services/executive/businessMetricsService.ts[0m:[93m1009[0m:[93m5[0m
        [7m1009[0m     startDate: string,
        [7m    [0m [96m    ~~~~~~~~~~~~~~~~~[0m
        An argument for 'startDate' was not provided.
    [96msrc/services/executive/__tests__/businessMetricsService.test.ts[0m:[93m214[0m:[93m13[0m - [91merror[0m[90m TS18047: [0m'result' is possibly 'null'.

    [7m214[0m         if (result.anomalyDetection) {
    [7m   [0m [91m            ~~~~~~[0m
    [96msrc/services/executive/__tests__/businessMetricsService.test.ts[0m:[93m215[0m:[93m18[0m - [91merror[0m[90m TS18047: [0m'result' is possibly 'null'.

    [7m215[0m           expect(result.anomalyDetection).toBeDefined();
    [7m   [0m [91m                 ~~~~~~[0m
    [96msrc/services/executive/__tests__/businessMetricsService.test.ts[0m:[93m230[0m:[93m11[0m - [91merror[0m[90m TS2353: [0mObject literal may only specify known properties, and 'user_role' does not exist in type 'string[] | { categories: string[]; user_id?: string | undefined; }'.

    [7m230[0m           user_role: 'admin',
    [7m   [0m [91m          ~~~~~~~~~[0m
    [96msrc/services/executive/__tests__/businessMetricsService.test.ts[0m:[93m235[0m:[93m13[0m - [91merror[0m[90m TS18047: [0m'result' is possibly 'null'.

    [7m235[0m         if (result.crossRoleData) {
    [7m   [0m [91m            ~~~~~~[0m
    [96msrc/services/executive/__tests__/businessMetricsService.test.ts[0m:[93m235[0m:[93m20[0m - [91merror[0m[90m TS2339: [0mProperty 'crossRoleData' does not exist on type '{ metrics: BusinessMetricsTransform[]; correlations: Record<string, any>; }'.

    [7m235[0m         if (result.crossRoleData) {
    [7m   [0m [91m                   ~~~~~~~~~~~~~[0m
    [96msrc/services/executive/__tests__/businessMetricsService.test.ts[0m:[93m236[0m:[93m18[0m - [91merror[0m[90m TS18047: [0m'result' is possibly 'null'.

    [7m236[0m           expect(result.crossRoleData).toBeDefined();
    [7m   [0m [91m                 ~~~~~~[0m
    [96msrc/services/executive/__tests__/businessMetricsService.test.ts[0m:[93m236[0m:[93m25[0m - [91merror[0m[90m TS2339: [0mProperty 'crossRoleData' does not exist on type '{ metrics: BusinessMetricsTransform[]; correlations: Record<string, any>; }'.

    [7m236[0m           expect(result.crossRoleData).toBeDefined();
    [7m   [0m [91m                        ~~~~~~~~~~~~~[0m
    [96msrc/services/executive/__tests__/businessMetricsService.test.ts[0m:[93m252[0m:[93m13[0m - [91merror[0m[90m TS2353: [0mObject literal may only specify known properties, and 'user_role' does not exist in type 'string[] | { categories: string[]; user_id?: string | undefined; }'.

    [7m252[0m             user_role: 'staff'
    [7m   [0m [91m            ~~~~~~~~~[0m
    [96msrc/services/executive/__tests__/businessMetricsService.test.ts[0m:[93m268[0m:[93m74[0m - [91merror[0m[90m TS2345: [0mArgument of type '{ categories: string[]; report_type: string; date_range: string; include_visualizations: boolean; }' is not assignable to parameter of type 'string'.

    [7m268[0m         const result = await BusinessMetricsService.generateMetricReport({
    [7m   [0m [91m                                                                         ~[0m
    [7m269[0m           categories: ['inventory', 'sales'],
    [7m   [0m [91m~~~~~~~~~~~~~~~~~~~~~~~~~~~~~~~~~~~~~~~~~~~~~[0m
    [7m...[0m 
    [7m272[0m           include_visualizations: true
    [7m   [0m [91m~~~~~~~~~~~~~~~~~~~~~~~~~~~~~~~~~~~~~~[0m
    [7m273[0m         });
    [7m   [0m [91m~~~~~~~~~[0m
    [96msrc/services/executive/__tests__/businessMetricsService.test.ts[0m:[93m325[0m:[93m13[0m - [91merror[0m[90m TS2353: [0mObject literal may only specify known properties, and 'user_role' does not exist in type '{ user_id?: string | undefined; include_intelligence_insights?: boolean | undefined; include_forecasting?: boolean | undefined; forecast_horizon?: string | undefined; }'.

    [7m325[0m             user_role: 'admin',
    [7m   [0m [91m            ~~~~~~~~~[0m
    [96msrc/services/executive/__tests__/businessMetricsService.test.ts[0m:[93m352[0m:[93m13[0m - [91merror[0m[90m TS2353: [0mObject literal may only specify known properties, and 'user_role' does not exist in type '{ user_id?: string | undefined; include_intelligence_insights?: boolean | undefined; include_forecasting?: boolean | undefined; forecast_horizon?: string | undefined; }'.

    [7m352[0m             user_role: 'admin',
    [7m   [0m [91m            ~~~~~~~~~[0m
    [96msrc/services/executive/__tests__/businessMetricsService.test.ts[0m:[93m381[0m:[93m13[0m - [91merror[0m[90m TS2353: [0mObject literal may only specify known properties, and 'user_role' does not exist in type '{ user_id?: string | undefined; include_intelligence_insights?: boolean | undefined; include_forecasting?: boolean | undefined; forecast_horizon?: string | undefined; }'.

    [7m381[0m             user_role: 'admin',
    [7m   [0m [91m            ~~~~~~~~~[0m
    [96msrc/services/executive/__tests__/businessMetricsService.test.ts[0m:[93m401[0m:[93m13[0m - [91merror[0m[90m TS2353: [0mObject literal may only specify known properties, and 'user_role' does not exist in type '{ user_id?: string | undefined; date_range?: string | undefined; aggregation_level?: "daily" | "weekly" | "monthly" | "quarterly" | undefined; }'.

    [7m401[0m           { user_role: 'admin', use_cache: true }
    [7m   [0m [91m            ~~~~~~~~~[0m
    [96msrc/services/executive/__tests__/businessMetricsService.test.ts[0m:[93m407[0m:[93m13[0m - [91merror[0m[90m TS2353: [0mObject literal may only specify known properties, and 'user_role' does not exist in type '{ user_id?: string | undefined; date_range?: string | undefined; aggregation_level?: "daily" | "weekly" | "monthly" | "quarterly" | undefined; }'.

    [7m407[0m           { user_role: 'admin', use_cache: true }
    [7m   [0m [91m            ~~~~~~~~~[0m
    [96msrc/services/executive/__tests__/businessMetricsService.test.ts[0m:[93m422[0m:[93m34[0m - [91merror[0m[90m TS2339: [0mProperty 'validateMetricData' does not exist on type 'typeof BusinessMetricsService'.

    [7m422[0m       if (BusinessMetricsService.validateMetricData) {
    [7m   [0m [91m                                 ~~~~~~~~~~~~~~~~~~[0m
    [96msrc/services/executive/__tests__/businessMetricsService.test.ts[0m:[93m423[0m:[93m53[0m - [91merror[0m[90m TS2339: [0mProperty 'validateMetricData' does not exist on type 'typeof BusinessMetricsService'.

    [7m423[0m         const result = await BusinessMetricsService.validateMetricData({
    [7m   [0m [91m                                                    ~~~~~~~~~~~~~~~~~~[0m
    [96msrc/services/executive/__tests__/businessMetricsService.test.ts[0m:[93m448[0m:[93m13[0m - [91merror[0m[90m TS2353: [0mObject literal may only specify known properties, and 'user_role' does not exist in type '{ user_id?: string | undefined; include_intelligence_insights?: boolean | undefined; include_forecasting?: boolean | undefined; forecast_horizon?: string | undefined; }'.

    [7m448[0m             user_role: 'admin',
    [7m   [0m [91m            ~~~~~~~~~[0m
    [96msrc/services/executive/__tests__/businessMetricsService.test.ts[0m:[93m454[0m:[93m20[0m - [91merror[0m[90m TS2339: [0mProperty 'dataQualityReport' does not exist on type '{ metrics: BusinessMetricsTransform[]; correlations: Record<string, any>; summary: { total_metrics: number; categories_included: string[]; date_range: string; aggregation_level: string; }; forecastData?: any; }'.

    [7m454[0m         if (result.dataQualityReport) {
    [7m   [0m [91m                   ~~~~~~~~~~~~~~~~~[0m
    [96msrc/services/executive/__tests__/businessMetricsService.test.ts[0m:[93m455[0m:[93m25[0m - [91merror[0m[90m TS2339: [0mProperty 'dataQualityReport' does not exist on type '{ metrics: BusinessMetricsTransform[]; correlations: Record<string, any>; summary: { total_metrics: number; categories_included: string[]; date_range: string; aggregation_level: string; }; forecastData?: any; }'.

    [7m455[0m           expect(result.dataQualityReport).toBeDefined();
    [7m   [0m [91m                        ~~~~~~~~~~~~~~~~~[0m

FAIL src/schemas/__tests__/kiosk.schema.test.ts
  ● Test suite failed to run

    [96msrc/schemas/__tests__/kiosk.schema.test.ts[0m:[93m6[0m:[93m1[0m - [91merror[0m[90m TS6133: [0m'z' is declared but its value is never read.

    [7m6[0m import { z } from 'zod';
    [7m [0m [91m~~~~~~~~~~~~~~~~~~~~~~~~[0m
    [96msrc/schemas/__tests__/kiosk.schema.test.ts[0m:[93m16[0m:[93m3[0m - [91merror[0m[90m TS6133: [0m'RawDbKioskTransactionSchema' is declared but its value is never read.

    [7m16[0m   RawDbKioskTransactionSchema
    [7m  [0m [91m  ~~~~~~~~~~~~~~~~~~~~~~~~~~~[0m

FAIL src/__tests__/integration/inventory/performance.test.tsx
  ● Test suite failed to run

    [96msrc/__tests__/integration/inventory/performance.test.tsx[0m:[93m24[0m:[93m66[0m - [91merror[0m[90m TS2554: [0mExpected 1 arguments, but got 2.

    [7m24[0m     inventoryService = new InventoryService(mockSupabase as any, validationMonitor);
    [7m  [0m [91m                                                                 ~~~~~~~~~~~~~~~~~[0m
    [96msrc/__tests__/integration/inventory/performance.test.tsx[0m:[93m59[0m:[93m45[0m - [91merror[0m[90m TS2339: [0mProperty 'getItems' does not exist on type 'InventoryService'.

    [7m59[0m       const result = await inventoryService.getItems('user-1', 'admin');
    [7m  [0m [91m                                            ~~~~~~~~[0m
    [96msrc/__tests__/integration/inventory/performance.test.tsx[0m:[93m93[0m:[93m44[0m - [91merror[0m[90m TS2339: [0mProperty 'getItems' does not exist on type 'InventoryService'.

    [7m93[0m       const page1 = await inventoryService.getItems('user-1', 'admin', {
    [7m  [0m [91m                                           ~~~~~~~~[0m
    [96msrc/__tests__/integration/inventory/performance.test.tsx[0m:[93m98[0m:[93m44[0m - [91merror[0m[90m TS2339: [0mProperty 'getItems' does not exist on type 'InventoryService'.

    [7m98[0m       const page2 = await inventoryService.getItems('user-1', 'admin', {
    [7m  [0m [91m                                           ~~~~~~~~[0m
    [96msrc/__tests__/integration/inventory/performance.test.tsx[0m:[93m147[0m:[93m45[0m - [91merror[0m[90m TS2339: [0mProperty 'bulkUpdate' does not exist on type 'InventoryService'.

    [7m147[0m       const result = await inventoryService.bulkUpdate('user-1', 'admin', {
    [7m   [0m [91m                                            ~~~~~~~~~~[0m
    [96msrc/__tests__/integration/inventory/performance.test.tsx[0m:[93m177[0m:[93m45[0m - [91merror[0m[90m TS2339: [0mProperty 'bulkCreate' does not exist on type 'InventoryService'.

    [7m177[0m       const result = await inventoryService.bulkCreate('user-1', 'admin', newItems);
    [7m   [0m [91m                                            ~~~~~~~~~~[0m
    [96msrc/__tests__/integration/inventory/performance.test.tsx[0m:[93m326[0m:[93m48[0m - [91merror[0m[90m TS2339: [0mProperty 'searchItems' does not exist on type 'InventoryService'.

    [7m326[0m         const results = await inventoryService.searchItems('user-1', 'admin', {
    [7m   [0m [91m                                               ~~~~~~~~~~~[0m
    [96msrc/__tests__/integration/inventory/performance.test.tsx[0m:[93m371[0m:[93m32[0m - [91merror[0m[90m TS2339: [0mProperty 'getItems' does not exist on type 'InventoryService'.

    [7m371[0m         await inventoryService.getItems('user-1', 'admin');
    [7m   [0m [91m                               ~~~~~~~~[0m
    [96msrc/__tests__/integration/inventory/performance.test.tsx[0m:[93m372[0m:[93m32[0m - [91merror[0m[90m TS2339: [0mProperty 'getStats' does not exist on type 'InventoryService'.

    [7m372[0m         await inventoryService.getStats('user-1', 'admin');
    [7m   [0m [91m                               ~~~~~~~~[0m
    [96msrc/__tests__/integration/inventory/performance.test.tsx[0m:[93m414[0m:[93m37[0m - [91merror[0m[90m TS2339: [0mProperty 'getItem' does not exist on type 'InventoryService'.

    [7m414[0m             return inventoryService.getItem('user-1', 'admin', `concurrent-${i}`);
    [7m   [0m [91m                                    ~~~~~~~[0m
    [96msrc/__tests__/integration/inventory/performance.test.tsx[0m:[93m416[0m:[93m49[0m - [91merror[0m[90m TS2345: [0mArgument of type 'string' is not assignable to parameter of type '{ inventoryItemId: string; quantity: number; operation: "set" | "add" | "subtract"; reason?: string | undefined; }'.

    [7m416[0m             return inventoryService.updateStock('user-1', 'admin', {
    [7m   [0m [91m                                                ~~~~~~~~[0m
    [96msrc/__tests__/integration/inventory/performance.test.tsx[0m:[93m423[0m:[93m37[0m - [91merror[0m[90m TS2339: [0mProperty 'searchItems' does not exist on type 'InventoryService'.

    [7m423[0m             return inventoryService.searchItems('user-1', 'admin', {
    [7m   [0m [91m                                    ~~~~~~~~~~~[0m
    [96msrc/__tests__/integration/inventory/performance.test.tsx[0m:[93m440[0m:[93m28[0m - [91merror[0m[90m TS7006: [0mParameter 'r' implicitly has an 'any' type.

    [7m440[0m       expect(results.every(r => r !== undefined)).toBe(true);
    [7m   [0m [91m                           ~[0m
    [96msrc/__tests__/integration/inventory/performance.test.tsx[0m:[93m469[0m:[93m30[0m - [91merror[0m[90m TS2339: [0mProperty 'getItems' does not exist on type 'InventoryService'.

    [7m469[0m       await inventoryService.getItems('user-1', 'admin');
    [7m   [0m [91m                             ~~~~~~~~[0m

FAIL src/tests/rpcFunctions.test.ts
  ● Test suite failed to run

    [96msrc/tests/rpcFunctions.test.ts[0m:[93m30[0m:[93m7[0m - [91merror[0m[90m TS2353: [0mObject literal may only specify known properties, and 'id' does not exist in type 'OrderItem'.

    [7m30[0m       id: 'item-1',
    [7m  [0m [91m      ~~[0m
    [96msrc/tests/rpcFunctions.test.ts[0m:[93m183[0m:[93m23[0m - [91merror[0m[90m TS18048: [0m'mockOrder.items' is possibly 'undefined'.

    [7m183[0m           orderItems: mockOrder.items.length
    [7m   [0m [91m                      ~~~~~~~~~~~~~~~[0m
    [96msrc/tests/rpcFunctions.test.ts[0m:[93m430[0m:[93m32[0m - [91merror[0m[90m TS6133: [0m'index' is declared but its value is never read.

    [7m430[0m       results.forEach((result, index) => {
    [7m   [0m [91m                               ~~~~~[0m

FAIL src/hooks/executive/__tests__/useInsightGeneration.test.tsx
  ● Test suite failed to run

    [96msrc/hooks/executive/useInsightGeneration.ts[0m:[93m69[0m:[93m17[0m - [91merror[0m[90m TS6133: [0m'result' is declared but its value is never read.

    [7m69[0m     onSuccess: (result) => {
    [7m  [0m [91m                ~~~~~~[0m
    [96msrc/hooks/executive/useInsightGeneration.ts[0m:[93m122[0m:[93m17[0m - [91merror[0m[90m TS6133: [0m'results' is declared but its value is never read.

    [7m122[0m     onSuccess: (results) => {
    [7m   [0m [91m                ~~~~~~~[0m

FAIL src/hooks/executive/__tests__/useAnomalyDetection.test.tsx
  ● Test suite failed to run

    [96msrc/hooks/executive/__tests__/useAnomalyDetection.test.tsx[0m:[93m4[0m:[93m22[0m - [91merror[0m[90m TS6133: [0m'act' is declared but its value is never read.

    [7m4[0m import { renderHook, act, waitFor } from '@testing-library/react';
    [7m [0m [91m                     ~~~[0m
    [96msrc/hooks/executive/__tests__/useAnomalyDetection.test.tsx[0m:[93m7[0m:[93m37[0m - [91merror[0m[90m TS2307: [0mCannot find module '../useAnomalyDetection' or its corresponding type declarations.

    [7m7[0m import { useAnomalyDetection } from '../useAnomalyDetection';
    [7m [0m [91m                                    ~~~~~~~~~~~~~~~~~~~~~~~~[0m
    [96msrc/hooks/executive/__tests__/useAnomalyDetection.test.tsx[0m:[93m447[0m:[93m43[0m - [91merror[0m[90m TS7006: [0mParameter 'a' implicitly has an 'any' type.

    [7m447[0m       const highSeverity = anomalies.find(a => a.severity === 'high');
    [7m   [0m [91m                                          ~[0m
    [96msrc/hooks/executive/__tests__/useAnomalyDetection.test.tsx[0m:[93m452[0m:[93m45[0m - [91merror[0m[90m TS7006: [0mParameter 'a' implicitly has an 'any' type.

    [7m452[0m       const mediumSeverity = anomalies.find(a => a.severity === 'medium');
    [7m   [0m [91m                                            ~[0m
    [96msrc/hooks/executive/__tests__/useAnomalyDetection.test.tsx[0m:[93m464[0m:[93m25[0m - [91merror[0m[90m TS7006: [0mParameter 'anomaly' implicitly has an 'any' type.

    [7m464[0m       anomalies.forEach(anomaly => {
    [7m   [0m [91m                        ~~~~~~~[0m
    [96msrc/hooks/executive/__tests__/useAnomalyDetection.test.tsx[0m:[93m479[0m:[93m25[0m - [91merror[0m[90m TS7006: [0mParameter 'anomaly' implicitly has an 'any' type.

    [7m479[0m       anomalies.forEach(anomaly => {
    [7m   [0m [91m                        ~~~~~~~[0m

FAIL src/services/__tests__/rolePermissionService.new.test.ts
  ● Test suite failed to run

    [96msrc/services/__tests__/rolePermissionService.new.test.ts[0m:[93m38[0m:[93m1[0m - [91merror[0m[90m TS6133: [0m'supabase' is declared but its value is never read.

    [7m38[0m import { supabase } from '../../config/supabase';
    [7m  [0m [91m~~~~~~~~~~~~~~~~~~~~~~~~~~~~~~~~~~~~~~~~~~~~~~~~~[0m
    [96msrc/services/__tests__/rolePermissionService.new.test.ts[0m:[93m39[0m:[93m39[0m - [91merror[0m[90m TS2307: [0mCannot find module '../rolePermissionService' or its corresponding type declarations.

    [7m39[0m import { RolePermissionService } from '../rolePermissionService';
    [7m  [0m [91m                                      ~~~~~~~~~~~~~~~~~~~~~~~~~~[0m

FAIL src/hooks/inventory/__tests__/archived-non-volume/integration/cacheIntegration.test.tsx
  ● Test suite failed to run

    [96msrc/hooks/inventory/__tests__/archived-non-volume/integration/cacheIntegration.test.tsx[0m:[93m32[0m:[93m1[0m - [91merror[0m[90m TS6133: [0m'createSupabaseMock' is declared but its value is never read.

    [7m32[0m import { createSupabaseMock } from '../../../test/mocks/supabase.simplified.mock';
    [7m  [0m [91m~~~~~~~~~~~~~~~~~~~~~~~~~~~~~~~~~~~~~~~~~~~~~~~~~~~~~~~~~~~~~~~~~~~~~~~~~~~~~~~~~~[0m
    [96msrc/hooks/inventory/__tests__/archived-non-volume/integration/cacheIntegration.test.tsx[0m:[93m32[0m:[93m36[0m - [91merror[0m[90m TS2307: [0mCannot find module '../../../test/mocks/supabase.simplified.mock' or its corresponding type declarations.

    [7m32[0m import { createSupabaseMock } from '../../../test/mocks/supabase.simplified.mock';
    [7m  [0m [91m                                   ~~~~~~~~~~~~~~~~~~~~~~~~~~~~~~~~~~~~~~~~~~~~~~[0m
    [96msrc/hooks/inventory/__tests__/archived-non-volume/integration/cacheIntegration.test.tsx[0m:[93m33[0m:[93m1[0m - [91merror[0m[90m TS6133: [0m'hookContracts' is declared but its value is never read.

    [7m33[0m import { hookContracts } from '../../../test/contracts/hook.contracts';
    [7m  [0m [91m~~~~~~~~~~~~~~~~~~~~~~~~~~~~~~~~~~~~~~~~~~~~~~~~~~~~~~~~~~~~~~~~~~~~~~~[0m
    [96msrc/hooks/inventory/__tests__/archived-non-volume/integration/cacheIntegration.test.tsx[0m:[93m33[0m:[93m31[0m - [91merror[0m[90m TS2307: [0mCannot find module '../../../test/contracts/hook.contracts' or its corresponding type declarations.

    [7m33[0m import { hookContracts } from '../../../test/contracts/hook.contracts';
    [7m  [0m [91m                              ~~~~~~~~~~~~~~~~~~~~~~~~~~~~~~~~~~~~~~~~[0m
    [96msrc/hooks/inventory/__tests__/archived-non-volume/integration/cacheIntegration.test.tsx[0m:[93m34[0m:[93m1[0m - [91merror[0m[90m TS6192: [0mAll imports in import declaration are unused.

    [7m34[0m import { renderHook, waitFor } from '@testing-library/react-native';
    [7m  [0m [91m~~~~~~~~~~~~~~~~~~~~~~~~~~~~~~~~~~~~~~~~~~~~~~~~~~~~~~~~~~~~~~~~~~~~[0m
    [96msrc/hooks/inventory/__tests__/archived-non-volume/integration/cacheIntegration.test.tsx[0m:[93m38[0m:[93m1[0m - [91merror[0m[90m TS6133: [0m'useUpdateStock' is declared but its value is never read.

    [7m38[0m import { useUpdateStock } from '../../useInventoryOperations';
    [7m  [0m [91m~~~~~~~~~~~~~~~~~~~~~~~~~~~~~~~~~~~~~~~~~~~~~~~~~~~~~~~~~~~~~~[0m
    [96msrc/hooks/inventory/__tests__/archived-non-volume/integration/cacheIntegration.test.tsx[0m:[93m38[0m:[93m32[0m - [91merror[0m[90m TS2307: [0mCannot find module '../../useInventoryOperations' or its corresponding type declarations.

    [7m38[0m import { useUpdateStock } from '../../useInventoryOperations';
    [7m  [0m [91m                               ~~~~~~~~~~~~~~~~~~~~~~~~~~~~~~[0m
    [96msrc/hooks/inventory/__tests__/archived-non-volume/integration/cacheIntegration.test.tsx[0m:[93m39[0m:[93m1[0m - [91merror[0m[90m TS6133: [0m'useInventoryItem' is declared but its value is never read.

    [7m39[0m import { useInventoryItem } from '../../useInventoryItems';
    [7m  [0m [91m~~~~~~~~~~~~~~~~~~~~~~~~~~~~~~~~~~~~~~~~~~~~~~~~~~~~~~~~~~~[0m
    [96msrc/hooks/inventory/__tests__/archived-non-volume/integration/cacheIntegration.test.tsx[0m:[93m39[0m:[93m34[0m - [91merror[0m[90m TS2307: [0mCannot find module '../../useInventoryItems' or its corresponding type declarations.

    [7m39[0m import { useInventoryItem } from '../../useInventoryItems';
    [7m  [0m [91m                                 ~~~~~~~~~~~~~~~~~~~~~~~~~[0m
    [96msrc/hooks/inventory/__tests__/archived-non-volume/integration/cacheIntegration.test.tsx[0m:[93m40[0m:[93m1[0m - [91merror[0m[90m TS6133: [0m'useMovementHistory' is declared but its value is never read.

    [7m40[0m import { useMovementHistory } from '../../useStockMovements';
    [7m  [0m [91m~~~~~~~~~~~~~~~~~~~~~~~~~~~~~~~~~~~~~~~~~~~~~~~~~~~~~~~~~~~~~[0m
    [96msrc/hooks/inventory/__tests__/archived-non-volume/integration/cacheIntegration.test.tsx[0m:[93m40[0m:[93m36[0m - [91merror[0m[90m TS2307: [0mCannot find module '../../useStockMovements' or its corresponding type declarations.

    [7m40[0m import { useMovementHistory } from '../../useStockMovements';
    [7m  [0m [91m                                   ~~~~~~~~~~~~~~~~~~~~~~~~~[0m
    [96msrc/hooks/inventory/__tests__/archived-non-volume/integration/cacheIntegration.test.tsx[0m:[93m41[0m:[93m65[0m - [91merror[0m[90m TS2307: [0mCannot find module '../../cacheIntegration' or its corresponding type declarations.

    [7m41[0m import { InventoryCacheManager, getInventoryCacheManager } from '../../cacheIntegration';
    [7m  [0m [91m                                                                ~~~~~~~~~~~~~~~~~~~~~~~~[0m
    [96msrc/hooks/inventory/__tests__/archived-non-volume/integration/cacheIntegration.test.tsx[0m:[93m42[0m:[93m44[0m - [91merror[0m[90m TS2307: [0mCannot find module '../../cachePerformanceMonitor' or its corresponding type declarations.

    [7m42[0m import { getCachePerformanceMonitor } from '../../cachePerformanceMonitor';
    [7m  [0m [91m                                           ~~~~~~~~~~~~~~~~~~~~~~~~~~~~~~~[0m
    [96msrc/hooks/inventory/__tests__/archived-non-volume/integration/cacheIntegration.test.tsx[0m:[93m45[0m:[93m34[0m - [91merror[0m[90m TS2307: [0mCannot find module '../../../../services/inventory/inventoryService' or its corresponding type declarations.

    [7m45[0m import { InventoryService } from '../../../../services/inventory/inventoryService';
    [7m  [0m [91m                                 ~~~~~~~~~~~~~~~~~~~~~~~~~~~~~~~~~~~~~~~~~~~~~~~~~[0m
    [96msrc/hooks/inventory/__tests__/archived-non-volume/integration/cacheIntegration.test.tsx[0m:[93m46[0m:[93m38[0m - [91merror[0m[90m TS2307: [0mCannot find module '../../../../services/inventory/stockMovementService' or its corresponding type declarations.

    [7m46[0m import { StockMovementService } from '../../../../services/inventory/stockMovementService';
    [7m  [0m [91m                                     ~~~~~~~~~~~~~~~~~~~~~~~~~~~~~~~~~~~~~~~~~~~~~~~~~~~~~[0m
    [96msrc/hooks/inventory/__tests__/archived-non-volume/integration/cacheIntegration.test.tsx[0m:[93m52[0m:[93m7[0m - [91merror[0m[90m TS6133: [0m'mockStockMovementService' is declared but its value is never read.

    [7m52[0m const mockStockMovementService = StockMovementService as jest.Mocked<typeof StockMovementService>;
    [7m  [0m [91m      ~~~~~~~~~~~~~~~~~~~~~~~~[0m
    [96msrc/hooks/inventory/__tests__/archived-non-volume/integration/cacheIntegration.test.tsx[0m:[93m54[0m:[93m7[0m - [91merror[0m[90m TS6133: [0m'createWrapper' is declared but its value is never read.

    [7m54[0m const createWrapper = () => {
    [7m  [0m [91m      ~~~~~~~~~~~~~[0m
    [96msrc/hooks/inventory/__tests__/archived-non-volume/integration/cacheIntegration.test.tsx[0m:[93m73[0m:[93m7[0m - [91merror[0m[90m TS6133: [0m'wrapper' is declared but its value is never read.

    [7m73[0m   let wrapper: any;
    [7m  [0m [91m      ~~~~~~~[0m
    [96msrc/hooks/inventory/__tests__/archived-non-volume/integration/cacheIntegration.test.tsx[0m:[93m375[0m:[93m71[0m - [91merror[0m[90m TS7006: [0mParameter 'id' implicitly has an 'any' type.

    [7m375[0m       mockInventoryService.getInventoryItem.mockImplementation(async (id) => ({
    [7m   [0m [91m                                                                      ~~[0m

FAIL src/schemas/__tests__/auth.schema.test.ts
  ● Test suite failed to run

    [96msrc/schemas/__tests__/auth.schema.test.ts[0m:[93m6[0m:[93m1[0m - [91merror[0m[90m TS6133: [0m'z' is declared but its value is never read.

    [7m6[0m import { z } from 'zod';
    [7m [0m [91m~~~~~~~~~~~~~~~~~~~~~~~~[0m

FAIL src/services/executive/__tests__/crossRoleAnalyticsIntegration.test.ts
  ● Test suite failed to run

    [96msrc/services/executive/__tests__/crossRoleAnalyticsIntegration.test.ts[0m:[93m63[0m:[93m39[0m - [91merror[0m[90m TS2307: [0mCannot find module '../../rolePermissionService' or its corresponding type declarations.

    [7m63[0m import { RolePermissionService } from '../../rolePermissionService';
    [7m  [0m [91m                                      ~~~~~~~~~~~~~~~~~~~~~~~~~~~~~[0m
    [96msrc/services/executive/__tests__/crossRoleAnalyticsIntegration.test.ts[0m:[93m66[0m:[93m7[0m - [91merror[0m[90m TS6133: [0m'testUser' is declared but its value is never read.

    [7m66[0m   let testUser: any;
    [7m  [0m [91m      ~~~~~~~~[0m
    [96msrc/services/executive/__tests__/crossRoleAnalyticsIntegration.test.ts[0m:[93m91[0m:[93m13[0m - [91merror[0m[90m TS6133: [0m'mockInventoryData' is declared but its value is never read.

    [7m91[0m       const mockInventoryData = {
    [7m  [0m [91m            ~~~~~~~~~~~~~~~~~[0m
    [96msrc/services/executive/__tests__/crossRoleAnalyticsIntegration.test.ts[0m:[93m102[0m:[93m13[0m - [91merror[0m[90m TS6133: [0m'mockMarketingData' is declared but its value is never read.

    [7m102[0m       const mockMarketingData = {
    [7m   [0m [91m            ~~~~~~~~~~~~~~~~~[0m
    [96msrc/services/executive/__tests__/crossRoleAnalyticsIntegration.test.ts[0m:[93m120[0m:[93m13[0m - [91merror[0m[90m TS2353: [0mObject literal may only specify known properties, and 'user_role' does not exist in type '{ user_id?: string | undefined; include_intelligence_insights?: boolean | undefined; include_forecasting?: boolean | undefined; forecast_horizon?: string | undefined; }'.

    [7m120[0m           { user_role: 'admin' }
    [7m   [0m [91m            ~~~~~~~~~[0m
    [96msrc/services/executive/__tests__/crossRoleAnalyticsIntegration.test.ts[0m:[93m151[0m:[93m15[0m - [91merror[0m[90m TS2353: [0mObject literal may only specify known properties, and 'user_role' does not exist in type '{ user_id?: string | undefined; include_intelligence_insights?: boolean | undefined; include_forecasting?: boolean | undefined; forecast_horizon?: string | undefined; }'.

    [7m151[0m             { user_role: 'viewer' }
    [7m   [0m [91m              ~~~~~~~~~[0m
    [96msrc/services/executive/__tests__/crossRoleAnalyticsIntegration.test.ts[0m:[93m164[0m:[93m13[0m - [91merror[0m[90m TS6133: [0m'mockCorrelatedData' is declared but its value is never read.

    [7m164[0m       const mockCorrelatedData = {
    [7m   [0m [91m            ~~~~~~~~~~~~~~~~~~[0m
    [96msrc/services/executive/__tests__/crossRoleAnalyticsIntegration.test.ts[0m:[93m176[0m:[93m11[0m - [91merror[0m[90m TS2353: [0mObject literal may only specify known properties, and 'correlation_type' does not exist in type '{ data_sources: string[]; }'.

    [7m176[0m           correlation_type: 'performance',
    [7m   [0m [91m          ~~~~~~~~~~~~~~~~[0m
    [96msrc/services/executive/__tests__/crossRoleAnalyticsIntegration.test.ts[0m:[93m181[0m:[93m22[0m - [91merror[0m[90m TS2339: [0mProperty 'correlations' does not exist on type '{ correlationStrength: number; correlationCoefficient: number; statisticalSignificance: number; sampleSize: number; analysisType: string; } | { correlations: any[]; insights: any[]; statisticalSignificance: number; confidence: number; }'.
      Property 'correlations' does not exist on type '{ correlationStrength: number; correlationCoefficient: number; statisticalSignificance: number; sampleSize: number; analysisType: string; }'.

    [7m181[0m         if (insights.correlations) {
    [7m   [0m [91m                     ~~~~~~~~~~~~[0m
    [96msrc/services/executive/__tests__/crossRoleAnalyticsIntegration.test.ts[0m:[93m182[0m:[93m27[0m - [91merror[0m[90m TS2339: [0mProperty 'correlations' does not exist on type '{ correlationStrength: number; correlationCoefficient: number; statisticalSignificance: number; sampleSize: number; analysisType: string; } | { correlations: any[]; insights: any[]; statisticalSignificance: number; confidence: number; }'.
      Property 'correlations' does not exist on type '{ correlationStrength: number; correlationCoefficient: number; statisticalSignificance: number; sampleSize: number; analysisType: string; }'.

    [7m182[0m           expect(insights.correlations).toBeDefined();
    [7m   [0m [91m                          ~~~~~~~~~~~~[0m
    [96msrc/services/executive/__tests__/crossRoleAnalyticsIntegration.test.ts[0m:[93m191[0m:[93m13[0m - [91merror[0m[90m TS6133: [0m'mockStatisticalData' is declared but its value is never read.

    [7m191[0m       const mockStatisticalData = {
    [7m   [0m [91m            ~~~~~~~~~~~~~~~~~~~[0m
    [96msrc/services/executive/__tests__/crossRoleAnalyticsIntegration.test.ts[0m:[93m204[0m:[93m11[0m - [91merror[0m[90m TS2353: [0mObject literal may only specify known properties, and 'correlation_type' does not exist in type '{ data_sources: string[]; }'.

    [7m204[0m           correlation_type: 'all',
    [7m   [0m [91m          ~~~~~~~~~~~~~~~~[0m
    [96msrc/services/executive/__tests__/crossRoleAnalyticsIntegration.test.ts[0m:[93m209[0m:[93m20[0m - [91merror[0m[90m TS2339: [0mProperty 'statisticalValidation' does not exist on type '{ correlationStrength: number; correlationCoefficient: number; statisticalSignificance: number; sampleSize: number; analysisType: string; } | { correlations: any[]; insights: any[]; statisticalSignificance: number; confidence: number; }'.
      Property 'statisticalValidation' does not exist on type '{ correlationStrength: number; correlationCoefficient: number; statisticalSignificance: number; sampleSize: number; analysisType: string; }'.

    [7m209[0m         if (result.statisticalValidation) {
    [7m   [0m [91m                   ~~~~~~~~~~~~~~~~~~~~~[0m
    [96msrc/services/executive/__tests__/crossRoleAnalyticsIntegration.test.ts[0m:[93m210[0m:[93m25[0m - [91merror[0m[90m TS2339: [0mProperty 'statisticalValidation' does not exist on type '{ correlationStrength: number; correlationCoefficient: number; statisticalSignificance: number; sampleSize: number; analysisType: string; } | { correlations: any[]; insights: any[]; statisticalSignificance: number; confidence: number; }'.
      Property 'statisticalValidation' does not exist on type '{ correlationStrength: number; correlationCoefficient: number; statisticalSignificance: number; sampleSize: number; analysisType: string; }'.

    [7m210[0m           expect(result.statisticalValidation).toBeDefined();
    [7m   [0m [91m                        ~~~~~~~~~~~~~~~~~~~~~[0m
    [96msrc/services/executive/__tests__/crossRoleAnalyticsIntegration.test.ts[0m:[93m223[0m:[93m11[0m - [91merror[0m[90m TS2353: [0mObject literal may only specify known properties, and 'user_role' does not exist in type 'string[] | { categories: string[]; user_id?: string | undefined; }'.

    [7m223[0m           user_role: 'admin'
    [7m   [0m [91m          ~~~~~~~~~[0m
    [96msrc/services/executive/__tests__/crossRoleAnalyticsIntegration.test.ts[0m:[93m238[0m:[93m13[0m - [91merror[0m[90m TS6133: [0m'largeMockData' is declared but its value is never read.

    [7m238[0m       const largeMockData = Array(1000).fill(null).map((_, i) => ({
    [7m   [0m [91m            ~~~~~~~~~~~~~[0m
    [96msrc/services/executive/__tests__/crossRoleAnalyticsIntegration.test.ts[0m:[93m256[0m:[93m13[0m - [91merror[0m[90m TS2353: [0mObject literal may only specify known properties, and 'user_role' does not exist in type '{ user_id?: string | undefined; include_intelligence_insights?: boolean | undefined; include_forecasting?: boolean | undefined; forecast_horizon?: string | undefined; }'.

    [7m256[0m           { user_role: 'admin' }
    [7m   [0m [91m            ~~~~~~~~~[0m
    [96msrc/services/executive/__tests__/crossRoleAnalyticsIntegration.test.ts[0m:[93m276[0m:[93m13[0m - [91merror[0m[90m TS6133: [0m'mockInsightData' is declared but its value is never read.

    [7m276[0m       const mockInsightData = {
    [7m   [0m [91m            ~~~~~~~~~~~~~~~[0m
    [96msrc/services/executive/__tests__/crossRoleAnalyticsIntegration.test.ts[0m:[93m310[0m:[93m13[0m - [91merror[0m[90m TS6133: [0m'mockRecommendations' is declared but its value is never read.

    [7m310[0m       const mockRecommendations = {
    [7m   [0m [91m            ~~~~~~~~~~~~~~~~~~~[0m
    [96msrc/services/executive/__tests__/crossRoleAnalyticsIntegration.test.ts[0m:[93m326[0m:[93m11[0m - [91merror[0m[90m TS2345: [0mArgument of type '"insight-1"' is not assignable to parameter of type '"all" | "high" | "low" | "medium" | "critical"'.

    [7m326[0m           'insight-1'
    [7m   [0m [91m          ~~~~~~~~~~~[0m
    [96msrc/services/executive/__tests__/crossRoleAnalyticsIntegration.test.ts[0m:[93m340[0m:[93m13[0m - [91merror[0m[90m TS6133: [0m'mockImplementation' is declared but its value is never read.

    [7m340[0m       const mockImplementation = {
    [7m   [0m [91m            ~~~~~~~~~~~~~~~~~~[0m
    [96msrc/services/executive/__tests__/crossRoleAnalyticsIntegration.test.ts[0m:[93m359[0m:[93m13[0m - [91merror[0m[90m TS2353: [0mObject literal may only specify known properties, and 'recommendation_implemented' does not exist in type '{ is_active?: boolean | undefined; status_reason?: string | undefined; }'.

    [7m359[0m           { recommendation_implemented: true }
    [7m   [0m [91m            ~~~~~~~~~~~~~~~~~~~~~~~~~~[0m
    [96msrc/services/executive/__tests__/crossRoleAnalyticsIntegration.test.ts[0m:[93m363[0m:[93m20[0m - [91merror[0m[90m TS2339: [0mProperty 'implementationStatus' does not exist on type 'BusinessIntelligenceTransform'.

    [7m363[0m         if (result.implementationStatus) {
    [7m   [0m [91m                   ~~~~~~~~~~~~~~~~~~~~[0m
    [96msrc/services/executive/__tests__/crossRoleAnalyticsIntegration.test.ts[0m:[93m364[0m:[93m25[0m - [91merror[0m[90m TS2339: [0mProperty 'implementationStatus' does not exist on type 'BusinessIntelligenceTransform'.

    [7m364[0m           expect(result.implementationStatus).toBeDefined();
    [7m   [0m [91m                        ~~~~~~~~~~~~~~~~~~~~[0m
    [96msrc/services/executive/__tests__/crossRoleAnalyticsIntegration.test.ts[0m:[93m423[0m:[93m36[0m - [91merror[0m[90m TS2554: [0mExpected 3-4 arguments, but got 1.

    [7m423[0m             BusinessMetricsService.calculateTrends({
    [7m   [0m [91m                                   ~~~~~~~~~~~~~~~[0m

      [96msrc/services/executive/businessMetricsService.ts[0m:[93m1009[0m:[93m5[0m
        [7m1009[0m     startDate: string,
        [7m    [0m [96m    ~~~~~~~~~~~~~~~~~[0m
        An argument for 'startDate' was not provided.
    [96msrc/services/executive/__tests__/crossRoleAnalyticsIntegration.test.ts[0m:[93m443[0m:[93m11[0m - [91merror[0m[90m TS2353: [0mObject literal may only specify known properties, and 'user_role' does not exist in type 'string[] | { categories: string[]; user_id?: string | undefined; }'.

    [7m443[0m           user_role: 'admin'
    [7m   [0m [91m          ~~~~~~~~~[0m
    [96msrc/services/executive/__tests__/crossRoleAnalyticsIntegration.test.ts[0m:[93m448[0m:[93m11[0m - [91merror[0m[90m TS2353: [0mObject literal may only specify known properties, and 'user_role' does not exist in type 'string[] | { categories: string[]; user_id?: string | undefined; }'.

    [7m448[0m           user_role: 'admin'
    [7m   [0m [91m          ~~~~~~~~~[0m

