npm error Missing script: "test:components"
npm error
npm error Did you mean this?
npm error   npm run test:components:role # run the "test:components:role" package script
npm error
npm error To see a list of scripts, run:
npm error   npm run
npm error A complete log of this run can be found in: /home/agent/.npm/_logs/2025-08-28T11_55_57_957Z-debug-0.log
